ECHO is off.
ECHO is off.
INFO: [HLS 200-10] Running 'C:/Xilinx/Vitis_HLS/2023.2/bin/unwrapped/win64.o/vitis_hls.exe'
INFO: [HLS 200-10] For user 'varad' on host 'asusvivobook' (Windows NT_amd64 version 6.2) on Thu Mar 05 00:56:03 +0530 2026
INFO: [HLS 200-10] In directory 'C:/Users/varad/OneDrive/Documents/GitHub/Matrix_Inversion/COMPLEX_QR'
INFO: [HLS 200-2053] The vitis_hls executable is being deprecated. Consider using vitis-run --mode hls --tcl
Sourcing Tcl script 'C:/Users/varad/OneDrive/Documents/GitHub/Matrix_Inversion/COMPLEX_QR/CGR_QR_WBS/solution1/csim.tcl'
INFO: [HLS 200-1510] Running: source C:/Users/varad/OneDrive/Documents/GitHub/Matrix_Inversion/COMPLEX_QR/CGR_QR_WBS/solution1/csim.tcl
INFO: [HLS 200-1510] Running: open_project CGR_QR_WBS 
INFO: [HLS 200-10] Opening project 'C:/Users/varad/OneDrive/Documents/GitHub/Matrix_Inversion/COMPLEX_QR/CGR_QR_WBS'.
INFO: [HLS 200-1510] Running: set_top top 
INFO: [HLS 200-1510] Running: add_files fns_cmplx.cpp 
INFO: [HLS 200-10] Adding design file 'fns_cmplx.cpp' to the project
INFO: [HLS 200-1510] Running: add_files top_cmplx.cpp 
INFO: [HLS 200-10] Adding design file 'top_cmplx.cpp' to the project
INFO: [HLS 200-1510] Running: add_files top_cmplx.hpp 
INFO: [HLS 200-10] Adding design file 'top_cmplx.hpp' to the project
INFO: [HLS 200-1510] Running: add_files -tb golden.dat 
INFO: [HLS 200-10] Adding test bench file 'golden.dat' to the project
INFO: [HLS 200-1510] Running: add_files -tb top_cmplx_tb.cpp -cflags -Wno-unknown-pragmas 
INFO: [HLS 200-10] Adding test bench file 'top_cmplx_tb.cpp' to the project
INFO: [HLS 200-1510] Running: open_solution solution1 -flow_target vivado 
INFO: [HLS 200-10] Opening solution 'C:/Users/varad/OneDrive/Documents/GitHub/Matrix_Inversion/COMPLEX_QR/CGR_QR_WBS/solution1'.
INFO: [SYN 201-201] Setting up clock 'default' with a period of 10ns.
INFO: [SYN 201-201] Setting up clock 'default' with an uncertainty of 1.25ns.
INFO: [HLS 200-1611] Setting target device to 'xczu7ev-ffvc1156-2-e'
INFO: [HLS 200-1505] Using flow_target 'vivado'
Resolution: For help on HLS 200-1505 see docs.xilinx.com/access/sources/dita/topic?Doc_Version=2023.2%20English&url=ug1448-hls-guidance&resourceid=200-1505.html
INFO: [HLS 200-1464] Running solution command: config_cosim -tool=xsim
INFO: [HLS 200-1464] Running solution command: config_cosim -trace_level=all
INFO: [HLS 200-1464] Running solution command: config_export -format=ip_catalog
INFO: [HLS 200-1464] Running solution command: config_export -output=C:/Users/varad/OneDrive/Documents/GitHub/Matrix_Inversion/COMPLEX_QR/IP_INTRFACE_DRAM_BRAM_BASIC
INFO: [HLS 200-1464] Running solution command: config_export -rtl=verilog
INFO: [HLS 200-1510] Running: set_part xczu7ev-ffvc1156-2-e 
INFO: [HLS 200-1510] Running: create_clock -period 10 -name default 
INFO: [HLS 200-1510] Running: config_cosim -tool xsim -trace_level all 
INFO: [HLS 200-1510] Running: config_export -format ip_catalog -output C:/Users/varad/OneDrive/Documents/GitHub/Matrix_Inversion/COMPLEX_QR/IP_INTRFACE_DRAM_BRAM_BASIC -rtl verilog 
INFO: [HLS 200-1510] Running: set_clock_uncertainty 1.25 
INFO: [HLS 200-1510] Running: source ./CGR_QR_WBS/solution1/directives.tcl
INFO: [HLS 200-1510] Running: set_directive_top -name top top 
INFO: [HLS 200-1510] Running: csim_design -quiet 
INFO: [SIM 211-2] *************** CSIM start ***************
INFO: [SIM 211-4] CSIM will launch GCC as the compiler.
INFO: [HLS 200-2036] Building debug C Simulation binaries
   Compiling ../../../../top_cmplx_tb.cpp in debug mode
   Compiling ../../../../top_cmplx.cpp in debug mode
   Generating csim.exe
In file included from C:/Xilinx/Vitis_HLS/2023.2/include/floating_point_v7_1_bitacc_cmodel.h:150:0,
                 from C:/Xilinx/Vitis_HLS/2023.2/include/hls_fpo.h:140,
                 from C:/Xilinx/Vitis_HLS/2023.2/include/etc/hls_half_fpo.h:19,
                 from C:/Xilinx/Vitis_HLS/2023.2/include/hls_half.h:26,
                 from C:/Xilinx/Vitis_HLS/2023.2/include/etc/ap_private.h:52,
                 from C:/Xilinx/Vitis_HLS/2023.2/include/etc/ap_common.h:666,
                 from C:/Xilinx/Vitis_HLS/2023.2/include/ap_float.h:8,
                 from ../../../../top_cmplx.hpp:4,
                 from ../../../../top_cmplx_tb.cpp:4:
C:/Xilinx/Vitis_HLS/2023.2/include/gmp.h:58:0: warning: "__GMP_LIBGMP_DLL" redefined
 #define __GMP_LIBGMP_DLL  0
 
In file included from C:/Xilinx/Vitis_HLS/2023.2/include/hls_fpo.h:140:0,
                 from C:/Xilinx/Vitis_HLS/2023.2/include/etc/hls_half_fpo.h:19,
                 from C:/Xilinx/Vitis_HLS/2023.2/include/hls_half.h:26,
                 from C:/Xilinx/Vitis_HLS/2023.2/include/etc/ap_private.h:52,
                 from C:/Xilinx/Vitis_HLS/2023.2/include/etc/ap_common.h:666,
                 from C:/Xilinx/Vitis_HLS/2023.2/include/ap_float.h:8,
                 from ../../../../top_cmplx.hpp:4,
                 from ../../../../top_cmplx_tb.cpp:4:
C:/Xilinx/Vitis_HLS/2023.2/include/floating_point_v7_1_bitacc_cmodel.h:142:0: note: this is the location of the previous definition
 #define __GMP_LIBGMP_DLL 1
 
In file included from C:/Xilinx/Vitis_HLS/2023.2/include/floating_point_v7_1_bitacc_cmodel.h:150:0,
                 from C:/Xilinx/Vitis_HLS/2023.2/include/hls_fpo.h:140,
                 from C:/Xilinx/Vitis_HLS/2023.2/include/etc/hls_half_fpo.h:19,
                 from C:/Xilinx/Vitis_HLS/2023.2/include/hls_half.h:26,
                 from C:/Xilinx/Vitis_HLS/2023.2/include/etc/ap_private.h:52,
                 from C:/Xilinx/Vitis_HLS/2023.2/include/etc/ap_common.h:666,
                 from C:/Xilinx/Vitis_HLS/2023.2/include/ap_float.h:8,
                 from ../../../../top_cmplx.hpp:4,
                 from ../../../../top_cmplx.cpp:1:
C:/Xilinx/Vitis_HLS/2023.2/include/gmp.h:58:0: warning: "__GMP_LIBGMP_DLL" redefined
 #define __GMP_LIBGMP_DLL  0
 
In file included from C:/Xilinx/Vitis_HLS/2023.2/include/hls_fpo.h:140:0,
                 from C:/Xilinx/Vitis_HLS/2023.2/include/etc/hls_half_fpo.h:19,
                 from C:/Xilinx/Vitis_HLS/2023.2/include/hls_half.h:26,
                 from C:/Xilinx/Vitis_HLS/2023.2/include/etc/ap_private.h:52,
                 from C:/Xilinx/Vitis_HLS/2023.2/include/etc/ap_common.h:666,
                 from C:/Xilinx/Vitis_HLS/2023.2/include/ap_float.h:8,
                 from ../../../../top_cmplx.hpp:4,
                 from ../../../../top_cmplx.cpp:1:
C:/Xilinx/Vitis_HLS/2023.2/include/floating_point_v7_1_bitacc_cmodel.h:142:0: note: this is the location of the previous definition
 #define __GMP_LIBGMP_DLL 1
 
Mismatch at test 0 position (0,0)
HW : 2.76496 2.76496
REF: -23.2314 0
Mismatch at test 0 position (0,1)
HW : 9.36487 9.36487
REF: -5.89331 -10.8078
Mismatch at test 0 position (0,2)
HW : 4.63366 4.63366
REF: 1.06494 -2.5444
Mismatch at test 0 position (0,3)
HW : 12.247 12.247
REF: -5.37074 6.45418
Mismatch at test 0 position (1,1)
HW : -13.7556 -13.7556
REF: -17.0068 0
Mismatch at test 0 position (1,2)
HW : 4.08902 4.08902
REF: 1.68481 7.76481
Mismatch at test 0 position (1,3)
HW : 5.72129 5.72129
REF: 1.61971 -8.43323
Mismatch at test 0 position (2,2)
HW : 6.63365 6.63365
REF: 21.197 0
Mismatch at test 0 position (2,3)
HW : 4.54632 4.54632
REF: 0.0304261 -4.36302
Mismatch at test 0 position (3,3)
HW : -0.682668 -0.682668
REF: 20.2687 0
FAILED TEST 0
@E Simulation failed: Function 'main' returns nonzero value '1'.
ERROR: [SIM 211-100] 'csim_design' failed: nonzero return value.
INFO: [SIM 211-3] *************** CSIM finish ***************
INFO: [HLS 200-111] Finished Command csim_design CPU user time: 0 seconds. CPU system time: 0 seconds. Elapsed time: 14.415 seconds; current allocated memory: 0.418 MB.
4
    while executing
"source C:/Users/varad/OneDrive/Documents/GitHub/Matrix_Inversion/COMPLEX_QR/CGR_QR_WBS/solution1/csim.tcl"
    invoked from within
"hls::main C:/Users/varad/OneDrive/Documents/GitHub/Matrix_Inversion/COMPLEX_QR/CGR_QR_WBS/solution1/csim.tcl"
    ("uplevel" body line 1)
    invoked from within
"uplevel 1 hls::main {*}$newargs"
    (procedure "hls_proc" line 16)
    invoked from within
"hls_proc [info nameofexecutable] $argv"
INFO: [HLS 200-112] Total CPU user time: 1 seconds. Total CPU system time: 1 seconds. Total elapsed time: 16.435 seconds; peak allocated memory: 138.387 MB.
