

================================================================
== Vitis HLS Report for 'top'
================================================================
* Date:           Thu Mar  5 00:42:45 2026

* Version:        2023.2 (Build 4023990 on Oct 11 2023)
* Project:        CGR_QR_WBS
* Solution:       solution1 (Vivado IP Flow Target)
* Product family: zynquplus
* Target device:  xczu7ev-ffvc1156-2-e


================================================================
== Performance Estimates
================================================================
+ Timing: 
    * Summary: 
    +--------+----------+----------+------------+
    |  Clock |  Target  | Estimated| Uncertainty|
    +--------+----------+----------+------------+
    |ap_clk  |  10.00 ns|  8.750 ns|     1.25 ns|
    +--------+----------+----------+------------+

+ Latency: 
    * Summary: 
    +---------+---------+----------+-----------+-----+------+---------+
    |  Latency (cycles) |  Latency (absolute)  |  Interval  | Pipeline|
    |   min   |   max   |    min   |    max    | min |  max |   Type  |
    +---------+---------+----------+-----------+-----+------+---------+
    |      931|     1675|  9.310 us|  16.750 us|  932|  1676|       no|
    +---------+---------+----------+-----------+-----+------+---------+

    + Detail: 
        * Instance: 
        N/A

        * Loop: 
        +--------------+---------+---------+-----------+-----------+-----------+------+----------+
        |              |  Latency (cycles) | Iteration |  Initiation Interval  | Trip |          |
        |   Loop Name  |   min   |   max   |  Latency  |  achieved |   target  | Count| Pipelined|
        +--------------+---------+---------+-----------+-----------+-----------+------+----------+
        |- GIVENS_QRD  |      764|     1508|  191 ~ 377|          -|          -|     4|        no|
        +--------------+---------+---------+-----------+-----------+-----------+------+----------+

============================================================
+ Verbose Summary: Synthesis Manager
============================================================
InlineROM: 1
ExposeGlobal: 0
============================================================
+ Verbose Summary: CDFG Model
============================================================
IsTopModel: 1
ResetActiveHigh: 1
IsCombinational: 0
IsDatapathOnly: 0
HasWiredReturn: 1
HasMFsm: 0
HasVarLatency: 1
IsPipeline: 0
IsRtlPipelined: 0
IsInstanceOverlapped: 0
IsDontTouch: 0
HasImplIP: 0
IsGatedGlobalClock: 0


============================================================
+ Verbose Summary: Schedule
============================================================
* Number of FSM states : 8
* Pipeline : 0
* Dataflow Pipeline: 0

* FSM state transitions: 
1 --> 2 
2 --> 3 
3 --> 4 6 
4 --> 5 
5 --> 3 
6 --> 7 
7 --> 8 
8 --> 

* FSM state operations: 

State 1 <SV = 0> <Delay = 2.20>
ST_1 : Operation 9 [1/1] (0.00ns)   --->   "%k = alloca i32 1" [top_cmplx.cpp:117]   --->   Operation 9 'alloca' 'k' <Predicate = true> <Delay = 0.00>
ST_1 : Operation 10 [1/1] (0.00ns)   --->   "%mux_case_02827 = alloca i32 1"   --->   Operation 10 'alloca' 'mux_case_02827' <Predicate = true> <Delay = 0.00>
ST_1 : Operation 11 [1/1] (0.00ns)   --->   "%mux_case_12838 = alloca i32 1"   --->   Operation 11 'alloca' 'mux_case_12838' <Predicate = true> <Delay = 0.00>
ST_1 : Operation 12 [1/1] (0.00ns)   --->   "%mux_case_22849 = alloca i32 1"   --->   Operation 12 'alloca' 'mux_case_22849' <Predicate = true> <Delay = 0.00>
ST_1 : Operation 13 [1/1] (0.00ns)   --->   "%mux_case_32860 = alloca i32 1"   --->   Operation 13 'alloca' 'mux_case_32860' <Predicate = true> <Delay = 0.00>
ST_1 : Operation 14 [1/1] (0.00ns)   --->   "%mux_case_0922873 = alloca i32 1"   --->   Operation 14 'alloca' 'mux_case_0922873' <Predicate = true> <Delay = 0.00>
ST_1 : Operation 15 [1/1] (0.00ns)   --->   "%mux_case_1932886 = alloca i32 1"   --->   Operation 15 'alloca' 'mux_case_1932886' <Predicate = true> <Delay = 0.00>
ST_1 : Operation 16 [1/1] (0.00ns)   --->   "%mux_case_2942899 = alloca i32 1"   --->   Operation 16 'alloca' 'mux_case_2942899' <Predicate = true> <Delay = 0.00>
ST_1 : Operation 17 [1/1] (0.00ns)   --->   "%mux_case_3952912 = alloca i32 1"   --->   Operation 17 'alloca' 'mux_case_3952912' <Predicate = true> <Delay = 0.00>
ST_1 : Operation 18 [1/1] (0.00ns)   --->   "%mux_case_0972925 = alloca i32 1"   --->   Operation 18 'alloca' 'mux_case_0972925' <Predicate = true> <Delay = 0.00>
ST_1 : Operation 19 [1/1] (0.00ns)   --->   "%mux_case_1982938 = alloca i32 1"   --->   Operation 19 'alloca' 'mux_case_1982938' <Predicate = true> <Delay = 0.00>
ST_1 : Operation 20 [1/1] (0.00ns)   --->   "%mux_case_2992951 = alloca i32 1"   --->   Operation 20 'alloca' 'mux_case_2992951' <Predicate = true> <Delay = 0.00>
ST_1 : Operation 21 [1/1] (0.00ns)   --->   "%mux_case_31002964 = alloca i32 1"   --->   Operation 21 'alloca' 'mux_case_31002964' <Predicate = true> <Delay = 0.00>
ST_1 : Operation 22 [1/1] (0.00ns)   --->   "%mux_case_01022977 = alloca i32 1"   --->   Operation 22 'alloca' 'mux_case_01022977' <Predicate = true> <Delay = 0.00>
ST_1 : Operation 23 [1/1] (0.00ns)   --->   "%mux_case_11032990 = alloca i32 1"   --->   Operation 23 'alloca' 'mux_case_11032990' <Predicate = true> <Delay = 0.00>
ST_1 : Operation 24 [1/1] (0.00ns)   --->   "%mux_case_21043003 = alloca i32 1"   --->   Operation 24 'alloca' 'mux_case_21043003' <Predicate = true> <Delay = 0.00>
ST_1 : Operation 25 [1/1] (0.00ns)   --->   "%mux_case_31053016 = alloca i32 1"   --->   Operation 25 'alloca' 'mux_case_31053016' <Predicate = true> <Delay = 0.00>
ST_1 : Operation 26 [1/1] (0.00ns)   --->   "%mux_case_01073029 = alloca i32 1"   --->   Operation 26 'alloca' 'mux_case_01073029' <Predicate = true> <Delay = 0.00>
ST_1 : Operation 27 [1/1] (0.00ns)   --->   "%mux_case_11083042 = alloca i32 1"   --->   Operation 27 'alloca' 'mux_case_11083042' <Predicate = true> <Delay = 0.00>
ST_1 : Operation 28 [1/1] (0.00ns)   --->   "%mux_case_21093055 = alloca i32 1"   --->   Operation 28 'alloca' 'mux_case_21093055' <Predicate = true> <Delay = 0.00>
ST_1 : Operation 29 [1/1] (0.00ns)   --->   "%mux_case_31103068 = alloca i32 1"   --->   Operation 29 'alloca' 'mux_case_31103068' <Predicate = true> <Delay = 0.00>
ST_1 : Operation 30 [1/1] (0.00ns)   --->   "%mux_case_01113081 = alloca i32 1"   --->   Operation 30 'alloca' 'mux_case_01113081' <Predicate = true> <Delay = 0.00>
ST_1 : Operation 31 [1/1] (0.00ns)   --->   "%mux_case_11123094 = alloca i32 1"   --->   Operation 31 'alloca' 'mux_case_11123094' <Predicate = true> <Delay = 0.00>
ST_1 : Operation 32 [1/1] (0.00ns)   --->   "%mux_case_21133107 = alloca i32 1"   --->   Operation 32 'alloca' 'mux_case_21133107' <Predicate = true> <Delay = 0.00>
ST_1 : Operation 33 [1/1] (0.00ns)   --->   "%mux_case_31143120 = alloca i32 1"   --->   Operation 33 'alloca' 'mux_case_31143120' <Predicate = true> <Delay = 0.00>
ST_1 : Operation 34 [1/1] (0.00ns)   --->   "%mux_case_01153131 = alloca i32 1"   --->   Operation 34 'alloca' 'mux_case_01153131' <Predicate = true> <Delay = 0.00>
ST_1 : Operation 35 [1/1] (0.00ns)   --->   "%mux_case_11163142 = alloca i32 1"   --->   Operation 35 'alloca' 'mux_case_11163142' <Predicate = true> <Delay = 0.00>
ST_1 : Operation 36 [1/1] (0.00ns)   --->   "%mux_case_21173153 = alloca i32 1"   --->   Operation 36 'alloca' 'mux_case_21173153' <Predicate = true> <Delay = 0.00>
ST_1 : Operation 37 [1/1] (0.00ns)   --->   "%mux_case_31183164 = alloca i32 1"   --->   Operation 37 'alloca' 'mux_case_31183164' <Predicate = true> <Delay = 0.00>
ST_1 : Operation 38 [1/1] (0.00ns)   --->   "%mux_case_01203177 = alloca i32 1"   --->   Operation 38 'alloca' 'mux_case_01203177' <Predicate = true> <Delay = 0.00>
ST_1 : Operation 39 [1/1] (0.00ns)   --->   "%mux_case_11213190 = alloca i32 1"   --->   Operation 39 'alloca' 'mux_case_11213190' <Predicate = true> <Delay = 0.00>
ST_1 : Operation 40 [1/1] (0.00ns)   --->   "%mux_case_21223203 = alloca i32 1"   --->   Operation 40 'alloca' 'mux_case_21223203' <Predicate = true> <Delay = 0.00>
ST_1 : Operation 41 [1/1] (0.00ns)   --->   "%mux_case_31233216 = alloca i32 1"   --->   Operation 41 'alloca' 'mux_case_31233216' <Predicate = true> <Delay = 0.00>
ST_1 : Operation 42 [1/1] (0.00ns)   --->   "%mux_case_01253229 = alloca i32 1"   --->   Operation 42 'alloca' 'mux_case_01253229' <Predicate = true> <Delay = 0.00>
ST_1 : Operation 43 [1/1] (0.00ns)   --->   "%mux_case_11263242 = alloca i32 1"   --->   Operation 43 'alloca' 'mux_case_11263242' <Predicate = true> <Delay = 0.00>
ST_1 : Operation 44 [1/1] (0.00ns)   --->   "%mux_case_21273255 = alloca i32 1"   --->   Operation 44 'alloca' 'mux_case_21273255' <Predicate = true> <Delay = 0.00>
ST_1 : Operation 45 [1/1] (0.00ns)   --->   "%mux_case_31283268 = alloca i32 1"   --->   Operation 45 'alloca' 'mux_case_31283268' <Predicate = true> <Delay = 0.00>
ST_1 : Operation 46 [1/1] (0.00ns)   --->   "%mux_case_01303281 = alloca i32 1"   --->   Operation 46 'alloca' 'mux_case_01303281' <Predicate = true> <Delay = 0.00>
ST_1 : Operation 47 [1/1] (0.00ns)   --->   "%mux_case_11313294 = alloca i32 1"   --->   Operation 47 'alloca' 'mux_case_11313294' <Predicate = true> <Delay = 0.00>
ST_1 : Operation 48 [1/1] (0.00ns)   --->   "%mux_case_21323307 = alloca i32 1"   --->   Operation 48 'alloca' 'mux_case_21323307' <Predicate = true> <Delay = 0.00>
ST_1 : Operation 49 [1/1] (0.00ns)   --->   "%mux_case_31333320 = alloca i32 1"   --->   Operation 49 'alloca' 'mux_case_31333320' <Predicate = true> <Delay = 0.00>
ST_1 : Operation 50 [1/1] (0.00ns)   --->   "%mux_case_01353333 = alloca i32 1"   --->   Operation 50 'alloca' 'mux_case_01353333' <Predicate = true> <Delay = 0.00>
ST_1 : Operation 51 [1/1] (0.00ns)   --->   "%mux_case_11363346 = alloca i32 1"   --->   Operation 51 'alloca' 'mux_case_11363346' <Predicate = true> <Delay = 0.00>
ST_1 : Operation 52 [1/1] (0.00ns)   --->   "%mux_case_21373359 = alloca i32 1"   --->   Operation 52 'alloca' 'mux_case_21373359' <Predicate = true> <Delay = 0.00>
ST_1 : Operation 53 [1/1] (0.00ns)   --->   "%mux_case_31383372 = alloca i32 1"   --->   Operation 53 'alloca' 'mux_case_31383372' <Predicate = true> <Delay = 0.00>
ST_1 : Operation 54 [1/1] (0.00ns)   --->   "%mux_case_01403385 = alloca i32 1"   --->   Operation 54 'alloca' 'mux_case_01403385' <Predicate = true> <Delay = 0.00>
ST_1 : Operation 55 [1/1] (0.00ns)   --->   "%mux_case_11413398 = alloca i32 1"   --->   Operation 55 'alloca' 'mux_case_11413398' <Predicate = true> <Delay = 0.00>
ST_1 : Operation 56 [1/1] (0.00ns)   --->   "%mux_case_21423411 = alloca i32 1"   --->   Operation 56 'alloca' 'mux_case_21423411' <Predicate = true> <Delay = 0.00>
ST_1 : Operation 57 [1/1] (0.00ns)   --->   "%mux_case_31433424 = alloca i32 1"   --->   Operation 57 'alloca' 'mux_case_31433424' <Predicate = true> <Delay = 0.00>
ST_1 : Operation 58 [1/1] (0.00ns)   --->   "%mux_case_01703435 = alloca i32 1"   --->   Operation 58 'alloca' 'mux_case_01703435' <Predicate = true> <Delay = 0.00>
ST_1 : Operation 59 [1/1] (0.00ns)   --->   "%mux_case_11713446 = alloca i32 1"   --->   Operation 59 'alloca' 'mux_case_11713446' <Predicate = true> <Delay = 0.00>
ST_1 : Operation 60 [1/1] (0.00ns)   --->   "%mux_case_21723457 = alloca i32 1"   --->   Operation 60 'alloca' 'mux_case_21723457' <Predicate = true> <Delay = 0.00>
ST_1 : Operation 61 [1/1] (0.00ns)   --->   "%mux_case_31733468 = alloca i32 1"   --->   Operation 61 'alloca' 'mux_case_31733468' <Predicate = true> <Delay = 0.00>
ST_1 : Operation 62 [1/1] (0.00ns)   --->   "%mux_case_01993479 = alloca i32 1"   --->   Operation 62 'alloca' 'mux_case_01993479' <Predicate = true> <Delay = 0.00>
ST_1 : Operation 63 [1/1] (0.00ns)   --->   "%mux_case_12003490 = alloca i32 1"   --->   Operation 63 'alloca' 'mux_case_12003490' <Predicate = true> <Delay = 0.00>
ST_1 : Operation 64 [1/1] (0.00ns)   --->   "%mux_case_22013501 = alloca i32 1"   --->   Operation 64 'alloca' 'mux_case_22013501' <Predicate = true> <Delay = 0.00>
ST_1 : Operation 65 [1/1] (0.00ns)   --->   "%mux_case_32023512 = alloca i32 1"   --->   Operation 65 'alloca' 'mux_case_32023512' <Predicate = true> <Delay = 0.00>
ST_1 : Operation 66 [1/1] (0.00ns)   --->   "%mux_case_04303519 = alloca i32 1"   --->   Operation 66 'alloca' 'mux_case_04303519' <Predicate = true> <Delay = 0.00>
ST_1 : Operation 67 [1/1] (0.00ns)   --->   "%mux_case_14313528 = alloca i32 1"   --->   Operation 67 'alloca' 'mux_case_14313528' <Predicate = true> <Delay = 0.00>
ST_1 : Operation 68 [1/1] (0.00ns)   --->   "%mux_case_24323536 = alloca i32 1"   --->   Operation 68 'alloca' 'mux_case_24323536' <Predicate = true> <Delay = 0.00>
ST_1 : Operation 69 [1/1] (0.00ns)   --->   "%mux_case_34333544 = alloca i32 1"   --->   Operation 69 'alloca' 'mux_case_34333544' <Predicate = true> <Delay = 0.00>
ST_1 : Operation 70 [1/1] (0.00ns)   --->   "%mux_case_04353552 = alloca i32 1"   --->   Operation 70 'alloca' 'mux_case_04353552' <Predicate = true> <Delay = 0.00>
ST_1 : Operation 71 [1/1] (0.00ns)   --->   "%mux_case_14363560 = alloca i32 1"   --->   Operation 71 'alloca' 'mux_case_14363560' <Predicate = true> <Delay = 0.00>
ST_1 : Operation 72 [1/1] (0.00ns)   --->   "%mux_case_24373569 = alloca i32 1"   --->   Operation 72 'alloca' 'mux_case_24373569' <Predicate = true> <Delay = 0.00>
ST_1 : Operation 73 [1/1] (0.00ns)   --->   "%mux_case_34383577 = alloca i32 1"   --->   Operation 73 'alloca' 'mux_case_34383577' <Predicate = true> <Delay = 0.00>
ST_1 : Operation 74 [1/1] (0.00ns)   --->   "%mux_case_04403585 = alloca i32 1"   --->   Operation 74 'alloca' 'mux_case_04403585' <Predicate = true> <Delay = 0.00>
ST_1 : Operation 75 [1/1] (0.00ns)   --->   "%mux_case_14413593 = alloca i32 1"   --->   Operation 75 'alloca' 'mux_case_14413593' <Predicate = true> <Delay = 0.00>
ST_1 : Operation 76 [1/1] (0.00ns)   --->   "%mux_case_24423601 = alloca i32 1"   --->   Operation 76 'alloca' 'mux_case_24423601' <Predicate = true> <Delay = 0.00>
ST_1 : Operation 77 [1/1] (0.00ns)   --->   "%mux_case_34433610 = alloca i32 1"   --->   Operation 77 'alloca' 'mux_case_34433610' <Predicate = true> <Delay = 0.00>
ST_1 : Operation 78 [1/1] (0.00ns)   --->   "%mux_case_04453618 = alloca i32 1"   --->   Operation 78 'alloca' 'mux_case_04453618' <Predicate = true> <Delay = 0.00>
ST_1 : Operation 79 [1/1] (0.00ns)   --->   "%mux_case_14463626 = alloca i32 1"   --->   Operation 79 'alloca' 'mux_case_14463626' <Predicate = true> <Delay = 0.00>
ST_1 : Operation 80 [1/1] (0.00ns)   --->   "%mux_case_24473634 = alloca i32 1"   --->   Operation 80 'alloca' 'mux_case_24473634' <Predicate = true> <Delay = 0.00>
ST_1 : Operation 81 [1/1] (0.00ns)   --->   "%mux_case_34483642 = alloca i32 1"   --->   Operation 81 'alloca' 'mux_case_34483642' <Predicate = true> <Delay = 0.00>
ST_1 : Operation 82 [1/1] (0.00ns)   --->   "%mux_case_04503651 = alloca i32 1"   --->   Operation 82 'alloca' 'mux_case_04503651' <Predicate = true> <Delay = 0.00>
ST_1 : Operation 83 [1/1] (0.00ns)   --->   "%mux_case_14513660 = alloca i32 1"   --->   Operation 83 'alloca' 'mux_case_14513660' <Predicate = true> <Delay = 0.00>
ST_1 : Operation 84 [1/1] (0.00ns)   --->   "%mux_case_24523668 = alloca i32 1"   --->   Operation 84 'alloca' 'mux_case_24523668' <Predicate = true> <Delay = 0.00>
ST_1 : Operation 85 [1/1] (0.00ns)   --->   "%mux_case_34533676 = alloca i32 1"   --->   Operation 85 'alloca' 'mux_case_34533676' <Predicate = true> <Delay = 0.00>
ST_1 : Operation 86 [1/1] (0.00ns)   --->   "%mux_case_04553684 = alloca i32 1"   --->   Operation 86 'alloca' 'mux_case_04553684' <Predicate = true> <Delay = 0.00>
ST_1 : Operation 87 [1/1] (0.00ns)   --->   "%mux_case_14563692 = alloca i32 1"   --->   Operation 87 'alloca' 'mux_case_14563692' <Predicate = true> <Delay = 0.00>
ST_1 : Operation 88 [1/1] (0.00ns)   --->   "%mux_case_24573701 = alloca i32 1"   --->   Operation 88 'alloca' 'mux_case_24573701' <Predicate = true> <Delay = 0.00>
ST_1 : Operation 89 [1/1] (0.00ns)   --->   "%mux_case_34583709 = alloca i32 1"   --->   Operation 89 'alloca' 'mux_case_34583709' <Predicate = true> <Delay = 0.00>
ST_1 : Operation 90 [1/1] (0.00ns)   --->   "%mux_case_04603717 = alloca i32 1"   --->   Operation 90 'alloca' 'mux_case_04603717' <Predicate = true> <Delay = 0.00>
ST_1 : Operation 91 [1/1] (0.00ns)   --->   "%mux_case_14613726 = alloca i32 1"   --->   Operation 91 'alloca' 'mux_case_14613726' <Predicate = true> <Delay = 0.00>
ST_1 : Operation 92 [1/1] (0.00ns)   --->   "%mux_case_24623734 = alloca i32 1"   --->   Operation 92 'alloca' 'mux_case_24623734' <Predicate = true> <Delay = 0.00>
ST_1 : Operation 93 [1/1] (0.00ns)   --->   "%mux_case_34633742 = alloca i32 1"   --->   Operation 93 'alloca' 'mux_case_34633742' <Predicate = true> <Delay = 0.00>
ST_1 : Operation 94 [1/1] (0.00ns)   --->   "%mux_case_04653750 = alloca i32 1"   --->   Operation 94 'alloca' 'mux_case_04653750' <Predicate = true> <Delay = 0.00>
ST_1 : Operation 95 [1/1] (0.00ns)   --->   "%mux_case_14663758 = alloca i32 1"   --->   Operation 95 'alloca' 'mux_case_14663758' <Predicate = true> <Delay = 0.00>
ST_1 : Operation 96 [1/1] (0.00ns)   --->   "%mux_case_24673767 = alloca i32 1"   --->   Operation 96 'alloca' 'mux_case_24673767' <Predicate = true> <Delay = 0.00>
ST_1 : Operation 97 [1/1] (0.00ns)   --->   "%mux_case_34683775 = alloca i32 1"   --->   Operation 97 'alloca' 'mux_case_34683775' <Predicate = true> <Delay = 0.00>
ST_1 : Operation 98 [1/1] (0.00ns)   --->   "%mux_case_04703783 = alloca i32 1"   --->   Operation 98 'alloca' 'mux_case_04703783' <Predicate = true> <Delay = 0.00>
ST_1 : Operation 99 [1/1] (0.00ns)   --->   "%mux_case_14713791 = alloca i32 1"   --->   Operation 99 'alloca' 'mux_case_14713791' <Predicate = true> <Delay = 0.00>
ST_1 : Operation 100 [1/1] (0.00ns)   --->   "%mux_case_24723799 = alloca i32 1"   --->   Operation 100 'alloca' 'mux_case_24723799' <Predicate = true> <Delay = 0.00>
ST_1 : Operation 101 [1/1] (0.00ns)   --->   "%mux_case_34733808 = alloca i32 1"   --->   Operation 101 'alloca' 'mux_case_34733808' <Predicate = true> <Delay = 0.00>
ST_1 : Operation 102 [1/1] (0.00ns)   --->   "%mux_case_04753816 = alloca i32 1"   --->   Operation 102 'alloca' 'mux_case_04753816' <Predicate = true> <Delay = 0.00>
ST_1 : Operation 103 [1/1] (0.00ns)   --->   "%mux_case_14763824 = alloca i32 1"   --->   Operation 103 'alloca' 'mux_case_14763824' <Predicate = true> <Delay = 0.00>
ST_1 : Operation 104 [1/1] (0.00ns)   --->   "%mux_case_24773832 = alloca i32 1"   --->   Operation 104 'alloca' 'mux_case_24773832' <Predicate = true> <Delay = 0.00>
ST_1 : Operation 105 [1/1] (0.00ns)   --->   "%mux_case_34783840 = alloca i32 1"   --->   Operation 105 'alloca' 'mux_case_34783840' <Predicate = true> <Delay = 0.00>
ST_1 : Operation 106 [1/1] (0.00ns)   --->   "%mux_case_04803849 = alloca i32 1"   --->   Operation 106 'alloca' 'mux_case_04803849' <Predicate = true> <Delay = 0.00>
ST_1 : Operation 107 [1/1] (0.00ns)   --->   "%mux_case_14813858 = alloca i32 1"   --->   Operation 107 'alloca' 'mux_case_14813858' <Predicate = true> <Delay = 0.00>
ST_1 : Operation 108 [1/1] (0.00ns)   --->   "%mux_case_24823866 = alloca i32 1"   --->   Operation 108 'alloca' 'mux_case_24823866' <Predicate = true> <Delay = 0.00>
ST_1 : Operation 109 [1/1] (0.00ns)   --->   "%mux_case_34833874 = alloca i32 1"   --->   Operation 109 'alloca' 'mux_case_34833874' <Predicate = true> <Delay = 0.00>
ST_1 : Operation 110 [1/1] (0.00ns)   --->   "%mux_case_04853882 = alloca i32 1"   --->   Operation 110 'alloca' 'mux_case_04853882' <Predicate = true> <Delay = 0.00>
ST_1 : Operation 111 [1/1] (0.00ns)   --->   "%mux_case_14863890 = alloca i32 1"   --->   Operation 111 'alloca' 'mux_case_14863890' <Predicate = true> <Delay = 0.00>
ST_1 : Operation 112 [1/1] (0.00ns)   --->   "%mux_case_24873899 = alloca i32 1"   --->   Operation 112 'alloca' 'mux_case_24873899' <Predicate = true> <Delay = 0.00>
ST_1 : Operation 113 [1/1] (0.00ns)   --->   "%mux_case_34883907 = alloca i32 1"   --->   Operation 113 'alloca' 'mux_case_34883907' <Predicate = true> <Delay = 0.00>
ST_1 : Operation 114 [1/1] (0.00ns)   --->   "%mux_case_05153915 = alloca i32 1"   --->   Operation 114 'alloca' 'mux_case_05153915' <Predicate = true> <Delay = 0.00>
ST_1 : Operation 115 [1/1] (0.00ns)   --->   "%mux_case_15163923 = alloca i32 1"   --->   Operation 115 'alloca' 'mux_case_15163923' <Predicate = true> <Delay = 0.00>
ST_1 : Operation 116 [1/1] (0.00ns)   --->   "%mux_case_25173931 = alloca i32 1"   --->   Operation 116 'alloca' 'mux_case_25173931' <Predicate = true> <Delay = 0.00>
ST_1 : Operation 117 [1/1] (0.00ns)   --->   "%mux_case_35183940 = alloca i32 1"   --->   Operation 117 'alloca' 'mux_case_35183940' <Predicate = true> <Delay = 0.00>
ST_1 : Operation 118 [1/1] (0.00ns)   --->   "%mux_case_05453948 = alloca i32 1"   --->   Operation 118 'alloca' 'mux_case_05453948' <Predicate = true> <Delay = 0.00>
ST_1 : Operation 119 [1/1] (0.00ns)   --->   "%mux_case_15463956 = alloca i32 1"   --->   Operation 119 'alloca' 'mux_case_15463956' <Predicate = true> <Delay = 0.00>
ST_1 : Operation 120 [1/1] (0.00ns)   --->   "%mux_case_25473964 = alloca i32 1"   --->   Operation 120 'alloca' 'mux_case_25473964' <Predicate = true> <Delay = 0.00>
ST_1 : Operation 121 [1/1] (0.00ns)   --->   "%mux_case_35483973 = alloca i32 1"   --->   Operation 121 'alloca' 'mux_case_35483973' <Predicate = true> <Delay = 0.00>
ST_1 : Operation 122 [1/1] (1.00ns)   --->   "%R_DRAM_read = read i64 @_ssdm_op_Read.s_axilite.i64, i64 %R_DRAM"   --->   Operation 122 'read' 'R_DRAM_read' <Predicate = true> <Delay = 1.00> <CoreInst = "s_axilite">   --->   Core 122 's_axilite' <Latency = 0> <II = 1> <Delay = 1.00> <Adapter> <Opcode : 'read' 'write'>
ST_1 : Operation 123 [1/1] (1.00ns)   --->   "%Q_DRAM_read = read i64 @_ssdm_op_Read.s_axilite.i64, i64 %Q_DRAM"   --->   Operation 123 'read' 'Q_DRAM_read' <Predicate = true> <Delay = 1.00> <CoreInst = "s_axilite">   --->   Core 122 's_axilite' <Latency = 0> <II = 1> <Delay = 1.00> <Adapter> <Opcode : 'read' 'write'>
ST_1 : Operation 124 [1/1] (1.00ns)   --->   "%A_DRAM_read = read i64 @_ssdm_op_Read.s_axilite.i64, i64 %A_DRAM"   --->   Operation 124 'read' 'A_DRAM_read' <Predicate = true> <Delay = 1.00> <CoreInst = "s_axilite">   --->   Core 122 's_axilite' <Latency = 0> <II = 1> <Delay = 1.00> <Adapter> <Opcode : 'read' 'write'>
ST_1 : Operation 125 [1/1] (0.00ns)   --->   "%Q_out_real = alloca i64 1" [top_cmplx.cpp:70]   --->   Operation 125 'alloca' 'Q_out_real' <Predicate = true> <Delay = 0.00>
ST_1 : Operation 126 [1/1] (0.00ns)   --->   "%Q_out_real_1 = alloca i64 1" [top_cmplx.cpp:70]   --->   Operation 126 'alloca' 'Q_out_real_1' <Predicate = true> <Delay = 0.00>
ST_1 : Operation 127 [1/1] (0.00ns)   --->   "%Q_out_real_2 = alloca i64 1" [top_cmplx.cpp:70]   --->   Operation 127 'alloca' 'Q_out_real_2' <Predicate = true> <Delay = 0.00>
ST_1 : Operation 128 [1/1] (0.00ns)   --->   "%Q_out_real_3 = alloca i64 1" [top_cmplx.cpp:70]   --->   Operation 128 'alloca' 'Q_out_real_3' <Predicate = true> <Delay = 0.00>
ST_1 : Operation 129 [1/1] (0.00ns)   --->   "%Q_out_imag = alloca i64 1" [top_cmplx.cpp:70]   --->   Operation 129 'alloca' 'Q_out_imag' <Predicate = true> <Delay = 0.00>
ST_1 : Operation 130 [1/1] (0.00ns)   --->   "%Q_out_imag_1 = alloca i64 1" [top_cmplx.cpp:70]   --->   Operation 130 'alloca' 'Q_out_imag_1' <Predicate = true> <Delay = 0.00>
ST_1 : Operation 131 [1/1] (0.00ns)   --->   "%Q_out_imag_2 = alloca i64 1" [top_cmplx.cpp:70]   --->   Operation 131 'alloca' 'Q_out_imag_2' <Predicate = true> <Delay = 0.00>
ST_1 : Operation 132 [1/1] (0.00ns)   --->   "%Q_out_imag_3 = alloca i64 1" [top_cmplx.cpp:70]   --->   Operation 132 'alloca' 'Q_out_imag_3' <Predicate = true> <Delay = 0.00>
ST_1 : Operation 133 [1/1] (0.00ns)   --->   "%R_out_real = alloca i64 1" [top_cmplx.cpp:71]   --->   Operation 133 'alloca' 'R_out_real' <Predicate = true> <Delay = 0.00>
ST_1 : Operation 134 [1/1] (0.00ns)   --->   "%R_out_real_1 = alloca i64 1" [top_cmplx.cpp:71]   --->   Operation 134 'alloca' 'R_out_real_1' <Predicate = true> <Delay = 0.00>
ST_1 : Operation 135 [1/1] (0.00ns)   --->   "%R_out_real_2 = alloca i64 1" [top_cmplx.cpp:71]   --->   Operation 135 'alloca' 'R_out_real_2' <Predicate = true> <Delay = 0.00>
ST_1 : Operation 136 [1/1] (0.00ns)   --->   "%R_out_real_3 = alloca i64 1" [top_cmplx.cpp:71]   --->   Operation 136 'alloca' 'R_out_real_3' <Predicate = true> <Delay = 0.00>
ST_1 : Operation 137 [1/1] (0.00ns)   --->   "%R_out_imag = alloca i64 1" [top_cmplx.cpp:71]   --->   Operation 137 'alloca' 'R_out_imag' <Predicate = true> <Delay = 0.00>
ST_1 : Operation 138 [1/1] (0.00ns)   --->   "%R_out_imag_1 = alloca i64 1" [top_cmplx.cpp:71]   --->   Operation 138 'alloca' 'R_out_imag_1' <Predicate = true> <Delay = 0.00>
ST_1 : Operation 139 [1/1] (0.00ns)   --->   "%R_out_imag_2 = alloca i64 1" [top_cmplx.cpp:71]   --->   Operation 139 'alloca' 'R_out_imag_2' <Predicate = true> <Delay = 0.00>
ST_1 : Operation 140 [1/1] (0.00ns)   --->   "%R_out_imag_3 = alloca i64 1" [top_cmplx.cpp:71]   --->   Operation 140 'alloca' 'R_out_imag_3' <Predicate = true> <Delay = 0.00>
ST_1 : Operation 141 [1/1] (0.00ns)   --->   "%trunc_ln85 = trunc i64 %A_DRAM_read" [top_cmplx.cpp:85]   --->   Operation 141 'trunc' 'trunc_ln85' <Predicate = true> <Delay = 0.00>
ST_1 : Operation 142 [1/1] (0.12ns)   --->   "%xor_ln85 = xor i3 %trunc_ln85, i3 4" [top_cmplx.cpp:85]   --->   Operation 142 'xor' 'xor_ln85' <Predicate = true> <Delay = 0.12> <CoreInst = "LogicGate">   --->   Core 74 'LogicGate' <Latency = 0> <II = 1> <Delay = 0.12> <FuncUnit> <Opcode : 'and' 'or' 'xor'> <InPorts = 2> <OutPorts = 1>
ST_1 : Operation 143 [2/2] (1.08ns)   --->   "%call_ln85 = call void @top_Pipeline_READ_INIT_VITIS_LOOP_87_1, i64 %memA, i64 %A_DRAM_read, i3 %trunc_ln85, i3 %xor_ln85, i32 %mux_case_25173931, i32 %mux_case_14563692, i32 %mux_case_04503651, i32 %mux_case_34483642, i32 %mux_case_24423601, i32 %mux_case_14363560, i32 %mux_case_04303519, i32 %mux_case_32023512, i32 %mux_case_22013501, i32 %mux_case_12003490, i32 %mux_case_01993479, i32 %mux_case_31733468, i32 %mux_case_21723457, i32 %mux_case_11713446, i32 %mux_case_01703435, i32 %mux_case_31433424, i32 %mux_case_21423411, i32 %mux_case_11413398, i32 %mux_case_01403385, i32 %mux_case_31383372, i32 %mux_case_21373359, i32 %mux_case_11363346, i32 %mux_case_01353333, i32 %mux_case_31333320, i32 %mux_case_21323307, i32 %mux_case_11313294, i32 %mux_case_01303281, i32 %mux_case_31283268, i32 %mux_case_21273255, i32 %mux_case_11263242, i32 %mux_case_01253229, i32 %mux_case_31233216, i32 %mux_case_21223203, i32 %mux_case_11213190, i32 %mux_case_01203177, i32 %mux_case_31183164, i32 %mux_case_21173153, i32 %mux_case_11163142, i32 %mux_case_01153131, i32 %mux_case_31143120, i32 %mux_case_21133107, i32 %mux_case_11123094, i32 %mux_case_01113081, i32 %mux_case_31103068, i32 %mux_case_21093055, i32 %mux_case_11083042, i32 %mux_case_01073029, i32 %mux_case_31053016, i32 %mux_case_21043003, i32 %mux_case_11032990, i32 %mux_case_01022977, i32 %mux_case_31002964, i32 %mux_case_2992951, i32 %mux_case_1982938, i32 %mux_case_0972925, i32 %mux_case_3952912, i32 %mux_case_2942899, i32 %mux_case_1932886, i32 %mux_case_0922873, i32 %mux_case_32860, i32 %mux_case_22849, i32 %mux_case_12838, i32 %mux_case_02827" [top_cmplx.cpp:85]   --->   Operation 143 'call' 'call_ln85' <Predicate = true> <Delay = 1.08> <CoreType = "Generic">   --->   Core 0 '' <Latency = 0> <II = 1> <Delay = 1.00> <Generic> <Opcode : >
ST_1 : Operation 144 [1/1] (0.00ns)   --->   "%store_ln0 = store i32 0, i32 %mux_case_35483973"   --->   Operation 144 'store' 'store_ln0' <Predicate = true> <Delay = 0.00>
ST_1 : Operation 145 [1/1] (0.00ns)   --->   "%store_ln0 = store i32 0, i32 %mux_case_25473964"   --->   Operation 145 'store' 'store_ln0' <Predicate = true> <Delay = 0.00>
ST_1 : Operation 146 [1/1] (0.00ns)   --->   "%store_ln0 = store i32 0, i32 %mux_case_15463956"   --->   Operation 146 'store' 'store_ln0' <Predicate = true> <Delay = 0.00>
ST_1 : Operation 147 [1/1] (0.00ns)   --->   "%store_ln0 = store i32 0, i32 %mux_case_05453948"   --->   Operation 147 'store' 'store_ln0' <Predicate = true> <Delay = 0.00>
ST_1 : Operation 148 [1/1] (0.00ns)   --->   "%store_ln0 = store i32 0, i32 %mux_case_35183940"   --->   Operation 148 'store' 'store_ln0' <Predicate = true> <Delay = 0.00>
ST_1 : Operation 149 [1/1] (0.00ns)   --->   "%store_ln0 = store i32 0, i32 %mux_case_15163923"   --->   Operation 149 'store' 'store_ln0' <Predicate = true> <Delay = 0.00>
ST_1 : Operation 150 [1/1] (0.00ns)   --->   "%store_ln0 = store i32 0, i32 %mux_case_05153915"   --->   Operation 150 'store' 'store_ln0' <Predicate = true> <Delay = 0.00>
ST_1 : Operation 151 [1/1] (0.00ns)   --->   "%store_ln0 = store i32 0, i32 %mux_case_34883907"   --->   Operation 151 'store' 'store_ln0' <Predicate = true> <Delay = 0.00>
ST_1 : Operation 152 [1/1] (0.00ns)   --->   "%store_ln0 = store i32 0, i32 %mux_case_24873899"   --->   Operation 152 'store' 'store_ln0' <Predicate = true> <Delay = 0.00>
ST_1 : Operation 153 [1/1] (0.00ns)   --->   "%store_ln0 = store i32 0, i32 %mux_case_14863890"   --->   Operation 153 'store' 'store_ln0' <Predicate = true> <Delay = 0.00>
ST_1 : Operation 154 [1/1] (0.00ns)   --->   "%store_ln0 = store i32 0, i32 %mux_case_04853882"   --->   Operation 154 'store' 'store_ln0' <Predicate = true> <Delay = 0.00>
ST_1 : Operation 155 [1/1] (0.00ns)   --->   "%store_ln0 = store i32 0, i32 %mux_case_34833874"   --->   Operation 155 'store' 'store_ln0' <Predicate = true> <Delay = 0.00>
ST_1 : Operation 156 [1/1] (0.00ns)   --->   "%store_ln0 = store i32 0, i32 %mux_case_24823866"   --->   Operation 156 'store' 'store_ln0' <Predicate = true> <Delay = 0.00>
ST_1 : Operation 157 [1/1] (0.00ns)   --->   "%store_ln0 = store i32 0, i32 %mux_case_14813858"   --->   Operation 157 'store' 'store_ln0' <Predicate = true> <Delay = 0.00>
ST_1 : Operation 158 [1/1] (0.00ns)   --->   "%store_ln0 = store i32 0, i32 %mux_case_04803849"   --->   Operation 158 'store' 'store_ln0' <Predicate = true> <Delay = 0.00>
ST_1 : Operation 159 [1/1] (0.00ns)   --->   "%store_ln0 = store i32 0, i32 %mux_case_34783840"   --->   Operation 159 'store' 'store_ln0' <Predicate = true> <Delay = 0.00>
ST_1 : Operation 160 [1/1] (0.00ns)   --->   "%store_ln0 = store i32 0, i32 %mux_case_24773832"   --->   Operation 160 'store' 'store_ln0' <Predicate = true> <Delay = 0.00>
ST_1 : Operation 161 [1/1] (0.00ns)   --->   "%store_ln0 = store i32 0, i32 %mux_case_14763824"   --->   Operation 161 'store' 'store_ln0' <Predicate = true> <Delay = 0.00>
ST_1 : Operation 162 [1/1] (0.00ns)   --->   "%store_ln0 = store i32 0, i32 %mux_case_04753816"   --->   Operation 162 'store' 'store_ln0' <Predicate = true> <Delay = 0.00>
ST_1 : Operation 163 [1/1] (0.00ns)   --->   "%store_ln0 = store i32 0, i32 %mux_case_34733808"   --->   Operation 163 'store' 'store_ln0' <Predicate = true> <Delay = 0.00>
ST_1 : Operation 164 [1/1] (0.00ns)   --->   "%store_ln0 = store i32 0, i32 %mux_case_24723799"   --->   Operation 164 'store' 'store_ln0' <Predicate = true> <Delay = 0.00>
ST_1 : Operation 165 [1/1] (0.00ns)   --->   "%store_ln0 = store i32 0, i32 %mux_case_14713791"   --->   Operation 165 'store' 'store_ln0' <Predicate = true> <Delay = 0.00>
ST_1 : Operation 166 [1/1] (0.00ns)   --->   "%store_ln0 = store i32 0, i32 %mux_case_04703783"   --->   Operation 166 'store' 'store_ln0' <Predicate = true> <Delay = 0.00>
ST_1 : Operation 167 [1/1] (0.00ns)   --->   "%store_ln0 = store i32 0, i32 %mux_case_34683775"   --->   Operation 167 'store' 'store_ln0' <Predicate = true> <Delay = 0.00>
ST_1 : Operation 168 [1/1] (0.00ns)   --->   "%store_ln0 = store i32 0, i32 %mux_case_24673767"   --->   Operation 168 'store' 'store_ln0' <Predicate = true> <Delay = 0.00>
ST_1 : Operation 169 [1/1] (0.00ns)   --->   "%store_ln0 = store i32 0, i32 %mux_case_14663758"   --->   Operation 169 'store' 'store_ln0' <Predicate = true> <Delay = 0.00>
ST_1 : Operation 170 [1/1] (0.00ns)   --->   "%store_ln0 = store i32 0, i32 %mux_case_04653750"   --->   Operation 170 'store' 'store_ln0' <Predicate = true> <Delay = 0.00>
ST_1 : Operation 171 [1/1] (0.00ns)   --->   "%store_ln0 = store i32 0, i32 %mux_case_34633742"   --->   Operation 171 'store' 'store_ln0' <Predicate = true> <Delay = 0.00>
ST_1 : Operation 172 [1/1] (0.00ns)   --->   "%store_ln0 = store i32 0, i32 %mux_case_24623734"   --->   Operation 172 'store' 'store_ln0' <Predicate = true> <Delay = 0.00>
ST_1 : Operation 173 [1/1] (0.00ns)   --->   "%store_ln0 = store i32 0, i32 %mux_case_14613726"   --->   Operation 173 'store' 'store_ln0' <Predicate = true> <Delay = 0.00>
ST_1 : Operation 174 [1/1] (0.00ns)   --->   "%store_ln0 = store i32 0, i32 %mux_case_04603717"   --->   Operation 174 'store' 'store_ln0' <Predicate = true> <Delay = 0.00>
ST_1 : Operation 175 [1/1] (0.00ns)   --->   "%store_ln0 = store i32 0, i32 %mux_case_34583709"   --->   Operation 175 'store' 'store_ln0' <Predicate = true> <Delay = 0.00>
ST_1 : Operation 176 [1/1] (0.00ns)   --->   "%store_ln0 = store i32 0, i32 %mux_case_24573701"   --->   Operation 176 'store' 'store_ln0' <Predicate = true> <Delay = 0.00>
ST_1 : Operation 177 [1/1] (0.00ns)   --->   "%store_ln0 = store i32 0, i32 %mux_case_04553684"   --->   Operation 177 'store' 'store_ln0' <Predicate = true> <Delay = 0.00>
ST_1 : Operation 178 [1/1] (0.00ns)   --->   "%store_ln0 = store i32 0, i32 %mux_case_34533676"   --->   Operation 178 'store' 'store_ln0' <Predicate = true> <Delay = 0.00>
ST_1 : Operation 179 [1/1] (0.00ns)   --->   "%store_ln0 = store i32 0, i32 %mux_case_24523668"   --->   Operation 179 'store' 'store_ln0' <Predicate = true> <Delay = 0.00>
ST_1 : Operation 180 [1/1] (0.00ns)   --->   "%store_ln0 = store i32 0, i32 %mux_case_14513660"   --->   Operation 180 'store' 'store_ln0' <Predicate = true> <Delay = 0.00>
ST_1 : Operation 181 [1/1] (0.00ns)   --->   "%store_ln0 = store i32 0, i32 %mux_case_24473634"   --->   Operation 181 'store' 'store_ln0' <Predicate = true> <Delay = 0.00>
ST_1 : Operation 182 [1/1] (0.00ns)   --->   "%store_ln0 = store i32 0, i32 %mux_case_14463626"   --->   Operation 182 'store' 'store_ln0' <Predicate = true> <Delay = 0.00>
ST_1 : Operation 183 [1/1] (0.00ns)   --->   "%store_ln0 = store i32 0, i32 %mux_case_04453618"   --->   Operation 183 'store' 'store_ln0' <Predicate = true> <Delay = 0.00>
ST_1 : Operation 184 [1/1] (0.00ns)   --->   "%store_ln0 = store i32 0, i32 %mux_case_34433610"   --->   Operation 184 'store' 'store_ln0' <Predicate = true> <Delay = 0.00>
ST_1 : Operation 185 [1/1] (0.00ns)   --->   "%store_ln0 = store i32 0, i32 %mux_case_14413593"   --->   Operation 185 'store' 'store_ln0' <Predicate = true> <Delay = 0.00>
ST_1 : Operation 186 [1/1] (0.00ns)   --->   "%store_ln0 = store i32 0, i32 %mux_case_04403585"   --->   Operation 186 'store' 'store_ln0' <Predicate = true> <Delay = 0.00>
ST_1 : Operation 187 [1/1] (0.00ns)   --->   "%store_ln0 = store i32 0, i32 %mux_case_34383577"   --->   Operation 187 'store' 'store_ln0' <Predicate = true> <Delay = 0.00>
ST_1 : Operation 188 [1/1] (0.00ns)   --->   "%store_ln0 = store i32 0, i32 %mux_case_24373569"   --->   Operation 188 'store' 'store_ln0' <Predicate = true> <Delay = 0.00>
ST_1 : Operation 189 [1/1] (0.00ns)   --->   "%store_ln0 = store i32 0, i32 %mux_case_04353552"   --->   Operation 189 'store' 'store_ln0' <Predicate = true> <Delay = 0.00>
ST_1 : Operation 190 [1/1] (0.00ns)   --->   "%store_ln0 = store i32 0, i32 %mux_case_34333544"   --->   Operation 190 'store' 'store_ln0' <Predicate = true> <Delay = 0.00>
ST_1 : Operation 191 [1/1] (0.00ns)   --->   "%store_ln0 = store i32 0, i32 %mux_case_24323536"   --->   Operation 191 'store' 'store_ln0' <Predicate = true> <Delay = 0.00>
ST_1 : Operation 192 [1/1] (0.00ns)   --->   "%store_ln0 = store i32 0, i32 %mux_case_14313528"   --->   Operation 192 'store' 'store_ln0' <Predicate = true> <Delay = 0.00>
ST_1 : Operation 193 [1/1] (0.42ns)   --->   "%store_ln117 = store i3 0, i3 %k" [top_cmplx.cpp:117]   --->   Operation 193 'store' 'store_ln117' <Predicate = true> <Delay = 0.42>

State 2 <SV = 1> <Delay = 0.00>
ST_2 : Operation 194 [1/1] (0.00ns)   --->   "%spectopmodule_ln51 = spectopmodule void @_ssdm_op_SpecTopModule, void @empty_12" [top_cmplx.cpp:51]   --->   Operation 194 'spectopmodule' 'spectopmodule_ln51' <Predicate = true> <Delay = 0.00>
ST_2 : Operation 195 [1/1] (0.00ns)   --->   "%specinterface_ln0 = specinterface void @_ssdm_op_SpecInterface, i64 %memA, void @empty, i32 0, i32 0, void @empty_0, i32 0, i32 28, void @empty_1, void @empty_2, void @empty_0, i32 16, i32 16, i32 16, i32 16, void @empty_0, void @empty_0, i32 4294967295, i32 0"   --->   Operation 195 'specinterface' 'specinterface_ln0' <Predicate = true> <Delay = 0.00>
ST_2 : Operation 196 [1/1] (0.00ns)   --->   "%specbitsmap_ln0 = specbitsmap void @_ssdm_op_SpecBitsMap, i64 %memA"   --->   Operation 196 'specbitsmap' 'specbitsmap_ln0' <Predicate = true> <Delay = 0.00>
ST_2 : Operation 197 [1/1] (0.00ns)   --->   "%specinterface_ln0 = specinterface void @_ssdm_op_SpecInterface, i64 %memQ, void @empty, i32 0, i32 0, void @empty_0, i32 0, i32 28, void @empty_3, void @empty_2, void @empty_0, i32 16, i32 16, i32 16, i32 16, void @empty_0, void @empty_0, i32 4294967295, i32 0"   --->   Operation 197 'specinterface' 'specinterface_ln0' <Predicate = true> <Delay = 0.00>
ST_2 : Operation 198 [1/1] (0.00ns)   --->   "%specbitsmap_ln0 = specbitsmap void @_ssdm_op_SpecBitsMap, i64 %memQ"   --->   Operation 198 'specbitsmap' 'specbitsmap_ln0' <Predicate = true> <Delay = 0.00>
ST_2 : Operation 199 [1/1] (0.00ns)   --->   "%specinterface_ln0 = specinterface void @_ssdm_op_SpecInterface, i64 %memR, void @empty, i32 0, i32 0, void @empty_0, i32 0, i32 16, void @empty_4, void @empty_2, void @empty_0, i32 16, i32 16, i32 16, i32 16, void @empty_0, void @empty_0, i32 4294967295, i32 0"   --->   Operation 199 'specinterface' 'specinterface_ln0' <Predicate = true> <Delay = 0.00>
ST_2 : Operation 200 [1/1] (0.00ns)   --->   "%specbitsmap_ln0 = specbitsmap void @_ssdm_op_SpecBitsMap, i64 %memR"   --->   Operation 200 'specbitsmap' 'specbitsmap_ln0' <Predicate = true> <Delay = 0.00>
ST_2 : Operation 201 [1/1] (0.00ns)   --->   "%specinterface_ln0 = specinterface void @_ssdm_op_SpecInterface, i64 %A_DRAM, void @empty_5, i32 0, i32 0, void @empty_0, i32 0, i32 0, void @empty_6, void @empty_7, void @empty_0, i32 0, i32 0, i32 0, i32 0, void @empty_0, void @empty_8, i32 4294967295, i32 0"   --->   Operation 201 'specinterface' 'specinterface_ln0' <Predicate = true> <Delay = 0.00>
ST_2 : Operation 202 [1/1] (0.00ns)   --->   "%specinterface_ln0 = specinterface void @_ssdm_op_SpecInterface, i64 %A_DRAM, void @empty_9, i32 0, i32 0, void @empty_0, i32 0, i32 0, void @empty_0, void @empty_0, void @empty_0, i32 0, i32 0, i32 0, i32 0, void @empty_0, void @empty_8, i32 4294967295, i32 0"   --->   Operation 202 'specinterface' 'specinterface_ln0' <Predicate = true> <Delay = 0.00>
ST_2 : Operation 203 [1/1] (0.00ns)   --->   "%specinterface_ln0 = specinterface void @_ssdm_op_SpecInterface, i64 %Q_DRAM, void @empty_5, i32 0, i32 0, void @empty_0, i32 0, i32 0, void @empty_6, void @empty_10, void @empty_0, i32 0, i32 0, i32 0, i32 0, void @empty_0, void @empty_8, i32 4294967295, i32 0"   --->   Operation 203 'specinterface' 'specinterface_ln0' <Predicate = true> <Delay = 0.00>
ST_2 : Operation 204 [1/1] (0.00ns)   --->   "%specinterface_ln0 = specinterface void @_ssdm_op_SpecInterface, i64 %Q_DRAM, void @empty_9, i32 0, i32 0, void @empty_0, i32 0, i32 0, void @empty_0, void @empty_0, void @empty_0, i32 0, i32 0, i32 0, i32 0, void @empty_0, void @empty_8, i32 4294967295, i32 0"   --->   Operation 204 'specinterface' 'specinterface_ln0' <Predicate = true> <Delay = 0.00>
ST_2 : Operation 205 [1/1] (0.00ns)   --->   "%specinterface_ln0 = specinterface void @_ssdm_op_SpecInterface, i64 %R_DRAM, void @empty_5, i32 0, i32 0, void @empty_0, i32 0, i32 0, void @empty_6, void @empty_11, void @empty_0, i32 0, i32 0, i32 0, i32 0, void @empty_0, void @empty_8, i32 4294967295, i32 0"   --->   Operation 205 'specinterface' 'specinterface_ln0' <Predicate = true> <Delay = 0.00>
ST_2 : Operation 206 [1/1] (0.00ns)   --->   "%specinterface_ln0 = specinterface void @_ssdm_op_SpecInterface, i64 %R_DRAM, void @empty_9, i32 0, i32 0, void @empty_0, i32 0, i32 0, void @empty_0, void @empty_0, void @empty_0, i32 0, i32 0, i32 0, i32 0, void @empty_0, void @empty_8, i32 4294967295, i32 0"   --->   Operation 206 'specinterface' 'specinterface_ln0' <Predicate = true> <Delay = 0.00>
ST_2 : Operation 207 [1/1] (0.00ns)   --->   "%specinterface_ln0 = specinterface void @_ssdm_op_SpecInterface, i32 0, void @empty_5, i32 0, i32 0, void @empty_0, i32 0, i32 0, void @empty_6, void @empty_0, void @empty_0, i32 0, i32 0, i32 0, i32 0, void @empty_0, void @empty_0, i32 4294967295, i32 0"   --->   Operation 207 'specinterface' 'specinterface_ln0' <Predicate = true> <Delay = 0.00>
ST_2 : Operation 208 [1/2] (0.00ns)   --->   "%call_ln85 = call void @top_Pipeline_READ_INIT_VITIS_LOOP_87_1, i64 %memA, i64 %A_DRAM_read, i3 %trunc_ln85, i3 %xor_ln85, i32 %mux_case_25173931, i32 %mux_case_14563692, i32 %mux_case_04503651, i32 %mux_case_34483642, i32 %mux_case_24423601, i32 %mux_case_14363560, i32 %mux_case_04303519, i32 %mux_case_32023512, i32 %mux_case_22013501, i32 %mux_case_12003490, i32 %mux_case_01993479, i32 %mux_case_31733468, i32 %mux_case_21723457, i32 %mux_case_11713446, i32 %mux_case_01703435, i32 %mux_case_31433424, i32 %mux_case_21423411, i32 %mux_case_11413398, i32 %mux_case_01403385, i32 %mux_case_31383372, i32 %mux_case_21373359, i32 %mux_case_11363346, i32 %mux_case_01353333, i32 %mux_case_31333320, i32 %mux_case_21323307, i32 %mux_case_11313294, i32 %mux_case_01303281, i32 %mux_case_31283268, i32 %mux_case_21273255, i32 %mux_case_11263242, i32 %mux_case_01253229, i32 %mux_case_31233216, i32 %mux_case_21223203, i32 %mux_case_11213190, i32 %mux_case_01203177, i32 %mux_case_31183164, i32 %mux_case_21173153, i32 %mux_case_11163142, i32 %mux_case_01153131, i32 %mux_case_31143120, i32 %mux_case_21133107, i32 %mux_case_11123094, i32 %mux_case_01113081, i32 %mux_case_31103068, i32 %mux_case_21093055, i32 %mux_case_11083042, i32 %mux_case_01073029, i32 %mux_case_31053016, i32 %mux_case_21043003, i32 %mux_case_11032990, i32 %mux_case_01022977, i32 %mux_case_31002964, i32 %mux_case_2992951, i32 %mux_case_1982938, i32 %mux_case_0972925, i32 %mux_case_3952912, i32 %mux_case_2942899, i32 %mux_case_1932886, i32 %mux_case_0922873, i32 %mux_case_32860, i32 %mux_case_22849, i32 %mux_case_12838, i32 %mux_case_02827" [top_cmplx.cpp:85]   --->   Operation 208 'call' 'call_ln85' <Predicate = true> <Delay = 0.00> <CoreType = "Generic">   --->   Core 0 '' <Latency = 0> <II = 1> <Delay = 1.00> <Generic> <Opcode : >
ST_2 : Operation 209 [1/1] (0.00ns)   --->   "%br_ln117 = br void %VITIS_LOOP_119_2" [top_cmplx.cpp:117]   --->   Operation 209 'br' 'br_ln117' <Predicate = true> <Delay = 0.00>

State 3 <SV = 2> <Delay = 2.54>
ST_3 : Operation 210 [1/1] (0.00ns)   --->   "%k_1 = load i3 %k" [top_cmplx.cpp:117]   --->   Operation 210 'load' 'k_1' <Predicate = true> <Delay = 0.00>
ST_3 : Operation 211 [1/1] (0.00ns)   --->   "%trunc_ln117 = trunc i3 %k_1" [top_cmplx.cpp:117]   --->   Operation 211 'trunc' 'trunc_ln117' <Predicate = true> <Delay = 0.00>
ST_3 : Operation 212 [1/1] (0.67ns)   --->   "%icmp_ln117 = icmp_eq  i3 %k_1, i3 4" [top_cmplx.cpp:117]   --->   Operation 212 'icmp' 'icmp_ln117' <Predicate = true> <Delay = 0.67> <CoreInst = "Cmp">   --->   Core 9 'Cmp' <Latency = 0> <II = 1> <Delay = 0.67> <FuncUnit> <Opcode : 'icmp'> <InPorts = 2> <OutPorts = 1>
ST_3 : Operation 213 [1/1] (0.67ns)   --->   "%empty = add i3 %k_1, i3 1" [top_cmplx.cpp:117]   --->   Operation 213 'add' 'empty' <Predicate = true> <Delay = 0.67> <CoreInst = "Adder">   --->   Core 1 'Adder' <Latency = 0> <II = 1> <Delay = 0.67> <FuncUnit> <Opcode : 'add' 'sub'> <InPorts = 2> <OutPorts = 1>
ST_3 : Operation 214 [1/1] (0.00ns)   --->   "%br_ln117 = br i1 %icmp_ln117, void %VITIS_LOOP_119_2.split, void %for.inc210.preheader" [top_cmplx.cpp:117]   --->   Operation 214 'br' 'br_ln117' <Predicate = true> <Delay = 0.00>
ST_3 : Operation 215 [1/1] (0.00ns)   --->   "%mux_case_12838_load_1 = load i32 %mux_case_12838"   --->   Operation 215 'load' 'mux_case_12838_load_1' <Predicate = (!icmp_ln117)> <Delay = 0.00>
ST_3 : Operation 216 [1/1] (0.00ns)   --->   "%mux_case_22849_load_1 = load i32 %mux_case_22849"   --->   Operation 216 'load' 'mux_case_22849_load_1' <Predicate = (!icmp_ln117)> <Delay = 0.00>
ST_3 : Operation 217 [1/1] (0.00ns)   --->   "%mux_case_32860_load_1 = load i32 %mux_case_32860"   --->   Operation 217 'load' 'mux_case_32860_load_1' <Predicate = (!icmp_ln117)> <Delay = 0.00>
ST_3 : Operation 218 [1/1] (0.00ns)   --->   "%mux_case_0922873_load_1 = load i32 %mux_case_0922873"   --->   Operation 218 'load' 'mux_case_0922873_load_1' <Predicate = (!icmp_ln117)> <Delay = 0.00>
ST_3 : Operation 219 [1/1] (0.00ns)   --->   "%mux_case_1932886_load_1 = load i32 %mux_case_1932886"   --->   Operation 219 'load' 'mux_case_1932886_load_1' <Predicate = (!icmp_ln117)> <Delay = 0.00>
ST_3 : Operation 220 [1/1] (0.00ns)   --->   "%mux_case_2942899_load_1 = load i32 %mux_case_2942899"   --->   Operation 220 'load' 'mux_case_2942899_load_1' <Predicate = (!icmp_ln117)> <Delay = 0.00>
ST_3 : Operation 221 [1/1] (0.00ns)   --->   "%mux_case_3952912_load_1 = load i32 %mux_case_3952912"   --->   Operation 221 'load' 'mux_case_3952912_load_1' <Predicate = (!icmp_ln117)> <Delay = 0.00>
ST_3 : Operation 222 [1/1] (0.00ns)   --->   "%mux_case_0972925_load_1 = load i32 %mux_case_0972925"   --->   Operation 222 'load' 'mux_case_0972925_load_1' <Predicate = (!icmp_ln117)> <Delay = 0.00>
ST_3 : Operation 223 [1/1] (0.00ns)   --->   "%mux_case_1982938_load_1 = load i32 %mux_case_1982938"   --->   Operation 223 'load' 'mux_case_1982938_load_1' <Predicate = (!icmp_ln117)> <Delay = 0.00>
ST_3 : Operation 224 [1/1] (0.00ns)   --->   "%mux_case_2992951_load_1 = load i32 %mux_case_2992951"   --->   Operation 224 'load' 'mux_case_2992951_load_1' <Predicate = (!icmp_ln117)> <Delay = 0.00>
ST_3 : Operation 225 [1/1] (0.00ns)   --->   "%mux_case_31002964_load_1 = load i32 %mux_case_31002964"   --->   Operation 225 'load' 'mux_case_31002964_load_1' <Predicate = (!icmp_ln117)> <Delay = 0.00>
ST_3 : Operation 226 [1/1] (0.00ns)   --->   "%mux_case_01022977_load_1 = load i32 %mux_case_01022977"   --->   Operation 226 'load' 'mux_case_01022977_load_1' <Predicate = (!icmp_ln117)> <Delay = 0.00>
ST_3 : Operation 227 [1/1] (0.00ns)   --->   "%mux_case_11032990_load_1 = load i32 %mux_case_11032990"   --->   Operation 227 'load' 'mux_case_11032990_load_1' <Predicate = (!icmp_ln117)> <Delay = 0.00>
ST_3 : Operation 228 [1/1] (0.00ns)   --->   "%mux_case_21043003_load_1 = load i32 %mux_case_21043003"   --->   Operation 228 'load' 'mux_case_21043003_load_1' <Predicate = (!icmp_ln117)> <Delay = 0.00>
ST_3 : Operation 229 [1/1] (0.00ns)   --->   "%mux_case_31053016_load_1 = load i32 %mux_case_31053016"   --->   Operation 229 'load' 'mux_case_31053016_load_1' <Predicate = (!icmp_ln117)> <Delay = 0.00>
ST_3 : Operation 230 [1/1] (0.00ns)   --->   "%mux_case_01073029_load = load i32 %mux_case_01073029"   --->   Operation 230 'load' 'mux_case_01073029_load' <Predicate = (!icmp_ln117)> <Delay = 0.00>
ST_3 : Operation 231 [1/1] (0.00ns)   --->   "%mux_case_11083042_load = load i32 %mux_case_11083042"   --->   Operation 231 'load' 'mux_case_11083042_load' <Predicate = (!icmp_ln117)> <Delay = 0.00>
ST_3 : Operation 232 [1/1] (0.00ns)   --->   "%mux_case_21093055_load = load i32 %mux_case_21093055"   --->   Operation 232 'load' 'mux_case_21093055_load' <Predicate = (!icmp_ln117)> <Delay = 0.00>
ST_3 : Operation 233 [1/1] (0.00ns)   --->   "%mux_case_31103068_load = load i32 %mux_case_31103068"   --->   Operation 233 'load' 'mux_case_31103068_load' <Predicate = (!icmp_ln117)> <Delay = 0.00>
ST_3 : Operation 234 [1/1] (0.00ns)   --->   "%mux_case_01113081_load = load i32 %mux_case_01113081"   --->   Operation 234 'load' 'mux_case_01113081_load' <Predicate = (!icmp_ln117)> <Delay = 0.00>
ST_3 : Operation 235 [1/1] (0.00ns)   --->   "%mux_case_11123094_load = load i32 %mux_case_11123094"   --->   Operation 235 'load' 'mux_case_11123094_load' <Predicate = (!icmp_ln117)> <Delay = 0.00>
ST_3 : Operation 236 [1/1] (0.00ns)   --->   "%mux_case_21133107_load = load i32 %mux_case_21133107"   --->   Operation 236 'load' 'mux_case_21133107_load' <Predicate = (!icmp_ln117)> <Delay = 0.00>
ST_3 : Operation 237 [1/1] (0.00ns)   --->   "%mux_case_31143120_load = load i32 %mux_case_31143120"   --->   Operation 237 'load' 'mux_case_31143120_load' <Predicate = (!icmp_ln117)> <Delay = 0.00>
ST_3 : Operation 238 [1/1] (0.00ns)   --->   "%mux_case_11163142_load = load i32 %mux_case_11163142"   --->   Operation 238 'load' 'mux_case_11163142_load' <Predicate = (!icmp_ln117)> <Delay = 0.00>
ST_3 : Operation 239 [1/1] (0.00ns)   --->   "%mux_case_21173153_load = load i32 %mux_case_21173153"   --->   Operation 239 'load' 'mux_case_21173153_load' <Predicate = (!icmp_ln117)> <Delay = 0.00>
ST_3 : Operation 240 [1/1] (0.00ns)   --->   "%mux_case_31183164_load = load i32 %mux_case_31183164"   --->   Operation 240 'load' 'mux_case_31183164_load' <Predicate = (!icmp_ln117)> <Delay = 0.00>
ST_3 : Operation 241 [1/1] (0.00ns)   --->   "%mux_case_01203177_load = load i32 %mux_case_01203177"   --->   Operation 241 'load' 'mux_case_01203177_load' <Predicate = (!icmp_ln117)> <Delay = 0.00>
ST_3 : Operation 242 [1/1] (0.00ns)   --->   "%mux_case_11213190_load = load i32 %mux_case_11213190"   --->   Operation 242 'load' 'mux_case_11213190_load' <Predicate = (!icmp_ln117)> <Delay = 0.00>
ST_3 : Operation 243 [1/1] (0.00ns)   --->   "%mux_case_21223203_load = load i32 %mux_case_21223203"   --->   Operation 243 'load' 'mux_case_21223203_load' <Predicate = (!icmp_ln117)> <Delay = 0.00>
ST_3 : Operation 244 [1/1] (0.00ns)   --->   "%mux_case_31233216_load = load i32 %mux_case_31233216"   --->   Operation 244 'load' 'mux_case_31233216_load' <Predicate = (!icmp_ln117)> <Delay = 0.00>
ST_3 : Operation 245 [1/1] (0.00ns)   --->   "%mux_case_01253229_load = load i32 %mux_case_01253229"   --->   Operation 245 'load' 'mux_case_01253229_load' <Predicate = (!icmp_ln117)> <Delay = 0.00>
ST_3 : Operation 246 [1/1] (0.00ns)   --->   "%mux_case_11263242_load = load i32 %mux_case_11263242"   --->   Operation 246 'load' 'mux_case_11263242_load' <Predicate = (!icmp_ln117)> <Delay = 0.00>
ST_3 : Operation 247 [1/1] (0.00ns)   --->   "%mux_case_21273255_load = load i32 %mux_case_21273255"   --->   Operation 247 'load' 'mux_case_21273255_load' <Predicate = (!icmp_ln117)> <Delay = 0.00>
ST_3 : Operation 248 [1/1] (0.00ns)   --->   "%mux_case_31283268_load = load i32 %mux_case_31283268"   --->   Operation 248 'load' 'mux_case_31283268_load' <Predicate = (!icmp_ln117)> <Delay = 0.00>
ST_3 : Operation 249 [1/1] (0.00ns)   --->   "%mux_case_01303281_load = load i32 %mux_case_01303281"   --->   Operation 249 'load' 'mux_case_01303281_load' <Predicate = (!icmp_ln117)> <Delay = 0.00>
ST_3 : Operation 250 [1/1] (0.00ns)   --->   "%mux_case_11313294_load = load i32 %mux_case_11313294"   --->   Operation 250 'load' 'mux_case_11313294_load' <Predicate = (!icmp_ln117)> <Delay = 0.00>
ST_3 : Operation 251 [1/1] (0.00ns)   --->   "%mux_case_21323307_load = load i32 %mux_case_21323307"   --->   Operation 251 'load' 'mux_case_21323307_load' <Predicate = (!icmp_ln117)> <Delay = 0.00>
ST_3 : Operation 252 [1/1] (0.00ns)   --->   "%mux_case_31333320_load = load i32 %mux_case_31333320"   --->   Operation 252 'load' 'mux_case_31333320_load' <Predicate = (!icmp_ln117)> <Delay = 0.00>
ST_3 : Operation 253 [1/1] (0.00ns)   --->   "%mux_case_01353333_load = load i32 %mux_case_01353333"   --->   Operation 253 'load' 'mux_case_01353333_load' <Predicate = (!icmp_ln117)> <Delay = 0.00>
ST_3 : Operation 254 [1/1] (0.00ns)   --->   "%mux_case_11363346_load = load i32 %mux_case_11363346"   --->   Operation 254 'load' 'mux_case_11363346_load' <Predicate = (!icmp_ln117)> <Delay = 0.00>
ST_3 : Operation 255 [1/1] (0.00ns)   --->   "%mux_case_21373359_load = load i32 %mux_case_21373359"   --->   Operation 255 'load' 'mux_case_21373359_load' <Predicate = (!icmp_ln117)> <Delay = 0.00>
ST_3 : Operation 256 [1/1] (0.00ns)   --->   "%mux_case_31383372_load = load i32 %mux_case_31383372"   --->   Operation 256 'load' 'mux_case_31383372_load' <Predicate = (!icmp_ln117)> <Delay = 0.00>
ST_3 : Operation 257 [1/1] (0.00ns)   --->   "%mux_case_01403385_load = load i32 %mux_case_01403385"   --->   Operation 257 'load' 'mux_case_01403385_load' <Predicate = (!icmp_ln117)> <Delay = 0.00>
ST_3 : Operation 258 [1/1] (0.00ns)   --->   "%mux_case_11413398_load = load i32 %mux_case_11413398"   --->   Operation 258 'load' 'mux_case_11413398_load' <Predicate = (!icmp_ln117)> <Delay = 0.00>
ST_3 : Operation 259 [1/1] (0.00ns)   --->   "%mux_case_21423411_load = load i32 %mux_case_21423411"   --->   Operation 259 'load' 'mux_case_21423411_load' <Predicate = (!icmp_ln117)> <Delay = 0.00>
ST_3 : Operation 260 [1/1] (0.00ns)   --->   "%mux_case_31433424_load = load i32 %mux_case_31433424"   --->   Operation 260 'load' 'mux_case_31433424_load' <Predicate = (!icmp_ln117)> <Delay = 0.00>
ST_3 : Operation 261 [1/1] (0.00ns)   --->   "%mux_case_01703435_load = load i32 %mux_case_01703435"   --->   Operation 261 'load' 'mux_case_01703435_load' <Predicate = (!icmp_ln117)> <Delay = 0.00>
ST_3 : Operation 262 [1/1] (0.00ns)   --->   "%mux_case_11713446_load = load i32 %mux_case_11713446"   --->   Operation 262 'load' 'mux_case_11713446_load' <Predicate = (!icmp_ln117)> <Delay = 0.00>
ST_3 : Operation 263 [1/1] (0.00ns)   --->   "%mux_case_21723457_load = load i32 %mux_case_21723457"   --->   Operation 263 'load' 'mux_case_21723457_load' <Predicate = (!icmp_ln117)> <Delay = 0.00>
ST_3 : Operation 264 [1/1] (0.00ns)   --->   "%mux_case_31733468_load = load i32 %mux_case_31733468"   --->   Operation 264 'load' 'mux_case_31733468_load' <Predicate = (!icmp_ln117)> <Delay = 0.00>
ST_3 : Operation 265 [1/1] (0.00ns)   --->   "%mux_case_01993479_load = load i32 %mux_case_01993479"   --->   Operation 265 'load' 'mux_case_01993479_load' <Predicate = (!icmp_ln117)> <Delay = 0.00>
ST_3 : Operation 266 [1/1] (0.00ns)   --->   "%mux_case_12003490_load = load i32 %mux_case_12003490"   --->   Operation 266 'load' 'mux_case_12003490_load' <Predicate = (!icmp_ln117)> <Delay = 0.00>
ST_3 : Operation 267 [1/1] (0.00ns)   --->   "%mux_case_22013501_load = load i32 %mux_case_22013501"   --->   Operation 267 'load' 'mux_case_22013501_load' <Predicate = (!icmp_ln117)> <Delay = 0.00>
ST_3 : Operation 268 [1/1] (0.00ns)   --->   "%mux_case_32023512_load = load i32 %mux_case_32023512"   --->   Operation 268 'load' 'mux_case_32023512_load' <Predicate = (!icmp_ln117)> <Delay = 0.00>
ST_3 : Operation 269 [1/1] (0.42ns)   --->   "%store_ln117 = store i3 %empty, i3 %k" [top_cmplx.cpp:117]   --->   Operation 269 'store' 'store_ln117' <Predicate = (!icmp_ln117)> <Delay = 0.42>
ST_3 : Operation 270 [1/1] (0.00ns)   --->   "%mux_case_02827_load = load i32 %mux_case_02827"   --->   Operation 270 'load' 'mux_case_02827_load' <Predicate = (icmp_ln117)> <Delay = 0.00>
ST_3 : Operation 271 [1/1] (0.00ns)   --->   "%mux_case_12838_load = load i32 %mux_case_12838"   --->   Operation 271 'load' 'mux_case_12838_load' <Predicate = (icmp_ln117)> <Delay = 0.00>
ST_3 : Operation 272 [1/1] (0.00ns)   --->   "%mux_case_22849_load = load i32 %mux_case_22849"   --->   Operation 272 'load' 'mux_case_22849_load' <Predicate = (icmp_ln117)> <Delay = 0.00>
ST_3 : Operation 273 [1/1] (0.00ns)   --->   "%mux_case_32860_load = load i32 %mux_case_32860"   --->   Operation 273 'load' 'mux_case_32860_load' <Predicate = (icmp_ln117)> <Delay = 0.00>
ST_3 : Operation 274 [1/1] (0.00ns)   --->   "%mux_case_0922873_load = load i32 %mux_case_0922873"   --->   Operation 274 'load' 'mux_case_0922873_load' <Predicate = (icmp_ln117)> <Delay = 0.00>
ST_3 : Operation 275 [1/1] (0.00ns)   --->   "%mux_case_1932886_load = load i32 %mux_case_1932886"   --->   Operation 275 'load' 'mux_case_1932886_load' <Predicate = (icmp_ln117)> <Delay = 0.00>
ST_3 : Operation 276 [1/1] (0.00ns)   --->   "%mux_case_2942899_load = load i32 %mux_case_2942899"   --->   Operation 276 'load' 'mux_case_2942899_load' <Predicate = (icmp_ln117)> <Delay = 0.00>
ST_3 : Operation 277 [1/1] (0.00ns)   --->   "%mux_case_3952912_load = load i32 %mux_case_3952912"   --->   Operation 277 'load' 'mux_case_3952912_load' <Predicate = (icmp_ln117)> <Delay = 0.00>
ST_3 : Operation 278 [1/1] (0.00ns)   --->   "%mux_case_0972925_load = load i32 %mux_case_0972925"   --->   Operation 278 'load' 'mux_case_0972925_load' <Predicate = (icmp_ln117)> <Delay = 0.00>
ST_3 : Operation 279 [1/1] (0.00ns)   --->   "%mux_case_1982938_load = load i32 %mux_case_1982938"   --->   Operation 279 'load' 'mux_case_1982938_load' <Predicate = (icmp_ln117)> <Delay = 0.00>
ST_3 : Operation 280 [1/1] (0.00ns)   --->   "%mux_case_2992951_load = load i32 %mux_case_2992951"   --->   Operation 280 'load' 'mux_case_2992951_load' <Predicate = (icmp_ln117)> <Delay = 0.00>
ST_3 : Operation 281 [1/1] (0.00ns)   --->   "%mux_case_31002964_load = load i32 %mux_case_31002964"   --->   Operation 281 'load' 'mux_case_31002964_load' <Predicate = (icmp_ln117)> <Delay = 0.00>
ST_3 : Operation 282 [1/1] (0.00ns)   --->   "%mux_case_01022977_load = load i32 %mux_case_01022977"   --->   Operation 282 'load' 'mux_case_01022977_load' <Predicate = (icmp_ln117)> <Delay = 0.00>
ST_3 : Operation 283 [1/1] (0.00ns)   --->   "%mux_case_11032990_load = load i32 %mux_case_11032990"   --->   Operation 283 'load' 'mux_case_11032990_load' <Predicate = (icmp_ln117)> <Delay = 0.00>
ST_3 : Operation 284 [1/1] (0.00ns)   --->   "%mux_case_21043003_load = load i32 %mux_case_21043003"   --->   Operation 284 'load' 'mux_case_21043003_load' <Predicate = (icmp_ln117)> <Delay = 0.00>
ST_3 : Operation 285 [1/1] (0.00ns)   --->   "%mux_case_31053016_load = load i32 %mux_case_31053016"   --->   Operation 285 'load' 'mux_case_31053016_load' <Predicate = (icmp_ln117)> <Delay = 0.00>
ST_3 : Operation 286 [1/1] (0.00ns)   --->   "%mux_case_04303519_load = load i32 %mux_case_04303519"   --->   Operation 286 'load' 'mux_case_04303519_load' <Predicate = (icmp_ln117)> <Delay = 0.00>
ST_3 : Operation 287 [1/1] (0.00ns)   --->   "%mux_case_14313528_load = load i32 %mux_case_14313528"   --->   Operation 287 'load' 'mux_case_14313528_load' <Predicate = (icmp_ln117)> <Delay = 0.00>
ST_3 : Operation 288 [1/1] (0.00ns)   --->   "%mux_case_24323536_load = load i32 %mux_case_24323536"   --->   Operation 288 'load' 'mux_case_24323536_load' <Predicate = (icmp_ln117)> <Delay = 0.00>
ST_3 : Operation 289 [1/1] (0.00ns)   --->   "%mux_case_34333544_load = load i32 %mux_case_34333544"   --->   Operation 289 'load' 'mux_case_34333544_load' <Predicate = (icmp_ln117)> <Delay = 0.00>
ST_3 : Operation 290 [1/1] (0.00ns)   --->   "%mux_case_04353552_load = load i32 %mux_case_04353552"   --->   Operation 290 'load' 'mux_case_04353552_load' <Predicate = (icmp_ln117)> <Delay = 0.00>
ST_3 : Operation 291 [1/1] (0.00ns)   --->   "%mux_case_14363560_load = load i32 %mux_case_14363560"   --->   Operation 291 'load' 'mux_case_14363560_load' <Predicate = (icmp_ln117)> <Delay = 0.00>
ST_3 : Operation 292 [1/1] (0.00ns)   --->   "%mux_case_24373569_load = load i32 %mux_case_24373569"   --->   Operation 292 'load' 'mux_case_24373569_load' <Predicate = (icmp_ln117)> <Delay = 0.00>
ST_3 : Operation 293 [1/1] (0.00ns)   --->   "%mux_case_34383577_load = load i32 %mux_case_34383577"   --->   Operation 293 'load' 'mux_case_34383577_load' <Predicate = (icmp_ln117)> <Delay = 0.00>
ST_3 : Operation 294 [1/1] (0.00ns)   --->   "%mux_case_04403585_load = load i32 %mux_case_04403585"   --->   Operation 294 'load' 'mux_case_04403585_load' <Predicate = (icmp_ln117)> <Delay = 0.00>
ST_3 : Operation 295 [1/1] (0.00ns)   --->   "%mux_case_14413593_load = load i32 %mux_case_14413593"   --->   Operation 295 'load' 'mux_case_14413593_load' <Predicate = (icmp_ln117)> <Delay = 0.00>
ST_3 : Operation 296 [1/1] (0.00ns)   --->   "%mux_case_24423601_load = load i32 %mux_case_24423601"   --->   Operation 296 'load' 'mux_case_24423601_load' <Predicate = (icmp_ln117)> <Delay = 0.00>
ST_3 : Operation 297 [1/1] (0.00ns)   --->   "%mux_case_34433610_load = load i32 %mux_case_34433610"   --->   Operation 297 'load' 'mux_case_34433610_load' <Predicate = (icmp_ln117)> <Delay = 0.00>
ST_3 : Operation 298 [1/1] (0.00ns)   --->   "%mux_case_04453618_load = load i32 %mux_case_04453618"   --->   Operation 298 'load' 'mux_case_04453618_load' <Predicate = (icmp_ln117)> <Delay = 0.00>
ST_3 : Operation 299 [1/1] (0.00ns)   --->   "%mux_case_14463626_load = load i32 %mux_case_14463626"   --->   Operation 299 'load' 'mux_case_14463626_load' <Predicate = (icmp_ln117)> <Delay = 0.00>
ST_3 : Operation 300 [1/1] (0.00ns)   --->   "%mux_case_24473634_load = load i32 %mux_case_24473634"   --->   Operation 300 'load' 'mux_case_24473634_load' <Predicate = (icmp_ln117)> <Delay = 0.00>
ST_3 : Operation 301 [1/1] (0.00ns)   --->   "%mux_case_34483642_load = load i32 %mux_case_34483642"   --->   Operation 301 'load' 'mux_case_34483642_load' <Predicate = (icmp_ln117)> <Delay = 0.00>
ST_3 : Operation 302 [1/1] (0.00ns)   --->   "%mux_case_04503651_load = load i32 %mux_case_04503651"   --->   Operation 302 'load' 'mux_case_04503651_load' <Predicate = (icmp_ln117)> <Delay = 0.00>
ST_3 : Operation 303 [1/1] (0.00ns)   --->   "%mux_case_14513660_load = load i32 %mux_case_14513660"   --->   Operation 303 'load' 'mux_case_14513660_load' <Predicate = (icmp_ln117)> <Delay = 0.00>
ST_3 : Operation 304 [1/1] (0.00ns)   --->   "%mux_case_24523668_load = load i32 %mux_case_24523668"   --->   Operation 304 'load' 'mux_case_24523668_load' <Predicate = (icmp_ln117)> <Delay = 0.00>
ST_3 : Operation 305 [1/1] (0.00ns)   --->   "%mux_case_34533676_load = load i32 %mux_case_34533676"   --->   Operation 305 'load' 'mux_case_34533676_load' <Predicate = (icmp_ln117)> <Delay = 0.00>
ST_3 : Operation 306 [1/1] (0.00ns)   --->   "%mux_case_04553684_load = load i32 %mux_case_04553684"   --->   Operation 306 'load' 'mux_case_04553684_load' <Predicate = (icmp_ln117)> <Delay = 0.00>
ST_3 : Operation 307 [1/1] (0.00ns)   --->   "%mux_case_14563692_load = load i32 %mux_case_14563692"   --->   Operation 307 'load' 'mux_case_14563692_load' <Predicate = (icmp_ln117)> <Delay = 0.00>
ST_3 : Operation 308 [1/1] (0.00ns)   --->   "%mux_case_24573701_load = load i32 %mux_case_24573701"   --->   Operation 308 'load' 'mux_case_24573701_load' <Predicate = (icmp_ln117)> <Delay = 0.00>
ST_3 : Operation 309 [1/1] (0.00ns)   --->   "%mux_case_34583709_load = load i32 %mux_case_34583709"   --->   Operation 309 'load' 'mux_case_34583709_load' <Predicate = (icmp_ln117)> <Delay = 0.00>
ST_3 : Operation 310 [1/1] (0.00ns)   --->   "%mux_case_04603717_load = load i32 %mux_case_04603717"   --->   Operation 310 'load' 'mux_case_04603717_load' <Predicate = (icmp_ln117)> <Delay = 0.00>
ST_3 : Operation 311 [1/1] (0.00ns)   --->   "%mux_case_14613726_load = load i32 %mux_case_14613726"   --->   Operation 311 'load' 'mux_case_14613726_load' <Predicate = (icmp_ln117)> <Delay = 0.00>
ST_3 : Operation 312 [1/1] (0.00ns)   --->   "%mux_case_24623734_load = load i32 %mux_case_24623734"   --->   Operation 312 'load' 'mux_case_24623734_load' <Predicate = (icmp_ln117)> <Delay = 0.00>
ST_3 : Operation 313 [1/1] (0.00ns)   --->   "%mux_case_34633742_load = load i32 %mux_case_34633742"   --->   Operation 313 'load' 'mux_case_34633742_load' <Predicate = (icmp_ln117)> <Delay = 0.00>
ST_3 : Operation 314 [1/1] (0.00ns)   --->   "%mux_case_04653750_load = load i32 %mux_case_04653750"   --->   Operation 314 'load' 'mux_case_04653750_load' <Predicate = (icmp_ln117)> <Delay = 0.00>
ST_3 : Operation 315 [1/1] (0.00ns)   --->   "%mux_case_14663758_load = load i32 %mux_case_14663758"   --->   Operation 315 'load' 'mux_case_14663758_load' <Predicate = (icmp_ln117)> <Delay = 0.00>
ST_3 : Operation 316 [1/1] (0.00ns)   --->   "%mux_case_24673767_load = load i32 %mux_case_24673767"   --->   Operation 316 'load' 'mux_case_24673767_load' <Predicate = (icmp_ln117)> <Delay = 0.00>
ST_3 : Operation 317 [1/1] (0.00ns)   --->   "%mux_case_34683775_load = load i32 %mux_case_34683775"   --->   Operation 317 'load' 'mux_case_34683775_load' <Predicate = (icmp_ln117)> <Delay = 0.00>
ST_3 : Operation 318 [1/1] (0.00ns)   --->   "%mux_case_04703783_load = load i32 %mux_case_04703783"   --->   Operation 318 'load' 'mux_case_04703783_load' <Predicate = (icmp_ln117)> <Delay = 0.00>
ST_3 : Operation 319 [1/1] (0.00ns)   --->   "%mux_case_14713791_load = load i32 %mux_case_14713791"   --->   Operation 319 'load' 'mux_case_14713791_load' <Predicate = (icmp_ln117)> <Delay = 0.00>
ST_3 : Operation 320 [1/1] (0.00ns)   --->   "%mux_case_24723799_load = load i32 %mux_case_24723799"   --->   Operation 320 'load' 'mux_case_24723799_load' <Predicate = (icmp_ln117)> <Delay = 0.00>
ST_3 : Operation 321 [1/1] (0.00ns)   --->   "%mux_case_34733808_load = load i32 %mux_case_34733808"   --->   Operation 321 'load' 'mux_case_34733808_load' <Predicate = (icmp_ln117)> <Delay = 0.00>
ST_3 : Operation 322 [1/1] (0.00ns)   --->   "%mux_case_04753816_load = load i32 %mux_case_04753816"   --->   Operation 322 'load' 'mux_case_04753816_load' <Predicate = (icmp_ln117)> <Delay = 0.00>
ST_3 : Operation 323 [1/1] (0.00ns)   --->   "%mux_case_14763824_load = load i32 %mux_case_14763824"   --->   Operation 323 'load' 'mux_case_14763824_load' <Predicate = (icmp_ln117)> <Delay = 0.00>
ST_3 : Operation 324 [1/1] (0.00ns)   --->   "%mux_case_24773832_load = load i32 %mux_case_24773832"   --->   Operation 324 'load' 'mux_case_24773832_load' <Predicate = (icmp_ln117)> <Delay = 0.00>
ST_3 : Operation 325 [1/1] (0.00ns)   --->   "%mux_case_34783840_load = load i32 %mux_case_34783840"   --->   Operation 325 'load' 'mux_case_34783840_load' <Predicate = (icmp_ln117)> <Delay = 0.00>
ST_3 : Operation 326 [1/1] (0.00ns)   --->   "%mux_case_04803849_load = load i32 %mux_case_04803849"   --->   Operation 326 'load' 'mux_case_04803849_load' <Predicate = (icmp_ln117)> <Delay = 0.00>
ST_3 : Operation 327 [1/1] (0.00ns)   --->   "%mux_case_14813858_load = load i32 %mux_case_14813858"   --->   Operation 327 'load' 'mux_case_14813858_load' <Predicate = (icmp_ln117)> <Delay = 0.00>
ST_3 : Operation 328 [1/1] (0.00ns)   --->   "%mux_case_24823866_load = load i32 %mux_case_24823866"   --->   Operation 328 'load' 'mux_case_24823866_load' <Predicate = (icmp_ln117)> <Delay = 0.00>
ST_3 : Operation 329 [1/1] (0.00ns)   --->   "%mux_case_34833874_load = load i32 %mux_case_34833874"   --->   Operation 329 'load' 'mux_case_34833874_load' <Predicate = (icmp_ln117)> <Delay = 0.00>
ST_3 : Operation 330 [1/1] (0.00ns)   --->   "%mux_case_04853882_load = load i32 %mux_case_04853882"   --->   Operation 330 'load' 'mux_case_04853882_load' <Predicate = (icmp_ln117)> <Delay = 0.00>
ST_3 : Operation 331 [1/1] (0.00ns)   --->   "%mux_case_14863890_load = load i32 %mux_case_14863890"   --->   Operation 331 'load' 'mux_case_14863890_load' <Predicate = (icmp_ln117)> <Delay = 0.00>
ST_3 : Operation 332 [1/1] (0.00ns)   --->   "%mux_case_24873899_load = load i32 %mux_case_24873899"   --->   Operation 332 'load' 'mux_case_24873899_load' <Predicate = (icmp_ln117)> <Delay = 0.00>
ST_3 : Operation 333 [1/1] (0.00ns)   --->   "%mux_case_34883907_load = load i32 %mux_case_34883907"   --->   Operation 333 'load' 'mux_case_34883907_load' <Predicate = (icmp_ln117)> <Delay = 0.00>
ST_3 : Operation 334 [1/1] (0.00ns)   --->   "%mux_case_05153915_load = load i32 %mux_case_05153915"   --->   Operation 334 'load' 'mux_case_05153915_load' <Predicate = (icmp_ln117)> <Delay = 0.00>
ST_3 : Operation 335 [1/1] (0.00ns)   --->   "%mux_case_15163923_load = load i32 %mux_case_15163923"   --->   Operation 335 'load' 'mux_case_15163923_load' <Predicate = (icmp_ln117)> <Delay = 0.00>
ST_3 : Operation 336 [1/1] (0.00ns)   --->   "%mux_case_25173931_load = load i32 %mux_case_25173931"   --->   Operation 336 'load' 'mux_case_25173931_load' <Predicate = (icmp_ln117)> <Delay = 0.00>
ST_3 : Operation 337 [1/1] (0.00ns)   --->   "%mux_case_35183940_load = load i32 %mux_case_35183940"   --->   Operation 337 'load' 'mux_case_35183940_load' <Predicate = (icmp_ln117)> <Delay = 0.00>
ST_3 : Operation 338 [1/1] (0.00ns)   --->   "%mux_case_05453948_load = load i32 %mux_case_05453948"   --->   Operation 338 'load' 'mux_case_05453948_load' <Predicate = (icmp_ln117)> <Delay = 0.00>
ST_3 : Operation 339 [1/1] (0.00ns)   --->   "%mux_case_15463956_load = load i32 %mux_case_15463956"   --->   Operation 339 'load' 'mux_case_15463956_load' <Predicate = (icmp_ln117)> <Delay = 0.00>
ST_3 : Operation 340 [1/1] (0.00ns)   --->   "%mux_case_25473964_load = load i32 %mux_case_25473964"   --->   Operation 340 'load' 'mux_case_25473964_load' <Predicate = (icmp_ln117)> <Delay = 0.00>
ST_3 : Operation 341 [1/1] (0.00ns)   --->   "%mux_case_35483973_load = load i32 %mux_case_35483973"   --->   Operation 341 'load' 'mux_case_35483973_load' <Predicate = (icmp_ln117)> <Delay = 0.00>
ST_3 : Operation 342 [2/2] (1.87ns)   --->   "%call_ln0 = call void @top_Pipeline_VITIS_LOOP_181_6_VITIS_LOOP_183_7, i32 %Q_out_real, i32 %Q_out_real_1, i32 %Q_out_real_2, i32 %Q_out_real_3, i32 %Q_out_imag, i32 %Q_out_imag_1, i32 %Q_out_imag_2, i32 %Q_out_imag_3, i32 %mux_case_04303519_load, i32 %mux_case_14313528_load, i32 %mux_case_24323536_load, i32 %mux_case_34333544_load, i32 %mux_case_04353552_load, i32 %mux_case_14363560_load, i32 %mux_case_24373569_load, i32 %mux_case_34383577_load, i32 %mux_case_04403585_load, i32 %mux_case_14413593_load, i32 %mux_case_24423601_load, i32 %mux_case_34433610_load, i32 %mux_case_04453618_load, i32 %mux_case_14463626_load, i32 %mux_case_24473634_load, i32 %mux_case_34483642_load, i32 %mux_case_04503651_load, i32 %mux_case_14513660_load, i32 %mux_case_24523668_load, i32 %mux_case_34533676_load, i32 %mux_case_04553684_load, i32 %mux_case_14563692_load, i32 %mux_case_24573701_load, i32 %mux_case_34583709_load, i32 %mux_case_05153915_load, i32 %mux_case_15163923_load, i32 %mux_case_25173931_load, i32 %mux_case_35183940_load, i32 %mux_case_04603717_load, i32 %mux_case_14613726_load, i32 %mux_case_24623734_load, i32 %mux_case_34633742_load, i32 %mux_case_04653750_load, i32 %mux_case_14663758_load, i32 %mux_case_24673767_load, i32 %mux_case_34683775_load, i32 %mux_case_04703783_load, i32 %mux_case_14713791_load, i32 %mux_case_24723799_load, i32 %mux_case_34733808_load, i32 %mux_case_04753816_load, i32 %mux_case_14763824_load, i32 %mux_case_24773832_load, i32 %mux_case_34783840_load, i32 %mux_case_04803849_load, i32 %mux_case_14813858_load, i32 %mux_case_24823866_load, i32 %mux_case_34833874_load, i32 %mux_case_04853882_load, i32 %mux_case_14863890_load, i32 %mux_case_24873899_load, i32 %mux_case_34883907_load, i32 %mux_case_05453948_load, i32 %mux_case_15463956_load, i32 %mux_case_25473964_load, i32 %mux_case_35483973_load"   --->   Operation 342 'call' 'call_ln0' <Predicate = (icmp_ln117)> <Delay = 1.87> <CoreType = "Generic">   --->   Core 0 '' <Latency = 0> <II = 1> <Delay = 1.00> <Generic> <Opcode : >
ST_3 : Operation 343 [2/2] (1.72ns)   --->   "%call_ln0 = call void @top_Pipeline_VITIS_LOOP_190_8_VITIS_LOOP_192_9, i32 %R_out_real, i32 %R_out_real_1, i32 %R_out_real_2, i32 %R_out_real_3, i32 %R_out_imag, i32 %R_out_imag_1, i32 %R_out_imag_2, i32 %R_out_imag_3, i32 %mux_case_02827_load, i32 %mux_case_12838_load, i32 %mux_case_22849_load, i32 %mux_case_32860_load, i32 %mux_case_0922873_load, i32 %mux_case_1932886_load, i32 %mux_case_2942899_load, i32 %mux_case_3952912_load, i32 %mux_case_0972925_load, i32 %mux_case_1982938_load, i32 %mux_case_2992951_load, i32 %mux_case_31002964_load, i32 %mux_case_01022977_load, i32 %mux_case_11032990_load, i32 %mux_case_21043003_load, i32 %mux_case_31053016_load"   --->   Operation 343 'call' 'call_ln0' <Predicate = (icmp_ln117)> <Delay = 1.72> <CoreType = "Generic">   --->   Core 0 '' <Latency = 0> <II = 1> <Delay = 1.00> <Generic> <Opcode : >

State 4 <SV = 3> <Delay = 1.64>
ST_4 : Operation 344 [1/1] (0.00ns)   --->   "%tmp = bitselect i1 @_ssdm_op_BitSelect.i1.i3.i32, i3 %empty, i32 2" [top_cmplx.cpp:117]   --->   Operation 344 'bitselect' 'tmp' <Predicate = true> <Delay = 0.00>
ST_4 : Operation 345 [1/1] (0.67ns)   --->   "%empty_39 = add i3 %k_1, i3 2" [top_cmplx.cpp:117]   --->   Operation 345 'add' 'empty_39' <Predicate = true> <Delay = 0.67> <CoreInst = "Adder">   --->   Core 1 'Adder' <Latency = 0> <II = 1> <Delay = 0.67> <FuncUnit> <Opcode : 'add' 'sub'> <InPorts = 2> <OutPorts = 1>
ST_4 : Operation 346 [1/1] (0.00ns)   --->   "%tmp_19 = bitselect i1 @_ssdm_op_BitSelect.i1.i3.i32, i3 %empty_39, i32 2" [top_cmplx.cpp:117]   --->   Operation 346 'bitselect' 'tmp_19' <Predicate = true> <Delay = 0.00>
ST_4 : Operation 347 [1/1] (0.67ns)   --->   "%empty_40 = add i3 %k_1, i3 3" [top_cmplx.cpp:117]   --->   Operation 347 'add' 'empty_40' <Predicate = true> <Delay = 0.67> <CoreInst = "Adder">   --->   Core 1 'Adder' <Latency = 0> <II = 1> <Delay = 0.67> <FuncUnit> <Opcode : 'add' 'sub'> <InPorts = 2> <OutPorts = 1>
ST_4 : Operation 348 [1/1] (0.00ns)   --->   "%tmp_20 = bitselect i1 @_ssdm_op_BitSelect.i1.i3.i32, i3 %empty_40, i32 2" [top_cmplx.cpp:117]   --->   Operation 348 'bitselect' 'tmp_20' <Predicate = true> <Delay = 0.00>
ST_4 : Operation 349 [1/1] (0.00ns)   --->   "%empty_41 = trunc i3 %empty" [top_cmplx.cpp:117]   --->   Operation 349 'trunc' 'empty_41' <Predicate = true> <Delay = 0.00>
ST_4 : Operation 350 [1/1] (0.00ns)   --->   "%empty_42 = trunc i3 %empty_39" [top_cmplx.cpp:117]   --->   Operation 350 'trunc' 'empty_42' <Predicate = true> <Delay = 0.00>
ST_4 : Operation 351 [1/1] (0.54ns)   --->   "%icmp_ln41 = icmp_eq  i2 %empty_42, i2 2" [top_cmplx.cpp:41->top_cmplx.cpp:146]   --->   Operation 351 'icmp' 'icmp_ln41' <Predicate = true> <Delay = 0.54> <CoreInst = "Cmp">   --->   Core 9 'Cmp' <Latency = 0> <II = 1> <Delay = 0.54> <FuncUnit> <Opcode : 'icmp'> <InPorts = 2> <OutPorts = 1>
ST_4 : Operation 352 [2/2] (0.42ns)   --->   "%call_ln117 = call void @top_Pipeline_VITIS_LOOP_119_2, i32 %mux_case_32023512_load, i32 %mux_case_22013501_load, i32 %mux_case_12003490_load, i32 %mux_case_01993479_load, i32 %mux_case_31733468_load, i32 %mux_case_21723457_load, i32 %mux_case_11713446_load, i32 %mux_case_01703435_load, i32 %mux_case_31433424_load, i32 %mux_case_21423411_load, i32 %mux_case_11413398_load, i32 %mux_case_01403385_load, i32 %mux_case_31383372_load, i32 %mux_case_21373359_load, i32 %mux_case_11363346_load, i32 %mux_case_01353333_load, i32 %mux_case_31333320_load, i32 %mux_case_21323307_load, i32 %mux_case_11313294_load, i32 %mux_case_01303281_load, i32 %mux_case_31283268_load, i32 %mux_case_21273255_load, i32 %mux_case_11263242_load, i32 %mux_case_01253229_load, i32 %mux_case_31233216_load, i32 %mux_case_21223203_load, i32 %mux_case_11213190_load, i32 %mux_case_01203177_load, i32 %mux_case_31183164_load, i32 %mux_case_21173153_load, i32 %mux_case_11163142_load, i32 %mux_case_31143120_load, i32 %mux_case_21133107_load, i32 %mux_case_11123094_load, i32 %mux_case_01113081_load, i32 %mux_case_31103068_load, i32 %mux_case_21093055_load, i32 %mux_case_11083042_load, i32 %mux_case_01073029_load, i32 %mux_case_31053016_load_1, i32 %mux_case_21043003_load_1, i32 %mux_case_11032990_load_1, i32 %mux_case_01022977_load_1, i32 %mux_case_31002964_load_1, i32 %mux_case_2992951_load_1, i32 %mux_case_1982938_load_1, i32 %mux_case_0972925_load_1, i32 %mux_case_3952912_load_1, i32 %mux_case_2942899_load_1, i32 %mux_case_1932886_load_1, i32 %mux_case_0922873_load_1, i32 %mux_case_32860_load_1, i32 %mux_case_22849_load_1, i32 %mux_case_12838_load_1, i2 %trunc_ln117, i2 %trunc_ln117, i1 %tmp_20, i1 %icmp_ln41, i2 %empty_42, i1 %tmp_19, i2 %empty_41, i1 %tmp, i32 %mux_case_35483973, i32 %mux_case_25473964, i32 %mux_case_15463956, i32 %mux_case_05453948, i32 %mux_case_35183940, i32 %mux_case_25173931, i32 %mux_case_15163923, i32 %mux_case_05153915, i32 %mux_case_34883907, i32 %mux_case_24873899, i32 %mux_case_14863890, i32 %mux_case_04853882, i32 %mux_case_34833874, i32 %mux_case_24823866, i32 %mux_case_14813858, i32 %mux_case_04803849, i32 %mux_case_34783840, i32 %mux_case_24773832, i32 %mux_case_14763824, i32 %mux_case_04753816, i32 %mux_case_34733808, i32 %mux_case_24723799, i32 %mux_case_14713791, i32 %mux_case_04703783, i32 %mux_case_34683775, i32 %mux_case_24673767, i32 %mux_case_14663758, i32 %mux_case_04653750, i32 %mux_case_34633742, i32 %mux_case_24623734, i32 %mux_case_14613726, i32 %mux_case_04603717, i32 %mux_case_34583709, i32 %mux_case_24573701, i32 %mux_case_14563692, i32 %mux_case_04553684, i32 %mux_case_34533676, i32 %mux_case_24523668, i32 %mux_case_14513660, i32 %mux_case_04503651, i32 %mux_case_34483642, i32 %mux_case_24473634, i32 %mux_case_14463626, i32 %mux_case_04453618, i32 %mux_case_34433610, i32 %mux_case_24423601, i32 %mux_case_14413593, i32 %mux_case_04403585, i32 %mux_case_34383577, i32 %mux_case_24373569, i32 %mux_case_14363560, i32 %mux_case_04353552, i32 %mux_case_34333544, i32 %mux_case_24323536, i32 %mux_case_14313528, i32 %mux_case_04303519, i32 %mux_case_32023512, i32 %mux_case_22013501, i32 %mux_case_12003490, i32 %mux_case_01993479, i32 %mux_case_31733468, i32 %mux_case_21723457, i32 %mux_case_11713446, i32 %mux_case_01703435, i32 %mux_case_31433424, i32 %mux_case_21423411, i32 %mux_case_11413398, i32 %mux_case_01403385, i32 %mux_case_31383372, i32 %mux_case_21373359, i32 %mux_case_11363346, i32 %mux_case_01353333, i32 %mux_case_31333320, i32 %mux_case_21323307, i32 %mux_case_11313294, i32 %mux_case_01303281, i32 %mux_case_31283268, i32 %mux_case_21273255, i32 %mux_case_11263242, i32 %mux_case_01253229, i32 %mux_case_31233216, i32 %mux_case_21223203, i32 %mux_case_11213190, i32 %mux_case_01203177, i32 %mux_case_31183164, i32 %mux_case_21173153, i32 %mux_case_11163142, i32 %mux_case_01153131, i32 %mux_case_31143120, i32 %mux_case_21133107, i32 %mux_case_11123094, i32 %mux_case_01113081, i32 %mux_case_31103068, i32 %mux_case_21093055, i32 %mux_case_11083042, i32 %mux_case_01073029, i32 %mux_case_31053016, i32 %mux_case_21043003, i32 %mux_case_11032990, i32 %mux_case_01022977, i32 %mux_case_31002964, i32 %mux_case_2992951, i32 %mux_case_1982938, i32 %mux_case_0972925, i32 %mux_case_3952912, i32 %mux_case_2942899, i32 %mux_case_1932886, i32 %mux_case_0922873, i32 %mux_case_32860, i32 %mux_case_22849, i32 %mux_case_12838, i32 %mux_case_02827" [top_cmplx.cpp:117]   --->   Operation 352 'call' 'call_ln117' <Predicate = true> <Delay = 0.42> <CoreType = "Generic">   --->   Core 0 '' <Latency = 0> <II = 1> <Delay = 1.00> <Generic> <Opcode : >

State 5 <SV = 4> <Delay = 0.00>
ST_5 : Operation 353 [1/1] (0.00ns)   --->   "%speclooptripcount_ln117 = speclooptripcount void @_ssdm_op_SpecLoopTripCount, i64 4, i64 4, i64 4" [top_cmplx.cpp:117]   --->   Operation 353 'speclooptripcount' 'speclooptripcount_ln117' <Predicate = true> <Delay = 0.00>
ST_5 : Operation 354 [1/1] (0.00ns)   --->   "%specloopname_ln117 = specloopname void @_ssdm_op_SpecLoopName, void @empty_14" [top_cmplx.cpp:117]   --->   Operation 354 'specloopname' 'specloopname_ln117' <Predicate = true> <Delay = 0.00>
ST_5 : Operation 355 [1/2] (0.00ns)   --->   "%call_ln117 = call void @top_Pipeline_VITIS_LOOP_119_2, i32 %mux_case_32023512_load, i32 %mux_case_22013501_load, i32 %mux_case_12003490_load, i32 %mux_case_01993479_load, i32 %mux_case_31733468_load, i32 %mux_case_21723457_load, i32 %mux_case_11713446_load, i32 %mux_case_01703435_load, i32 %mux_case_31433424_load, i32 %mux_case_21423411_load, i32 %mux_case_11413398_load, i32 %mux_case_01403385_load, i32 %mux_case_31383372_load, i32 %mux_case_21373359_load, i32 %mux_case_11363346_load, i32 %mux_case_01353333_load, i32 %mux_case_31333320_load, i32 %mux_case_21323307_load, i32 %mux_case_11313294_load, i32 %mux_case_01303281_load, i32 %mux_case_31283268_load, i32 %mux_case_21273255_load, i32 %mux_case_11263242_load, i32 %mux_case_01253229_load, i32 %mux_case_31233216_load, i32 %mux_case_21223203_load, i32 %mux_case_11213190_load, i32 %mux_case_01203177_load, i32 %mux_case_31183164_load, i32 %mux_case_21173153_load, i32 %mux_case_11163142_load, i32 %mux_case_31143120_load, i32 %mux_case_21133107_load, i32 %mux_case_11123094_load, i32 %mux_case_01113081_load, i32 %mux_case_31103068_load, i32 %mux_case_21093055_load, i32 %mux_case_11083042_load, i32 %mux_case_01073029_load, i32 %mux_case_31053016_load_1, i32 %mux_case_21043003_load_1, i32 %mux_case_11032990_load_1, i32 %mux_case_01022977_load_1, i32 %mux_case_31002964_load_1, i32 %mux_case_2992951_load_1, i32 %mux_case_1982938_load_1, i32 %mux_case_0972925_load_1, i32 %mux_case_3952912_load_1, i32 %mux_case_2942899_load_1, i32 %mux_case_1932886_load_1, i32 %mux_case_0922873_load_1, i32 %mux_case_32860_load_1, i32 %mux_case_22849_load_1, i32 %mux_case_12838_load_1, i2 %trunc_ln117, i2 %trunc_ln117, i1 %tmp_20, i1 %icmp_ln41, i2 %empty_42, i1 %tmp_19, i2 %empty_41, i1 %tmp, i32 %mux_case_35483973, i32 %mux_case_25473964, i32 %mux_case_15463956, i32 %mux_case_05453948, i32 %mux_case_35183940, i32 %mux_case_25173931, i32 %mux_case_15163923, i32 %mux_case_05153915, i32 %mux_case_34883907, i32 %mux_case_24873899, i32 %mux_case_14863890, i32 %mux_case_04853882, i32 %mux_case_34833874, i32 %mux_case_24823866, i32 %mux_case_14813858, i32 %mux_case_04803849, i32 %mux_case_34783840, i32 %mux_case_24773832, i32 %mux_case_14763824, i32 %mux_case_04753816, i32 %mux_case_34733808, i32 %mux_case_24723799, i32 %mux_case_14713791, i32 %mux_case_04703783, i32 %mux_case_34683775, i32 %mux_case_24673767, i32 %mux_case_14663758, i32 %mux_case_04653750, i32 %mux_case_34633742, i32 %mux_case_24623734, i32 %mux_case_14613726, i32 %mux_case_04603717, i32 %mux_case_34583709, i32 %mux_case_24573701, i32 %mux_case_14563692, i32 %mux_case_04553684, i32 %mux_case_34533676, i32 %mux_case_24523668, i32 %mux_case_14513660, i32 %mux_case_04503651, i32 %mux_case_34483642, i32 %mux_case_24473634, i32 %mux_case_14463626, i32 %mux_case_04453618, i32 %mux_case_34433610, i32 %mux_case_24423601, i32 %mux_case_14413593, i32 %mux_case_04403585, i32 %mux_case_34383577, i32 %mux_case_24373569, i32 %mux_case_14363560, i32 %mux_case_04353552, i32 %mux_case_34333544, i32 %mux_case_24323536, i32 %mux_case_14313528, i32 %mux_case_04303519, i32 %mux_case_32023512, i32 %mux_case_22013501, i32 %mux_case_12003490, i32 %mux_case_01993479, i32 %mux_case_31733468, i32 %mux_case_21723457, i32 %mux_case_11713446, i32 %mux_case_01703435, i32 %mux_case_31433424, i32 %mux_case_21423411, i32 %mux_case_11413398, i32 %mux_case_01403385, i32 %mux_case_31383372, i32 %mux_case_21373359, i32 %mux_case_11363346, i32 %mux_case_01353333, i32 %mux_case_31333320, i32 %mux_case_21323307, i32 %mux_case_11313294, i32 %mux_case_01303281, i32 %mux_case_31283268, i32 %mux_case_21273255, i32 %mux_case_11263242, i32 %mux_case_01253229, i32 %mux_case_31233216, i32 %mux_case_21223203, i32 %mux_case_11213190, i32 %mux_case_01203177, i32 %mux_case_31183164, i32 %mux_case_21173153, i32 %mux_case_11163142, i32 %mux_case_01153131, i32 %mux_case_31143120, i32 %mux_case_21133107, i32 %mux_case_11123094, i32 %mux_case_01113081, i32 %mux_case_31103068, i32 %mux_case_21093055, i32 %mux_case_11083042, i32 %mux_case_01073029, i32 %mux_case_31053016, i32 %mux_case_21043003, i32 %mux_case_11032990, i32 %mux_case_01022977, i32 %mux_case_31002964, i32 %mux_case_2992951, i32 %mux_case_1982938, i32 %mux_case_0972925, i32 %mux_case_3952912, i32 %mux_case_2942899, i32 %mux_case_1932886, i32 %mux_case_0922873, i32 %mux_case_32860, i32 %mux_case_22849, i32 %mux_case_12838, i32 %mux_case_02827" [top_cmplx.cpp:117]   --->   Operation 355 'call' 'call_ln117' <Predicate = true> <Delay = 0.00> <CoreType = "Generic">   --->   Core 0 '' <Latency = 0> <II = 1> <Delay = 1.00> <Generic> <Opcode : >
ST_5 : Operation 356 [1/1] (0.00ns)   --->   "%br_ln117 = br void %VITIS_LOOP_119_2" [top_cmplx.cpp:117]   --->   Operation 356 'br' 'br_ln117' <Predicate = true> <Delay = 0.00>

State 6 <SV = 3> <Delay = 0.00>
ST_6 : Operation 357 [1/2] (0.00ns)   --->   "%call_ln0 = call void @top_Pipeline_VITIS_LOOP_181_6_VITIS_LOOP_183_7, i32 %Q_out_real, i32 %Q_out_real_1, i32 %Q_out_real_2, i32 %Q_out_real_3, i32 %Q_out_imag, i32 %Q_out_imag_1, i32 %Q_out_imag_2, i32 %Q_out_imag_3, i32 %mux_case_04303519_load, i32 %mux_case_14313528_load, i32 %mux_case_24323536_load, i32 %mux_case_34333544_load, i32 %mux_case_04353552_load, i32 %mux_case_14363560_load, i32 %mux_case_24373569_load, i32 %mux_case_34383577_load, i32 %mux_case_04403585_load, i32 %mux_case_14413593_load, i32 %mux_case_24423601_load, i32 %mux_case_34433610_load, i32 %mux_case_04453618_load, i32 %mux_case_14463626_load, i32 %mux_case_24473634_load, i32 %mux_case_34483642_load, i32 %mux_case_04503651_load, i32 %mux_case_14513660_load, i32 %mux_case_24523668_load, i32 %mux_case_34533676_load, i32 %mux_case_04553684_load, i32 %mux_case_14563692_load, i32 %mux_case_24573701_load, i32 %mux_case_34583709_load, i32 %mux_case_05153915_load, i32 %mux_case_15163923_load, i32 %mux_case_25173931_load, i32 %mux_case_35183940_load, i32 %mux_case_04603717_load, i32 %mux_case_14613726_load, i32 %mux_case_24623734_load, i32 %mux_case_34633742_load, i32 %mux_case_04653750_load, i32 %mux_case_14663758_load, i32 %mux_case_24673767_load, i32 %mux_case_34683775_load, i32 %mux_case_04703783_load, i32 %mux_case_14713791_load, i32 %mux_case_24723799_load, i32 %mux_case_34733808_load, i32 %mux_case_04753816_load, i32 %mux_case_14763824_load, i32 %mux_case_24773832_load, i32 %mux_case_34783840_load, i32 %mux_case_04803849_load, i32 %mux_case_14813858_load, i32 %mux_case_24823866_load, i32 %mux_case_34833874_load, i32 %mux_case_04853882_load, i32 %mux_case_14863890_load, i32 %mux_case_24873899_load, i32 %mux_case_34883907_load, i32 %mux_case_05453948_load, i32 %mux_case_15463956_load, i32 %mux_case_25473964_load, i32 %mux_case_35483973_load"   --->   Operation 357 'call' 'call_ln0' <Predicate = true> <Delay = 0.00> <CoreType = "Generic">   --->   Core 0 '' <Latency = 0> <II = 1> <Delay = 1.00> <Generic> <Opcode : >
ST_6 : Operation 358 [1/2] (0.00ns)   --->   "%call_ln0 = call void @top_Pipeline_VITIS_LOOP_190_8_VITIS_LOOP_192_9, i32 %R_out_real, i32 %R_out_real_1, i32 %R_out_real_2, i32 %R_out_real_3, i32 %R_out_imag, i32 %R_out_imag_1, i32 %R_out_imag_2, i32 %R_out_imag_3, i32 %mux_case_02827_load, i32 %mux_case_12838_load, i32 %mux_case_22849_load, i32 %mux_case_32860_load, i32 %mux_case_0922873_load, i32 %mux_case_1932886_load, i32 %mux_case_2942899_load, i32 %mux_case_3952912_load, i32 %mux_case_0972925_load, i32 %mux_case_1982938_load, i32 %mux_case_2992951_load, i32 %mux_case_31002964_load, i32 %mux_case_01022977_load, i32 %mux_case_11032990_load, i32 %mux_case_21043003_load, i32 %mux_case_31053016_load"   --->   Operation 358 'call' 'call_ln0' <Predicate = true> <Delay = 0.00> <CoreType = "Generic">   --->   Core 0 '' <Latency = 0> <II = 1> <Delay = 1.00> <Generic> <Opcode : >

State 7 <SV = 4> <Delay = 0.12>
ST_7 : Operation 359 [1/1] (0.00ns)   --->   "%trunc_ln204 = trunc i64 %Q_DRAM_read" [top_cmplx.cpp:204]   --->   Operation 359 'trunc' 'trunc_ln204' <Predicate = true> <Delay = 0.00>
ST_7 : Operation 360 [1/1] (0.12ns)   --->   "%xor_ln204 = xor i3 %trunc_ln204, i3 4" [top_cmplx.cpp:204]   --->   Operation 360 'xor' 'xor_ln204' <Predicate = true> <Delay = 0.12> <CoreInst = "LogicGate">   --->   Core 74 'LogicGate' <Latency = 0> <II = 1> <Delay = 0.12> <FuncUnit> <Opcode : 'and' 'or' 'xor'> <InPorts = 2> <OutPorts = 1>
ST_7 : Operation 361 [2/2] (0.00ns)   --->   "%call_ln204 = call void @top_Pipeline_WRITE_Q_VITIS_LOOP_206_10, i64 %memQ, i64 %Q_DRAM_read, i3 %trunc_ln204, i3 %trunc_ln204, i3 %xor_ln204, i3 %xor_ln204, i32 %Q_out_real, i32 %Q_out_real_1, i32 %Q_out_real_2, i32 %Q_out_real_3, i32 %Q_out_imag, i32 %Q_out_imag_1, i32 %Q_out_imag_2, i32 %Q_out_imag_3" [top_cmplx.cpp:204]   --->   Operation 361 'call' 'call_ln204' <Predicate = true> <Delay = 0.00> <CoreType = "Generic">   --->   Core 0 '' <Latency = 0> <II = 1> <Delay = 1.00> <Generic> <Opcode : >
ST_7 : Operation 362 [1/1] (0.00ns)   --->   "%trunc_ln214 = trunc i64 %R_DRAM_read" [top_cmplx.cpp:214]   --->   Operation 362 'trunc' 'trunc_ln214' <Predicate = true> <Delay = 0.00>
ST_7 : Operation 363 [1/1] (0.12ns)   --->   "%xor_ln214 = xor i3 %trunc_ln214, i3 4" [top_cmplx.cpp:214]   --->   Operation 363 'xor' 'xor_ln214' <Predicate = true> <Delay = 0.12> <CoreInst = "LogicGate">   --->   Core 74 'LogicGate' <Latency = 0> <II = 1> <Delay = 0.12> <FuncUnit> <Opcode : 'and' 'or' 'xor'> <InPorts = 2> <OutPorts = 1>
ST_7 : Operation 364 [2/2] (0.00ns)   --->   "%call_ln214 = call void @top_Pipeline_WRITE_R_VITIS_LOOP_216_11, i64 %memR, i64 %R_DRAM_read, i3 %trunc_ln214, i3 %trunc_ln214, i3 %xor_ln214, i3 %xor_ln214, i32 %R_out_real, i32 %R_out_real_1, i32 %R_out_real_2, i32 %R_out_real_3, i32 %R_out_imag, i32 %R_out_imag_1, i32 %R_out_imag_2, i32 %R_out_imag_3" [top_cmplx.cpp:214]   --->   Operation 364 'call' 'call_ln214' <Predicate = true> <Delay = 0.00> <CoreType = "Generic">   --->   Core 0 '' <Latency = 0> <II = 1> <Delay = 1.00> <Generic> <Opcode : >

State 8 <SV = 5> <Delay = 0.00>
ST_8 : Operation 365 [1/2] (0.00ns)   --->   "%call_ln204 = call void @top_Pipeline_WRITE_Q_VITIS_LOOP_206_10, i64 %memQ, i64 %Q_DRAM_read, i3 %trunc_ln204, i3 %trunc_ln204, i3 %xor_ln204, i3 %xor_ln204, i32 %Q_out_real, i32 %Q_out_real_1, i32 %Q_out_real_2, i32 %Q_out_real_3, i32 %Q_out_imag, i32 %Q_out_imag_1, i32 %Q_out_imag_2, i32 %Q_out_imag_3" [top_cmplx.cpp:204]   --->   Operation 365 'call' 'call_ln204' <Predicate = true> <Delay = 0.00> <CoreType = "Generic">   --->   Core 0 '' <Latency = 0> <II = 1> <Delay = 1.00> <Generic> <Opcode : >
ST_8 : Operation 366 [1/2] (0.00ns)   --->   "%call_ln214 = call void @top_Pipeline_WRITE_R_VITIS_LOOP_216_11, i64 %memR, i64 %R_DRAM_read, i3 %trunc_ln214, i3 %trunc_ln214, i3 %xor_ln214, i3 %xor_ln214, i32 %R_out_real, i32 %R_out_real_1, i32 %R_out_real_2, i32 %R_out_real_3, i32 %R_out_imag, i32 %R_out_imag_1, i32 %R_out_imag_2, i32 %R_out_imag_3" [top_cmplx.cpp:214]   --->   Operation 366 'call' 'call_ln214' <Predicate = true> <Delay = 0.00> <CoreType = "Generic">   --->   Core 0 '' <Latency = 0> <II = 1> <Delay = 1.00> <Generic> <Opcode : >
ST_8 : Operation 367 [1/1] (0.00ns)   --->   "%ret_ln223 = ret" [top_cmplx.cpp:223]   --->   Operation 367 'ret' 'ret_ln223' <Predicate = true> <Delay = 0.00>


============================================================
+ Verbose Summary: Timing violations
============================================================
Target clock period: 10.000ns, clock uncertainty: 1.250ns.

 <State 1>: 2.208ns
The critical path consists of the following:
	s_axi read operation ('A_DRAM_read') on port 'A_DRAM' [122]  (1.000 ns)
	'xor' operation 3 bit ('xor_ln85', top_cmplx.cpp:85) [154]  (0.123 ns)
	'call' operation 0 bit ('call_ln85', top_cmplx.cpp:85) to 'top_Pipeline_READ_INIT_VITIS_LOOP_87_1' [155]  (1.085 ns)

 <State 2>: 0.000ns
The critical path consists of the following:

 <State 3>: 2.546ns
The critical path consists of the following:
	'load' operation 3 bit ('k', top_cmplx.cpp:117) on local variable 'k', top_cmplx.cpp:117 [208]  (0.000 ns)
	'icmp' operation 1 bit ('icmp_ln117', top_cmplx.cpp:117) [210]  (0.673 ns)
	'call' operation 0 bit ('call_ln0') to 'top_Pipeline_VITIS_LOOP_181_6_VITIS_LOOP_183_7' [354]  (1.874 ns)

 <State 4>: 1.648ns
The critical path consists of the following:
	'add' operation 3 bit ('empty_39', top_cmplx.cpp:117) [271]  (0.673 ns)
	'icmp' operation 1 bit ('icmp_ln41', top_cmplx.cpp:41->top_cmplx.cpp:146) [277]  (0.548 ns)
	'call' operation 0 bit ('call_ln117', top_cmplx.cpp:117) to 'top_Pipeline_VITIS_LOOP_119_2' [278]  (0.427 ns)

 <State 5>: 0.000ns
The critical path consists of the following:

 <State 6>: 0.000ns
The critical path consists of the following:

 <State 7>: 0.123ns
The critical path consists of the following:
	'xor' operation 3 bit ('xor_ln204', top_cmplx.cpp:204) [357]  (0.123 ns)

 <State 8>: 0.000ns
The critical path consists of the following:


============================================================
+ Verbose Summary: Binding
============================================================
N/A
* FSMD analyzer results:
  - Output states:
 - Input state : 
  - Chain level:
	State 1
	State 2
	State 3
	State 4
	State 5
	State 6
	State 7
	State 8


============================================================
+ Verbose Summary: Datapath Resource usage 
============================================================
N/A
