

================================================================
== Vitis HLS Report for 'top_Pipeline_READ_INIT_VITIS_LOOP_87_1'
================================================================
* Date:           Thu Mar  5 00:42:17 2026

* Version:        2023.2 (Build 4023990 on Oct 11 2023)
* Project:        CGR_QR_WBS
* Solution:       solution1 (Vivado IP Flow Target)
* Product family: zynquplus
* Target device:  xczu7ev-ffvc1156-2-e


================================================================
== Performance Estimates
================================================================
+ Timing: 
    * Summary: 
    +--------+----------+----------+------------+
    |  Clock |  Target  | Estimated| Uncertainty|
    +--------+----------+----------+------------+
    |ap_clk  |  10.00 ns|  8.750 ns|     1.25 ns|
    +--------+----------+----------+------------+

+ Latency: 
    * Summary: 
    +---------+---------+----------+----------+-----+-----+---------+
    |  Latency (cycles) |  Latency (absolute) |  Interval | Pipeline|
    |   min   |   max   |    min   |    max   | min | max |   Type  |
    +---------+---------+----------+----------+-----+-----+---------+
    |       67|       67|  0.670 us|  0.670 us|   67|   67|       no|
    +---------+---------+----------+----------+-----+-----+---------+

    + Detail: 
        * Instance: 
        N/A

        * Loop: 
        +-----------------------------+---------+---------+----------+-----------+-----------+------+----------+
        |                             |  Latency (cycles) | Iteration|  Initiation Interval  | Trip |          |
        |          Loop Name          |   min   |   max   |  Latency |  achieved |   target  | Count| Pipelined|
        +-----------------------------+---------+---------+----------+-----------+-----------+------+----------+
        |- READ_INIT_VITIS_LOOP_87_1  |       65|       65|        12|          2|          1|    28|       yes|
        +-----------------------------+---------+---------+----------+-----------+-----------+------+----------+

============================================================
+ Verbose Summary: Synthesis Manager
============================================================
InlineROM: 1
ExposeGlobal: 0
============================================================
+ Verbose Summary: CDFG Model
============================================================
IsTopModel: 0
ResetActiveHigh: 1
IsCombinational: 0
IsDatapathOnly: 0
HasWiredReturn: 1
HasMFsm: 2
HasVarLatency: 1
IsPipeline: 0
IsRtlPipelined: 0
IsInstanceOverlapped: 0
IsDontTouch: 0
HasImplIP: 0
IsGatedGlobalClock: 0

+ Individual pipeline summary: 
  * Pipeline-0: initiation interval (II) = 2, depth = 12


============================================================
+ Verbose Summary: Schedule
============================================================
* Number of FSM states : 12
* Pipeline : 1
  Pipeline-0 : II = 2, D = 12, States = { 1 2 3 4 5 6 7 8 9 10 11 12 }
* Dataflow Pipeline: 0

* FSM state transitions: 
1 --> 2 
2 --> 3 
3 --> 4 
4 --> 5 
5 --> 6 
6 --> 7 
7 --> 8 
8 --> 9 
9 --> 10 
10 --> 11 
11 --> 12 
12 --> 

* FSM state operations: 

State 1 <SV = 0> <Delay = 2.40>
ST_1 : Operation 15 [1/1] (0.00ns)   --->   "%j = alloca i32 1" [top_cmplx.cpp:87]   --->   Operation 15 'alloca' 'j' <Predicate = true> <Delay = 0.00>
ST_1 : Operation 16 [1/1] (0.00ns)   --->   "%i = alloca i32 1" [top_cmplx.cpp:85]   --->   Operation 16 'alloca' 'i' <Predicate = true> <Delay = 0.00>
ST_1 : Operation 17 [1/1] (0.00ns)   --->   "%indvar_flatten = alloca i32 1"   --->   Operation 17 'alloca' 'indvar_flatten' <Predicate = true> <Delay = 0.00>
ST_1 : Operation 18 [1/1] (0.00ns)   --->   "%specinterface_ln0 = specinterface void @_ssdm_op_SpecInterface, i64 %memA, void @empty, i32 0, i32 0, void @empty_0, i32 0, i32 28, void @empty_1, void @empty_2, void @empty_0, i32 16, i32 16, i32 16, i32 16, void @empty_0, void @empty_0, i32 4294967295, i32 0"   --->   Operation 18 'specinterface' 'specinterface_ln0' <Predicate = true> <Delay = 0.00>
ST_1 : Operation 19 [1/1] (0.00ns)   --->   "%xor_ln85_read = read i3 @_ssdm_op_Read.ap_auto.i3, i3 %xor_ln85"   --->   Operation 19 'read' 'xor_ln85_read' <Predicate = true> <Delay = 0.00>
ST_1 : Operation 20 [1/1] (0.00ns)   --->   "%tmp = read i3 @_ssdm_op_Read.ap_auto.i3, i3 %empty"   --->   Operation 20 'read' 'tmp' <Predicate = true> <Delay = 0.00>
ST_1 : Operation 21 [1/1] (0.00ns)   --->   "%A_DRAM_read = read i64 @_ssdm_op_Read.ap_auto.i64, i64 %A_DRAM"   --->   Operation 21 'read' 'A_DRAM_read' <Predicate = true> <Delay = 0.00>
ST_1 : Operation 22 [1/1] (0.47ns)   --->   "%store_ln0 = store i32 <undef>, i32 %mux_case_34483646_out"   --->   Operation 22 'store' 'store_ln0' <Predicate = true> <Delay = 0.47>
ST_1 : Operation 23 [1/1] (0.47ns)   --->   "%store_ln0 = store i32 <undef>, i32 %mux_case_24423605_out"   --->   Operation 23 'store' 'store_ln0' <Predicate = true> <Delay = 0.47>
ST_1 : Operation 24 [1/1] (0.47ns)   --->   "%store_ln0 = store i32 <undef>, i32 %mux_case_14363564_out"   --->   Operation 24 'store' 'store_ln0' <Predicate = true> <Delay = 0.47>
ST_1 : Operation 25 [1/1] (0.47ns)   --->   "%store_ln0 = store i32 <undef>, i32 %mux_case_04303523_out"   --->   Operation 25 'store' 'store_ln0' <Predicate = true> <Delay = 0.47>
ST_1 : Operation 26 [1/1] (0.42ns)   --->   "%store_ln0 = store i32 <undef>, i32 %mux_case_25173935_out"   --->   Operation 26 'store' 'store_ln0' <Predicate = true> <Delay = 0.42>
ST_1 : Operation 27 [1/1] (0.42ns)   --->   "%store_ln0 = store i32 <undef>, i32 %mux_case_14563696_out"   --->   Operation 27 'store' 'store_ln0' <Predicate = true> <Delay = 0.42>
ST_1 : Operation 28 [1/1] (0.42ns)   --->   "%store_ln0 = store i32 <undef>, i32 %mux_case_04503655_out"   --->   Operation 28 'store' 'store_ln0' <Predicate = true> <Delay = 0.42>
ST_1 : Operation 29 [1/1] (0.42ns)   --->   "%store_ln0 = store i32 <undef>, i32 %mux_case_32023515_out"   --->   Operation 29 'store' 'store_ln0' <Predicate = true> <Delay = 0.42>
ST_1 : Operation 30 [1/1] (0.42ns)   --->   "%store_ln0 = store i32 <undef>, i32 %mux_case_22013504_out"   --->   Operation 30 'store' 'store_ln0' <Predicate = true> <Delay = 0.42>
ST_1 : Operation 31 [1/1] (0.42ns)   --->   "%store_ln0 = store i32 <undef>, i32 %mux_case_12003493_out"   --->   Operation 31 'store' 'store_ln0' <Predicate = true> <Delay = 0.42>
ST_1 : Operation 32 [1/1] (0.42ns)   --->   "%store_ln0 = store i32 <undef>, i32 %mux_case_01993482_out"   --->   Operation 32 'store' 'store_ln0' <Predicate = true> <Delay = 0.42>
ST_1 : Operation 33 [1/1] (0.42ns)   --->   "%store_ln0 = store i32 <undef>, i32 %mux_case_31733471_out"   --->   Operation 33 'store' 'store_ln0' <Predicate = true> <Delay = 0.42>
ST_1 : Operation 34 [1/1] (0.42ns)   --->   "%store_ln0 = store i32 <undef>, i32 %mux_case_21723460_out"   --->   Operation 34 'store' 'store_ln0' <Predicate = true> <Delay = 0.42>
ST_1 : Operation 35 [1/1] (0.42ns)   --->   "%store_ln0 = store i32 <undef>, i32 %mux_case_11713449_out"   --->   Operation 35 'store' 'store_ln0' <Predicate = true> <Delay = 0.42>
ST_1 : Operation 36 [1/1] (0.42ns)   --->   "%store_ln0 = store i32 <undef>, i32 %mux_case_01703438_out"   --->   Operation 36 'store' 'store_ln0' <Predicate = true> <Delay = 0.42>
ST_1 : Operation 37 [1/1] (0.42ns)   --->   "%store_ln0 = store i32 <undef>, i32 %mux_case_31433427_out"   --->   Operation 37 'store' 'store_ln0' <Predicate = true> <Delay = 0.42>
ST_1 : Operation 38 [1/1] (0.42ns)   --->   "%store_ln0 = store i32 <undef>, i32 %mux_case_21423414_out"   --->   Operation 38 'store' 'store_ln0' <Predicate = true> <Delay = 0.42>
ST_1 : Operation 39 [1/1] (0.42ns)   --->   "%store_ln0 = store i32 <undef>, i32 %mux_case_11413401_out"   --->   Operation 39 'store' 'store_ln0' <Predicate = true> <Delay = 0.42>
ST_1 : Operation 40 [1/1] (0.42ns)   --->   "%store_ln0 = store i32 <undef>, i32 %mux_case_01403388_out"   --->   Operation 40 'store' 'store_ln0' <Predicate = true> <Delay = 0.42>
ST_1 : Operation 41 [1/1] (0.42ns)   --->   "%store_ln0 = store i32 <undef>, i32 %mux_case_31383375_out"   --->   Operation 41 'store' 'store_ln0' <Predicate = true> <Delay = 0.42>
ST_1 : Operation 42 [1/1] (0.42ns)   --->   "%store_ln0 = store i32 <undef>, i32 %mux_case_21373362_out"   --->   Operation 42 'store' 'store_ln0' <Predicate = true> <Delay = 0.42>
ST_1 : Operation 43 [1/1] (0.42ns)   --->   "%store_ln0 = store i32 <undef>, i32 %mux_case_11363349_out"   --->   Operation 43 'store' 'store_ln0' <Predicate = true> <Delay = 0.42>
ST_1 : Operation 44 [1/1] (0.42ns)   --->   "%store_ln0 = store i32 <undef>, i32 %mux_case_01353336_out"   --->   Operation 44 'store' 'store_ln0' <Predicate = true> <Delay = 0.42>
ST_1 : Operation 45 [1/1] (0.42ns)   --->   "%store_ln0 = store i32 <undef>, i32 %mux_case_31333323_out"   --->   Operation 45 'store' 'store_ln0' <Predicate = true> <Delay = 0.42>
ST_1 : Operation 46 [1/1] (0.42ns)   --->   "%store_ln0 = store i32 <undef>, i32 %mux_case_21323310_out"   --->   Operation 46 'store' 'store_ln0' <Predicate = true> <Delay = 0.42>
ST_1 : Operation 47 [1/1] (0.42ns)   --->   "%store_ln0 = store i32 <undef>, i32 %mux_case_11313297_out"   --->   Operation 47 'store' 'store_ln0' <Predicate = true> <Delay = 0.42>
ST_1 : Operation 48 [1/1] (0.42ns)   --->   "%store_ln0 = store i32 <undef>, i32 %mux_case_01303284_out"   --->   Operation 48 'store' 'store_ln0' <Predicate = true> <Delay = 0.42>
ST_1 : Operation 49 [1/1] (0.42ns)   --->   "%store_ln0 = store i32 <undef>, i32 %mux_case_31283271_out"   --->   Operation 49 'store' 'store_ln0' <Predicate = true> <Delay = 0.42>
ST_1 : Operation 50 [1/1] (0.42ns)   --->   "%store_ln0 = store i32 <undef>, i32 %mux_case_21273258_out"   --->   Operation 50 'store' 'store_ln0' <Predicate = true> <Delay = 0.42>
ST_1 : Operation 51 [1/1] (0.42ns)   --->   "%store_ln0 = store i32 <undef>, i32 %mux_case_11263245_out"   --->   Operation 51 'store' 'store_ln0' <Predicate = true> <Delay = 0.42>
ST_1 : Operation 52 [1/1] (0.42ns)   --->   "%store_ln0 = store i32 <undef>, i32 %mux_case_01253232_out"   --->   Operation 52 'store' 'store_ln0' <Predicate = true> <Delay = 0.42>
ST_1 : Operation 53 [1/1] (0.42ns)   --->   "%store_ln0 = store i32 <undef>, i32 %mux_case_31233219_out"   --->   Operation 53 'store' 'store_ln0' <Predicate = true> <Delay = 0.42>
ST_1 : Operation 54 [1/1] (0.42ns)   --->   "%store_ln0 = store i32 <undef>, i32 %mux_case_21223206_out"   --->   Operation 54 'store' 'store_ln0' <Predicate = true> <Delay = 0.42>
ST_1 : Operation 55 [1/1] (0.42ns)   --->   "%store_ln0 = store i32 <undef>, i32 %mux_case_11213193_out"   --->   Operation 55 'store' 'store_ln0' <Predicate = true> <Delay = 0.42>
ST_1 : Operation 56 [1/1] (0.42ns)   --->   "%store_ln0 = store i32 <undef>, i32 %mux_case_01203180_out"   --->   Operation 56 'store' 'store_ln0' <Predicate = true> <Delay = 0.42>
ST_1 : Operation 57 [1/1] (0.42ns)   --->   "%store_ln0 = store i32 <undef>, i32 %mux_case_31183166_out"   --->   Operation 57 'store' 'store_ln0' <Predicate = true> <Delay = 0.42>
ST_1 : Operation 58 [1/1] (0.42ns)   --->   "%store_ln0 = store i32 <undef>, i32 %mux_case_21173155_out"   --->   Operation 58 'store' 'store_ln0' <Predicate = true> <Delay = 0.42>
ST_1 : Operation 59 [1/1] (0.42ns)   --->   "%store_ln0 = store i32 <undef>, i32 %mux_case_11163144_out"   --->   Operation 59 'store' 'store_ln0' <Predicate = true> <Delay = 0.42>
ST_1 : Operation 60 [1/1] (0.42ns)   --->   "%store_ln0 = store i32 <undef>, i32 %mux_case_01153133_out"   --->   Operation 60 'store' 'store_ln0' <Predicate = true> <Delay = 0.42>
ST_1 : Operation 61 [1/1] (0.42ns)   --->   "%store_ln0 = store i32 <undef>, i32 %mux_case_31143123_out"   --->   Operation 61 'store' 'store_ln0' <Predicate = true> <Delay = 0.42>
ST_1 : Operation 62 [1/1] (0.42ns)   --->   "%store_ln0 = store i32 <undef>, i32 %mux_case_21133110_out"   --->   Operation 62 'store' 'store_ln0' <Predicate = true> <Delay = 0.42>
ST_1 : Operation 63 [1/1] (0.42ns)   --->   "%store_ln0 = store i32 <undef>, i32 %mux_case_11123097_out"   --->   Operation 63 'store' 'store_ln0' <Predicate = true> <Delay = 0.42>
ST_1 : Operation 64 [1/1] (0.42ns)   --->   "%store_ln0 = store i32 <undef>, i32 %mux_case_01113084_out"   --->   Operation 64 'store' 'store_ln0' <Predicate = true> <Delay = 0.42>
ST_1 : Operation 65 [1/1] (0.42ns)   --->   "%store_ln0 = store i32 <undef>, i32 %mux_case_31103071_out"   --->   Operation 65 'store' 'store_ln0' <Predicate = true> <Delay = 0.42>
ST_1 : Operation 66 [1/1] (0.42ns)   --->   "%store_ln0 = store i32 <undef>, i32 %mux_case_21093058_out"   --->   Operation 66 'store' 'store_ln0' <Predicate = true> <Delay = 0.42>
ST_1 : Operation 67 [1/1] (0.42ns)   --->   "%store_ln0 = store i32 <undef>, i32 %mux_case_11083045_out"   --->   Operation 67 'store' 'store_ln0' <Predicate = true> <Delay = 0.42>
ST_1 : Operation 68 [1/1] (0.42ns)   --->   "%store_ln0 = store i32 <undef>, i32 %mux_case_01073032_out"   --->   Operation 68 'store' 'store_ln0' <Predicate = true> <Delay = 0.42>
ST_1 : Operation 69 [1/1] (0.42ns)   --->   "%store_ln0 = store i32 <undef>, i32 %mux_case_31053019_out"   --->   Operation 69 'store' 'store_ln0' <Predicate = true> <Delay = 0.42>
ST_1 : Operation 70 [1/1] (0.42ns)   --->   "%store_ln0 = store i32 <undef>, i32 %mux_case_21043006_out"   --->   Operation 70 'store' 'store_ln0' <Predicate = true> <Delay = 0.42>
ST_1 : Operation 71 [1/1] (0.42ns)   --->   "%store_ln0 = store i32 <undef>, i32 %mux_case_11032993_out"   --->   Operation 71 'store' 'store_ln0' <Predicate = true> <Delay = 0.42>
ST_1 : Operation 72 [1/1] (0.42ns)   --->   "%store_ln0 = store i32 <undef>, i32 %mux_case_01022980_out"   --->   Operation 72 'store' 'store_ln0' <Predicate = true> <Delay = 0.42>
ST_1 : Operation 73 [1/1] (0.42ns)   --->   "%store_ln0 = store i32 <undef>, i32 %mux_case_31002967_out"   --->   Operation 73 'store' 'store_ln0' <Predicate = true> <Delay = 0.42>
ST_1 : Operation 74 [1/1] (0.42ns)   --->   "%store_ln0 = store i32 <undef>, i32 %mux_case_2992954_out"   --->   Operation 74 'store' 'store_ln0' <Predicate = true> <Delay = 0.42>
ST_1 : Operation 75 [1/1] (0.42ns)   --->   "%store_ln0 = store i32 <undef>, i32 %mux_case_1982941_out"   --->   Operation 75 'store' 'store_ln0' <Predicate = true> <Delay = 0.42>
ST_1 : Operation 76 [1/1] (0.42ns)   --->   "%store_ln0 = store i32 <undef>, i32 %mux_case_0972928_out"   --->   Operation 76 'store' 'store_ln0' <Predicate = true> <Delay = 0.42>
ST_1 : Operation 77 [1/1] (0.42ns)   --->   "%store_ln0 = store i32 <undef>, i32 %mux_case_3952915_out"   --->   Operation 77 'store' 'store_ln0' <Predicate = true> <Delay = 0.42>
ST_1 : Operation 78 [1/1] (0.42ns)   --->   "%store_ln0 = store i32 <undef>, i32 %mux_case_2942902_out"   --->   Operation 78 'store' 'store_ln0' <Predicate = true> <Delay = 0.42>
ST_1 : Operation 79 [1/1] (0.42ns)   --->   "%store_ln0 = store i32 <undef>, i32 %mux_case_1932889_out"   --->   Operation 79 'store' 'store_ln0' <Predicate = true> <Delay = 0.42>
ST_1 : Operation 80 [1/1] (0.42ns)   --->   "%store_ln0 = store i32 <undef>, i32 %mux_case_0922876_out"   --->   Operation 80 'store' 'store_ln0' <Predicate = true> <Delay = 0.42>
ST_1 : Operation 81 [1/1] (0.42ns)   --->   "%store_ln0 = store i32 <undef>, i32 %mux_case_32862_out"   --->   Operation 81 'store' 'store_ln0' <Predicate = true> <Delay = 0.42>
ST_1 : Operation 82 [1/1] (0.42ns)   --->   "%store_ln0 = store i32 <undef>, i32 %mux_case_22851_out"   --->   Operation 82 'store' 'store_ln0' <Predicate = true> <Delay = 0.42>
ST_1 : Operation 83 [1/1] (0.42ns)   --->   "%store_ln0 = store i32 <undef>, i32 %mux_case_12840_out"   --->   Operation 83 'store' 'store_ln0' <Predicate = true> <Delay = 0.42>
ST_1 : Operation 84 [1/1] (0.42ns)   --->   "%store_ln0 = store i32 <undef>, i32 %mux_case_02829_out"   --->   Operation 84 'store' 'store_ln0' <Predicate = true> <Delay = 0.42>
ST_1 : Operation 85 [1/1] (0.42ns)   --->   "%store_ln0 = store i5 0, i5 %indvar_flatten"   --->   Operation 85 'store' 'store_ln0' <Predicate = true> <Delay = 0.42>
ST_1 : Operation 86 [1/1] (0.42ns)   --->   "%store_ln85 = store i3 0, i3 %i" [top_cmplx.cpp:85]   --->   Operation 86 'store' 'store_ln85' <Predicate = true> <Delay = 0.42>
ST_1 : Operation 87 [1/1] (0.42ns)   --->   "%store_ln87 = store i3 0, i3 %j" [top_cmplx.cpp:87]   --->   Operation 87 'store' 'store_ln87' <Predicate = true> <Delay = 0.42>
ST_1 : Operation 88 [1/1] (0.00ns)   --->   "%br_ln0 = br void %for.body4"   --->   Operation 88 'br' 'br_ln0' <Predicate = true> <Delay = 0.00>
ST_1 : Operation 89 [1/1] (0.00ns)   --->   "%indvar_flatten_load = load i5 %indvar_flatten" [top_cmplx.cpp:85]   --->   Operation 89 'load' 'indvar_flatten_load' <Predicate = true> <Delay = 0.00>
ST_1 : Operation 90 [1/1] (0.00ns)   --->   "%specbitsmap_ln0 = specbitsmap void @_ssdm_op_SpecBitsMap, i64 %memA"   --->   Operation 90 'specbitsmap' 'specbitsmap_ln0' <Predicate = true> <Delay = 0.00>
ST_1 : Operation 91 [1/1] (0.78ns)   --->   "%icmp_ln85 = icmp_eq  i5 %indvar_flatten_load, i5 28" [top_cmplx.cpp:85]   --->   Operation 91 'icmp' 'icmp_ln85' <Predicate = true> <Delay = 0.78> <CoreInst = "Cmp">   --->   Core 9 'Cmp' <Latency = 0> <II = 1> <Delay = 0.78> <FuncUnit> <Opcode : 'icmp'> <InPorts = 2> <OutPorts = 1>
ST_1 : Operation 92 [1/1] (0.78ns)   --->   "%add_ln85 = add i5 %indvar_flatten_load, i5 1" [top_cmplx.cpp:85]   --->   Operation 92 'add' 'add_ln85' <Predicate = true> <Delay = 0.78> <CoreInst = "Adder">   --->   Core 1 'Adder' <Latency = 0> <II = 1> <Delay = 0.78> <FuncUnit> <Opcode : 'add' 'sub'> <InPorts = 2> <OutPorts = 1>
ST_1 : Operation 93 [1/1] (0.00ns)   --->   "%br_ln85 = br i1 %icmp_ln85, void %for.inc42, void %VITIS_LOOP_119_2.preheader.exitStub" [top_cmplx.cpp:85]   --->   Operation 93 'br' 'br_ln85' <Predicate = true> <Delay = 0.00>
ST_1 : Operation 94 [1/1] (0.00ns)   --->   "%j_load = load i3 %j" [top_cmplx.cpp:87]   --->   Operation 94 'load' 'j_load' <Predicate = (!icmp_ln85)> <Delay = 0.00>
ST_1 : Operation 95 [1/1] (0.00ns)   --->   "%i_load = load i3 %i" [top_cmplx.cpp:85]   --->   Operation 95 'load' 'i_load' <Predicate = (!icmp_ln85)> <Delay = 0.00>
ST_1 : Operation 96 [1/1] (0.67ns)   --->   "%icmp_ln87 = icmp_eq  i3 %j_load, i3 4" [top_cmplx.cpp:87]   --->   Operation 96 'icmp' 'icmp_ln87' <Predicate = (!icmp_ln85)> <Delay = 0.67> <CoreInst = "Cmp">   --->   Core 9 'Cmp' <Latency = 0> <II = 1> <Delay = 0.67> <FuncUnit> <Opcode : 'icmp'> <InPorts = 2> <OutPorts = 1>
ST_1 : Operation 97 [1/1] (0.20ns)   --->   "%select_ln85 = select i1 %icmp_ln87, i3 0, i3 %j_load" [top_cmplx.cpp:85]   --->   Operation 97 'select' 'select_ln85' <Predicate = (!icmp_ln85)> <Delay = 0.20> <CoreInst = "Sel">   --->   Core 73 'Sel' <Latency = 0> <II = 1> <Delay = 0.20> <FuncUnit> <Opcode : 'select'> <InPorts = 3> <OutPorts = 1>
ST_1 : Operation 98 [1/1] (0.67ns)   --->   "%add_ln85_1 = add i3 %i_load, i3 1" [top_cmplx.cpp:85]   --->   Operation 98 'add' 'add_ln85_1' <Predicate = (!icmp_ln85)> <Delay = 0.67> <CoreInst = "Adder">   --->   Core 1 'Adder' <Latency = 0> <II = 1> <Delay = 0.67> <FuncUnit> <Opcode : 'add' 'sub'> <InPorts = 2> <OutPorts = 1>
ST_1 : Operation 99 [1/1] (0.20ns)   --->   "%select_ln85_1 = select i1 %icmp_ln87, i3 %add_ln85_1, i3 %i_load" [top_cmplx.cpp:85]   --->   Operation 99 'select' 'select_ln85_1' <Predicate = (!icmp_ln85)> <Delay = 0.20> <CoreInst = "Sel">   --->   Core 73 'Sel' <Latency = 0> <II = 1> <Delay = 0.20> <FuncUnit> <Opcode : 'select'> <InPorts = 3> <OutPorts = 1>
ST_1 : Operation 100 [1/1] (0.00ns)   --->   "%trunc_ln87 = trunc i3 %select_ln85" [top_cmplx.cpp:87]   --->   Operation 100 'trunc' 'trunc_ln87' <Predicate = (!icmp_ln85)> <Delay = 0.00>
ST_1 : Operation 101 [1/1] (0.00ns)   --->   "%shl_ln91_2 = bitconcatenate i8 @_ssdm_op_BitConcatenate.i8.i3.i2.i3, i3 %select_ln85_1, i2 %trunc_ln87, i3 0" [top_cmplx.cpp:91]   --->   Operation 101 'bitconcatenate' 'shl_ln91_2' <Predicate = (!icmp_ln85)> <Delay = 0.00>
ST_1 : Operation 102 [1/1] (0.00ns)   --->   "%zext_ln91 = zext i8 %shl_ln91_2" [top_cmplx.cpp:91]   --->   Operation 102 'zext' 'zext_ln91' <Predicate = (!icmp_ln85)> <Delay = 0.00>
ST_1 : Operation 103 [1/1] (1.08ns)   --->   "%add_ln91 = add i64 %zext_ln91, i64 %A_DRAM_read" [top_cmplx.cpp:91]   --->   Operation 103 'add' 'add_ln91' <Predicate = (!icmp_ln85)> <Delay = 1.08> <CoreInst = "Adder">   --->   Core 1 'Adder' <Latency = 0> <II = 1> <Delay = 1.08> <FuncUnit> <Opcode : 'add' 'sub'> <InPorts = 2> <OutPorts = 1>
ST_1 : Operation 104 [1/1] (0.00ns)   --->   "%trunc_ln91_2 = partselect i61 @_ssdm_op_PartSelect.i61.i64.i32.i32, i64 %add_ln91, i32 3, i32 63" [top_cmplx.cpp:91]   --->   Operation 104 'partselect' 'trunc_ln91_2' <Predicate = (!icmp_ln85)> <Delay = 0.00>
ST_1 : Operation 105 [1/1] (0.73ns)   --->   "%switch_ln95 = switch i3 %select_ln85_1, void %arrayidx2066.081.case.6, i3 0, void %arrayidx2066.081.case.0, i3 1, void %arrayidx2066.081.case.1, i3 2, void %arrayidx2066.081.case.2, i3 3, void %arrayidx2066.081.case.3, i3 4, void %arrayidx2066.081.case.4, i3 5, void %arrayidx2066.081.case.5" [top_cmplx.cpp:95]   --->   Operation 105 'switch' 'switch_ln95' <Predicate = (!icmp_ln85)> <Delay = 0.73>
ST_1 : Operation 106 [1/1] (0.73ns)   --->   "%switch_ln95 = switch i2 %trunc_ln87, void %arrayidx2066.182.case.384, i2 0, void %arrayidx2066.081.case.5.arrayidx2066.182.exit_crit_edge14, i2 1, void %arrayidx2066.182.case.182, i2 2, void %arrayidx2066.081.case.5.arrayidx2066.182.exit_crit_edge" [top_cmplx.cpp:95]   --->   Operation 106 'switch' 'switch_ln95' <Predicate = (!icmp_ln85 & select_ln85_1 == 5)> <Delay = 0.73>
ST_1 : Operation 107 [1/1] (0.00ns)   --->   "%br_ln95 = br void %arrayidx2066.182.exit" [top_cmplx.cpp:95]   --->   Operation 107 'br' 'br_ln95' <Predicate = (!icmp_ln85 & select_ln85_1 == 5 & trunc_ln87 == 2)> <Delay = 0.00>
ST_1 : Operation 108 [1/1] (0.00ns)   --->   "%br_ln95 = br void %arrayidx2066.182.exit" [top_cmplx.cpp:95]   --->   Operation 108 'br' 'br_ln95' <Predicate = (!icmp_ln85 & select_ln85_1 == 5 & trunc_ln87 == 1)> <Delay = 0.00>
ST_1 : Operation 109 [1/1] (0.00ns)   --->   "%br_ln95 = br void %arrayidx2066.182.exit" [top_cmplx.cpp:95]   --->   Operation 109 'br' 'br_ln95' <Predicate = (!icmp_ln85 & select_ln85_1 == 5 & trunc_ln87 == 0)> <Delay = 0.00>
ST_1 : Operation 110 [1/1] (0.00ns)   --->   "%br_ln95 = br void %arrayidx2066.182.exit" [top_cmplx.cpp:95]   --->   Operation 110 'br' 'br_ln95' <Predicate = (!icmp_ln85 & select_ln85_1 == 5 & trunc_ln87 == 3)> <Delay = 0.00>
ST_1 : Operation 111 [1/1] (0.73ns)   --->   "%switch_ln95 = switch i2 %trunc_ln87, void %arrayidx2066.182.case.378, i2 0, void %arrayidx2066.081.case.4.arrayidx2066.182.exit_crit_edge15, i2 1, void %arrayidx2066.182.case.176, i2 2, void %arrayidx2066.081.case.4.arrayidx2066.182.exit_crit_edge" [top_cmplx.cpp:95]   --->   Operation 111 'switch' 'switch_ln95' <Predicate = (!icmp_ln85 & select_ln85_1 == 4)> <Delay = 0.73>
ST_1 : Operation 112 [1/1] (0.00ns)   --->   "%br_ln95 = br void %arrayidx2066.182.exit" [top_cmplx.cpp:95]   --->   Operation 112 'br' 'br_ln95' <Predicate = (!icmp_ln85 & select_ln85_1 == 4 & trunc_ln87 == 2)> <Delay = 0.00>
ST_1 : Operation 113 [1/1] (0.00ns)   --->   "%br_ln95 = br void %arrayidx2066.182.exit" [top_cmplx.cpp:95]   --->   Operation 113 'br' 'br_ln95' <Predicate = (!icmp_ln85 & select_ln85_1 == 4 & trunc_ln87 == 1)> <Delay = 0.00>
ST_1 : Operation 114 [1/1] (0.00ns)   --->   "%br_ln95 = br void %arrayidx2066.182.exit" [top_cmplx.cpp:95]   --->   Operation 114 'br' 'br_ln95' <Predicate = (!icmp_ln85 & select_ln85_1 == 4 & trunc_ln87 == 0)> <Delay = 0.00>
ST_1 : Operation 115 [1/1] (0.00ns)   --->   "%br_ln95 = br void %arrayidx2066.182.exit" [top_cmplx.cpp:95]   --->   Operation 115 'br' 'br_ln95' <Predicate = (!icmp_ln85 & select_ln85_1 == 4 & trunc_ln87 == 3)> <Delay = 0.00>
ST_1 : Operation 116 [1/1] (0.73ns)   --->   "%switch_ln95 = switch i2 %trunc_ln87, void %arrayidx2066.182.case.372, i2 0, void %arrayidx2066.081.case.3.arrayidx2066.182.exit_crit_edge16, i2 1, void %arrayidx2066.182.case.170, i2 2, void %arrayidx2066.081.case.3.arrayidx2066.182.exit_crit_edge" [top_cmplx.cpp:95]   --->   Operation 116 'switch' 'switch_ln95' <Predicate = (!icmp_ln85 & select_ln85_1 == 3)> <Delay = 0.73>
ST_1 : Operation 117 [1/1] (0.00ns)   --->   "%br_ln95 = br void %arrayidx2066.182.exit" [top_cmplx.cpp:95]   --->   Operation 117 'br' 'br_ln95' <Predicate = (!icmp_ln85 & select_ln85_1 == 3 & trunc_ln87 == 2)> <Delay = 0.00>
ST_1 : Operation 118 [1/1] (0.00ns)   --->   "%br_ln95 = br void %arrayidx2066.182.exit" [top_cmplx.cpp:95]   --->   Operation 118 'br' 'br_ln95' <Predicate = (!icmp_ln85 & select_ln85_1 == 3 & trunc_ln87 == 1)> <Delay = 0.00>
ST_1 : Operation 119 [1/1] (0.00ns)   --->   "%br_ln95 = br void %arrayidx2066.182.exit" [top_cmplx.cpp:95]   --->   Operation 119 'br' 'br_ln95' <Predicate = (!icmp_ln85 & select_ln85_1 == 3 & trunc_ln87 == 0)> <Delay = 0.00>
ST_1 : Operation 120 [1/1] (0.00ns)   --->   "%br_ln95 = br void %arrayidx2066.182.exit" [top_cmplx.cpp:95]   --->   Operation 120 'br' 'br_ln95' <Predicate = (!icmp_ln85 & select_ln85_1 == 3 & trunc_ln87 == 3)> <Delay = 0.00>
ST_1 : Operation 121 [1/1] (0.73ns)   --->   "%switch_ln95 = switch i2 %trunc_ln87, void %arrayidx2066.182.case.366, i2 0, void %arrayidx2066.081.case.2.arrayidx2066.182.exit_crit_edge17, i2 1, void %arrayidx2066.182.case.164, i2 2, void %arrayidx2066.081.case.2.arrayidx2066.182.exit_crit_edge" [top_cmplx.cpp:95]   --->   Operation 121 'switch' 'switch_ln95' <Predicate = (!icmp_ln85 & select_ln85_1 == 2)> <Delay = 0.73>
ST_1 : Operation 122 [1/1] (0.00ns)   --->   "%br_ln95 = br void %arrayidx2066.182.exit" [top_cmplx.cpp:95]   --->   Operation 122 'br' 'br_ln95' <Predicate = (!icmp_ln85 & select_ln85_1 == 2 & trunc_ln87 == 2)> <Delay = 0.00>
ST_1 : Operation 123 [1/1] (0.00ns)   --->   "%br_ln95 = br void %arrayidx2066.182.exit" [top_cmplx.cpp:95]   --->   Operation 123 'br' 'br_ln95' <Predicate = (!icmp_ln85 & select_ln85_1 == 2 & trunc_ln87 == 1)> <Delay = 0.00>
ST_1 : Operation 124 [1/1] (0.00ns)   --->   "%br_ln95 = br void %arrayidx2066.182.exit" [top_cmplx.cpp:95]   --->   Operation 124 'br' 'br_ln95' <Predicate = (!icmp_ln85 & select_ln85_1 == 2 & trunc_ln87 == 0)> <Delay = 0.00>
ST_1 : Operation 125 [1/1] (0.00ns)   --->   "%br_ln95 = br void %arrayidx2066.182.exit" [top_cmplx.cpp:95]   --->   Operation 125 'br' 'br_ln95' <Predicate = (!icmp_ln85 & select_ln85_1 == 2 & trunc_ln87 == 3)> <Delay = 0.00>
ST_1 : Operation 126 [1/1] (0.73ns)   --->   "%switch_ln95 = switch i2 %trunc_ln87, void %arrayidx2066.182.case.360, i2 0, void %arrayidx2066.081.case.1.arrayidx2066.182.exit_crit_edge18, i2 1, void %arrayidx2066.182.case.158, i2 2, void %arrayidx2066.081.case.1.arrayidx2066.182.exit_crit_edge" [top_cmplx.cpp:95]   --->   Operation 126 'switch' 'switch_ln95' <Predicate = (!icmp_ln85 & select_ln85_1 == 1)> <Delay = 0.73>
ST_1 : Operation 127 [1/1] (0.00ns)   --->   "%br_ln95 = br void %arrayidx2066.182.exit" [top_cmplx.cpp:95]   --->   Operation 127 'br' 'br_ln95' <Predicate = (!icmp_ln85 & select_ln85_1 == 1 & trunc_ln87 == 2)> <Delay = 0.00>
ST_1 : Operation 128 [1/1] (0.00ns)   --->   "%br_ln95 = br void %arrayidx2066.182.exit" [top_cmplx.cpp:95]   --->   Operation 128 'br' 'br_ln95' <Predicate = (!icmp_ln85 & select_ln85_1 == 1 & trunc_ln87 == 1)> <Delay = 0.00>
ST_1 : Operation 129 [1/1] (0.00ns)   --->   "%br_ln95 = br void %arrayidx2066.182.exit" [top_cmplx.cpp:95]   --->   Operation 129 'br' 'br_ln95' <Predicate = (!icmp_ln85 & select_ln85_1 == 1 & trunc_ln87 == 0)> <Delay = 0.00>
ST_1 : Operation 130 [1/1] (0.00ns)   --->   "%br_ln95 = br void %arrayidx2066.182.exit" [top_cmplx.cpp:95]   --->   Operation 130 'br' 'br_ln95' <Predicate = (!icmp_ln85 & select_ln85_1 == 1 & trunc_ln87 == 3)> <Delay = 0.00>
ST_1 : Operation 131 [1/1] (0.73ns)   --->   "%switch_ln95 = switch i2 %trunc_ln87, void %arrayidx2066.182.case.354, i2 0, void %arrayidx2066.081.case.0.arrayidx2066.182.exit_crit_edge19, i2 1, void %arrayidx2066.182.case.152, i2 2, void %arrayidx2066.081.case.0.arrayidx2066.182.exit_crit_edge" [top_cmplx.cpp:95]   --->   Operation 131 'switch' 'switch_ln95' <Predicate = (!icmp_ln85 & select_ln85_1 == 0)> <Delay = 0.73>
ST_1 : Operation 132 [1/1] (0.00ns)   --->   "%br_ln95 = br void %arrayidx2066.182.exit" [top_cmplx.cpp:95]   --->   Operation 132 'br' 'br_ln95' <Predicate = (!icmp_ln85 & select_ln85_1 == 0 & trunc_ln87 == 2)> <Delay = 0.00>
ST_1 : Operation 133 [1/1] (0.00ns)   --->   "%br_ln95 = br void %arrayidx2066.182.exit" [top_cmplx.cpp:95]   --->   Operation 133 'br' 'br_ln95' <Predicate = (!icmp_ln85 & select_ln85_1 == 0 & trunc_ln87 == 1)> <Delay = 0.00>
ST_1 : Operation 134 [1/1] (0.00ns)   --->   "%br_ln95 = br void %arrayidx2066.182.exit" [top_cmplx.cpp:95]   --->   Operation 134 'br' 'br_ln95' <Predicate = (!icmp_ln85 & select_ln85_1 == 0 & trunc_ln87 == 0)> <Delay = 0.00>
ST_1 : Operation 135 [1/1] (0.00ns)   --->   "%br_ln95 = br void %arrayidx2066.182.exit" [top_cmplx.cpp:95]   --->   Operation 135 'br' 'br_ln95' <Predicate = (!icmp_ln85 & select_ln85_1 == 0 & trunc_ln87 == 3)> <Delay = 0.00>
ST_1 : Operation 136 [1/1] (0.73ns)   --->   "%switch_ln95 = switch i2 %trunc_ln87, void %arrayidx2066.182.case.390, i2 0, void %arrayidx2066.081.case.6.arrayidx2066.182.exit_crit_edge13, i2 1, void %arrayidx2066.182.case.188, i2 2, void %arrayidx2066.081.case.6.arrayidx2066.182.exit_crit_edge" [top_cmplx.cpp:95]   --->   Operation 136 'switch' 'switch_ln95' <Predicate = (!icmp_ln85 & select_ln85_1 == 7) | (!icmp_ln85 & select_ln85_1 == 6)> <Delay = 0.73>
ST_1 : Operation 137 [1/1] (0.00ns)   --->   "%br_ln95 = br void %arrayidx2066.182.exit" [top_cmplx.cpp:95]   --->   Operation 137 'br' 'br_ln95' <Predicate = (!icmp_ln85 & select_ln85_1 == 7 & trunc_ln87 == 2) | (!icmp_ln85 & select_ln85_1 == 6 & trunc_ln87 == 2)> <Delay = 0.00>
ST_1 : Operation 138 [1/1] (0.00ns)   --->   "%br_ln95 = br void %arrayidx2066.182.exit" [top_cmplx.cpp:95]   --->   Operation 138 'br' 'br_ln95' <Predicate = (!icmp_ln85 & select_ln85_1 == 7 & trunc_ln87 == 1) | (!icmp_ln85 & select_ln85_1 == 6 & trunc_ln87 == 1)> <Delay = 0.00>
ST_1 : Operation 139 [1/1] (0.00ns)   --->   "%br_ln95 = br void %arrayidx2066.182.exit" [top_cmplx.cpp:95]   --->   Operation 139 'br' 'br_ln95' <Predicate = (!icmp_ln85 & select_ln85_1 == 7 & trunc_ln87 == 0) | (!icmp_ln85 & select_ln85_1 == 6 & trunc_ln87 == 0)> <Delay = 0.00>
ST_1 : Operation 140 [1/1] (0.00ns)   --->   "%br_ln95 = br void %arrayidx2066.182.exit" [top_cmplx.cpp:95]   --->   Operation 140 'br' 'br_ln95' <Predicate = (!icmp_ln85 & select_ln85_1 == 7 & trunc_ln87 == 3) | (!icmp_ln85 & select_ln85_1 == 6 & trunc_ln87 == 3)> <Delay = 0.00>
ST_1 : Operation 141 [1/1] (0.67ns)   --->   "%add_ln87 = add i3 %select_ln85, i3 1" [top_cmplx.cpp:87]   --->   Operation 141 'add' 'add_ln87' <Predicate = (!icmp_ln85)> <Delay = 0.67> <CoreInst = "Adder">   --->   Core 1 'Adder' <Latency = 0> <II = 1> <Delay = 0.67> <FuncUnit> <Opcode : 'add' 'sub'> <InPorts = 2> <OutPorts = 1>
ST_1 : Operation 142 [1/1] (0.42ns)   --->   "%store_ln85 = store i5 %add_ln85, i5 %indvar_flatten" [top_cmplx.cpp:85]   --->   Operation 142 'store' 'store_ln85' <Predicate = (!icmp_ln85)> <Delay = 0.42>
ST_1 : Operation 143 [1/1] (0.42ns)   --->   "%store_ln85 = store i3 %select_ln85_1, i3 %i" [top_cmplx.cpp:85]   --->   Operation 143 'store' 'store_ln85' <Predicate = (!icmp_ln85)> <Delay = 0.42>
ST_1 : Operation 144 [1/1] (0.42ns)   --->   "%store_ln87 = store i3 %add_ln87, i3 %j" [top_cmplx.cpp:87]   --->   Operation 144 'store' 'store_ln87' <Predicate = (!icmp_ln85)> <Delay = 0.42>
ST_1 : Operation 145 [1/1] (0.00ns)   --->   "%br_ln87 = br void %for.body4" [top_cmplx.cpp:87]   --->   Operation 145 'br' 'br_ln87' <Predicate = (!icmp_ln85)> <Delay = 0.00>

State 2 <SV = 1> <Delay = 8.75>
ST_2 : Operation 146 [1/1] (0.00ns) (grouped into LUT with out node add_ln91_1)   --->   "%shl_ln = bitconcatenate i6 @_ssdm_op_BitConcatenate.i6.i3.i3, i3 %select_ln85_1, i3 0" [top_cmplx.cpp:87]   --->   Operation 146 'bitconcatenate' 'shl_ln' <Predicate = (!icmp_ln85)> <Delay = 0.00>
ST_2 : Operation 147 [1/1] (0.00ns) (grouped into LUT with out node add_ln91_1)   --->   "%or_ln87 = or i6 %shl_ln, i6 1" [top_cmplx.cpp:87]   --->   Operation 147 'or' 'or_ln87' <Predicate = (!icmp_ln85)> <Delay = 0.00>
ST_2 : Operation 148 [1/1] (0.00ns) (grouped into LUT with out node add_ln91_1)   --->   "%shl_ln87 = shl i3 %select_ln85, i3 1" [top_cmplx.cpp:87]   --->   Operation 148 'shl' 'shl_ln87' <Predicate = (!icmp_ln85)> <Delay = 0.00>
ST_2 : Operation 149 [1/1] (0.00ns)   --->   "%sext_ln91 = sext i61 %trunc_ln91_2" [top_cmplx.cpp:91]   --->   Operation 149 'sext' 'sext_ln91' <Predicate = (!icmp_ln85)> <Delay = 0.00>
ST_2 : Operation 150 [1/1] (0.00ns)   --->   "%memA_addr = getelementptr i64 %memA, i64 %sext_ln91" [top_cmplx.cpp:91]   --->   Operation 150 'getelementptr' 'memA_addr' <Predicate = (!icmp_ln85)> <Delay = 0.00>
ST_2 : Operation 151 [8/8] (8.75ns)   --->   "%memA_load_req = readreq i1 @_ssdm_op_ReadReq.m_axi.i64P1A, i64 %memA_addr, i32 1" [top_cmplx.cpp:91]   --->   Operation 151 'readreq' 'memA_load_req' <Predicate = (!icmp_ln85)> <Delay = 8.75> <CoreInst = "m_axi">   --->   Core 121 'm_axi' <Latency = 0> <II = 1> <Delay = 1.00> <Adapter> <Opcode : 'read' 'write' 'readreq' 'writereq' 'writeresp'>
ST_2 : Operation 152 [1/1] (0.00ns) (grouped into LUT with out node add_ln91_1)   --->   "%or_ln91 = or i3 %shl_ln87, i3 1" [top_cmplx.cpp:91]   --->   Operation 152 'or' 'or_ln91' <Predicate = (!icmp_ln85)> <Delay = 0.00>
ST_2 : Operation 153 [1/1] (0.00ns) (grouped into LUT with out node add_ln91_1)   --->   "%tmp_s = partselect i3 @_ssdm_op_PartSelect.i3.i6.i32.i32, i6 %or_ln87, i32 3, i32 5" [top_cmplx.cpp:91]   --->   Operation 153 'partselect' 'tmp_s' <Predicate = (!icmp_ln85)> <Delay = 0.00>
ST_2 : Operation 154 [1/1] (0.00ns) (grouped into LUT with out node add_ln91_1)   --->   "%tmp_58 = bitconcatenate i8 @_ssdm_op_BitConcatenate.i8.i3.i3.i2, i3 %tmp_s, i3 %or_ln91, i2 0" [top_cmplx.cpp:91]   --->   Operation 154 'bitconcatenate' 'tmp_58' <Predicate = (!icmp_ln85)> <Delay = 0.00>
ST_2 : Operation 155 [1/1] (0.00ns) (grouped into LUT with out node add_ln91_1)   --->   "%zext_ln91_2 = zext i8 %tmp_58" [top_cmplx.cpp:91]   --->   Operation 155 'zext' 'zext_ln91_2' <Predicate = (!icmp_ln85)> <Delay = 0.00>
ST_2 : Operation 156 [1/1] (1.08ns) (out node of the LUT)   --->   "%add_ln91_1 = add i64 %zext_ln91_2, i64 %A_DRAM_read" [top_cmplx.cpp:91]   --->   Operation 156 'add' 'add_ln91_1' <Predicate = (!icmp_ln85)> <Delay = 1.08> <CoreInst = "Adder">   --->   Core 1 'Adder' <Latency = 0> <II = 1> <Delay = 1.08> <FuncUnit> <Opcode : 'add' 'sub'> <InPorts = 2> <OutPorts = 1>
ST_2 : Operation 157 [1/1] (0.00ns)   --->   "%trunc_ln91_3 = partselect i61 @_ssdm_op_PartSelect.i61.i64.i32.i32, i64 %add_ln91_1, i32 3, i32 63" [top_cmplx.cpp:91]   --->   Operation 157 'partselect' 'trunc_ln91_3' <Predicate = (!icmp_ln85)> <Delay = 0.00>
ST_2 : Operation 158 [1/1] (0.67ns)   --->   "%icmp_ln98 = icmp_eq  i3 %select_ln85_1, i3 %select_ln85" [top_cmplx.cpp:98]   --->   Operation 158 'icmp' 'icmp_ln98' <Predicate = (!icmp_ln85)> <Delay = 0.67> <CoreInst = "Cmp">   --->   Core 9 'Cmp' <Latency = 0> <II = 1> <Delay = 0.67> <FuncUnit> <Opcode : 'icmp'> <InPorts = 2> <OutPorts = 1>
ST_2 : Operation 159 [1/1] (0.00ns)   --->   "%br_ln98 = br i1 %icmp_ln98, void %if.else, void %if.then" [top_cmplx.cpp:98]   --->   Operation 159 'br' 'br_ln98' <Predicate = (!icmp_ln85)> <Delay = 0.00>
ST_2 : Operation 160 [1/1] (0.73ns)   --->   "%switch_ln105 = switch i3 %select_ln85_1, void %real3668.case.6, i3 0, void %real3668.case.0, i3 1, void %real3668.case.1, i3 2, void %real3668.case.2, i3 3, void %real3668.case.3, i3 4, void %real3668.case.4, i3 5, void %real3668.case.5" [top_cmplx.cpp:105]   --->   Operation 160 'switch' 'switch_ln105' <Predicate = (!icmp_ln85 & !icmp_ln98)> <Delay = 0.73>
ST_2 : Operation 161 [1/1] (0.00ns)   --->   "%mux_case_14563696_out_load = load i32 %mux_case_14563696_out" [top_cmplx.cpp:105]   --->   Operation 161 'load' 'mux_case_14563696_out_load' <Predicate = (!icmp_ln85 & select_ln85_1 == 5 & !icmp_ln98)> <Delay = 0.00>
ST_2 : Operation 162 [1/1] (0.54ns)   --->   "%icmp_ln105_4 = icmp_eq  i2 %trunc_ln87, i2 1" [top_cmplx.cpp:105]   --->   Operation 162 'icmp' 'icmp_ln105_4' <Predicate = (!icmp_ln85 & select_ln85_1 == 5 & !icmp_ln98)> <Delay = 0.54> <CoreInst = "Cmp">   --->   Core 9 'Cmp' <Latency = 0> <II = 1> <Delay = 0.54> <FuncUnit> <Opcode : 'icmp'> <InPorts = 2> <OutPorts = 1>
ST_2 : Operation 163 [1/1] (0.44ns)   --->   "%select_ln105_4 = select i1 %icmp_ln105_4, i32 0, i32 %mux_case_14563696_out_load" [top_cmplx.cpp:105]   --->   Operation 163 'select' 'select_ln105_4' <Predicate = (!icmp_ln85 & select_ln85_1 == 5 & !icmp_ln98)> <Delay = 0.44> <CoreInst = "Sel">   --->   Core 73 'Sel' <Latency = 0> <II = 1> <Delay = 0.44> <FuncUnit> <Opcode : 'select'> <InPorts = 3> <OutPorts = 1>
ST_2 : Operation 164 [1/1] (0.42ns)   --->   "%store_ln105 = store i32 %select_ln105_4, i32 %mux_case_14563696_out" [top_cmplx.cpp:105]   --->   Operation 164 'store' 'store_ln105' <Predicate = (!icmp_ln85 & select_ln85_1 == 5 & !icmp_ln98)> <Delay = 0.42>
ST_2 : Operation 165 [1/1] (0.00ns)   --->   "%br_ln105 = br void %for.inc" [top_cmplx.cpp:105]   --->   Operation 165 'br' 'br_ln105' <Predicate = (!icmp_ln85 & select_ln85_1 == 5 & !icmp_ln98)> <Delay = 0.00>
ST_2 : Operation 166 [1/1] (0.00ns)   --->   "%mux_case_04503655_out_load = load i32 %mux_case_04503655_out" [top_cmplx.cpp:105]   --->   Operation 166 'load' 'mux_case_04503655_out_load' <Predicate = (!icmp_ln85 & select_ln85_1 == 4 & !icmp_ln98)> <Delay = 0.00>
ST_2 : Operation 167 [1/1] (0.54ns)   --->   "%icmp_ln105_3 = icmp_eq  i2 %trunc_ln87, i2 0" [top_cmplx.cpp:105]   --->   Operation 167 'icmp' 'icmp_ln105_3' <Predicate = (!icmp_ln85 & select_ln85_1 == 4 & !icmp_ln98)> <Delay = 0.54> <CoreInst = "Cmp">   --->   Core 9 'Cmp' <Latency = 0> <II = 1> <Delay = 0.54> <FuncUnit> <Opcode : 'icmp'> <InPorts = 2> <OutPorts = 1>
ST_2 : Operation 168 [1/1] (0.44ns)   --->   "%select_ln105_3 = select i1 %icmp_ln105_3, i32 0, i32 %mux_case_04503655_out_load" [top_cmplx.cpp:105]   --->   Operation 168 'select' 'select_ln105_3' <Predicate = (!icmp_ln85 & select_ln85_1 == 4 & !icmp_ln98)> <Delay = 0.44> <CoreInst = "Sel">   --->   Core 73 'Sel' <Latency = 0> <II = 1> <Delay = 0.44> <FuncUnit> <Opcode : 'select'> <InPorts = 3> <OutPorts = 1>
ST_2 : Operation 169 [1/1] (0.42ns)   --->   "%store_ln105 = store i32 %select_ln105_3, i32 %mux_case_04503655_out" [top_cmplx.cpp:105]   --->   Operation 169 'store' 'store_ln105' <Predicate = (!icmp_ln85 & select_ln85_1 == 4 & !icmp_ln98)> <Delay = 0.42>
ST_2 : Operation 170 [1/1] (0.00ns)   --->   "%br_ln105 = br void %for.inc" [top_cmplx.cpp:105]   --->   Operation 170 'br' 'br_ln105' <Predicate = (!icmp_ln85 & select_ln85_1 == 4 & !icmp_ln98)> <Delay = 0.00>
ST_2 : Operation 171 [1/1] (0.54ns)   --->   "%icmp_ln105_6 = icmp_eq  i2 %trunc_ln87, i2 2" [top_cmplx.cpp:105]   --->   Operation 171 'icmp' 'icmp_ln105_6' <Predicate = (!icmp_ln85 & select_ln85_1 == 2 & !icmp_ln98)> <Delay = 0.54> <CoreInst = "Cmp">   --->   Core 9 'Cmp' <Latency = 0> <II = 1> <Delay = 0.54> <FuncUnit> <Opcode : 'icmp'> <InPorts = 2> <OutPorts = 1>
ST_2 : Operation 172 [1/1] (0.00ns)   --->   "%br_ln105 = br i1 %icmp_ln105_6, void %for.inc, void %real3668.case.2.for.inc_crit_edge" [top_cmplx.cpp:105]   --->   Operation 172 'br' 'br_ln105' <Predicate = (!icmp_ln85 & select_ln85_1 == 2 & !icmp_ln98)> <Delay = 0.00>
ST_2 : Operation 173 [1/1] (0.47ns)   --->   "%store_ln0 = store i32 0, i32 %mux_case_24423605_out"   --->   Operation 173 'store' 'store_ln0' <Predicate = (!icmp_ln85 & select_ln85_1 == 2 & !icmp_ln98 & icmp_ln105_6)> <Delay = 0.47>
ST_2 : Operation 174 [1/1] (0.00ns)   --->   "%br_ln105 = br void %for.inc" [top_cmplx.cpp:105]   --->   Operation 174 'br' 'br_ln105' <Predicate = (!icmp_ln85 & select_ln85_1 == 2 & !icmp_ln98 & icmp_ln105_6)> <Delay = 0.00>
ST_2 : Operation 175 [1/1] (0.54ns)   --->   "%icmp_ln105_5 = icmp_eq  i2 %trunc_ln87, i2 2" [top_cmplx.cpp:105]   --->   Operation 175 'icmp' 'icmp_ln105_5' <Predicate = (!icmp_ln85 & select_ln85_1 == 7 & !icmp_ln98) | (!icmp_ln85 & select_ln85_1 == 6 & !icmp_ln98)> <Delay = 0.54> <CoreInst = "Cmp">   --->   Core 9 'Cmp' <Latency = 0> <II = 1> <Delay = 0.54> <FuncUnit> <Opcode : 'icmp'> <InPorts = 2> <OutPorts = 1>
ST_2 : Operation 176 [1/1] (0.00ns)   --->   "%br_ln105 = br i1 %icmp_ln105_5, void %for.inc, void %real3668.case.6.for.inc_crit_edge" [top_cmplx.cpp:105]   --->   Operation 176 'br' 'br_ln105' <Predicate = (!icmp_ln85 & select_ln85_1 == 7 & !icmp_ln98) | (!icmp_ln85 & select_ln85_1 == 6 & !icmp_ln98)> <Delay = 0.00>
ST_2 : Operation 177 [1/1] (0.42ns)   --->   "%store_ln0 = store i32 0, i32 %mux_case_25173935_out"   --->   Operation 177 'store' 'store_ln0' <Predicate = (!icmp_ln85 & select_ln85_1 == 7 & !icmp_ln98 & icmp_ln105_5) | (!icmp_ln85 & select_ln85_1 == 6 & !icmp_ln98 & icmp_ln105_5)> <Delay = 0.42>
ST_2 : Operation 178 [1/1] (0.00ns)   --->   "%br_ln105 = br void %for.inc" [top_cmplx.cpp:105]   --->   Operation 178 'br' 'br_ln105' <Predicate = (!icmp_ln85 & select_ln85_1 == 7 & !icmp_ln98 & icmp_ln105_5) | (!icmp_ln85 & select_ln85_1 == 6 & !icmp_ln98 & icmp_ln105_5)> <Delay = 0.00>
ST_2 : Operation 179 [1/1] (0.73ns)   --->   "%switch_ln100 = switch i3 %select_ln85, void %if.then.for.inc_crit_edge, i3 3, void %imag3174.case.3, i3 1, void %if.then.for.inc_crit_edge8, i3 2, void %imag3174.case.2" [top_cmplx.cpp:100]   --->   Operation 179 'switch' 'switch_ln100' <Predicate = (!icmp_ln85 & icmp_ln98)> <Delay = 0.73>
ST_2 : Operation 180 [1/1] (0.47ns)   --->   "%store_ln0 = store i32 1, i32 %mux_case_24423605_out"   --->   Operation 180 'store' 'store_ln0' <Predicate = (!icmp_ln85 & icmp_ln98 & select_ln85 == 2)> <Delay = 0.47>
ST_2 : Operation 181 [1/1] (0.00ns)   --->   "%br_ln101 = br void %for.inc" [top_cmplx.cpp:101]   --->   Operation 181 'br' 'br_ln101' <Predicate = (!icmp_ln85 & icmp_ln98 & select_ln85 == 2)> <Delay = 0.00>
ST_2 : Operation 182 [1/1] (0.47ns)   --->   "%store_ln0 = store i32 1, i32 %mux_case_14363564_out"   --->   Operation 182 'store' 'store_ln0' <Predicate = (!icmp_ln85 & icmp_ln98 & select_ln85 == 1)> <Delay = 0.47>
ST_2 : Operation 183 [1/1] (0.00ns)   --->   "%br_ln100 = br void %for.inc" [top_cmplx.cpp:100]   --->   Operation 183 'br' 'br_ln100' <Predicate = (!icmp_ln85 & icmp_ln98 & select_ln85 == 1)> <Delay = 0.00>
ST_2 : Operation 184 [1/1] (0.47ns)   --->   "%store_ln0 = store i32 1, i32 %mux_case_34483646_out"   --->   Operation 184 'store' 'store_ln0' <Predicate = (!icmp_ln85 & icmp_ln98 & select_ln85 == 3)> <Delay = 0.47>
ST_2 : Operation 185 [1/1] (0.00ns)   --->   "%br_ln101 = br void %for.inc" [top_cmplx.cpp:101]   --->   Operation 185 'br' 'br_ln101' <Predicate = (!icmp_ln85 & icmp_ln98 & select_ln85 == 3)> <Delay = 0.00>
ST_2 : Operation 186 [1/1] (0.47ns)   --->   "%store_ln0 = store i32 1, i32 %mux_case_04303523_out"   --->   Operation 186 'store' 'store_ln0' <Predicate = (!icmp_ln85 & icmp_ln98 & select_ln85 != 3 & select_ln85 != 1 & select_ln85 != 2)> <Delay = 0.47>
ST_2 : Operation 187 [1/1] (0.00ns)   --->   "%br_ln100 = br void %for.inc" [top_cmplx.cpp:100]   --->   Operation 187 'br' 'br_ln100' <Predicate = (!icmp_ln85 & icmp_ln98 & select_ln85 != 3 & select_ln85 != 1 & select_ln85 != 2)> <Delay = 0.00>

State 3 <SV = 2> <Delay = 8.75>
ST_3 : Operation 188 [7/8] (8.75ns)   --->   "%memA_load_req = readreq i1 @_ssdm_op_ReadReq.m_axi.i64P1A, i64 %memA_addr, i32 1" [top_cmplx.cpp:91]   --->   Operation 188 'readreq' 'memA_load_req' <Predicate = true> <Delay = 8.75> <CoreInst = "m_axi">   --->   Core 121 'm_axi' <Latency = 0> <II = 1> <Delay = 1.00> <Adapter> <Opcode : 'read' 'write' 'readreq' 'writereq' 'writeresp'>
ST_3 : Operation 189 [1/1] (0.00ns)   --->   "%sext_ln91_1 = sext i61 %trunc_ln91_3" [top_cmplx.cpp:91]   --->   Operation 189 'sext' 'sext_ln91_1' <Predicate = true> <Delay = 0.00>
ST_3 : Operation 190 [1/1] (0.00ns)   --->   "%memA_addr_1 = getelementptr i64 %memA, i64 %sext_ln91_1" [top_cmplx.cpp:91]   --->   Operation 190 'getelementptr' 'memA_addr_1' <Predicate = true> <Delay = 0.00>
ST_3 : Operation 191 [8/8] (8.75ns)   --->   "%memA_load_1_req = readreq i1 @_ssdm_op_ReadReq.m_axi.i64P1A, i64 %memA_addr_1, i32 1" [top_cmplx.cpp:91]   --->   Operation 191 'readreq' 'memA_load_1_req' <Predicate = true> <Delay = 8.75> <CoreInst = "m_axi">   --->   Core 121 'm_axi' <Latency = 0> <II = 1> <Delay = 1.00> <Adapter> <Opcode : 'read' 'write' 'readreq' 'writereq' 'writeresp'>

State 4 <SV = 3> <Delay = 8.75>
ST_4 : Operation 192 [6/8] (8.75ns)   --->   "%memA_load_req = readreq i1 @_ssdm_op_ReadReq.m_axi.i64P1A, i64 %memA_addr, i32 1" [top_cmplx.cpp:91]   --->   Operation 192 'readreq' 'memA_load_req' <Predicate = true> <Delay = 8.75> <CoreInst = "m_axi">   --->   Core 121 'm_axi' <Latency = 0> <II = 1> <Delay = 1.00> <Adapter> <Opcode : 'read' 'write' 'readreq' 'writereq' 'writeresp'>
ST_4 : Operation 193 [7/8] (8.75ns)   --->   "%memA_load_1_req = readreq i1 @_ssdm_op_ReadReq.m_axi.i64P1A, i64 %memA_addr_1, i32 1" [top_cmplx.cpp:91]   --->   Operation 193 'readreq' 'memA_load_1_req' <Predicate = true> <Delay = 8.75> <CoreInst = "m_axi">   --->   Core 121 'm_axi' <Latency = 0> <II = 1> <Delay = 1.00> <Adapter> <Opcode : 'read' 'write' 'readreq' 'writereq' 'writeresp'>
ST_4 : Operation 194 [1/1] (0.00ns)   --->   "%mux_case_34483646_out_load = load i32 %mux_case_34483646_out" [top_cmplx.cpp:105]   --->   Operation 194 'load' 'mux_case_34483646_out_load' <Predicate = (select_ln85_1 == 3 & !icmp_ln98)> <Delay = 0.00>
ST_4 : Operation 195 [1/1] (0.54ns)   --->   "%icmp_ln105_2 = icmp_ne  i2 %trunc_ln87, i2 3" [top_cmplx.cpp:105]   --->   Operation 195 'icmp' 'icmp_ln105_2' <Predicate = (select_ln85_1 == 3 & !icmp_ln98)> <Delay = 0.54> <CoreInst = "Cmp">   --->   Core 9 'Cmp' <Latency = 0> <II = 1> <Delay = 0.54> <FuncUnit> <Opcode : 'icmp'> <InPorts = 2> <OutPorts = 1>
ST_4 : Operation 196 [1/1] (0.44ns)   --->   "%select_ln105_2 = select i1 %icmp_ln105_2, i32 %mux_case_34483646_out_load, i32 0" [top_cmplx.cpp:105]   --->   Operation 196 'select' 'select_ln105_2' <Predicate = (select_ln85_1 == 3 & !icmp_ln98)> <Delay = 0.44> <CoreInst = "Sel">   --->   Core 73 'Sel' <Latency = 0> <II = 1> <Delay = 0.44> <FuncUnit> <Opcode : 'select'> <InPorts = 3> <OutPorts = 1>
ST_4 : Operation 197 [1/1] (0.47ns)   --->   "%store_ln105 = store i32 %select_ln105_2, i32 %mux_case_34483646_out" [top_cmplx.cpp:105]   --->   Operation 197 'store' 'store_ln105' <Predicate = (select_ln85_1 == 3 & !icmp_ln98)> <Delay = 0.47>
ST_4 : Operation 198 [1/1] (0.00ns)   --->   "%br_ln105 = br void %for.inc" [top_cmplx.cpp:105]   --->   Operation 198 'br' 'br_ln105' <Predicate = (select_ln85_1 == 3 & !icmp_ln98)> <Delay = 0.00>
ST_4 : Operation 199 [1/1] (0.00ns)   --->   "%mux_case_14363564_out_load = load i32 %mux_case_14363564_out" [top_cmplx.cpp:105]   --->   Operation 199 'load' 'mux_case_14363564_out_load' <Predicate = (select_ln85_1 == 1 & !icmp_ln98)> <Delay = 0.00>
ST_4 : Operation 200 [1/1] (0.54ns)   --->   "%icmp_ln105_1 = icmp_eq  i2 %trunc_ln87, i2 1" [top_cmplx.cpp:105]   --->   Operation 200 'icmp' 'icmp_ln105_1' <Predicate = (select_ln85_1 == 1 & !icmp_ln98)> <Delay = 0.54> <CoreInst = "Cmp">   --->   Core 9 'Cmp' <Latency = 0> <II = 1> <Delay = 0.54> <FuncUnit> <Opcode : 'icmp'> <InPorts = 2> <OutPorts = 1>
ST_4 : Operation 201 [1/1] (0.44ns)   --->   "%select_ln105_1 = select i1 %icmp_ln105_1, i32 0, i32 %mux_case_14363564_out_load" [top_cmplx.cpp:105]   --->   Operation 201 'select' 'select_ln105_1' <Predicate = (select_ln85_1 == 1 & !icmp_ln98)> <Delay = 0.44> <CoreInst = "Sel">   --->   Core 73 'Sel' <Latency = 0> <II = 1> <Delay = 0.44> <FuncUnit> <Opcode : 'select'> <InPorts = 3> <OutPorts = 1>
ST_4 : Operation 202 [1/1] (0.47ns)   --->   "%store_ln105 = store i32 %select_ln105_1, i32 %mux_case_14363564_out" [top_cmplx.cpp:105]   --->   Operation 202 'store' 'store_ln105' <Predicate = (select_ln85_1 == 1 & !icmp_ln98)> <Delay = 0.47>
ST_4 : Operation 203 [1/1] (0.00ns)   --->   "%br_ln105 = br void %for.inc" [top_cmplx.cpp:105]   --->   Operation 203 'br' 'br_ln105' <Predicate = (select_ln85_1 == 1 & !icmp_ln98)> <Delay = 0.00>
ST_4 : Operation 204 [1/1] (0.00ns)   --->   "%mux_case_04303523_out_load = load i32 %mux_case_04303523_out" [top_cmplx.cpp:105]   --->   Operation 204 'load' 'mux_case_04303523_out_load' <Predicate = (select_ln85_1 == 0 & !icmp_ln98)> <Delay = 0.00>
ST_4 : Operation 205 [1/1] (0.54ns)   --->   "%icmp_ln105 = icmp_eq  i2 %trunc_ln87, i2 0" [top_cmplx.cpp:105]   --->   Operation 205 'icmp' 'icmp_ln105' <Predicate = (select_ln85_1 == 0 & !icmp_ln98)> <Delay = 0.54> <CoreInst = "Cmp">   --->   Core 9 'Cmp' <Latency = 0> <II = 1> <Delay = 0.54> <FuncUnit> <Opcode : 'icmp'> <InPorts = 2> <OutPorts = 1>
ST_4 : Operation 206 [1/1] (0.44ns)   --->   "%select_ln105 = select i1 %icmp_ln105, i32 0, i32 %mux_case_04303523_out_load" [top_cmplx.cpp:105]   --->   Operation 206 'select' 'select_ln105' <Predicate = (select_ln85_1 == 0 & !icmp_ln98)> <Delay = 0.44> <CoreInst = "Sel">   --->   Core 73 'Sel' <Latency = 0> <II = 1> <Delay = 0.44> <FuncUnit> <Opcode : 'select'> <InPorts = 3> <OutPorts = 1>
ST_4 : Operation 207 [1/1] (0.47ns)   --->   "%store_ln105 = store i32 %select_ln105, i32 %mux_case_04303523_out" [top_cmplx.cpp:105]   --->   Operation 207 'store' 'store_ln105' <Predicate = (select_ln85_1 == 0 & !icmp_ln98)> <Delay = 0.47>
ST_4 : Operation 208 [1/1] (0.00ns)   --->   "%br_ln105 = br void %for.inc" [top_cmplx.cpp:105]   --->   Operation 208 'br' 'br_ln105' <Predicate = (select_ln85_1 == 0 & !icmp_ln98)> <Delay = 0.00>

State 5 <SV = 4> <Delay = 8.75>
ST_5 : Operation 209 [5/8] (8.75ns)   --->   "%memA_load_req = readreq i1 @_ssdm_op_ReadReq.m_axi.i64P1A, i64 %memA_addr, i32 1" [top_cmplx.cpp:91]   --->   Operation 209 'readreq' 'memA_load_req' <Predicate = true> <Delay = 8.75> <CoreInst = "m_axi">   --->   Core 121 'm_axi' <Latency = 0> <II = 1> <Delay = 1.00> <Adapter> <Opcode : 'read' 'write' 'readreq' 'writereq' 'writeresp'>
ST_5 : Operation 210 [6/8] (8.75ns)   --->   "%memA_load_1_req = readreq i1 @_ssdm_op_ReadReq.m_axi.i64P1A, i64 %memA_addr_1, i32 1" [top_cmplx.cpp:91]   --->   Operation 210 'readreq' 'memA_load_1_req' <Predicate = true> <Delay = 8.75> <CoreInst = "m_axi">   --->   Core 121 'm_axi' <Latency = 0> <II = 1> <Delay = 1.00> <Adapter> <Opcode : 'read' 'write' 'readreq' 'writereq' 'writeresp'>

State 6 <SV = 5> <Delay = 8.75>
ST_6 : Operation 211 [4/8] (8.75ns)   --->   "%memA_load_req = readreq i1 @_ssdm_op_ReadReq.m_axi.i64P1A, i64 %memA_addr, i32 1" [top_cmplx.cpp:91]   --->   Operation 211 'readreq' 'memA_load_req' <Predicate = true> <Delay = 8.75> <CoreInst = "m_axi">   --->   Core 121 'm_axi' <Latency = 0> <II = 1> <Delay = 1.00> <Adapter> <Opcode : 'read' 'write' 'readreq' 'writereq' 'writeresp'>
ST_6 : Operation 212 [5/8] (8.75ns)   --->   "%memA_load_1_req = readreq i1 @_ssdm_op_ReadReq.m_axi.i64P1A, i64 %memA_addr_1, i32 1" [top_cmplx.cpp:91]   --->   Operation 212 'readreq' 'memA_load_1_req' <Predicate = true> <Delay = 8.75> <CoreInst = "m_axi">   --->   Core 121 'm_axi' <Latency = 0> <II = 1> <Delay = 1.00> <Adapter> <Opcode : 'read' 'write' 'readreq' 'writereq' 'writeresp'>

State 7 <SV = 6> <Delay = 8.75>
ST_7 : Operation 213 [3/8] (8.75ns)   --->   "%memA_load_req = readreq i1 @_ssdm_op_ReadReq.m_axi.i64P1A, i64 %memA_addr, i32 1" [top_cmplx.cpp:91]   --->   Operation 213 'readreq' 'memA_load_req' <Predicate = true> <Delay = 8.75> <CoreInst = "m_axi">   --->   Core 121 'm_axi' <Latency = 0> <II = 1> <Delay = 1.00> <Adapter> <Opcode : 'read' 'write' 'readreq' 'writereq' 'writeresp'>
ST_7 : Operation 214 [4/8] (8.75ns)   --->   "%memA_load_1_req = readreq i1 @_ssdm_op_ReadReq.m_axi.i64P1A, i64 %memA_addr_1, i32 1" [top_cmplx.cpp:91]   --->   Operation 214 'readreq' 'memA_load_1_req' <Predicate = true> <Delay = 8.75> <CoreInst = "m_axi">   --->   Core 121 'm_axi' <Latency = 0> <II = 1> <Delay = 1.00> <Adapter> <Opcode : 'read' 'write' 'readreq' 'writereq' 'writeresp'>

State 8 <SV = 7> <Delay = 8.75>
ST_8 : Operation 215 [2/8] (8.75ns)   --->   "%memA_load_req = readreq i1 @_ssdm_op_ReadReq.m_axi.i64P1A, i64 %memA_addr, i32 1" [top_cmplx.cpp:91]   --->   Operation 215 'readreq' 'memA_load_req' <Predicate = true> <Delay = 8.75> <CoreInst = "m_axi">   --->   Core 121 'm_axi' <Latency = 0> <II = 1> <Delay = 1.00> <Adapter> <Opcode : 'read' 'write' 'readreq' 'writereq' 'writeresp'>
ST_8 : Operation 216 [3/8] (8.75ns)   --->   "%memA_load_1_req = readreq i1 @_ssdm_op_ReadReq.m_axi.i64P1A, i64 %memA_addr_1, i32 1" [top_cmplx.cpp:91]   --->   Operation 216 'readreq' 'memA_load_1_req' <Predicate = true> <Delay = 8.75> <CoreInst = "m_axi">   --->   Core 121 'm_axi' <Latency = 0> <II = 1> <Delay = 1.00> <Adapter> <Opcode : 'read' 'write' 'readreq' 'writereq' 'writeresp'>

State 9 <SV = 8> <Delay = 8.75>
ST_9 : Operation 217 [1/8] (8.75ns)   --->   "%memA_load_req = readreq i1 @_ssdm_op_ReadReq.m_axi.i64P1A, i64 %memA_addr, i32 1" [top_cmplx.cpp:91]   --->   Operation 217 'readreq' 'memA_load_req' <Predicate = true> <Delay = 8.75> <CoreInst = "m_axi">   --->   Core 121 'm_axi' <Latency = 0> <II = 1> <Delay = 1.00> <Adapter> <Opcode : 'read' 'write' 'readreq' 'writereq' 'writeresp'>
ST_9 : Operation 218 [2/8] (8.75ns)   --->   "%memA_load_1_req = readreq i1 @_ssdm_op_ReadReq.m_axi.i64P1A, i64 %memA_addr_1, i32 1" [top_cmplx.cpp:91]   --->   Operation 218 'readreq' 'memA_load_1_req' <Predicate = true> <Delay = 8.75> <CoreInst = "m_axi">   --->   Core 121 'm_axi' <Latency = 0> <II = 1> <Delay = 1.00> <Adapter> <Opcode : 'read' 'write' 'readreq' 'writereq' 'writeresp'>

State 10 <SV = 9> <Delay = 8.75>
ST_10 : Operation 219 [1/1] (8.75ns)   --->   "%memA_addr_read = read i64 @_ssdm_op_Read.m_axi.i64P1A, i64 %memA_addr" [top_cmplx.cpp:91]   --->   Operation 219 'read' 'memA_addr_read' <Predicate = true> <Delay = 8.75> <CoreInst = "m_axi">   --->   Core 121 'm_axi' <Latency = 0> <II = 1> <Delay = 1.00> <Adapter> <Opcode : 'read' 'write' 'readreq' 'writereq' 'writeresp'>
ST_10 : Operation 220 [1/8] (8.75ns)   --->   "%memA_load_1_req = readreq i1 @_ssdm_op_ReadReq.m_axi.i64P1A, i64 %memA_addr_1, i32 1" [top_cmplx.cpp:91]   --->   Operation 220 'readreq' 'memA_load_1_req' <Predicate = true> <Delay = 8.75> <CoreInst = "m_axi">   --->   Core 121 'm_axi' <Latency = 0> <II = 1> <Delay = 1.00> <Adapter> <Opcode : 'read' 'write' 'readreq' 'writereq' 'writeresp'>
ST_10 : Operation 291 [1/1] (0.00ns)   --->   "%ret_ln0 = ret"   --->   Operation 291 'ret' 'ret_ln0' <Predicate = (icmp_ln85)> <Delay = 0.00>

State 11 <SV = 10> <Delay = 8.75>
ST_11 : Operation 221 [1/1] (0.00ns)   --->   "%shl_ln1 = bitconcatenate i6 @_ssdm_op_BitConcatenate.i6.i3.i3, i3 %tmp, i3 0" [top_cmplx.cpp:91]   --->   Operation 221 'bitconcatenate' 'shl_ln1' <Predicate = true> <Delay = 0.00>
ST_11 : Operation 222 [1/1] (0.00ns)   --->   "%zext_ln91_1 = zext i6 %shl_ln1" [top_cmplx.cpp:91]   --->   Operation 222 'zext' 'zext_ln91_1' <Predicate = true> <Delay = 0.00>
ST_11 : Operation 223 [1/1] (1.53ns)   --->   "%lshr_ln91 = lshr i64 %memA_addr_read, i64 %zext_ln91_1" [top_cmplx.cpp:91]   --->   Operation 223 'lshr' 'lshr_ln91' <Predicate = true> <Delay = 1.53> <CoreInst = "Shifter">   --->   Core 75 'Shifter' <Latency = 0> <II = 1> <Delay = 1.53> <FuncUnit> <Opcode : 'shl' 'lshr' 'ashr'> <InPorts = 2> <OutPorts = 1>
ST_11 : Operation 224 [1/1] (0.00ns)   --->   "%trunc_ln91 = trunc i64 %lshr_ln91" [top_cmplx.cpp:91]   --->   Operation 224 'trunc' 'trunc_ln91' <Predicate = true> <Delay = 0.00>
ST_11 : Operation 225 [1/1] (0.00ns)   --->   "%R_real = bitcast i32 %trunc_ln91" [top_cmplx.cpp:91]   --->   Operation 225 'bitcast' 'R_real' <Predicate = true> <Delay = 0.00>
ST_11 : Operation 226 [1/1] (8.75ns)   --->   "%memA_addr_1_read = read i64 @_ssdm_op_Read.m_axi.i64P1A, i64 %memA_addr_1" [top_cmplx.cpp:91]   --->   Operation 226 'read' 'memA_addr_1_read' <Predicate = true> <Delay = 8.75> <CoreInst = "m_axi">   --->   Core 121 'm_axi' <Latency = 0> <II = 1> <Delay = 1.00> <Adapter> <Opcode : 'read' 'write' 'readreq' 'writereq' 'writeresp'>
ST_11 : Operation 227 [1/1] (0.42ns)   --->   "%store_ln91 = store i32 %R_real, i32 %mux_case_21133110_out" [top_cmplx.cpp:91]   --->   Operation 227 'store' 'store_ln91' <Predicate = (select_ln85_1 == 5 & trunc_ln87 == 2)> <Delay = 0.42>
ST_11 : Operation 228 [1/1] (0.42ns)   --->   "%store_ln91 = store i32 %R_real, i32 %mux_case_11123097_out" [top_cmplx.cpp:91]   --->   Operation 228 'store' 'store_ln91' <Predicate = (select_ln85_1 == 5 & trunc_ln87 == 1)> <Delay = 0.42>
ST_11 : Operation 229 [1/1] (0.42ns)   --->   "%store_ln91 = store i32 %R_real, i32 %mux_case_01113084_out" [top_cmplx.cpp:91]   --->   Operation 229 'store' 'store_ln91' <Predicate = (select_ln85_1 == 5 & trunc_ln87 == 0)> <Delay = 0.42>
ST_11 : Operation 230 [1/1] (0.42ns)   --->   "%store_ln91 = store i32 %R_real, i32 %mux_case_31143123_out" [top_cmplx.cpp:91]   --->   Operation 230 'store' 'store_ln91' <Predicate = (select_ln85_1 == 5 & trunc_ln87 == 3)> <Delay = 0.42>
ST_11 : Operation 231 [1/1] (0.42ns)   --->   "%store_ln91 = store i32 %R_real, i32 %mux_case_21093058_out" [top_cmplx.cpp:91]   --->   Operation 231 'store' 'store_ln91' <Predicate = (select_ln85_1 == 4 & trunc_ln87 == 2)> <Delay = 0.42>
ST_11 : Operation 232 [1/1] (0.42ns)   --->   "%store_ln91 = store i32 %R_real, i32 %mux_case_11083045_out" [top_cmplx.cpp:91]   --->   Operation 232 'store' 'store_ln91' <Predicate = (select_ln85_1 == 4 & trunc_ln87 == 1)> <Delay = 0.42>
ST_11 : Operation 233 [1/1] (0.42ns)   --->   "%store_ln91 = store i32 %R_real, i32 %mux_case_01073032_out" [top_cmplx.cpp:91]   --->   Operation 233 'store' 'store_ln91' <Predicate = (select_ln85_1 == 4 & trunc_ln87 == 0)> <Delay = 0.42>
ST_11 : Operation 234 [1/1] (0.42ns)   --->   "%store_ln91 = store i32 %R_real, i32 %mux_case_31103071_out" [top_cmplx.cpp:91]   --->   Operation 234 'store' 'store_ln91' <Predicate = (select_ln85_1 == 4 & trunc_ln87 == 3)> <Delay = 0.42>
ST_11 : Operation 235 [1/1] (0.42ns)   --->   "%store_ln91 = store i32 %R_real, i32 %mux_case_21043006_out" [top_cmplx.cpp:91]   --->   Operation 235 'store' 'store_ln91' <Predicate = (select_ln85_1 == 3 & trunc_ln87 == 2)> <Delay = 0.42>
ST_11 : Operation 236 [1/1] (0.42ns)   --->   "%store_ln91 = store i32 %R_real, i32 %mux_case_11032993_out" [top_cmplx.cpp:91]   --->   Operation 236 'store' 'store_ln91' <Predicate = (select_ln85_1 == 3 & trunc_ln87 == 1)> <Delay = 0.42>
ST_11 : Operation 237 [1/1] (0.42ns)   --->   "%store_ln91 = store i32 %R_real, i32 %mux_case_01022980_out" [top_cmplx.cpp:91]   --->   Operation 237 'store' 'store_ln91' <Predicate = (select_ln85_1 == 3 & trunc_ln87 == 0)> <Delay = 0.42>
ST_11 : Operation 238 [1/1] (0.42ns)   --->   "%store_ln91 = store i32 %R_real, i32 %mux_case_31053019_out" [top_cmplx.cpp:91]   --->   Operation 238 'store' 'store_ln91' <Predicate = (select_ln85_1 == 3 & trunc_ln87 == 3)> <Delay = 0.42>
ST_11 : Operation 239 [1/1] (0.42ns)   --->   "%store_ln91 = store i32 %R_real, i32 %mux_case_2992954_out" [top_cmplx.cpp:91]   --->   Operation 239 'store' 'store_ln91' <Predicate = (select_ln85_1 == 2 & trunc_ln87 == 2)> <Delay = 0.42>
ST_11 : Operation 240 [1/1] (0.42ns)   --->   "%store_ln91 = store i32 %R_real, i32 %mux_case_1982941_out" [top_cmplx.cpp:91]   --->   Operation 240 'store' 'store_ln91' <Predicate = (select_ln85_1 == 2 & trunc_ln87 == 1)> <Delay = 0.42>
ST_11 : Operation 241 [1/1] (0.42ns)   --->   "%store_ln91 = store i32 %R_real, i32 %mux_case_0972928_out" [top_cmplx.cpp:91]   --->   Operation 241 'store' 'store_ln91' <Predicate = (select_ln85_1 == 2 & trunc_ln87 == 0)> <Delay = 0.42>
ST_11 : Operation 242 [1/1] (0.42ns)   --->   "%store_ln91 = store i32 %R_real, i32 %mux_case_31002967_out" [top_cmplx.cpp:91]   --->   Operation 242 'store' 'store_ln91' <Predicate = (select_ln85_1 == 2 & trunc_ln87 == 3)> <Delay = 0.42>
ST_11 : Operation 243 [1/1] (0.42ns)   --->   "%store_ln91 = store i32 %R_real, i32 %mux_case_2942902_out" [top_cmplx.cpp:91]   --->   Operation 243 'store' 'store_ln91' <Predicate = (select_ln85_1 == 1 & trunc_ln87 == 2)> <Delay = 0.42>
ST_11 : Operation 244 [1/1] (0.42ns)   --->   "%store_ln91 = store i32 %R_real, i32 %mux_case_1932889_out" [top_cmplx.cpp:91]   --->   Operation 244 'store' 'store_ln91' <Predicate = (select_ln85_1 == 1 & trunc_ln87 == 1)> <Delay = 0.42>
ST_11 : Operation 245 [1/1] (0.42ns)   --->   "%store_ln91 = store i32 %R_real, i32 %mux_case_0922876_out" [top_cmplx.cpp:91]   --->   Operation 245 'store' 'store_ln91' <Predicate = (select_ln85_1 == 1 & trunc_ln87 == 0)> <Delay = 0.42>
ST_11 : Operation 246 [1/1] (0.42ns)   --->   "%store_ln91 = store i32 %R_real, i32 %mux_case_3952915_out" [top_cmplx.cpp:91]   --->   Operation 246 'store' 'store_ln91' <Predicate = (select_ln85_1 == 1 & trunc_ln87 == 3)> <Delay = 0.42>
ST_11 : Operation 247 [1/1] (0.42ns)   --->   "%store_ln91 = store i32 %R_real, i32 %mux_case_22851_out" [top_cmplx.cpp:91]   --->   Operation 247 'store' 'store_ln91' <Predicate = (select_ln85_1 == 0 & trunc_ln87 == 2)> <Delay = 0.42>
ST_11 : Operation 248 [1/1] (0.42ns)   --->   "%store_ln91 = store i32 %R_real, i32 %mux_case_12840_out" [top_cmplx.cpp:91]   --->   Operation 248 'store' 'store_ln91' <Predicate = (select_ln85_1 == 0 & trunc_ln87 == 1)> <Delay = 0.42>
ST_11 : Operation 249 [1/1] (0.42ns)   --->   "%store_ln91 = store i32 %R_real, i32 %mux_case_02829_out" [top_cmplx.cpp:91]   --->   Operation 249 'store' 'store_ln91' <Predicate = (select_ln85_1 == 0 & trunc_ln87 == 0)> <Delay = 0.42>
ST_11 : Operation 250 [1/1] (0.42ns)   --->   "%store_ln91 = store i32 %R_real, i32 %mux_case_32862_out" [top_cmplx.cpp:91]   --->   Operation 250 'store' 'store_ln91' <Predicate = (select_ln85_1 == 0 & trunc_ln87 == 3)> <Delay = 0.42>
ST_11 : Operation 251 [1/1] (0.42ns)   --->   "%store_ln91 = store i32 %R_real, i32 %mux_case_21723460_out" [top_cmplx.cpp:91]   --->   Operation 251 'store' 'store_ln91' <Predicate = (select_ln85_1 == 7 & trunc_ln87 == 2) | (select_ln85_1 == 6 & trunc_ln87 == 2)> <Delay = 0.42>
ST_11 : Operation 252 [1/1] (0.42ns)   --->   "%store_ln91 = store i32 %R_real, i32 %mux_case_11713449_out" [top_cmplx.cpp:91]   --->   Operation 252 'store' 'store_ln91' <Predicate = (select_ln85_1 == 7 & trunc_ln87 == 1) | (select_ln85_1 == 6 & trunc_ln87 == 1)> <Delay = 0.42>
ST_11 : Operation 253 [1/1] (0.42ns)   --->   "%store_ln91 = store i32 %R_real, i32 %mux_case_01703438_out" [top_cmplx.cpp:91]   --->   Operation 253 'store' 'store_ln91' <Predicate = (select_ln85_1 == 7 & trunc_ln87 == 0) | (select_ln85_1 == 6 & trunc_ln87 == 0)> <Delay = 0.42>
ST_11 : Operation 254 [1/1] (0.42ns)   --->   "%store_ln91 = store i32 %R_real, i32 %mux_case_31733471_out" [top_cmplx.cpp:91]   --->   Operation 254 'store' 'store_ln91' <Predicate = (select_ln85_1 == 7 & trunc_ln87 == 3) | (select_ln85_1 == 6 & trunc_ln87 == 3)> <Delay = 0.42>

State 12 <SV = 11> <Delay = 1.96>
ST_12 : Operation 255 [1/1] (0.00ns)   --->   "%specloopname_ln0 = specloopname void @_ssdm_op_SpecLoopName, void @READ_INIT_VITIS_LOOP_87_1_str"   --->   Operation 255 'specloopname' 'specloopname_ln0' <Predicate = true> <Delay = 0.00>
ST_12 : Operation 256 [1/1] (0.00ns)   --->   "%speclooptripcount_ln0 = speclooptripcount void @_ssdm_op_SpecLoopTripCount, i64 28, i64 28, i64 28"   --->   Operation 256 'speclooptripcount' 'speclooptripcount_ln0' <Predicate = true> <Delay = 0.00>
ST_12 : Operation 257 [1/1] (0.00ns)   --->   "%specpipeline_ln87 = specpipeline void @_ssdm_op_SpecPipeline, i32 4294967295, i32 0, i32 0, i32 0, void @empty_0" [top_cmplx.cpp:87]   --->   Operation 257 'specpipeline' 'specpipeline_ln87' <Predicate = true> <Delay = 0.00>
ST_12 : Operation 258 [1/1] (0.00ns)   --->   "%shl_ln91_1 = bitconcatenate i6 @_ssdm_op_BitConcatenate.i6.i3.i3, i3 %xor_ln85_read, i3 0" [top_cmplx.cpp:91]   --->   Operation 258 'bitconcatenate' 'shl_ln91_1' <Predicate = true> <Delay = 0.00>
ST_12 : Operation 259 [1/1] (0.00ns)   --->   "%zext_ln91_3 = zext i6 %shl_ln91_1" [top_cmplx.cpp:91]   --->   Operation 259 'zext' 'zext_ln91_3' <Predicate = true> <Delay = 0.00>
ST_12 : Operation 260 [1/1] (1.53ns)   --->   "%lshr_ln91_1 = lshr i64 %memA_addr_1_read, i64 %zext_ln91_3" [top_cmplx.cpp:91]   --->   Operation 260 'lshr' 'lshr_ln91_1' <Predicate = true> <Delay = 1.53> <CoreInst = "Shifter">   --->   Core 75 'Shifter' <Latency = 0> <II = 1> <Delay = 1.53> <FuncUnit> <Opcode : 'shl' 'lshr' 'ashr'> <InPorts = 2> <OutPorts = 1>
ST_12 : Operation 261 [1/1] (0.00ns)   --->   "%trunc_ln91_1 = trunc i64 %lshr_ln91_1" [top_cmplx.cpp:91]   --->   Operation 261 'trunc' 'trunc_ln91_1' <Predicate = true> <Delay = 0.00>
ST_12 : Operation 262 [1/1] (0.00ns)   --->   "%R_imag = bitcast i32 %trunc_ln91_1" [top_cmplx.cpp:91]   --->   Operation 262 'bitcast' 'R_imag' <Predicate = true> <Delay = 0.00>
ST_12 : Operation 263 [1/1] (0.42ns)   --->   "%store_ln91 = store i32 %R_imag, i32 %mux_case_21423414_out" [top_cmplx.cpp:91]   --->   Operation 263 'store' 'store_ln91' <Predicate = (select_ln85_1 == 5 & trunc_ln87 == 2)> <Delay = 0.42>
ST_12 : Operation 264 [1/1] (0.42ns)   --->   "%store_ln91 = store i32 %R_imag, i32 %mux_case_11413401_out" [top_cmplx.cpp:91]   --->   Operation 264 'store' 'store_ln91' <Predicate = (select_ln85_1 == 5 & trunc_ln87 == 1)> <Delay = 0.42>
ST_12 : Operation 265 [1/1] (0.42ns)   --->   "%store_ln91 = store i32 %R_imag, i32 %mux_case_01403388_out" [top_cmplx.cpp:91]   --->   Operation 265 'store' 'store_ln91' <Predicate = (select_ln85_1 == 5 & trunc_ln87 == 0)> <Delay = 0.42>
ST_12 : Operation 266 [1/1] (0.42ns)   --->   "%store_ln91 = store i32 %R_imag, i32 %mux_case_31433427_out" [top_cmplx.cpp:91]   --->   Operation 266 'store' 'store_ln91' <Predicate = (select_ln85_1 == 5 & trunc_ln87 == 3)> <Delay = 0.42>
ST_12 : Operation 267 [1/1] (0.42ns)   --->   "%store_ln91 = store i32 %R_imag, i32 %mux_case_21373362_out" [top_cmplx.cpp:91]   --->   Operation 267 'store' 'store_ln91' <Predicate = (select_ln85_1 == 4 & trunc_ln87 == 2)> <Delay = 0.42>
ST_12 : Operation 268 [1/1] (0.42ns)   --->   "%store_ln91 = store i32 %R_imag, i32 %mux_case_11363349_out" [top_cmplx.cpp:91]   --->   Operation 268 'store' 'store_ln91' <Predicate = (select_ln85_1 == 4 & trunc_ln87 == 1)> <Delay = 0.42>
ST_12 : Operation 269 [1/1] (0.42ns)   --->   "%store_ln91 = store i32 %R_imag, i32 %mux_case_01353336_out" [top_cmplx.cpp:91]   --->   Operation 269 'store' 'store_ln91' <Predicate = (select_ln85_1 == 4 & trunc_ln87 == 0)> <Delay = 0.42>
ST_12 : Operation 270 [1/1] (0.42ns)   --->   "%store_ln91 = store i32 %R_imag, i32 %mux_case_31383375_out" [top_cmplx.cpp:91]   --->   Operation 270 'store' 'store_ln91' <Predicate = (select_ln85_1 == 4 & trunc_ln87 == 3)> <Delay = 0.42>
ST_12 : Operation 271 [1/1] (0.42ns)   --->   "%store_ln91 = store i32 %R_imag, i32 %mux_case_21323310_out" [top_cmplx.cpp:91]   --->   Operation 271 'store' 'store_ln91' <Predicate = (select_ln85_1 == 3 & trunc_ln87 == 2)> <Delay = 0.42>
ST_12 : Operation 272 [1/1] (0.42ns)   --->   "%store_ln91 = store i32 %R_imag, i32 %mux_case_11313297_out" [top_cmplx.cpp:91]   --->   Operation 272 'store' 'store_ln91' <Predicate = (select_ln85_1 == 3 & trunc_ln87 == 1)> <Delay = 0.42>
ST_12 : Operation 273 [1/1] (0.42ns)   --->   "%store_ln91 = store i32 %R_imag, i32 %mux_case_01303284_out" [top_cmplx.cpp:91]   --->   Operation 273 'store' 'store_ln91' <Predicate = (select_ln85_1 == 3 & trunc_ln87 == 0)> <Delay = 0.42>
ST_12 : Operation 274 [1/1] (0.42ns)   --->   "%store_ln91 = store i32 %R_imag, i32 %mux_case_31333323_out" [top_cmplx.cpp:91]   --->   Operation 274 'store' 'store_ln91' <Predicate = (select_ln85_1 == 3 & trunc_ln87 == 3)> <Delay = 0.42>
ST_12 : Operation 275 [1/1] (0.42ns)   --->   "%store_ln91 = store i32 %R_imag, i32 %mux_case_21273258_out" [top_cmplx.cpp:91]   --->   Operation 275 'store' 'store_ln91' <Predicate = (select_ln85_1 == 2 & trunc_ln87 == 2)> <Delay = 0.42>
ST_12 : Operation 276 [1/1] (0.42ns)   --->   "%store_ln91 = store i32 %R_imag, i32 %mux_case_11263245_out" [top_cmplx.cpp:91]   --->   Operation 276 'store' 'store_ln91' <Predicate = (select_ln85_1 == 2 & trunc_ln87 == 1)> <Delay = 0.42>
ST_12 : Operation 277 [1/1] (0.42ns)   --->   "%store_ln91 = store i32 %R_imag, i32 %mux_case_01253232_out" [top_cmplx.cpp:91]   --->   Operation 277 'store' 'store_ln91' <Predicate = (select_ln85_1 == 2 & trunc_ln87 == 0)> <Delay = 0.42>
ST_12 : Operation 278 [1/1] (0.42ns)   --->   "%store_ln91 = store i32 %R_imag, i32 %mux_case_31283271_out" [top_cmplx.cpp:91]   --->   Operation 278 'store' 'store_ln91' <Predicate = (select_ln85_1 == 2 & trunc_ln87 == 3)> <Delay = 0.42>
ST_12 : Operation 279 [1/1] (0.42ns)   --->   "%store_ln91 = store i32 %R_imag, i32 %mux_case_21223206_out" [top_cmplx.cpp:91]   --->   Operation 279 'store' 'store_ln91' <Predicate = (select_ln85_1 == 1 & trunc_ln87 == 2)> <Delay = 0.42>
ST_12 : Operation 280 [1/1] (0.42ns)   --->   "%store_ln91 = store i32 %R_imag, i32 %mux_case_11213193_out" [top_cmplx.cpp:91]   --->   Operation 280 'store' 'store_ln91' <Predicate = (select_ln85_1 == 1 & trunc_ln87 == 1)> <Delay = 0.42>
ST_12 : Operation 281 [1/1] (0.42ns)   --->   "%store_ln91 = store i32 %R_imag, i32 %mux_case_01203180_out" [top_cmplx.cpp:91]   --->   Operation 281 'store' 'store_ln91' <Predicate = (select_ln85_1 == 1 & trunc_ln87 == 0)> <Delay = 0.42>
ST_12 : Operation 282 [1/1] (0.42ns)   --->   "%store_ln91 = store i32 %R_imag, i32 %mux_case_31233219_out" [top_cmplx.cpp:91]   --->   Operation 282 'store' 'store_ln91' <Predicate = (select_ln85_1 == 1 & trunc_ln87 == 3)> <Delay = 0.42>
ST_12 : Operation 283 [1/1] (0.42ns)   --->   "%store_ln91 = store i32 %R_imag, i32 %mux_case_21173155_out" [top_cmplx.cpp:91]   --->   Operation 283 'store' 'store_ln91' <Predicate = (select_ln85_1 == 0 & trunc_ln87 == 2)> <Delay = 0.42>
ST_12 : Operation 284 [1/1] (0.42ns)   --->   "%store_ln91 = store i32 %R_imag, i32 %mux_case_11163144_out" [top_cmplx.cpp:91]   --->   Operation 284 'store' 'store_ln91' <Predicate = (select_ln85_1 == 0 & trunc_ln87 == 1)> <Delay = 0.42>
ST_12 : Operation 285 [1/1] (0.42ns)   --->   "%store_ln91 = store i32 %R_imag, i32 %mux_case_01153133_out" [top_cmplx.cpp:91]   --->   Operation 285 'store' 'store_ln91' <Predicate = (select_ln85_1 == 0 & trunc_ln87 == 0)> <Delay = 0.42>
ST_12 : Operation 286 [1/1] (0.42ns)   --->   "%store_ln91 = store i32 %R_imag, i32 %mux_case_31183166_out" [top_cmplx.cpp:91]   --->   Operation 286 'store' 'store_ln91' <Predicate = (select_ln85_1 == 0 & trunc_ln87 == 3)> <Delay = 0.42>
ST_12 : Operation 287 [1/1] (0.42ns)   --->   "%store_ln91 = store i32 %R_imag, i32 %mux_case_22013504_out" [top_cmplx.cpp:91]   --->   Operation 287 'store' 'store_ln91' <Predicate = (select_ln85_1 == 7 & trunc_ln87 == 2) | (select_ln85_1 == 6 & trunc_ln87 == 2)> <Delay = 0.42>
ST_12 : Operation 288 [1/1] (0.42ns)   --->   "%store_ln91 = store i32 %R_imag, i32 %mux_case_12003493_out" [top_cmplx.cpp:91]   --->   Operation 288 'store' 'store_ln91' <Predicate = (select_ln85_1 == 7 & trunc_ln87 == 1) | (select_ln85_1 == 6 & trunc_ln87 == 1)> <Delay = 0.42>
ST_12 : Operation 289 [1/1] (0.42ns)   --->   "%store_ln91 = store i32 %R_imag, i32 %mux_case_01993482_out" [top_cmplx.cpp:91]   --->   Operation 289 'store' 'store_ln91' <Predicate = (select_ln85_1 == 7 & trunc_ln87 == 0) | (select_ln85_1 == 6 & trunc_ln87 == 0)> <Delay = 0.42>
ST_12 : Operation 290 [1/1] (0.42ns)   --->   "%store_ln91 = store i32 %R_imag, i32 %mux_case_32023515_out" [top_cmplx.cpp:91]   --->   Operation 290 'store' 'store_ln91' <Predicate = (select_ln85_1 == 7 & trunc_ln87 == 3) | (select_ln85_1 == 6 & trunc_ln87 == 3)> <Delay = 0.42>


============================================================
+ Verbose Summary: Timing violations
============================================================
Target clock period: 10.000ns, clock uncertainty: 1.250ns.

 <State 1>: 2.407ns
The critical path consists of the following:
	'store' operation 0 bit ('store_ln87', top_cmplx.cpp:87) of constant 0 on local variable 'j', top_cmplx.cpp:87 [140]  (0.427 ns)
	'load' operation 3 bit ('j_load', top_cmplx.cpp:87) on local variable 'j', top_cmplx.cpp:87 [149]  (0.000 ns)
	'icmp' operation 1 bit ('icmp_ln87', top_cmplx.cpp:87) [153]  (0.673 ns)
	'select' operation 3 bit ('select_ln85', top_cmplx.cpp:85) [154]  (0.208 ns)
	'add' operation 3 bit ('add_ln87', top_cmplx.cpp:87) [379]  (0.673 ns)
	'store' operation 0 bit ('store_ln87', top_cmplx.cpp:87) of variable 'add_ln87', top_cmplx.cpp:87 on local variable 'j', top_cmplx.cpp:87 [382]  (0.427 ns)

 <State 2>: 8.750ns
The critical path consists of the following:
	'getelementptr' operation 64 bit ('memA_addr', top_cmplx.cpp:91) [167]  (0.000 ns)
	bus request operation ('memA_load_req', top_cmplx.cpp:91) on port 'memA' (top_cmplx.cpp:91) [168]  (8.750 ns)

 <State 3>: 8.750ns
The critical path consists of the following:
	bus request operation ('memA_load_req', top_cmplx.cpp:91) on port 'memA' (top_cmplx.cpp:91) [168]  (8.750 ns)

 <State 4>: 8.750ns
The critical path consists of the following:
	bus request operation ('memA_load_req', top_cmplx.cpp:91) on port 'memA' (top_cmplx.cpp:91) [168]  (8.750 ns)

 <State 5>: 8.750ns
The critical path consists of the following:
	bus request operation ('memA_load_req', top_cmplx.cpp:91) on port 'memA' (top_cmplx.cpp:91) [168]  (8.750 ns)

 <State 6>: 8.750ns
The critical path consists of the following:
	bus request operation ('memA_load_req', top_cmplx.cpp:91) on port 'memA' (top_cmplx.cpp:91) [168]  (8.750 ns)

 <State 7>: 8.750ns
The critical path consists of the following:
	bus request operation ('memA_load_req', top_cmplx.cpp:91) on port 'memA' (top_cmplx.cpp:91) [168]  (8.750 ns)

 <State 8>: 8.750ns
The critical path consists of the following:
	bus request operation ('memA_load_req', top_cmplx.cpp:91) on port 'memA' (top_cmplx.cpp:91) [168]  (8.750 ns)

 <State 9>: 8.750ns
The critical path consists of the following:
	bus request operation ('memA_load_req', top_cmplx.cpp:91) on port 'memA' (top_cmplx.cpp:91) [168]  (8.750 ns)

 <State 10>: 8.750ns
The critical path consists of the following:
	bus read operation ('memA_addr_read', top_cmplx.cpp:91) on port 'memA' (top_cmplx.cpp:91) [169]  (8.750 ns)

 <State 11>: 8.750ns
The critical path consists of the following:
	bus read operation ('memA_addr_1_read', top_cmplx.cpp:91) on port 'memA' (top_cmplx.cpp:91) [184]  (8.750 ns)

 <State 12>: 1.963ns
The critical path consists of the following:
	'lshr' operation 64 bit ('lshr_ln91_1', top_cmplx.cpp:91) [187]  (1.536 ns)
	'store' operation 0 bit ('store_ln91', top_cmplx.cpp:91) of variable 'R.imag', top_cmplx.cpp:91 on local variable 'mux_case_21423414_out' [194]  (0.427 ns)


============================================================
+ Verbose Summary: Binding
============================================================
N/A
* FSMD analyzer results:
  - Output states:
 - Input state : 
  - Chain level:
	State 1
	State 2
	State 3
	State 4
	State 5
	State 6
	State 7
	State 8
	State 9
	State 10
	State 11
	State 12


============================================================
+ Verbose Summary: Datapath Resource usage 
============================================================
N/A
