

================================================================
== Vitis HLS Report for 'top_Pipeline_VITIS_LOOP_181_6_VITIS_LOOP_183_7'
================================================================
* Date:           Thu Mar  5 00:42:43 2026

* Version:        2023.2 (Build 4023990 on Oct 11 2023)
* Project:        CGR_QR_WBS
* Solution:       solution1 (Vivado IP Flow Target)
* Product family: zynquplus
* Target device:  xczu7ev-ffvc1156-2-e


================================================================
== Performance Estimates
================================================================
+ Timing: 
    * Summary: 
    +--------+----------+----------+------------+
    |  Clock |  Target  | Estimated| Uncertainty|
    +--------+----------+----------+------------+
    |ap_clk  |  10.00 ns|  3.182 ns|     1.25 ns|
    +--------+----------+----------+------------+

+ Latency: 
    * Summary: 
    +---------+---------+----------+----------+-----+-----+---------+
    |  Latency (cycles) |  Latency (absolute) |  Interval | Pipeline|
    |   min   |   max   |    min   |    max   | min | max |   Type  |
    +---------+---------+----------+----------+-----+-----+---------+
    |       30|       30|  0.300 us|  0.300 us|   30|   30|       no|
    +---------+---------+----------+----------+-----+-----+---------+

    + Detail: 
        * Instance: 
        N/A

        * Loop: 
        +-------------------------------------+---------+---------+----------+-----------+-----------+------+----------+
        |                                     |  Latency (cycles) | Iteration|  Initiation Interval  | Trip |          |
        |              Loop Name              |   min   |   max   |  Latency |  achieved |   target  | Count| Pipelined|
        +-------------------------------------+---------+---------+----------+-----------+-----------+------+----------+
        |- VITIS_LOOP_181_6_VITIS_LOOP_183_7  |       28|       28|         1|          1|          1|    28|       yes|
        +-------------------------------------+---------+---------+----------+-----------+-----------+------+----------+

============================================================
+ Verbose Summary: Synthesis Manager
============================================================
InlineROM: 1
ExposeGlobal: 0
============================================================
+ Verbose Summary: CDFG Model
============================================================
IsTopModel: 0
ResetActiveHigh: 1
IsCombinational: 0
IsDatapathOnly: 0
HasWiredReturn: 1
HasMFsm: 2
HasVarLatency: 1
IsPipeline: 0
IsRtlPipelined: 0
IsInstanceOverlapped: 0
IsDontTouch: 0
HasImplIP: 0
IsGatedGlobalClock: 0

+ Individual pipeline summary: 
  * Pipeline-0: initiation interval (II) = 1, depth = 1


============================================================
+ Verbose Summary: Schedule
============================================================
* Number of FSM states : 1
* Pipeline : 1
  Pipeline-0 : II = 1, D = 1, States = { 1 }
* Dataflow Pipeline: 0

* FSM state transitions: 
1 --> 

* FSM state operations: 

State 1 <SV = 0> <Delay = 3.18>
ST_1 : Operation 4 [1/1] (0.00ns)   --->   "%j = alloca i32 1" [top_cmplx.cpp:183]   --->   Operation 4 'alloca' 'j' <Predicate = true> <Delay = 0.00>
ST_1 : Operation 5 [1/1] (0.00ns)   --->   "%i = alloca i32 1" [top_cmplx.cpp:181]   --->   Operation 5 'alloca' 'i' <Predicate = true> <Delay = 0.00>
ST_1 : Operation 6 [1/1] (0.00ns)   --->   "%indvar_flatten40 = alloca i32 1"   --->   Operation 6 'alloca' 'indvar_flatten40' <Predicate = true> <Delay = 0.00>
ST_1 : Operation 7 [1/1] (0.00ns)   --->   "%mux_case_35483973_read = read i32 @_ssdm_op_Read.ap_auto.float, i32 %mux_case_35483973"   --->   Operation 7 'read' 'mux_case_35483973_read' <Predicate = true> <Delay = 0.00>
ST_1 : Operation 8 [1/1] (0.00ns)   --->   "%mux_case_25473964_read = read i32 @_ssdm_op_Read.ap_auto.float, i32 %mux_case_25473964"   --->   Operation 8 'read' 'mux_case_25473964_read' <Predicate = true> <Delay = 0.00>
ST_1 : Operation 9 [1/1] (0.00ns)   --->   "%mux_case_15463956_read = read i32 @_ssdm_op_Read.ap_auto.float, i32 %mux_case_15463956"   --->   Operation 9 'read' 'mux_case_15463956_read' <Predicate = true> <Delay = 0.00>
ST_1 : Operation 10 [1/1] (0.00ns)   --->   "%mux_case_05453948_read = read i32 @_ssdm_op_Read.ap_auto.float, i32 %mux_case_05453948"   --->   Operation 10 'read' 'mux_case_05453948_read' <Predicate = true> <Delay = 0.00>
ST_1 : Operation 11 [1/1] (0.00ns)   --->   "%mux_case_34883907_read = read i32 @_ssdm_op_Read.ap_auto.float, i32 %mux_case_34883907"   --->   Operation 11 'read' 'mux_case_34883907_read' <Predicate = true> <Delay = 0.00>
ST_1 : Operation 12 [1/1] (0.00ns)   --->   "%mux_case_24873899_read = read i32 @_ssdm_op_Read.ap_auto.float, i32 %mux_case_24873899"   --->   Operation 12 'read' 'mux_case_24873899_read' <Predicate = true> <Delay = 0.00>
ST_1 : Operation 13 [1/1] (0.00ns)   --->   "%mux_case_14863890_read = read i32 @_ssdm_op_Read.ap_auto.float, i32 %mux_case_14863890"   --->   Operation 13 'read' 'mux_case_14863890_read' <Predicate = true> <Delay = 0.00>
ST_1 : Operation 14 [1/1] (0.00ns)   --->   "%mux_case_04853882_read = read i32 @_ssdm_op_Read.ap_auto.float, i32 %mux_case_04853882"   --->   Operation 14 'read' 'mux_case_04853882_read' <Predicate = true> <Delay = 0.00>
ST_1 : Operation 15 [1/1] (0.00ns)   --->   "%mux_case_34833874_read = read i32 @_ssdm_op_Read.ap_auto.float, i32 %mux_case_34833874"   --->   Operation 15 'read' 'mux_case_34833874_read' <Predicate = true> <Delay = 0.00>
ST_1 : Operation 16 [1/1] (0.00ns)   --->   "%mux_case_24823866_read = read i32 @_ssdm_op_Read.ap_auto.float, i32 %mux_case_24823866"   --->   Operation 16 'read' 'mux_case_24823866_read' <Predicate = true> <Delay = 0.00>
ST_1 : Operation 17 [1/1] (0.00ns)   --->   "%mux_case_14813858_read = read i32 @_ssdm_op_Read.ap_auto.float, i32 %mux_case_14813858"   --->   Operation 17 'read' 'mux_case_14813858_read' <Predicate = true> <Delay = 0.00>
ST_1 : Operation 18 [1/1] (0.00ns)   --->   "%mux_case_04803849_read = read i32 @_ssdm_op_Read.ap_auto.float, i32 %mux_case_04803849"   --->   Operation 18 'read' 'mux_case_04803849_read' <Predicate = true> <Delay = 0.00>
ST_1 : Operation 19 [1/1] (0.00ns)   --->   "%mux_case_34783840_read = read i32 @_ssdm_op_Read.ap_auto.float, i32 %mux_case_34783840"   --->   Operation 19 'read' 'mux_case_34783840_read' <Predicate = true> <Delay = 0.00>
ST_1 : Operation 20 [1/1] (0.00ns)   --->   "%mux_case_24773832_read = read i32 @_ssdm_op_Read.ap_auto.float, i32 %mux_case_24773832"   --->   Operation 20 'read' 'mux_case_24773832_read' <Predicate = true> <Delay = 0.00>
ST_1 : Operation 21 [1/1] (0.00ns)   --->   "%mux_case_14763824_read = read i32 @_ssdm_op_Read.ap_auto.float, i32 %mux_case_14763824"   --->   Operation 21 'read' 'mux_case_14763824_read' <Predicate = true> <Delay = 0.00>
ST_1 : Operation 22 [1/1] (0.00ns)   --->   "%mux_case_04753816_read = read i32 @_ssdm_op_Read.ap_auto.float, i32 %mux_case_04753816"   --->   Operation 22 'read' 'mux_case_04753816_read' <Predicate = true> <Delay = 0.00>
ST_1 : Operation 23 [1/1] (0.00ns)   --->   "%mux_case_34733808_read = read i32 @_ssdm_op_Read.ap_auto.float, i32 %mux_case_34733808"   --->   Operation 23 'read' 'mux_case_34733808_read' <Predicate = true> <Delay = 0.00>
ST_1 : Operation 24 [1/1] (0.00ns)   --->   "%mux_case_24723799_read = read i32 @_ssdm_op_Read.ap_auto.float, i32 %mux_case_24723799"   --->   Operation 24 'read' 'mux_case_24723799_read' <Predicate = true> <Delay = 0.00>
ST_1 : Operation 25 [1/1] (0.00ns)   --->   "%mux_case_14713791_read = read i32 @_ssdm_op_Read.ap_auto.float, i32 %mux_case_14713791"   --->   Operation 25 'read' 'mux_case_14713791_read' <Predicate = true> <Delay = 0.00>
ST_1 : Operation 26 [1/1] (0.00ns)   --->   "%mux_case_04703783_read = read i32 @_ssdm_op_Read.ap_auto.float, i32 %mux_case_04703783"   --->   Operation 26 'read' 'mux_case_04703783_read' <Predicate = true> <Delay = 0.00>
ST_1 : Operation 27 [1/1] (0.00ns)   --->   "%mux_case_34683775_read = read i32 @_ssdm_op_Read.ap_auto.float, i32 %mux_case_34683775"   --->   Operation 27 'read' 'mux_case_34683775_read' <Predicate = true> <Delay = 0.00>
ST_1 : Operation 28 [1/1] (0.00ns)   --->   "%mux_case_24673767_read = read i32 @_ssdm_op_Read.ap_auto.float, i32 %mux_case_24673767"   --->   Operation 28 'read' 'mux_case_24673767_read' <Predicate = true> <Delay = 0.00>
ST_1 : Operation 29 [1/1] (0.00ns)   --->   "%mux_case_14663758_read = read i32 @_ssdm_op_Read.ap_auto.float, i32 %mux_case_14663758"   --->   Operation 29 'read' 'mux_case_14663758_read' <Predicate = true> <Delay = 0.00>
ST_1 : Operation 30 [1/1] (0.00ns)   --->   "%mux_case_04653750_read = read i32 @_ssdm_op_Read.ap_auto.float, i32 %mux_case_04653750"   --->   Operation 30 'read' 'mux_case_04653750_read' <Predicate = true> <Delay = 0.00>
ST_1 : Operation 31 [1/1] (0.00ns)   --->   "%mux_case_34633742_read = read i32 @_ssdm_op_Read.ap_auto.float, i32 %mux_case_34633742"   --->   Operation 31 'read' 'mux_case_34633742_read' <Predicate = true> <Delay = 0.00>
ST_1 : Operation 32 [1/1] (0.00ns)   --->   "%mux_case_24623734_read = read i32 @_ssdm_op_Read.ap_auto.float, i32 %mux_case_24623734"   --->   Operation 32 'read' 'mux_case_24623734_read' <Predicate = true> <Delay = 0.00>
ST_1 : Operation 33 [1/1] (0.00ns)   --->   "%mux_case_14613726_read = read i32 @_ssdm_op_Read.ap_auto.float, i32 %mux_case_14613726"   --->   Operation 33 'read' 'mux_case_14613726_read' <Predicate = true> <Delay = 0.00>
ST_1 : Operation 34 [1/1] (0.00ns)   --->   "%mux_case_04603717_read = read i32 @_ssdm_op_Read.ap_auto.float, i32 %mux_case_04603717"   --->   Operation 34 'read' 'mux_case_04603717_read' <Predicate = true> <Delay = 0.00>
ST_1 : Operation 35 [1/1] (0.00ns)   --->   "%mux_case_35183940_read = read i32 @_ssdm_op_Read.ap_auto.float, i32 %mux_case_35183940"   --->   Operation 35 'read' 'mux_case_35183940_read' <Predicate = true> <Delay = 0.00>
ST_1 : Operation 36 [1/1] (0.00ns)   --->   "%mux_case_25173931_read = read i32 @_ssdm_op_Read.ap_auto.float, i32 %mux_case_25173931"   --->   Operation 36 'read' 'mux_case_25173931_read' <Predicate = true> <Delay = 0.00>
ST_1 : Operation 37 [1/1] (0.00ns)   --->   "%mux_case_15163923_read = read i32 @_ssdm_op_Read.ap_auto.float, i32 %mux_case_15163923"   --->   Operation 37 'read' 'mux_case_15163923_read' <Predicate = true> <Delay = 0.00>
ST_1 : Operation 38 [1/1] (0.00ns)   --->   "%mux_case_05153915_read = read i32 @_ssdm_op_Read.ap_auto.float, i32 %mux_case_05153915"   --->   Operation 38 'read' 'mux_case_05153915_read' <Predicate = true> <Delay = 0.00>
ST_1 : Operation 39 [1/1] (0.00ns)   --->   "%mux_case_34583709_read = read i32 @_ssdm_op_Read.ap_auto.float, i32 %mux_case_34583709"   --->   Operation 39 'read' 'mux_case_34583709_read' <Predicate = true> <Delay = 0.00>
ST_1 : Operation 40 [1/1] (0.00ns)   --->   "%mux_case_24573701_read = read i32 @_ssdm_op_Read.ap_auto.float, i32 %mux_case_24573701"   --->   Operation 40 'read' 'mux_case_24573701_read' <Predicate = true> <Delay = 0.00>
ST_1 : Operation 41 [1/1] (0.00ns)   --->   "%mux_case_14563692_read = read i32 @_ssdm_op_Read.ap_auto.float, i32 %mux_case_14563692"   --->   Operation 41 'read' 'mux_case_14563692_read' <Predicate = true> <Delay = 0.00>
ST_1 : Operation 42 [1/1] (0.00ns)   --->   "%mux_case_04553684_read = read i32 @_ssdm_op_Read.ap_auto.float, i32 %mux_case_04553684"   --->   Operation 42 'read' 'mux_case_04553684_read' <Predicate = true> <Delay = 0.00>
ST_1 : Operation 43 [1/1] (0.00ns)   --->   "%mux_case_34533676_read = read i32 @_ssdm_op_Read.ap_auto.float, i32 %mux_case_34533676"   --->   Operation 43 'read' 'mux_case_34533676_read' <Predicate = true> <Delay = 0.00>
ST_1 : Operation 44 [1/1] (0.00ns)   --->   "%mux_case_24523668_read = read i32 @_ssdm_op_Read.ap_auto.float, i32 %mux_case_24523668"   --->   Operation 44 'read' 'mux_case_24523668_read' <Predicate = true> <Delay = 0.00>
ST_1 : Operation 45 [1/1] (0.00ns)   --->   "%mux_case_14513660_read = read i32 @_ssdm_op_Read.ap_auto.float, i32 %mux_case_14513660"   --->   Operation 45 'read' 'mux_case_14513660_read' <Predicate = true> <Delay = 0.00>
ST_1 : Operation 46 [1/1] (0.00ns)   --->   "%mux_case_04503651_read = read i32 @_ssdm_op_Read.ap_auto.float, i32 %mux_case_04503651"   --->   Operation 46 'read' 'mux_case_04503651_read' <Predicate = true> <Delay = 0.00>
ST_1 : Operation 47 [1/1] (0.00ns)   --->   "%mux_case_34483642_read = read i32 @_ssdm_op_Read.ap_auto.float, i32 %mux_case_34483642"   --->   Operation 47 'read' 'mux_case_34483642_read' <Predicate = true> <Delay = 0.00>
ST_1 : Operation 48 [1/1] (0.00ns)   --->   "%mux_case_24473634_read = read i32 @_ssdm_op_Read.ap_auto.float, i32 %mux_case_24473634"   --->   Operation 48 'read' 'mux_case_24473634_read' <Predicate = true> <Delay = 0.00>
ST_1 : Operation 49 [1/1] (0.00ns)   --->   "%mux_case_14463626_read = read i32 @_ssdm_op_Read.ap_auto.float, i32 %mux_case_14463626"   --->   Operation 49 'read' 'mux_case_14463626_read' <Predicate = true> <Delay = 0.00>
ST_1 : Operation 50 [1/1] (0.00ns)   --->   "%mux_case_04453618_read = read i32 @_ssdm_op_Read.ap_auto.float, i32 %mux_case_04453618"   --->   Operation 50 'read' 'mux_case_04453618_read' <Predicate = true> <Delay = 0.00>
ST_1 : Operation 51 [1/1] (0.00ns)   --->   "%mux_case_34433610_read = read i32 @_ssdm_op_Read.ap_auto.float, i32 %mux_case_34433610"   --->   Operation 51 'read' 'mux_case_34433610_read' <Predicate = true> <Delay = 0.00>
ST_1 : Operation 52 [1/1] (0.00ns)   --->   "%mux_case_24423601_read = read i32 @_ssdm_op_Read.ap_auto.float, i32 %mux_case_24423601"   --->   Operation 52 'read' 'mux_case_24423601_read' <Predicate = true> <Delay = 0.00>
ST_1 : Operation 53 [1/1] (0.00ns)   --->   "%mux_case_14413593_read = read i32 @_ssdm_op_Read.ap_auto.float, i32 %mux_case_14413593"   --->   Operation 53 'read' 'mux_case_14413593_read' <Predicate = true> <Delay = 0.00>
ST_1 : Operation 54 [1/1] (0.00ns)   --->   "%mux_case_04403585_read = read i32 @_ssdm_op_Read.ap_auto.float, i32 %mux_case_04403585"   --->   Operation 54 'read' 'mux_case_04403585_read' <Predicate = true> <Delay = 0.00>
ST_1 : Operation 55 [1/1] (0.00ns)   --->   "%mux_case_34383577_read = read i32 @_ssdm_op_Read.ap_auto.float, i32 %mux_case_34383577"   --->   Operation 55 'read' 'mux_case_34383577_read' <Predicate = true> <Delay = 0.00>
ST_1 : Operation 56 [1/1] (0.00ns)   --->   "%mux_case_24373569_read = read i32 @_ssdm_op_Read.ap_auto.float, i32 %mux_case_24373569"   --->   Operation 56 'read' 'mux_case_24373569_read' <Predicate = true> <Delay = 0.00>
ST_1 : Operation 57 [1/1] (0.00ns)   --->   "%mux_case_14363560_read = read i32 @_ssdm_op_Read.ap_auto.float, i32 %mux_case_14363560"   --->   Operation 57 'read' 'mux_case_14363560_read' <Predicate = true> <Delay = 0.00>
ST_1 : Operation 58 [1/1] (0.00ns)   --->   "%mux_case_04353552_read = read i32 @_ssdm_op_Read.ap_auto.float, i32 %mux_case_04353552"   --->   Operation 58 'read' 'mux_case_04353552_read' <Predicate = true> <Delay = 0.00>
ST_1 : Operation 59 [1/1] (0.00ns)   --->   "%mux_case_34333544_read = read i32 @_ssdm_op_Read.ap_auto.float, i32 %mux_case_34333544"   --->   Operation 59 'read' 'mux_case_34333544_read' <Predicate = true> <Delay = 0.00>
ST_1 : Operation 60 [1/1] (0.00ns)   --->   "%mux_case_24323536_read = read i32 @_ssdm_op_Read.ap_auto.float, i32 %mux_case_24323536"   --->   Operation 60 'read' 'mux_case_24323536_read' <Predicate = true> <Delay = 0.00>
ST_1 : Operation 61 [1/1] (0.00ns)   --->   "%mux_case_14313528_read = read i32 @_ssdm_op_Read.ap_auto.float, i32 %mux_case_14313528"   --->   Operation 61 'read' 'mux_case_14313528_read' <Predicate = true> <Delay = 0.00>
ST_1 : Operation 62 [1/1] (0.00ns)   --->   "%mux_case_04303519_read = read i32 @_ssdm_op_Read.ap_auto.float, i32 %mux_case_04303519"   --->   Operation 62 'read' 'mux_case_04303519_read' <Predicate = true> <Delay = 0.00>
ST_1 : Operation 63 [1/1] (0.42ns)   --->   "%store_ln0 = store i5 0, i5 %indvar_flatten40"   --->   Operation 63 'store' 'store_ln0' <Predicate = true> <Delay = 0.42>
ST_1 : Operation 64 [1/1] (0.42ns)   --->   "%store_ln181 = store i3 0, i3 %i" [top_cmplx.cpp:181]   --->   Operation 64 'store' 'store_ln181' <Predicate = true> <Delay = 0.42>
ST_1 : Operation 65 [1/1] (0.42ns)   --->   "%store_ln183 = store i3 0, i3 %j" [top_cmplx.cpp:183]   --->   Operation 65 'store' 'store_ln183' <Predicate = true> <Delay = 0.42>
ST_1 : Operation 66 [1/1] (0.00ns)   --->   "%br_ln0 = br void %for.inc210"   --->   Operation 66 'br' 'br_ln0' <Predicate = true> <Delay = 0.00>
ST_1 : Operation 67 [1/1] (0.00ns)   --->   "%indvar_flatten40_load = load i5 %indvar_flatten40" [top_cmplx.cpp:181]   --->   Operation 67 'load' 'indvar_flatten40_load' <Predicate = true> <Delay = 0.00>
ST_1 : Operation 68 [1/1] (0.78ns)   --->   "%icmp_ln181 = icmp_eq  i5 %indvar_flatten40_load, i5 28" [top_cmplx.cpp:181]   --->   Operation 68 'icmp' 'icmp_ln181' <Predicate = true> <Delay = 0.78> <CoreInst = "Cmp">   --->   Core 9 'Cmp' <Latency = 0> <II = 1> <Delay = 0.78> <FuncUnit> <Opcode : 'icmp'> <InPorts = 2> <OutPorts = 1>
ST_1 : Operation 69 [1/1] (0.78ns)   --->   "%add_ln181 = add i5 %indvar_flatten40_load, i5 1" [top_cmplx.cpp:181]   --->   Operation 69 'add' 'add_ln181' <Predicate = true> <Delay = 0.78> <CoreInst = "Adder">   --->   Core 1 'Adder' <Latency = 0> <II = 1> <Delay = 0.78> <FuncUnit> <Opcode : 'add' 'sub'> <InPorts = 2> <OutPorts = 1>
ST_1 : Operation 70 [1/1] (0.00ns)   --->   "%br_ln181 = br i1 %icmp_ln181, void %for.inc213, void %for.inc246.preheader.exitStub" [top_cmplx.cpp:181]   --->   Operation 70 'br' 'br_ln181' <Predicate = true> <Delay = 0.00>
ST_1 : Operation 71 [1/1] (0.00ns)   --->   "%j_load = load i3 %j" [top_cmplx.cpp:183]   --->   Operation 71 'load' 'j_load' <Predicate = (!icmp_ln181)> <Delay = 0.00>
ST_1 : Operation 72 [1/1] (0.00ns)   --->   "%i_load = load i3 %i" [top_cmplx.cpp:181]   --->   Operation 72 'load' 'i_load' <Predicate = (!icmp_ln181)> <Delay = 0.00>
ST_1 : Operation 73 [1/1] (0.00ns)   --->   "%specloopname_ln0 = specloopname void @_ssdm_op_SpecLoopName, void @VITIS_LOOP_181_6_VITIS_LOOP_183_7_str"   --->   Operation 73 'specloopname' 'specloopname_ln0' <Predicate = (!icmp_ln181)> <Delay = 0.00>
ST_1 : Operation 74 [1/1] (0.00ns)   --->   "%speclooptripcount_ln0 = speclooptripcount void @_ssdm_op_SpecLoopTripCount, i64 28, i64 28, i64 28"   --->   Operation 74 'speclooptripcount' 'speclooptripcount_ln0' <Predicate = (!icmp_ln181)> <Delay = 0.00>
ST_1 : Operation 75 [1/1] (0.67ns)   --->   "%icmp_ln183 = icmp_eq  i3 %j_load, i3 4" [top_cmplx.cpp:183]   --->   Operation 75 'icmp' 'icmp_ln183' <Predicate = (!icmp_ln181)> <Delay = 0.67> <CoreInst = "Cmp">   --->   Core 9 'Cmp' <Latency = 0> <II = 1> <Delay = 0.67> <FuncUnit> <Opcode : 'icmp'> <InPorts = 2> <OutPorts = 1>
ST_1 : Operation 76 [1/1] (0.20ns)   --->   "%select_ln181 = select i1 %icmp_ln183, i3 0, i3 %j_load" [top_cmplx.cpp:181]   --->   Operation 76 'select' 'select_ln181' <Predicate = (!icmp_ln181)> <Delay = 0.20> <CoreInst = "Sel">   --->   Core 73 'Sel' <Latency = 0> <II = 1> <Delay = 0.20> <FuncUnit> <Opcode : 'select'> <InPorts = 3> <OutPorts = 1>
ST_1 : Operation 77 [1/1] (0.67ns)   --->   "%add_ln181_1 = add i3 %i_load, i3 1" [top_cmplx.cpp:181]   --->   Operation 77 'add' 'add_ln181_1' <Predicate = (!icmp_ln181)> <Delay = 0.67> <CoreInst = "Adder">   --->   Core 1 'Adder' <Latency = 0> <II = 1> <Delay = 0.67> <FuncUnit> <Opcode : 'add' 'sub'> <InPorts = 2> <OutPorts = 1>
ST_1 : Operation 78 [1/1] (0.20ns)   --->   "%select_ln181_1 = select i1 %icmp_ln183, i3 %add_ln181_1, i3 %i_load" [top_cmplx.cpp:181]   --->   Operation 78 'select' 'select_ln181_1' <Predicate = (!icmp_ln181)> <Delay = 0.20> <CoreInst = "Sel">   --->   Core 73 'Sel' <Latency = 0> <II = 1> <Delay = 0.20> <FuncUnit> <Opcode : 'select'> <InPorts = 3> <OutPorts = 1>
ST_1 : Operation 79 [1/1] (0.00ns)   --->   "%zext_ln181 = zext i3 %select_ln181_1" [top_cmplx.cpp:181]   --->   Operation 79 'zext' 'zext_ln181' <Predicate = (!icmp_ln181)> <Delay = 0.00>
ST_1 : Operation 80 [1/1] (0.00ns)   --->   "%Q_out_real_addr = getelementptr i32 %Q_out_real, i64 0, i64 %zext_ln181" [top_cmplx.cpp:181]   --->   Operation 80 'getelementptr' 'Q_out_real_addr' <Predicate = (!icmp_ln181)> <Delay = 0.00>
ST_1 : Operation 81 [1/1] (0.00ns)   --->   "%Q_out_real_1_addr = getelementptr i32 %Q_out_real_1, i64 0, i64 %zext_ln181" [top_cmplx.cpp:181]   --->   Operation 81 'getelementptr' 'Q_out_real_1_addr' <Predicate = (!icmp_ln181)> <Delay = 0.00>
ST_1 : Operation 82 [1/1] (0.00ns)   --->   "%Q_out_real_2_addr = getelementptr i32 %Q_out_real_2, i64 0, i64 %zext_ln181" [top_cmplx.cpp:181]   --->   Operation 82 'getelementptr' 'Q_out_real_2_addr' <Predicate = (!icmp_ln181)> <Delay = 0.00>
ST_1 : Operation 83 [1/1] (0.00ns)   --->   "%Q_out_real_3_addr = getelementptr i32 %Q_out_real_3, i64 0, i64 %zext_ln181" [top_cmplx.cpp:181]   --->   Operation 83 'getelementptr' 'Q_out_real_3_addr' <Predicate = (!icmp_ln181)> <Delay = 0.00>
ST_1 : Operation 84 [1/1] (0.00ns)   --->   "%Q_out_imag_addr = getelementptr i32 %Q_out_imag, i64 0, i64 %zext_ln181" [top_cmplx.cpp:181]   --->   Operation 84 'getelementptr' 'Q_out_imag_addr' <Predicate = (!icmp_ln181)> <Delay = 0.00>
ST_1 : Operation 85 [1/1] (0.00ns)   --->   "%Q_out_imag_1_addr = getelementptr i32 %Q_out_imag_1, i64 0, i64 %zext_ln181" [top_cmplx.cpp:181]   --->   Operation 85 'getelementptr' 'Q_out_imag_1_addr' <Predicate = (!icmp_ln181)> <Delay = 0.00>
ST_1 : Operation 86 [1/1] (0.00ns)   --->   "%Q_out_imag_2_addr = getelementptr i32 %Q_out_imag_2, i64 0, i64 %zext_ln181" [top_cmplx.cpp:181]   --->   Operation 86 'getelementptr' 'Q_out_imag_2_addr' <Predicate = (!icmp_ln181)> <Delay = 0.00>
ST_1 : Operation 87 [1/1] (0.00ns)   --->   "%Q_out_imag_3_addr = getelementptr i32 %Q_out_imag_3, i64 0, i64 %zext_ln181" [top_cmplx.cpp:181]   --->   Operation 87 'getelementptr' 'Q_out_imag_3_addr' <Predicate = (!icmp_ln181)> <Delay = 0.00>
ST_1 : Operation 88 [1/1] (0.00ns)   --->   "%specpipeline_ln183 = specpipeline void @_ssdm_op_SpecPipeline, i32 4294967295, i32 0, i32 0, i32 0, void @empty_0" [top_cmplx.cpp:183]   --->   Operation 88 'specpipeline' 'specpipeline_ln183' <Predicate = (!icmp_ln181)> <Delay = 0.00>
ST_1 : Operation 89 [1/1] (0.00ns)   --->   "%trunc_ln183 = trunc i3 %select_ln181" [top_cmplx.cpp:183]   --->   Operation 89 'trunc' 'trunc_ln183' <Predicate = (!icmp_ln181)> <Delay = 0.00>
ST_1 : Operation 90 [1/1] (0.52ns)   --->   "%tmp_s = sparsemux i32 @_ssdm_op_SparseMux.ap_auto.4f32.f32.i2, i2 0, i32 %mux_case_04303519_read, i2 1, i32 %mux_case_14313528_read, i2 2, i32 %mux_case_24323536_read, i2 3, i32 %mux_case_34333544_read, i32 <undef>, i2 %trunc_ln183" [top_cmplx.cpp:185]   --->   Operation 90 'sparsemux' 'tmp_s' <Predicate = (!icmp_ln181)> <Delay = 0.52> <CoreInst = "SparseMux">   --->   Core 147 'SparseMux' <Latency = 0> <II = 1> <Delay = 0.52> <FuncUnit> <Opcode : 'sparsemux'> <InPorts = 2> <OutPorts = 1>
ST_1 : Operation 91 [1/1] (0.52ns)   --->   "%tmp_11 = sparsemux i32 @_ssdm_op_SparseMux.ap_auto.4f32.f32.i2, i2 0, i32 %mux_case_04353552_read, i2 1, i32 %mux_case_14363560_read, i2 2, i32 %mux_case_24373569_read, i2 3, i32 %mux_case_34383577_read, i32 <undef>, i2 %trunc_ln183" [top_cmplx.cpp:185]   --->   Operation 91 'sparsemux' 'tmp_11' <Predicate = (!icmp_ln181)> <Delay = 0.52> <CoreInst = "SparseMux">   --->   Core 147 'SparseMux' <Latency = 0> <II = 1> <Delay = 0.52> <FuncUnit> <Opcode : 'sparsemux'> <InPorts = 2> <OutPorts = 1>
ST_1 : Operation 92 [1/1] (0.52ns)   --->   "%tmp_12 = sparsemux i32 @_ssdm_op_SparseMux.ap_auto.4f32.f32.i2, i2 0, i32 %mux_case_04403585_read, i2 1, i32 %mux_case_14413593_read, i2 2, i32 %mux_case_24423601_read, i2 3, i32 %mux_case_34433610_read, i32 <undef>, i2 %trunc_ln183" [top_cmplx.cpp:185]   --->   Operation 92 'sparsemux' 'tmp_12' <Predicate = (!icmp_ln181)> <Delay = 0.52> <CoreInst = "SparseMux">   --->   Core 147 'SparseMux' <Latency = 0> <II = 1> <Delay = 0.52> <FuncUnit> <Opcode : 'sparsemux'> <InPorts = 2> <OutPorts = 1>
ST_1 : Operation 93 [1/1] (0.52ns)   --->   "%tmp_13 = sparsemux i32 @_ssdm_op_SparseMux.ap_auto.4f32.f32.i2, i2 0, i32 %mux_case_04453618_read, i2 1, i32 %mux_case_14463626_read, i2 2, i32 %mux_case_24473634_read, i2 3, i32 %mux_case_34483642_read, i32 <undef>, i2 %trunc_ln183" [top_cmplx.cpp:185]   --->   Operation 93 'sparsemux' 'tmp_13' <Predicate = (!icmp_ln181)> <Delay = 0.52> <CoreInst = "SparseMux">   --->   Core 147 'SparseMux' <Latency = 0> <II = 1> <Delay = 0.52> <FuncUnit> <Opcode : 'sparsemux'> <InPorts = 2> <OutPorts = 1>
ST_1 : Operation 94 [1/1] (0.52ns)   --->   "%tmp_14 = sparsemux i32 @_ssdm_op_SparseMux.ap_auto.4f32.f32.i2, i2 0, i32 %mux_case_04503651_read, i2 1, i32 %mux_case_14513660_read, i2 2, i32 %mux_case_24523668_read, i2 3, i32 %mux_case_34533676_read, i32 <undef>, i2 %trunc_ln183" [top_cmplx.cpp:185]   --->   Operation 94 'sparsemux' 'tmp_14' <Predicate = (!icmp_ln181)> <Delay = 0.52> <CoreInst = "SparseMux">   --->   Core 147 'SparseMux' <Latency = 0> <II = 1> <Delay = 0.52> <FuncUnit> <Opcode : 'sparsemux'> <InPorts = 2> <OutPorts = 1>
ST_1 : Operation 95 [1/1] (0.52ns)   --->   "%tmp_15 = sparsemux i32 @_ssdm_op_SparseMux.ap_auto.4f32.f32.i2, i2 0, i32 %mux_case_04553684_read, i2 1, i32 %mux_case_14563692_read, i2 2, i32 %mux_case_24573701_read, i2 3, i32 %mux_case_34583709_read, i32 <undef>, i2 %trunc_ln183" [top_cmplx.cpp:185]   --->   Operation 95 'sparsemux' 'tmp_15' <Predicate = (!icmp_ln181)> <Delay = 0.52> <CoreInst = "SparseMux">   --->   Core 147 'SparseMux' <Latency = 0> <II = 1> <Delay = 0.52> <FuncUnit> <Opcode : 'sparsemux'> <InPorts = 2> <OutPorts = 1>
ST_1 : Operation 96 [1/1] (0.52ns)   --->   "%tmp_16 = sparsemux i32 @_ssdm_op_SparseMux.ap_auto.4f32.f32.i2, i2 0, i32 %mux_case_05153915_read, i2 1, i32 %mux_case_15163923_read, i2 2, i32 %mux_case_25173931_read, i2 3, i32 %mux_case_35183940_read, i32 <undef>, i2 %trunc_ln183" [top_cmplx.cpp:185]   --->   Operation 96 'sparsemux' 'tmp_16' <Predicate = (!icmp_ln181)> <Delay = 0.52> <CoreInst = "SparseMux">   --->   Core 147 'SparseMux' <Latency = 0> <II = 1> <Delay = 0.52> <FuncUnit> <Opcode : 'sparsemux'> <InPorts = 2> <OutPorts = 1>
ST_1 : Operation 97 [1/1] (0.67ns)   --->   "%tmp_17 = sparsemux i32 @_ssdm_op_SparseMux.ap_auto.7f32.f32.i3, i3 0, i32 %tmp_s, i3 1, i32 %tmp_11, i3 2, i32 %tmp_12, i3 3, i32 %tmp_13, i3 4, i32 %tmp_14, i3 5, i32 %tmp_15, i3 6, i32 %tmp_16, i32 <undef>, i3 %select_ln181_1" [top_cmplx.cpp:185]   --->   Operation 97 'sparsemux' 'tmp_17' <Predicate = (!icmp_ln181)> <Delay = 0.67> <CoreInst = "SparseMux">   --->   Core 147 'SparseMux' <Latency = 0> <II = 1> <Delay = 0.67> <FuncUnit> <Opcode : 'sparsemux'> <InPorts = 2> <OutPorts = 1>
ST_1 : Operation 98 [1/1] (0.52ns)   --->   "%tmp_18 = sparsemux i32 @_ssdm_op_SparseMux.ap_auto.4f32.f32.i2, i2 0, i32 %mux_case_04603717_read, i2 1, i32 %mux_case_14613726_read, i2 2, i32 %mux_case_24623734_read, i2 3, i32 %mux_case_34633742_read, i32 <undef>, i2 %trunc_ln183" [top_cmplx.cpp:186]   --->   Operation 98 'sparsemux' 'tmp_18' <Predicate = (!icmp_ln181)> <Delay = 0.52> <CoreInst = "SparseMux">   --->   Core 147 'SparseMux' <Latency = 0> <II = 1> <Delay = 0.52> <FuncUnit> <Opcode : 'sparsemux'> <InPorts = 2> <OutPorts = 1>
ST_1 : Operation 99 [1/1] (0.52ns)   --->   "%tmp_19 = sparsemux i32 @_ssdm_op_SparseMux.ap_auto.4f32.f32.i2, i2 0, i32 %mux_case_04653750_read, i2 1, i32 %mux_case_14663758_read, i2 2, i32 %mux_case_24673767_read, i2 3, i32 %mux_case_34683775_read, i32 <undef>, i2 %trunc_ln183" [top_cmplx.cpp:186]   --->   Operation 99 'sparsemux' 'tmp_19' <Predicate = (!icmp_ln181)> <Delay = 0.52> <CoreInst = "SparseMux">   --->   Core 147 'SparseMux' <Latency = 0> <II = 1> <Delay = 0.52> <FuncUnit> <Opcode : 'sparsemux'> <InPorts = 2> <OutPorts = 1>
ST_1 : Operation 100 [1/1] (0.52ns)   --->   "%tmp_20 = sparsemux i32 @_ssdm_op_SparseMux.ap_auto.4f32.f32.i2, i2 0, i32 %mux_case_04703783_read, i2 1, i32 %mux_case_14713791_read, i2 2, i32 %mux_case_24723799_read, i2 3, i32 %mux_case_34733808_read, i32 <undef>, i2 %trunc_ln183" [top_cmplx.cpp:186]   --->   Operation 100 'sparsemux' 'tmp_20' <Predicate = (!icmp_ln181)> <Delay = 0.52> <CoreInst = "SparseMux">   --->   Core 147 'SparseMux' <Latency = 0> <II = 1> <Delay = 0.52> <FuncUnit> <Opcode : 'sparsemux'> <InPorts = 2> <OutPorts = 1>
ST_1 : Operation 101 [1/1] (0.52ns)   --->   "%tmp_21 = sparsemux i32 @_ssdm_op_SparseMux.ap_auto.4f32.f32.i2, i2 0, i32 %mux_case_04753816_read, i2 1, i32 %mux_case_14763824_read, i2 2, i32 %mux_case_24773832_read, i2 3, i32 %mux_case_34783840_read, i32 <undef>, i2 %trunc_ln183" [top_cmplx.cpp:186]   --->   Operation 101 'sparsemux' 'tmp_21' <Predicate = (!icmp_ln181)> <Delay = 0.52> <CoreInst = "SparseMux">   --->   Core 147 'SparseMux' <Latency = 0> <II = 1> <Delay = 0.52> <FuncUnit> <Opcode : 'sparsemux'> <InPorts = 2> <OutPorts = 1>
ST_1 : Operation 102 [1/1] (0.52ns)   --->   "%tmp_22 = sparsemux i32 @_ssdm_op_SparseMux.ap_auto.4f32.f32.i2, i2 0, i32 %mux_case_04803849_read, i2 1, i32 %mux_case_14813858_read, i2 2, i32 %mux_case_24823866_read, i2 3, i32 %mux_case_34833874_read, i32 <undef>, i2 %trunc_ln183" [top_cmplx.cpp:186]   --->   Operation 102 'sparsemux' 'tmp_22' <Predicate = (!icmp_ln181)> <Delay = 0.52> <CoreInst = "SparseMux">   --->   Core 147 'SparseMux' <Latency = 0> <II = 1> <Delay = 0.52> <FuncUnit> <Opcode : 'sparsemux'> <InPorts = 2> <OutPorts = 1>
ST_1 : Operation 103 [1/1] (0.52ns)   --->   "%tmp_23 = sparsemux i32 @_ssdm_op_SparseMux.ap_auto.4f32.f32.i2, i2 0, i32 %mux_case_04853882_read, i2 1, i32 %mux_case_14863890_read, i2 2, i32 %mux_case_24873899_read, i2 3, i32 %mux_case_34883907_read, i32 <undef>, i2 %trunc_ln183" [top_cmplx.cpp:186]   --->   Operation 103 'sparsemux' 'tmp_23' <Predicate = (!icmp_ln181)> <Delay = 0.52> <CoreInst = "SparseMux">   --->   Core 147 'SparseMux' <Latency = 0> <II = 1> <Delay = 0.52> <FuncUnit> <Opcode : 'sparsemux'> <InPorts = 2> <OutPorts = 1>
ST_1 : Operation 104 [1/1] (0.52ns)   --->   "%tmp_24 = sparsemux i32 @_ssdm_op_SparseMux.ap_auto.4f32.f32.i2, i2 0, i32 %mux_case_05453948_read, i2 1, i32 %mux_case_15463956_read, i2 2, i32 %mux_case_25473964_read, i2 3, i32 %mux_case_35483973_read, i32 <undef>, i2 %trunc_ln183" [top_cmplx.cpp:186]   --->   Operation 104 'sparsemux' 'tmp_24' <Predicate = (!icmp_ln181)> <Delay = 0.52> <CoreInst = "SparseMux">   --->   Core 147 'SparseMux' <Latency = 0> <II = 1> <Delay = 0.52> <FuncUnit> <Opcode : 'sparsemux'> <InPorts = 2> <OutPorts = 1>
ST_1 : Operation 105 [1/1] (0.67ns)   --->   "%tmp_25 = sparsemux i32 @_ssdm_op_SparseMux.ap_auto.7f32.f32.i3, i3 0, i32 %tmp_18, i3 1, i32 %tmp_19, i3 2, i32 %tmp_20, i3 3, i32 %tmp_21, i3 4, i32 %tmp_22, i3 5, i32 %tmp_23, i3 6, i32 %tmp_24, i32 <undef>, i3 %select_ln181_1" [top_cmplx.cpp:186]   --->   Operation 105 'sparsemux' 'tmp_25' <Predicate = (!icmp_ln181)> <Delay = 0.67> <CoreInst = "SparseMux">   --->   Core 147 'SparseMux' <Latency = 0> <II = 1> <Delay = 0.67> <FuncUnit> <Opcode : 'sparsemux'> <InPorts = 2> <OutPorts = 1>
ST_1 : Operation 106 [1/1] (0.73ns)   --->   "%switch_ln185 = switch i2 %trunc_ln183, void %imag20932.case.3, i2 0, void %imag20932.case.0, i2 1, void %imag20932.case.1, i2 2, void %imag20932.case.2" [top_cmplx.cpp:185]   --->   Operation 106 'switch' 'switch_ln185' <Predicate = (!icmp_ln181)> <Delay = 0.73>
ST_1 : Operation 107 [1/1] (0.67ns)   --->   "%store_ln185 = store i32 %tmp_17, i3 %Q_out_real_2_addr" [top_cmplx.cpp:185]   --->   Operation 107 'store' 'store_ln185' <Predicate = (!icmp_ln181 & trunc_ln183 == 2)> <Delay = 0.67> <CoreInst = "RAM">   --->   Core 83 'RAM' <Latency = 1> <II = 1> <Delay = 0.67> <Storage> <Opcode : 'load' 'store'> <Ports = 2> <Width = 32> <Depth = 7> <RAM>
ST_1 : Operation 108 [1/1] (0.67ns)   --->   "%store_ln186 = store i32 %tmp_25, i3 %Q_out_imag_2_addr" [top_cmplx.cpp:186]   --->   Operation 108 'store' 'store_ln186' <Predicate = (!icmp_ln181 & trunc_ln183 == 2)> <Delay = 0.67> <CoreInst = "RAM">   --->   Core 83 'RAM' <Latency = 1> <II = 1> <Delay = 0.67> <Storage> <Opcode : 'load' 'store'> <Ports = 2> <Width = 32> <Depth = 7> <RAM>
ST_1 : Operation 109 [1/1] (0.00ns)   --->   "%br_ln186 = br void %imag20932.exit" [top_cmplx.cpp:186]   --->   Operation 109 'br' 'br_ln186' <Predicate = (!icmp_ln181 & trunc_ln183 == 2)> <Delay = 0.00>
ST_1 : Operation 110 [1/1] (0.67ns)   --->   "%store_ln185 = store i32 %tmp_17, i3 %Q_out_real_1_addr" [top_cmplx.cpp:185]   --->   Operation 110 'store' 'store_ln185' <Predicate = (!icmp_ln181 & trunc_ln183 == 1)> <Delay = 0.67> <CoreInst = "RAM">   --->   Core 83 'RAM' <Latency = 1> <II = 1> <Delay = 0.67> <Storage> <Opcode : 'load' 'store'> <Ports = 2> <Width = 32> <Depth = 7> <RAM>
ST_1 : Operation 111 [1/1] (0.67ns)   --->   "%store_ln186 = store i32 %tmp_25, i3 %Q_out_imag_1_addr" [top_cmplx.cpp:186]   --->   Operation 111 'store' 'store_ln186' <Predicate = (!icmp_ln181 & trunc_ln183 == 1)> <Delay = 0.67> <CoreInst = "RAM">   --->   Core 83 'RAM' <Latency = 1> <II = 1> <Delay = 0.67> <Storage> <Opcode : 'load' 'store'> <Ports = 2> <Width = 32> <Depth = 7> <RAM>
ST_1 : Operation 112 [1/1] (0.00ns)   --->   "%br_ln186 = br void %imag20932.exit" [top_cmplx.cpp:186]   --->   Operation 112 'br' 'br_ln186' <Predicate = (!icmp_ln181 & trunc_ln183 == 1)> <Delay = 0.00>
ST_1 : Operation 113 [1/1] (0.67ns)   --->   "%store_ln185 = store i32 %tmp_17, i3 %Q_out_real_addr" [top_cmplx.cpp:185]   --->   Operation 113 'store' 'store_ln185' <Predicate = (!icmp_ln181 & trunc_ln183 == 0)> <Delay = 0.67> <CoreInst = "RAM">   --->   Core 83 'RAM' <Latency = 1> <II = 1> <Delay = 0.67> <Storage> <Opcode : 'load' 'store'> <Ports = 2> <Width = 32> <Depth = 7> <RAM>
ST_1 : Operation 114 [1/1] (0.67ns)   --->   "%store_ln186 = store i32 %tmp_25, i3 %Q_out_imag_addr" [top_cmplx.cpp:186]   --->   Operation 114 'store' 'store_ln186' <Predicate = (!icmp_ln181 & trunc_ln183 == 0)> <Delay = 0.67> <CoreInst = "RAM">   --->   Core 83 'RAM' <Latency = 1> <II = 1> <Delay = 0.67> <Storage> <Opcode : 'load' 'store'> <Ports = 2> <Width = 32> <Depth = 7> <RAM>
ST_1 : Operation 115 [1/1] (0.00ns)   --->   "%br_ln186 = br void %imag20932.exit" [top_cmplx.cpp:186]   --->   Operation 115 'br' 'br_ln186' <Predicate = (!icmp_ln181 & trunc_ln183 == 0)> <Delay = 0.00>
ST_1 : Operation 116 [1/1] (0.67ns)   --->   "%store_ln185 = store i32 %tmp_17, i3 %Q_out_real_3_addr" [top_cmplx.cpp:185]   --->   Operation 116 'store' 'store_ln185' <Predicate = (!icmp_ln181 & trunc_ln183 == 3)> <Delay = 0.67> <CoreInst = "RAM">   --->   Core 83 'RAM' <Latency = 1> <II = 1> <Delay = 0.67> <Storage> <Opcode : 'load' 'store'> <Ports = 2> <Width = 32> <Depth = 7> <RAM>
ST_1 : Operation 117 [1/1] (0.67ns)   --->   "%store_ln186 = store i32 %tmp_25, i3 %Q_out_imag_3_addr" [top_cmplx.cpp:186]   --->   Operation 117 'store' 'store_ln186' <Predicate = (!icmp_ln181 & trunc_ln183 == 3)> <Delay = 0.67> <CoreInst = "RAM">   --->   Core 83 'RAM' <Latency = 1> <II = 1> <Delay = 0.67> <Storage> <Opcode : 'load' 'store'> <Ports = 2> <Width = 32> <Depth = 7> <RAM>
ST_1 : Operation 118 [1/1] (0.00ns)   --->   "%br_ln186 = br void %imag20932.exit" [top_cmplx.cpp:186]   --->   Operation 118 'br' 'br_ln186' <Predicate = (!icmp_ln181 & trunc_ln183 == 3)> <Delay = 0.00>
ST_1 : Operation 119 [1/1] (0.67ns)   --->   "%add_ln183 = add i3 %select_ln181, i3 1" [top_cmplx.cpp:183]   --->   Operation 119 'add' 'add_ln183' <Predicate = (!icmp_ln181)> <Delay = 0.67> <CoreInst = "Adder">   --->   Core 1 'Adder' <Latency = 0> <II = 1> <Delay = 0.67> <FuncUnit> <Opcode : 'add' 'sub'> <InPorts = 2> <OutPorts = 1>
ST_1 : Operation 120 [1/1] (0.42ns)   --->   "%store_ln181 = store i5 %add_ln181, i5 %indvar_flatten40" [top_cmplx.cpp:181]   --->   Operation 120 'store' 'store_ln181' <Predicate = (!icmp_ln181)> <Delay = 0.42>
ST_1 : Operation 121 [1/1] (0.42ns)   --->   "%store_ln181 = store i3 %select_ln181_1, i3 %i" [top_cmplx.cpp:181]   --->   Operation 121 'store' 'store_ln181' <Predicate = (!icmp_ln181)> <Delay = 0.42>
ST_1 : Operation 122 [1/1] (0.42ns)   --->   "%store_ln183 = store i3 %add_ln183, i3 %j" [top_cmplx.cpp:183]   --->   Operation 122 'store' 'store_ln183' <Predicate = (!icmp_ln181)> <Delay = 0.42>
ST_1 : Operation 123 [1/1] (0.00ns)   --->   "%br_ln183 = br void %for.inc210" [top_cmplx.cpp:183]   --->   Operation 123 'br' 'br_ln183' <Predicate = (!icmp_ln181)> <Delay = 0.00>
ST_1 : Operation 124 [1/1] (0.00ns)   --->   "%ret_ln0 = ret"   --->   Operation 124 'ret' 'ret_ln0' <Predicate = (icmp_ln181)> <Delay = 0.00>


============================================================
+ Verbose Summary: Timing violations
============================================================
Target clock period: 10.000ns, clock uncertainty: 1.250ns.

 <State 1>: 3.182ns
The critical path consists of the following:
	'store' operation 0 bit ('store_ln183', top_cmplx.cpp:183) of constant 0 on local variable 'j', top_cmplx.cpp:183 [126]  (0.427 ns)
	'load' operation 3 bit ('j_load', top_cmplx.cpp:183) on local variable 'j', top_cmplx.cpp:183 [134]  (0.000 ns)
	'icmp' operation 1 bit ('icmp_ln183', top_cmplx.cpp:183) [138]  (0.673 ns)
	'select' operation 3 bit ('select_ln181', top_cmplx.cpp:181) [139]  (0.208 ns)
	'sparsemux' operation 32 bit ('tmp_11', top_cmplx.cpp:185) [154]  (0.525 ns)
	'sparsemux' operation 32 bit ('tmp_17', top_cmplx.cpp:185) [160]  (0.672 ns)
	'store' operation 0 bit ('store_ln185', top_cmplx.cpp:185) of variable 'tmp_17', top_cmplx.cpp:185 on array 'Q_out_real_3' [183]  (0.677 ns)


============================================================
+ Verbose Summary: Binding
============================================================
N/A
* FSMD analyzer results:
  - Output states:
 - Input state : 
  - Chain level:
	State 1


============================================================
+ Verbose Summary: Datapath Resource usage 
============================================================
N/A
