

================================================================
== Vitis HLS Report for 'top_Pipeline_WRITE_R_VITIS_LOOP_216_11'
================================================================
* Date:           Thu Mar  5 00:42:44 2026

* Version:        2023.2 (Build 4023990 on Oct 11 2023)
* Project:        CGR_QR_WBS
* Solution:       solution1 (Vivado IP Flow Target)
* Product family: zynquplus
* Target device:  xczu7ev-ffvc1156-2-e


================================================================
== Performance Estimates
================================================================
+ Timing: 
    * Summary: 
    +--------+----------+----------+------------+
    |  Clock |  Target  | Estimated| Uncertainty|
    +--------+----------+----------+------------+
    |ap_clk  |  10.00 ns|  8.750 ns|     1.25 ns|
    +--------+----------+----------+------------+

+ Latency: 
    * Summary: 
    +---------+---------+----------+----------+-----+-----+---------+
    |  Latency (cycles) |  Latency (absolute) |  Interval | Pipeline|
    |   min   |   max   |    min   |    max   | min | max |   Type  |
    +---------+---------+----------+----------+-----+-----+---------+
    |       41|       41|  0.410 us|  0.410 us|   41|   41|       no|
    +---------+---------+----------+----------+-----+-----+---------+

    + Detail: 
        * Instance: 
        N/A

        * Loop: 
        +-----------------------------+---------+---------+----------+-----------+-----------+------+----------+
        |                             |  Latency (cycles) | Iteration|  Initiation Interval  | Trip |          |
        |          Loop Name          |   min   |   max   |  Latency |  achieved |   target  | Count| Pipelined|
        +-----------------------------+---------+---------+----------+-----------+-----------+------+----------+
        |- WRITE_R_VITIS_LOOP_216_11  |       39|       39|        10|          2|          1|    16|       yes|
        +-----------------------------+---------+---------+----------+-----------+-----------+------+----------+

============================================================
+ Verbose Summary: Synthesis Manager
============================================================
InlineROM: 1
ExposeGlobal: 0
============================================================
+ Verbose Summary: CDFG Model
============================================================
IsTopModel: 0
ResetActiveHigh: 1
IsCombinational: 0
IsDatapathOnly: 0
HasWiredReturn: 1
HasMFsm: 2
HasVarLatency: 1
IsPipeline: 0
IsRtlPipelined: 0
IsInstanceOverlapped: 0
IsDontTouch: 0
HasImplIP: 0
IsGatedGlobalClock: 0

+ Individual pipeline summary: 
  * Pipeline-0: initiation interval (II) = 2, depth = 10


============================================================
+ Verbose Summary: Schedule
============================================================
* Number of FSM states : 10
* Pipeline : 1
  Pipeline-0 : II = 2, D = 10, States = { 1 2 3 4 5 6 7 8 9 10 }
* Dataflow Pipeline: 0

* FSM state transitions: 
1 --> 2 
2 --> 3 
3 --> 4 
4 --> 5 
5 --> 6 
6 --> 7 
7 --> 8 
8 --> 9 
9 --> 10 
10 --> 

* FSM state operations: 

State 1 <SV = 0> <Delay = 2.40>
ST_1 : Operation 13 [1/1] (0.00ns)   --->   "%j = alloca i32 1" [top_cmplx.cpp:216]   --->   Operation 13 'alloca' 'j' <Predicate = true> <Delay = 0.00>
ST_1 : Operation 14 [1/1] (0.00ns)   --->   "%i = alloca i32 1" [top_cmplx.cpp:214]   --->   Operation 14 'alloca' 'i' <Predicate = true> <Delay = 0.00>
ST_1 : Operation 15 [1/1] (0.00ns)   --->   "%indvar_flatten61 = alloca i32 1"   --->   Operation 15 'alloca' 'indvar_flatten61' <Predicate = true> <Delay = 0.00>
ST_1 : Operation 16 [1/1] (0.00ns)   --->   "%R_out_imag_3_load19 = alloca i32 1"   --->   Operation 16 'alloca' 'R_out_imag_3_load19' <Predicate = true> <Delay = 0.00>
ST_1 : Operation 17 [1/1] (0.00ns)   --->   "%R_out_imag_2_load21 = alloca i32 1"   --->   Operation 17 'alloca' 'R_out_imag_2_load21' <Predicate = true> <Delay = 0.00>
ST_1 : Operation 18 [1/1] (0.00ns)   --->   "%R_out_imag_1_load23 = alloca i32 1"   --->   Operation 18 'alloca' 'R_out_imag_1_load23' <Predicate = true> <Delay = 0.00>
ST_1 : Operation 19 [1/1] (0.00ns)   --->   "%R_out_imag_load25 = alloca i32 1"   --->   Operation 19 'alloca' 'R_out_imag_load25' <Predicate = true> <Delay = 0.00>
ST_1 : Operation 20 [1/1] (0.00ns)   --->   "%R_out_real_3_load27 = alloca i32 1"   --->   Operation 20 'alloca' 'R_out_real_3_load27' <Predicate = true> <Delay = 0.00>
ST_1 : Operation 21 [1/1] (0.00ns)   --->   "%R_out_real_2_load29 = alloca i32 1"   --->   Operation 21 'alloca' 'R_out_real_2_load29' <Predicate = true> <Delay = 0.00>
ST_1 : Operation 22 [1/1] (0.00ns)   --->   "%R_out_real_1_load31 = alloca i32 1"   --->   Operation 22 'alloca' 'R_out_real_1_load31' <Predicate = true> <Delay = 0.00>
ST_1 : Operation 23 [1/1] (0.00ns)   --->   "%R_out_real_load33 = alloca i32 1"   --->   Operation 23 'alloca' 'R_out_real_load33' <Predicate = true> <Delay = 0.00>
ST_1 : Operation 24 [1/1] (0.00ns)   --->   "%xor_ln214_read = read i3 @_ssdm_op_Read.ap_auto.i3, i3 %xor_ln214"   --->   Operation 24 'read' 'xor_ln214_read' <Predicate = true> <Delay = 0.00>
ST_1 : Operation 25 [1/1] (0.00ns)   --->   "%zext_ln216_1_read = read i3 @_ssdm_op_Read.ap_auto.i3, i3 %zext_ln216_1"   --->   Operation 25 'read' 'zext_ln216_1_read' <Predicate = true> <Delay = 0.00>
ST_1 : Operation 26 [1/1] (0.00ns)   --->   "%tmp = read i3 @_ssdm_op_Read.ap_auto.i3, i3 %empty"   --->   Operation 26 'read' 'tmp' <Predicate = true> <Delay = 0.00>
ST_1 : Operation 27 [1/1] (0.00ns)   --->   "%zext_ln216_read = read i3 @_ssdm_op_Read.ap_auto.i3, i3 %zext_ln216"   --->   Operation 27 'read' 'zext_ln216_read' <Predicate = true> <Delay = 0.00>
ST_1 : Operation 28 [1/1] (0.00ns)   --->   "%R_DRAM_read = read i64 @_ssdm_op_Read.ap_auto.i64, i64 %R_DRAM"   --->   Operation 28 'read' 'R_DRAM_read' <Predicate = true> <Delay = 0.00>
ST_1 : Operation 29 [1/1] (0.00ns)   --->   "%zext_ln216_1_cast = zext i3 %zext_ln216_1_read"   --->   Operation 29 'zext' 'zext_ln216_1_cast' <Predicate = true> <Delay = 0.00>
ST_1 : Operation 30 [1/1] (0.00ns)   --->   "%zext_ln216_cast = zext i3 %zext_ln216_read"   --->   Operation 30 'zext' 'zext_ln216_cast' <Predicate = true> <Delay = 0.00>
ST_1 : Operation 31 [1/1] (0.00ns)   --->   "%specinterface_ln0 = specinterface void @_ssdm_op_SpecInterface, i64 %memR, void @empty, i32 0, i32 0, void @empty_0, i32 0, i32 16, void @empty_4, void @empty_2, void @empty_0, i32 16, i32 16, i32 16, i32 16, void @empty_0, void @empty_0, i32 4294967295, i32 0"   --->   Operation 31 'specinterface' 'specinterface_ln0' <Predicate = true> <Delay = 0.00>
ST_1 : Operation 32 [1/1] (0.42ns)   --->   "%store_ln0 = store i5 0, i5 %indvar_flatten61"   --->   Operation 32 'store' 'store_ln0' <Predicate = true> <Delay = 0.42>
ST_1 : Operation 33 [1/1] (0.42ns)   --->   "%store_ln214 = store i3 0, i3 %i" [top_cmplx.cpp:214]   --->   Operation 33 'store' 'store_ln214' <Predicate = true> <Delay = 0.42>
ST_1 : Operation 34 [1/1] (0.42ns)   --->   "%store_ln216 = store i3 0, i3 %j" [top_cmplx.cpp:216]   --->   Operation 34 'store' 'store_ln216' <Predicate = true> <Delay = 0.42>
ST_1 : Operation 35 [1/1] (0.42ns)   --->   "%br_ln0 = br void %for.inc318"   --->   Operation 35 'br' 'br_ln0' <Predicate = true> <Delay = 0.42>
ST_1 : Operation 36 [1/1] (0.00ns)   --->   "%first_iter_4 = phi i1 1, void %newFuncRoot, i1 0, void %for.inc318.split"   --->   Operation 36 'phi' 'first_iter_4' <Predicate = true> <Delay = 0.00>
ST_1 : Operation 37 [1/1] (0.00ns)   --->   "%indvar_flatten61_load = load i5 %indvar_flatten61" [top_cmplx.cpp:214]   --->   Operation 37 'load' 'indvar_flatten61_load' <Predicate = true> <Delay = 0.00>
ST_1 : Operation 38 [1/1] (0.00ns)   --->   "%specbitsmap_ln0 = specbitsmap void @_ssdm_op_SpecBitsMap, i64 %memR"   --->   Operation 38 'specbitsmap' 'specbitsmap_ln0' <Predicate = true> <Delay = 0.00>
ST_1 : Operation 39 [1/1] (0.78ns)   --->   "%icmp_ln214 = icmp_eq  i5 %indvar_flatten61_load, i5 16" [top_cmplx.cpp:214]   --->   Operation 39 'icmp' 'icmp_ln214' <Predicate = true> <Delay = 0.78> <CoreInst = "Cmp">   --->   Core 9 'Cmp' <Latency = 0> <II = 1> <Delay = 0.78> <FuncUnit> <Opcode : 'icmp'> <InPorts = 2> <OutPorts = 1>
ST_1 : Operation 40 [1/1] (0.78ns)   --->   "%add_ln214 = add i5 %indvar_flatten61_load, i5 1" [top_cmplx.cpp:214]   --->   Operation 40 'add' 'add_ln214' <Predicate = true> <Delay = 0.78> <CoreInst = "Adder">   --->   Core 1 'Adder' <Latency = 0> <II = 1> <Delay = 0.78> <FuncUnit> <Opcode : 'add' 'sub'> <InPorts = 2> <OutPorts = 1>
ST_1 : Operation 41 [1/1] (0.00ns)   --->   "%br_ln214 = br i1 %icmp_ln214, void %for.inc321, void %for.end323.exitStub" [top_cmplx.cpp:214]   --->   Operation 41 'br' 'br_ln214' <Predicate = true> <Delay = 0.00>
ST_1 : Operation 42 [1/1] (0.00ns)   --->   "%j_load = load i3 %j" [top_cmplx.cpp:216]   --->   Operation 42 'load' 'j_load' <Predicate = (!icmp_ln214)> <Delay = 0.00>
ST_1 : Operation 43 [1/1] (0.00ns)   --->   "%i_load = load i3 %i" [top_cmplx.cpp:214]   --->   Operation 43 'load' 'i_load' <Predicate = (!icmp_ln214)> <Delay = 0.00>
ST_1 : Operation 44 [1/1] (0.00ns)   --->   "%specloopname_ln0 = specloopname void @_ssdm_op_SpecLoopName, void @WRITE_R_VITIS_LOOP_216_11_str"   --->   Operation 44 'specloopname' 'specloopname_ln0' <Predicate = (!icmp_ln214)> <Delay = 0.00>
ST_1 : Operation 45 [1/1] (0.00ns)   --->   "%speclooptripcount_ln0 = speclooptripcount void @_ssdm_op_SpecLoopTripCount, i64 16, i64 16, i64 16"   --->   Operation 45 'speclooptripcount' 'speclooptripcount_ln0' <Predicate = (!icmp_ln214)> <Delay = 0.00>
ST_1 : Operation 46 [1/1] (0.67ns)   --->   "%icmp_ln216 = icmp_eq  i3 %j_load, i3 4" [top_cmplx.cpp:216]   --->   Operation 46 'icmp' 'icmp_ln216' <Predicate = (!icmp_ln214)> <Delay = 0.67> <CoreInst = "Cmp">   --->   Core 9 'Cmp' <Latency = 0> <II = 1> <Delay = 0.67> <FuncUnit> <Opcode : 'icmp'> <InPorts = 2> <OutPorts = 1>
ST_1 : Operation 47 [1/1] (0.28ns)   --->   "%or_ln214 = or i1 %icmp_ln216, i1 %first_iter_4" [top_cmplx.cpp:214]   --->   Operation 47 'or' 'or_ln214' <Predicate = (!icmp_ln214)> <Delay = 0.28> <CoreInst = "LogicGate">   --->   Core 74 'LogicGate' <Latency = 0> <II = 1> <Delay = 0.28> <FuncUnit> <Opcode : 'and' 'or' 'xor'> <InPorts = 2> <OutPorts = 1>
ST_1 : Operation 48 [1/1] (0.20ns)   --->   "%select_ln214 = select i1 %icmp_ln216, i3 0, i3 %j_load" [top_cmplx.cpp:214]   --->   Operation 48 'select' 'select_ln214' <Predicate = (!icmp_ln214)> <Delay = 0.20> <CoreInst = "Sel">   --->   Core 73 'Sel' <Latency = 0> <II = 1> <Delay = 0.20> <FuncUnit> <Opcode : 'select'> <InPorts = 3> <OutPorts = 1>
ST_1 : Operation 49 [1/1] (0.67ns)   --->   "%add_ln214_1 = add i3 %i_load, i3 1" [top_cmplx.cpp:214]   --->   Operation 49 'add' 'add_ln214_1' <Predicate = (!icmp_ln214)> <Delay = 0.67> <CoreInst = "Adder">   --->   Core 1 'Adder' <Latency = 0> <II = 1> <Delay = 0.67> <FuncUnit> <Opcode : 'add' 'sub'> <InPorts = 2> <OutPorts = 1>
ST_1 : Operation 50 [1/1] (0.20ns)   --->   "%select_ln214_1 = select i1 %icmp_ln216, i3 %add_ln214_1, i3 %i_load" [top_cmplx.cpp:214]   --->   Operation 50 'select' 'select_ln214_1' <Predicate = (!icmp_ln214)> <Delay = 0.20> <CoreInst = "Sel">   --->   Core 73 'Sel' <Latency = 0> <II = 1> <Delay = 0.20> <FuncUnit> <Opcode : 'select'> <InPorts = 3> <OutPorts = 1>
ST_1 : Operation 51 [1/1] (0.00ns)   --->   "%zext_ln214 = zext i3 %select_ln214_1" [top_cmplx.cpp:214]   --->   Operation 51 'zext' 'zext_ln214' <Predicate = (!icmp_ln214)> <Delay = 0.00>
ST_1 : Operation 52 [1/1] (0.00ns)   --->   "%R_out_real_addr = getelementptr i32 %R_out_real, i64 0, i64 %zext_ln214" [top_cmplx.cpp:214]   --->   Operation 52 'getelementptr' 'R_out_real_addr' <Predicate = (!icmp_ln214)> <Delay = 0.00>
ST_1 : Operation 53 [1/1] (0.00ns)   --->   "%R_out_real_1_addr = getelementptr i32 %R_out_real_1, i64 0, i64 %zext_ln214" [top_cmplx.cpp:214]   --->   Operation 53 'getelementptr' 'R_out_real_1_addr' <Predicate = (!icmp_ln214)> <Delay = 0.00>
ST_1 : Operation 54 [1/1] (0.00ns)   --->   "%R_out_real_2_addr = getelementptr i32 %R_out_real_2, i64 0, i64 %zext_ln214" [top_cmplx.cpp:214]   --->   Operation 54 'getelementptr' 'R_out_real_2_addr' <Predicate = (!icmp_ln214)> <Delay = 0.00>
ST_1 : Operation 55 [1/1] (0.00ns)   --->   "%R_out_real_3_addr = getelementptr i32 %R_out_real_3, i64 0, i64 %zext_ln214" [top_cmplx.cpp:214]   --->   Operation 55 'getelementptr' 'R_out_real_3_addr' <Predicate = (!icmp_ln214)> <Delay = 0.00>
ST_1 : Operation 56 [1/1] (0.00ns)   --->   "%R_out_imag_addr = getelementptr i32 %R_out_imag, i64 0, i64 %zext_ln214" [top_cmplx.cpp:214]   --->   Operation 56 'getelementptr' 'R_out_imag_addr' <Predicate = (!icmp_ln214)> <Delay = 0.00>
ST_1 : Operation 57 [1/1] (0.00ns)   --->   "%R_out_imag_1_addr = getelementptr i32 %R_out_imag_1, i64 0, i64 %zext_ln214" [top_cmplx.cpp:214]   --->   Operation 57 'getelementptr' 'R_out_imag_1_addr' <Predicate = (!icmp_ln214)> <Delay = 0.00>
ST_1 : Operation 58 [1/1] (0.00ns)   --->   "%R_out_imag_2_addr = getelementptr i32 %R_out_imag_2, i64 0, i64 %zext_ln214" [top_cmplx.cpp:214]   --->   Operation 58 'getelementptr' 'R_out_imag_2_addr' <Predicate = (!icmp_ln214)> <Delay = 0.00>
ST_1 : Operation 59 [1/1] (0.00ns)   --->   "%R_out_imag_3_addr = getelementptr i32 %R_out_imag_3, i64 0, i64 %zext_ln214" [top_cmplx.cpp:214]   --->   Operation 59 'getelementptr' 'R_out_imag_3_addr' <Predicate = (!icmp_ln214)> <Delay = 0.00>
ST_1 : Operation 60 [1/1] (0.00ns)   --->   "%br_ln216 = br i1 %or_ln214, void %for.inc318.split, void %for.first.iter.for.inc318" [top_cmplx.cpp:216]   --->   Operation 60 'br' 'br_ln216' <Predicate = (!icmp_ln214)> <Delay = 0.00>
ST_1 : Operation 61 [2/2] (0.67ns)   --->   "%R_out_real_load = load i3 %R_out_real_addr" [top_cmplx.cpp:214]   --->   Operation 61 'load' 'R_out_real_load' <Predicate = (!icmp_ln214 & or_ln214)> <Delay = 0.67> <CoreInst = "RAM">   --->   Core 83 'RAM' <Latency = 1> <II = 1> <Delay = 0.67> <Storage> <Opcode : 'load' 'store'> <Ports = 2> <Width = 32> <Depth = 7> <RAM>
ST_1 : Operation 62 [2/2] (0.67ns)   --->   "%R_out_real_1_load = load i3 %R_out_real_1_addr" [top_cmplx.cpp:214]   --->   Operation 62 'load' 'R_out_real_1_load' <Predicate = (!icmp_ln214 & or_ln214)> <Delay = 0.67> <CoreInst = "RAM">   --->   Core 83 'RAM' <Latency = 1> <II = 1> <Delay = 0.67> <Storage> <Opcode : 'load' 'store'> <Ports = 2> <Width = 32> <Depth = 7> <RAM>
ST_1 : Operation 63 [2/2] (0.67ns)   --->   "%R_out_real_2_load = load i3 %R_out_real_2_addr" [top_cmplx.cpp:214]   --->   Operation 63 'load' 'R_out_real_2_load' <Predicate = (!icmp_ln214 & or_ln214)> <Delay = 0.67> <CoreInst = "RAM">   --->   Core 83 'RAM' <Latency = 1> <II = 1> <Delay = 0.67> <Storage> <Opcode : 'load' 'store'> <Ports = 2> <Width = 32> <Depth = 7> <RAM>
ST_1 : Operation 64 [2/2] (0.67ns)   --->   "%R_out_real_3_load = load i3 %R_out_real_3_addr" [top_cmplx.cpp:214]   --->   Operation 64 'load' 'R_out_real_3_load' <Predicate = (!icmp_ln214 & or_ln214)> <Delay = 0.67> <CoreInst = "RAM">   --->   Core 83 'RAM' <Latency = 1> <II = 1> <Delay = 0.67> <Storage> <Opcode : 'load' 'store'> <Ports = 2> <Width = 32> <Depth = 7> <RAM>
ST_1 : Operation 65 [2/2] (0.67ns)   --->   "%R_out_imag_load = load i3 %R_out_imag_addr" [top_cmplx.cpp:214]   --->   Operation 65 'load' 'R_out_imag_load' <Predicate = (!icmp_ln214 & or_ln214)> <Delay = 0.67> <CoreInst = "RAM">   --->   Core 83 'RAM' <Latency = 1> <II = 1> <Delay = 0.67> <Storage> <Opcode : 'load' 'store'> <Ports = 2> <Width = 32> <Depth = 7> <RAM>
ST_1 : Operation 66 [2/2] (0.67ns)   --->   "%R_out_imag_1_load = load i3 %R_out_imag_1_addr" [top_cmplx.cpp:214]   --->   Operation 66 'load' 'R_out_imag_1_load' <Predicate = (!icmp_ln214 & or_ln214)> <Delay = 0.67> <CoreInst = "RAM">   --->   Core 83 'RAM' <Latency = 1> <II = 1> <Delay = 0.67> <Storage> <Opcode : 'load' 'store'> <Ports = 2> <Width = 32> <Depth = 7> <RAM>
ST_1 : Operation 67 [2/2] (0.67ns)   --->   "%R_out_imag_2_load = load i3 %R_out_imag_2_addr" [top_cmplx.cpp:214]   --->   Operation 67 'load' 'R_out_imag_2_load' <Predicate = (!icmp_ln214 & or_ln214)> <Delay = 0.67> <CoreInst = "RAM">   --->   Core 83 'RAM' <Latency = 1> <II = 1> <Delay = 0.67> <Storage> <Opcode : 'load' 'store'> <Ports = 2> <Width = 32> <Depth = 7> <RAM>
ST_1 : Operation 68 [2/2] (0.67ns)   --->   "%R_out_imag_3_load = load i3 %R_out_imag_3_addr" [top_cmplx.cpp:214]   --->   Operation 68 'load' 'R_out_imag_3_load' <Predicate = (!icmp_ln214 & or_ln214)> <Delay = 0.67> <CoreInst = "RAM">   --->   Core 83 'RAM' <Latency = 1> <II = 1> <Delay = 0.67> <Storage> <Opcode : 'load' 'store'> <Ports = 2> <Width = 32> <Depth = 7> <RAM>
ST_1 : Operation 69 [1/1] (0.00ns)   --->   "%trunc_ln216 = trunc i3 %select_ln214_1" [top_cmplx.cpp:216]   --->   Operation 69 'trunc' 'trunc_ln216' <Predicate = (!icmp_ln214)> <Delay = 0.00>
ST_1 : Operation 70 [1/1] (0.67ns)   --->   "%add_ln216_2 = add i3 %select_ln214, i3 1" [top_cmplx.cpp:216]   --->   Operation 70 'add' 'add_ln216_2' <Predicate = (!icmp_ln214)> <Delay = 0.67> <CoreInst = "Adder">   --->   Core 1 'Adder' <Latency = 0> <II = 1> <Delay = 0.67> <FuncUnit> <Opcode : 'add' 'sub'> <InPorts = 2> <OutPorts = 1>
ST_1 : Operation 71 [1/1] (0.42ns)   --->   "%store_ln214 = store i5 %add_ln214, i5 %indvar_flatten61" [top_cmplx.cpp:214]   --->   Operation 71 'store' 'store_ln214' <Predicate = (!icmp_ln214)> <Delay = 0.42>
ST_1 : Operation 72 [1/1] (0.42ns)   --->   "%store_ln214 = store i3 %select_ln214_1, i3 %i" [top_cmplx.cpp:214]   --->   Operation 72 'store' 'store_ln214' <Predicate = (!icmp_ln214)> <Delay = 0.42>
ST_1 : Operation 73 [1/1] (0.42ns)   --->   "%store_ln216 = store i3 %add_ln216_2, i3 %j" [top_cmplx.cpp:216]   --->   Operation 73 'store' 'store_ln216' <Predicate = (!icmp_ln214)> <Delay = 0.42>
ST_1 : Operation 74 [1/1] (0.00ns)   --->   "%br_ln216 = br void %for.inc318" [top_cmplx.cpp:216]   --->   Operation 74 'br' 'br_ln216' <Predicate = (!icmp_ln214)> <Delay = 0.00>

State 2 <SV = 1> <Delay = 1.08>
ST_2 : Operation 75 [1/2] (0.67ns)   --->   "%R_out_real_load = load i3 %R_out_real_addr" [top_cmplx.cpp:214]   --->   Operation 75 'load' 'R_out_real_load' <Predicate = (!icmp_ln214 & or_ln214)> <Delay = 0.67> <CoreInst = "RAM">   --->   Core 83 'RAM' <Latency = 1> <II = 1> <Delay = 0.67> <Storage> <Opcode : 'load' 'store'> <Ports = 2> <Width = 32> <Depth = 7> <RAM>
ST_2 : Operation 76 [1/2] (0.67ns)   --->   "%R_out_real_1_load = load i3 %R_out_real_1_addr" [top_cmplx.cpp:214]   --->   Operation 76 'load' 'R_out_real_1_load' <Predicate = (!icmp_ln214 & or_ln214)> <Delay = 0.67> <CoreInst = "RAM">   --->   Core 83 'RAM' <Latency = 1> <II = 1> <Delay = 0.67> <Storage> <Opcode : 'load' 'store'> <Ports = 2> <Width = 32> <Depth = 7> <RAM>
ST_2 : Operation 77 [1/2] (0.67ns)   --->   "%R_out_real_2_load = load i3 %R_out_real_2_addr" [top_cmplx.cpp:214]   --->   Operation 77 'load' 'R_out_real_2_load' <Predicate = (!icmp_ln214 & or_ln214)> <Delay = 0.67> <CoreInst = "RAM">   --->   Core 83 'RAM' <Latency = 1> <II = 1> <Delay = 0.67> <Storage> <Opcode : 'load' 'store'> <Ports = 2> <Width = 32> <Depth = 7> <RAM>
ST_2 : Operation 78 [1/2] (0.67ns)   --->   "%R_out_real_3_load = load i3 %R_out_real_3_addr" [top_cmplx.cpp:214]   --->   Operation 78 'load' 'R_out_real_3_load' <Predicate = (!icmp_ln214 & or_ln214)> <Delay = 0.67> <CoreInst = "RAM">   --->   Core 83 'RAM' <Latency = 1> <II = 1> <Delay = 0.67> <Storage> <Opcode : 'load' 'store'> <Ports = 2> <Width = 32> <Depth = 7> <RAM>
ST_2 : Operation 79 [1/2] (0.67ns)   --->   "%R_out_imag_load = load i3 %R_out_imag_addr" [top_cmplx.cpp:214]   --->   Operation 79 'load' 'R_out_imag_load' <Predicate = (!icmp_ln214 & or_ln214)> <Delay = 0.67> <CoreInst = "RAM">   --->   Core 83 'RAM' <Latency = 1> <II = 1> <Delay = 0.67> <Storage> <Opcode : 'load' 'store'> <Ports = 2> <Width = 32> <Depth = 7> <RAM>
ST_2 : Operation 80 [1/2] (0.67ns)   --->   "%R_out_imag_1_load = load i3 %R_out_imag_1_addr" [top_cmplx.cpp:214]   --->   Operation 80 'load' 'R_out_imag_1_load' <Predicate = (!icmp_ln214 & or_ln214)> <Delay = 0.67> <CoreInst = "RAM">   --->   Core 83 'RAM' <Latency = 1> <II = 1> <Delay = 0.67> <Storage> <Opcode : 'load' 'store'> <Ports = 2> <Width = 32> <Depth = 7> <RAM>
ST_2 : Operation 81 [1/2] (0.67ns)   --->   "%R_out_imag_2_load = load i3 %R_out_imag_2_addr" [top_cmplx.cpp:214]   --->   Operation 81 'load' 'R_out_imag_2_load' <Predicate = (!icmp_ln214 & or_ln214)> <Delay = 0.67> <CoreInst = "RAM">   --->   Core 83 'RAM' <Latency = 1> <II = 1> <Delay = 0.67> <Storage> <Opcode : 'load' 'store'> <Ports = 2> <Width = 32> <Depth = 7> <RAM>
ST_2 : Operation 82 [1/2] (0.67ns)   --->   "%R_out_imag_3_load = load i3 %R_out_imag_3_addr" [top_cmplx.cpp:214]   --->   Operation 82 'load' 'R_out_imag_3_load' <Predicate = (!icmp_ln214 & or_ln214)> <Delay = 0.67> <CoreInst = "RAM">   --->   Core 83 'RAM' <Latency = 1> <II = 1> <Delay = 0.67> <Storage> <Opcode : 'load' 'store'> <Ports = 2> <Width = 32> <Depth = 7> <RAM>
ST_2 : Operation 83 [1/1] (0.00ns)   --->   "%store_ln214 = store i32 %R_out_real_load, i32 %R_out_real_load33" [top_cmplx.cpp:214]   --->   Operation 83 'store' 'store_ln214' <Predicate = (!icmp_ln214 & or_ln214)> <Delay = 0.00>
ST_2 : Operation 84 [1/1] (0.00ns)   --->   "%store_ln214 = store i32 %R_out_real_1_load, i32 %R_out_real_1_load31" [top_cmplx.cpp:214]   --->   Operation 84 'store' 'store_ln214' <Predicate = (!icmp_ln214 & or_ln214)> <Delay = 0.00>
ST_2 : Operation 85 [1/1] (0.00ns)   --->   "%store_ln214 = store i32 %R_out_real_2_load, i32 %R_out_real_2_load29" [top_cmplx.cpp:214]   --->   Operation 85 'store' 'store_ln214' <Predicate = (!icmp_ln214 & or_ln214)> <Delay = 0.00>
ST_2 : Operation 86 [1/1] (0.00ns)   --->   "%store_ln214 = store i32 %R_out_real_3_load, i32 %R_out_real_3_load27" [top_cmplx.cpp:214]   --->   Operation 86 'store' 'store_ln214' <Predicate = (!icmp_ln214 & or_ln214)> <Delay = 0.00>
ST_2 : Operation 87 [1/1] (0.00ns)   --->   "%store_ln214 = store i32 %R_out_imag_load, i32 %R_out_imag_load25" [top_cmplx.cpp:214]   --->   Operation 87 'store' 'store_ln214' <Predicate = (!icmp_ln214 & or_ln214)> <Delay = 0.00>
ST_2 : Operation 88 [1/1] (0.00ns)   --->   "%store_ln214 = store i32 %R_out_imag_1_load, i32 %R_out_imag_1_load23" [top_cmplx.cpp:214]   --->   Operation 88 'store' 'store_ln214' <Predicate = (!icmp_ln214 & or_ln214)> <Delay = 0.00>
ST_2 : Operation 89 [1/1] (0.00ns)   --->   "%store_ln214 = store i32 %R_out_imag_2_load, i32 %R_out_imag_2_load21" [top_cmplx.cpp:214]   --->   Operation 89 'store' 'store_ln214' <Predicate = (!icmp_ln214 & or_ln214)> <Delay = 0.00>
ST_2 : Operation 90 [1/1] (0.00ns)   --->   "%store_ln214 = store i32 %R_out_imag_3_load, i32 %R_out_imag_3_load19" [top_cmplx.cpp:214]   --->   Operation 90 'store' 'store_ln214' <Predicate = (!icmp_ln214 & or_ln214)> <Delay = 0.00>
ST_2 : Operation 91 [1/1] (0.00ns)   --->   "%br_ln216 = br void %for.inc318.split" [top_cmplx.cpp:216]   --->   Operation 91 'br' 'br_ln216' <Predicate = (!icmp_ln214 & or_ln214)> <Delay = 0.00>
ST_2 : Operation 92 [1/1] (0.00ns)   --->   "%trunc_ln216_1 = trunc i3 %select_ln214" [top_cmplx.cpp:216]   --->   Operation 92 'trunc' 'trunc_ln216_1' <Predicate = (!icmp_ln214)> <Delay = 0.00>
ST_2 : Operation 93 [1/1] (0.00ns)   --->   "%shl_ln216_8 = bitconcatenate i7 @_ssdm_op_BitConcatenate.i7.i2.i2.i3, i2 %trunc_ln216, i2 %trunc_ln216_1, i3 0" [top_cmplx.cpp:216]   --->   Operation 93 'bitconcatenate' 'shl_ln216_8' <Predicate = (!icmp_ln214)> <Delay = 0.00>
ST_2 : Operation 94 [1/1] (0.00ns)   --->   "%zext_ln216_2 = zext i7 %shl_ln216_8" [top_cmplx.cpp:216]   --->   Operation 94 'zext' 'zext_ln216_2' <Predicate = (!icmp_ln214)> <Delay = 0.00>
ST_2 : Operation 95 [1/1] (1.08ns)   --->   "%add_ln216 = add i64 %zext_ln216_2, i64 %R_DRAM_read" [top_cmplx.cpp:216]   --->   Operation 95 'add' 'add_ln216' <Predicate = (!icmp_ln214)> <Delay = 1.08> <CoreInst = "Adder">   --->   Core 1 'Adder' <Latency = 0> <II = 1> <Delay = 1.08> <FuncUnit> <Opcode : 'add' 'sub'> <InPorts = 2> <OutPorts = 1>
ST_2 : Operation 96 [1/1] (0.00ns)   --->   "%trunc_ln216_3 = partselect i61 @_ssdm_op_PartSelect.i61.i64.i32.i32, i64 %add_ln216, i32 3, i32 63" [top_cmplx.cpp:216]   --->   Operation 96 'partselect' 'trunc_ln216_3' <Predicate = (!icmp_ln214)> <Delay = 0.00>

State 3 <SV = 2> <Delay = 8.75>
ST_3 : Operation 97 [1/1] (0.00ns)   --->   "%R_out_real_3_load_1 = load i32 %R_out_real_3_load27"   --->   Operation 97 'load' 'R_out_real_3_load_1' <Predicate = (!icmp_ln214 & trunc_ln216_1 == 3)> <Delay = 0.00>
ST_3 : Operation 98 [1/1] (0.00ns)   --->   "%R_out_real_2_load_1 = load i32 %R_out_real_2_load29"   --->   Operation 98 'load' 'R_out_real_2_load_1' <Predicate = (!icmp_ln214 & trunc_ln216_1 == 2)> <Delay = 0.00>
ST_3 : Operation 99 [1/1] (0.00ns)   --->   "%R_out_real_1_load_1 = load i32 %R_out_real_1_load31"   --->   Operation 99 'load' 'R_out_real_1_load_1' <Predicate = (!icmp_ln214 & trunc_ln216_1 == 1)> <Delay = 0.00>
ST_3 : Operation 100 [1/1] (0.00ns)   --->   "%R_out_real_load_1 = load i32 %R_out_real_load33"   --->   Operation 100 'load' 'R_out_real_load_1' <Predicate = (!icmp_ln214 & trunc_ln216_1 == 0)> <Delay = 0.00>
ST_3 : Operation 101 [1/1] (0.00ns) (grouped into LUT with out node add_ln216_1)   --->   "%shl_ln3 = bitconcatenate i5 @_ssdm_op_BitConcatenate.i5.i2.i3, i2 %trunc_ln216, i3 0" [top_cmplx.cpp:216]   --->   Operation 101 'bitconcatenate' 'shl_ln3' <Predicate = (!icmp_ln214)> <Delay = 0.00>
ST_3 : Operation 102 [1/1] (0.00ns) (grouped into LUT with out node add_ln216_1)   --->   "%or_ln216 = or i5 %shl_ln3, i5 1" [top_cmplx.cpp:216]   --->   Operation 102 'or' 'or_ln216' <Predicate = (!icmp_ln214)> <Delay = 0.00>
ST_3 : Operation 103 [1/1] (0.00ns) (grouped into LUT with out node add_ln216_1)   --->   "%shl_ln216_1 = shl i3 %select_ln214, i3 1" [top_cmplx.cpp:216]   --->   Operation 103 'shl' 'shl_ln216_1' <Predicate = (!icmp_ln214)> <Delay = 0.00>
ST_3 : Operation 104 [1/1] (0.52ns)   --->   "%tmp_s = sparsemux i32 @_ssdm_op_SparseMux.ap_auto.4f32.f32.i2, i2 0, i32 %R_out_real_load_1, i2 1, i32 %R_out_real_1_load_1, i2 2, i32 %R_out_real_2_load_1, i2 3, i32 %R_out_real_3_load_1, i32 <undef>, i2 %trunc_ln216_1" [top_cmplx.cpp:218]   --->   Operation 104 'sparsemux' 'tmp_s' <Predicate = (!icmp_ln214)> <Delay = 0.52> <CoreInst = "SparseMux">   --->   Core 147 'SparseMux' <Latency = 0> <II = 1> <Delay = 0.52> <FuncUnit> <Opcode : 'sparsemux'> <InPorts = 2> <OutPorts = 1>
ST_3 : Operation 105 [1/1] (0.00ns)   --->   "%bitcast_ln216 = bitcast i32 %tmp_s" [top_cmplx.cpp:216]   --->   Operation 105 'bitcast' 'bitcast_ln216' <Predicate = (!icmp_ln214)> <Delay = 0.00>
ST_3 : Operation 106 [1/1] (0.00ns)   --->   "%zext_ln216_3 = zext i32 %bitcast_ln216" [top_cmplx.cpp:216]   --->   Operation 106 'zext' 'zext_ln216_3' <Predicate = (!icmp_ln214)> <Delay = 0.00>
ST_3 : Operation 107 [1/1] (0.68ns)   --->   "%shl_ln216 = shl i8 15, i8 %zext_ln216_cast" [top_cmplx.cpp:216]   --->   Operation 107 'shl' 'shl_ln216' <Predicate = (!icmp_ln214)> <Delay = 0.68> <CoreInst = "Shifter">   --->   Core 75 'Shifter' <Latency = 0> <II = 1> <Delay = 0.68> <FuncUnit> <Opcode : 'shl' 'lshr' 'ashr'> <InPorts = 2> <OutPorts = 1>
ST_3 : Operation 108 [1/1] (0.00ns)   --->   "%shl_ln216_3 = bitconcatenate i6 @_ssdm_op_BitConcatenate.i6.i3.i3, i3 %tmp, i3 0" [top_cmplx.cpp:216]   --->   Operation 108 'bitconcatenate' 'shl_ln216_3' <Predicate = (!icmp_ln214)> <Delay = 0.00>
ST_3 : Operation 109 [1/1] (0.00ns)   --->   "%zext_ln216_4 = zext i6 %shl_ln216_3" [top_cmplx.cpp:216]   --->   Operation 109 'zext' 'zext_ln216_4' <Predicate = (!icmp_ln214)> <Delay = 0.00>
ST_3 : Operation 110 [1/1] (1.38ns)   --->   "%shl_ln216_2 = shl i64 %zext_ln216_3, i64 %zext_ln216_4" [top_cmplx.cpp:216]   --->   Operation 110 'shl' 'shl_ln216_2' <Predicate = (!icmp_ln214)> <Delay = 1.38> <CoreInst = "Shifter">   --->   Core 75 'Shifter' <Latency = 0> <II = 1> <Delay = 1.38> <FuncUnit> <Opcode : 'shl' 'lshr' 'ashr'> <InPorts = 2> <OutPorts = 1>
ST_3 : Operation 111 [1/1] (0.00ns)   --->   "%sext_ln216 = sext i61 %trunc_ln216_3" [top_cmplx.cpp:216]   --->   Operation 111 'sext' 'sext_ln216' <Predicate = (!icmp_ln214)> <Delay = 0.00>
ST_3 : Operation 112 [1/1] (0.00ns)   --->   "%memR_addr = getelementptr i64 %memR, i64 %sext_ln216" [top_cmplx.cpp:216]   --->   Operation 112 'getelementptr' 'memR_addr' <Predicate = (!icmp_ln214)> <Delay = 0.00>
ST_3 : Operation 113 [1/1] (8.75ns)   --->   "%empty_31 = writereq i1 @_ssdm_op_WriteReq.m_axi.p1i64, i64 %memR_addr, i32 1" [top_cmplx.cpp:216]   --->   Operation 113 'writereq' 'empty_31' <Predicate = (!icmp_ln214)> <Delay = 8.75> <CoreInst = "m_axi">   --->   Core 121 'm_axi' <Latency = 0> <II = 1> <Delay = 1.00> <Adapter> <Opcode : 'read' 'write' 'readreq' 'writereq' 'writeresp'>
ST_3 : Operation 114 [1/1] (0.00ns) (grouped into LUT with out node add_ln216_1)   --->   "%or_ln216_1 = or i3 %shl_ln216_1, i3 1" [top_cmplx.cpp:216]   --->   Operation 114 'or' 'or_ln216_1' <Predicate = (!icmp_ln214)> <Delay = 0.00>
ST_3 : Operation 115 [1/1] (0.00ns) (grouped into LUT with out node add_ln216_1)   --->   "%tmp_2 = partselect i2 @_ssdm_op_PartSelect.i2.i5.i32.i32, i5 %or_ln216, i32 3, i32 4" [top_cmplx.cpp:216]   --->   Operation 115 'partselect' 'tmp_2' <Predicate = (!icmp_ln214)> <Delay = 0.00>
ST_3 : Operation 116 [1/1] (0.00ns) (grouped into LUT with out node add_ln216_1)   --->   "%tmp_3 = bitconcatenate i7 @_ssdm_op_BitConcatenate.i7.i2.i3.i2, i2 %tmp_2, i3 %or_ln216_1, i2 0" [top_cmplx.cpp:216]   --->   Operation 116 'bitconcatenate' 'tmp_3' <Predicate = (!icmp_ln214)> <Delay = 0.00>
ST_3 : Operation 117 [1/1] (0.00ns) (grouped into LUT with out node add_ln216_1)   --->   "%zext_ln216_6 = zext i7 %tmp_3" [top_cmplx.cpp:216]   --->   Operation 117 'zext' 'zext_ln216_6' <Predicate = (!icmp_ln214)> <Delay = 0.00>
ST_3 : Operation 118 [1/1] (1.08ns) (out node of the LUT)   --->   "%add_ln216_1 = add i64 %zext_ln216_6, i64 %R_DRAM_read" [top_cmplx.cpp:216]   --->   Operation 118 'add' 'add_ln216_1' <Predicate = (!icmp_ln214)> <Delay = 1.08> <CoreInst = "Adder">   --->   Core 1 'Adder' <Latency = 0> <II = 1> <Delay = 1.08> <FuncUnit> <Opcode : 'add' 'sub'> <InPorts = 2> <OutPorts = 1>
ST_3 : Operation 119 [1/1] (0.00ns)   --->   "%trunc_ln216_4 = partselect i61 @_ssdm_op_PartSelect.i61.i64.i32.i32, i64 %add_ln216_1, i32 3, i32 63" [top_cmplx.cpp:216]   --->   Operation 119 'partselect' 'trunc_ln216_4' <Predicate = (!icmp_ln214)> <Delay = 0.00>

State 4 <SV = 3> <Delay = 8.75>
ST_4 : Operation 120 [1/1] (0.00ns)   --->   "%R_out_imag_3_load_1 = load i32 %R_out_imag_3_load19"   --->   Operation 120 'load' 'R_out_imag_3_load_1' <Predicate = (!icmp_ln214 & trunc_ln216_1 == 3)> <Delay = 0.00>
ST_4 : Operation 121 [1/1] (0.00ns)   --->   "%R_out_imag_2_load_1 = load i32 %R_out_imag_2_load21"   --->   Operation 121 'load' 'R_out_imag_2_load_1' <Predicate = (!icmp_ln214 & trunc_ln216_1 == 2)> <Delay = 0.00>
ST_4 : Operation 122 [1/1] (0.00ns)   --->   "%R_out_imag_1_load_1 = load i32 %R_out_imag_1_load23"   --->   Operation 122 'load' 'R_out_imag_1_load_1' <Predicate = (!icmp_ln214 & trunc_ln216_1 == 1)> <Delay = 0.00>
ST_4 : Operation 123 [1/1] (0.00ns)   --->   "%R_out_imag_load_1 = load i32 %R_out_imag_load25"   --->   Operation 123 'load' 'R_out_imag_load_1' <Predicate = (!icmp_ln214 & trunc_ln216_1 == 0)> <Delay = 0.00>
ST_4 : Operation 124 [1/1] (0.52ns)   --->   "%tmp_1 = sparsemux i32 @_ssdm_op_SparseMux.ap_auto.4f32.f32.i2, i2 0, i32 %R_out_imag_load_1, i2 1, i32 %R_out_imag_1_load_1, i2 2, i32 %R_out_imag_2_load_1, i2 3, i32 %R_out_imag_3_load_1, i32 <undef>, i2 %trunc_ln216_1" [top_cmplx.cpp:219]   --->   Operation 124 'sparsemux' 'tmp_1' <Predicate = (!icmp_ln214)> <Delay = 0.52> <CoreInst = "SparseMux">   --->   Core 147 'SparseMux' <Latency = 0> <II = 1> <Delay = 0.52> <FuncUnit> <Opcode : 'sparsemux'> <InPorts = 2> <OutPorts = 1>
ST_4 : Operation 125 [1/1] (8.75ns)   --->   "%write_ln216 = write void @_ssdm_op_Write.m_axi.p1i64, i64 %memR_addr, i64 %shl_ln216_2, i8 %shl_ln216" [top_cmplx.cpp:216]   --->   Operation 125 'write' 'write_ln216' <Predicate = (!icmp_ln214)> <Delay = 8.75> <CoreInst = "m_axi">   --->   Core 121 'm_axi' <Latency = 0> <II = 1> <Delay = 1.00> <Adapter> <Opcode : 'read' 'write' 'readreq' 'writereq' 'writeresp'>
ST_4 : Operation 126 [1/1] (0.00ns)   --->   "%bitcast_ln216_1 = bitcast i32 %tmp_1" [top_cmplx.cpp:216]   --->   Operation 126 'bitcast' 'bitcast_ln216_1' <Predicate = (!icmp_ln214)> <Delay = 0.00>
ST_4 : Operation 127 [1/1] (0.00ns)   --->   "%zext_ln216_5 = zext i32 %bitcast_ln216_1" [top_cmplx.cpp:216]   --->   Operation 127 'zext' 'zext_ln216_5' <Predicate = (!icmp_ln214)> <Delay = 0.00>
ST_4 : Operation 128 [1/1] (0.68ns)   --->   "%shl_ln216_4 = shl i8 15, i8 %zext_ln216_1_cast" [top_cmplx.cpp:216]   --->   Operation 128 'shl' 'shl_ln216_4' <Predicate = (!icmp_ln214)> <Delay = 0.68> <CoreInst = "Shifter">   --->   Core 75 'Shifter' <Latency = 0> <II = 1> <Delay = 0.68> <FuncUnit> <Opcode : 'shl' 'lshr' 'ashr'> <InPorts = 2> <OutPorts = 1>
ST_4 : Operation 129 [1/1] (0.00ns)   --->   "%shl_ln216_6 = bitconcatenate i6 @_ssdm_op_BitConcatenate.i6.i3.i3, i3 %xor_ln214_read, i3 0" [top_cmplx.cpp:216]   --->   Operation 129 'bitconcatenate' 'shl_ln216_6' <Predicate = (!icmp_ln214)> <Delay = 0.00>
ST_4 : Operation 130 [1/1] (0.00ns)   --->   "%zext_ln216_7 = zext i6 %shl_ln216_6" [top_cmplx.cpp:216]   --->   Operation 130 'zext' 'zext_ln216_7' <Predicate = (!icmp_ln214)> <Delay = 0.00>
ST_4 : Operation 131 [1/1] (1.38ns)   --->   "%shl_ln216_5 = shl i64 %zext_ln216_5, i64 %zext_ln216_7" [top_cmplx.cpp:216]   --->   Operation 131 'shl' 'shl_ln216_5' <Predicate = (!icmp_ln214)> <Delay = 1.38> <CoreInst = "Shifter">   --->   Core 75 'Shifter' <Latency = 0> <II = 1> <Delay = 1.38> <FuncUnit> <Opcode : 'shl' 'lshr' 'ashr'> <InPorts = 2> <OutPorts = 1>
ST_4 : Operation 132 [1/1] (0.00ns)   --->   "%sext_ln216_1 = sext i61 %trunc_ln216_4" [top_cmplx.cpp:216]   --->   Operation 132 'sext' 'sext_ln216_1' <Predicate = (!icmp_ln214)> <Delay = 0.00>
ST_4 : Operation 133 [1/1] (0.00ns)   --->   "%memR_addr_1 = getelementptr i64 %memR, i64 %sext_ln216_1" [top_cmplx.cpp:216]   --->   Operation 133 'getelementptr' 'memR_addr_1' <Predicate = (!icmp_ln214)> <Delay = 0.00>
ST_4 : Operation 134 [1/1] (8.75ns)   --->   "%empty_33 = writereq i1 @_ssdm_op_WriteReq.m_axi.p1i64, i64 %memR_addr_1, i32 1" [top_cmplx.cpp:216]   --->   Operation 134 'writereq' 'empty_33' <Predicate = (!icmp_ln214)> <Delay = 8.75> <CoreInst = "m_axi">   --->   Core 121 'm_axi' <Latency = 0> <II = 1> <Delay = 1.00> <Adapter> <Opcode : 'read' 'write' 'readreq' 'writereq' 'writeresp'>

State 5 <SV = 4> <Delay = 8.75>
ST_5 : Operation 135 [5/5] (8.75ns)   --->   "%empty_32 = writeresp i1 @_ssdm_op_WriteResp.m_axi.p1i64, i64 %memR_addr" [top_cmplx.cpp:216]   --->   Operation 135 'writeresp' 'empty_32' <Predicate = (!icmp_ln214)> <Delay = 8.75> <CoreInst = "m_axi">   --->   Core 121 'm_axi' <Latency = 0> <II = 1> <Delay = 1.00> <Adapter> <Opcode : 'read' 'write' 'readreq' 'writereq' 'writeresp'>
ST_5 : Operation 136 [1/1] (8.75ns)   --->   "%write_ln216 = write void @_ssdm_op_Write.m_axi.p1i64, i64 %memR_addr_1, i64 %shl_ln216_5, i8 %shl_ln216_4" [top_cmplx.cpp:216]   --->   Operation 136 'write' 'write_ln216' <Predicate = (!icmp_ln214)> <Delay = 8.75> <CoreInst = "m_axi">   --->   Core 121 'm_axi' <Latency = 0> <II = 1> <Delay = 1.00> <Adapter> <Opcode : 'read' 'write' 'readreq' 'writereq' 'writeresp'>

State 6 <SV = 5> <Delay = 8.75>
ST_6 : Operation 137 [4/5] (8.75ns)   --->   "%empty_32 = writeresp i1 @_ssdm_op_WriteResp.m_axi.p1i64, i64 %memR_addr" [top_cmplx.cpp:216]   --->   Operation 137 'writeresp' 'empty_32' <Predicate = (!icmp_ln214)> <Delay = 8.75> <CoreInst = "m_axi">   --->   Core 121 'm_axi' <Latency = 0> <II = 1> <Delay = 1.00> <Adapter> <Opcode : 'read' 'write' 'readreq' 'writereq' 'writeresp'>
ST_6 : Operation 138 [5/5] (8.75ns)   --->   "%empty_34 = writeresp i1 @_ssdm_op_WriteResp.m_axi.p1i64, i64 %memR_addr_1" [top_cmplx.cpp:216]   --->   Operation 138 'writeresp' 'empty_34' <Predicate = (!icmp_ln214)> <Delay = 8.75> <CoreInst = "m_axi">   --->   Core 121 'm_axi' <Latency = 0> <II = 1> <Delay = 1.00> <Adapter> <Opcode : 'read' 'write' 'readreq' 'writereq' 'writeresp'>

State 7 <SV = 6> <Delay = 8.75>
ST_7 : Operation 139 [3/5] (8.75ns)   --->   "%empty_32 = writeresp i1 @_ssdm_op_WriteResp.m_axi.p1i64, i64 %memR_addr" [top_cmplx.cpp:216]   --->   Operation 139 'writeresp' 'empty_32' <Predicate = (!icmp_ln214)> <Delay = 8.75> <CoreInst = "m_axi">   --->   Core 121 'm_axi' <Latency = 0> <II = 1> <Delay = 1.00> <Adapter> <Opcode : 'read' 'write' 'readreq' 'writereq' 'writeresp'>
ST_7 : Operation 140 [4/5] (8.75ns)   --->   "%empty_34 = writeresp i1 @_ssdm_op_WriteResp.m_axi.p1i64, i64 %memR_addr_1" [top_cmplx.cpp:216]   --->   Operation 140 'writeresp' 'empty_34' <Predicate = (!icmp_ln214)> <Delay = 8.75> <CoreInst = "m_axi">   --->   Core 121 'm_axi' <Latency = 0> <II = 1> <Delay = 1.00> <Adapter> <Opcode : 'read' 'write' 'readreq' 'writereq' 'writeresp'>

State 8 <SV = 7> <Delay = 8.75>
ST_8 : Operation 141 [2/5] (8.75ns)   --->   "%empty_32 = writeresp i1 @_ssdm_op_WriteResp.m_axi.p1i64, i64 %memR_addr" [top_cmplx.cpp:216]   --->   Operation 141 'writeresp' 'empty_32' <Predicate = (!icmp_ln214)> <Delay = 8.75> <CoreInst = "m_axi">   --->   Core 121 'm_axi' <Latency = 0> <II = 1> <Delay = 1.00> <Adapter> <Opcode : 'read' 'write' 'readreq' 'writereq' 'writeresp'>
ST_8 : Operation 142 [3/5] (8.75ns)   --->   "%empty_34 = writeresp i1 @_ssdm_op_WriteResp.m_axi.p1i64, i64 %memR_addr_1" [top_cmplx.cpp:216]   --->   Operation 142 'writeresp' 'empty_34' <Predicate = (!icmp_ln214)> <Delay = 8.75> <CoreInst = "m_axi">   --->   Core 121 'm_axi' <Latency = 0> <II = 1> <Delay = 1.00> <Adapter> <Opcode : 'read' 'write' 'readreq' 'writereq' 'writeresp'>
ST_8 : Operation 147 [1/1] (0.00ns)   --->   "%ret_ln0 = ret"   --->   Operation 147 'ret' 'ret_ln0' <Predicate = (icmp_ln214)> <Delay = 0.00>

State 9 <SV = 8> <Delay = 8.75>
ST_9 : Operation 143 [1/5] (8.75ns)   --->   "%empty_32 = writeresp i1 @_ssdm_op_WriteResp.m_axi.p1i64, i64 %memR_addr" [top_cmplx.cpp:216]   --->   Operation 143 'writeresp' 'empty_32' <Predicate = (!icmp_ln214)> <Delay = 8.75> <CoreInst = "m_axi">   --->   Core 121 'm_axi' <Latency = 0> <II = 1> <Delay = 1.00> <Adapter> <Opcode : 'read' 'write' 'readreq' 'writereq' 'writeresp'>
ST_9 : Operation 144 [2/5] (8.75ns)   --->   "%empty_34 = writeresp i1 @_ssdm_op_WriteResp.m_axi.p1i64, i64 %memR_addr_1" [top_cmplx.cpp:216]   --->   Operation 144 'writeresp' 'empty_34' <Predicate = (!icmp_ln214)> <Delay = 8.75> <CoreInst = "m_axi">   --->   Core 121 'm_axi' <Latency = 0> <II = 1> <Delay = 1.00> <Adapter> <Opcode : 'read' 'write' 'readreq' 'writereq' 'writeresp'>

State 10 <SV = 9> <Delay = 8.75>
ST_10 : Operation 145 [1/1] (0.00ns)   --->   "%specpipeline_ln216 = specpipeline void @_ssdm_op_SpecPipeline, i32 4294967295, i32 0, i32 0, i32 0, void @empty_0" [top_cmplx.cpp:216]   --->   Operation 145 'specpipeline' 'specpipeline_ln216' <Predicate = (!icmp_ln214)> <Delay = 0.00>
ST_10 : Operation 146 [1/5] (8.75ns)   --->   "%empty_34 = writeresp i1 @_ssdm_op_WriteResp.m_axi.p1i64, i64 %memR_addr_1" [top_cmplx.cpp:216]   --->   Operation 146 'writeresp' 'empty_34' <Predicate = (!icmp_ln214)> <Delay = 8.75> <CoreInst = "m_axi">   --->   Core 121 'm_axi' <Latency = 0> <II = 1> <Delay = 1.00> <Adapter> <Opcode : 'read' 'write' 'readreq' 'writereq' 'writeresp'>


============================================================
+ Verbose Summary: Timing violations
============================================================
Target clock period: 10.000ns, clock uncertainty: 1.250ns.

 <State 1>: 2.407ns
The critical path consists of the following:
	'store' operation 0 bit ('store_ln216', top_cmplx.cpp:216) of constant 0 on local variable 'j', top_cmplx.cpp:216 [36]  (0.427 ns)
	'load' operation 3 bit ('j_load', top_cmplx.cpp:216) on local variable 'j', top_cmplx.cpp:216 [46]  (0.000 ns)
	'icmp' operation 1 bit ('icmp_ln216', top_cmplx.cpp:216) [50]  (0.673 ns)
	'select' operation 3 bit ('select_ln214', top_cmplx.cpp:214) [52]  (0.208 ns)
	'add' operation 3 bit ('add_ln216_2', top_cmplx.cpp:216) [132]  (0.673 ns)
	'store' operation 0 bit ('store_ln216', top_cmplx.cpp:216) of variable 'add_ln216_2', top_cmplx.cpp:216 on local variable 'j', top_cmplx.cpp:216 [135]  (0.427 ns)

 <State 2>: 1.085ns
The critical path consists of the following:
	'add' operation 64 bit ('add_ln216', top_cmplx.cpp:216) [103]  (1.085 ns)

 <State 3>: 8.750ns
The critical path consists of the following:
	'getelementptr' operation 64 bit ('memR_addr', top_cmplx.cpp:216) [111]  (0.000 ns)
	bus request operation ('empty_31', top_cmplx.cpp:216) on port 'memR' (top_cmplx.cpp:216) [112]  (8.750 ns)

 <State 4>: 8.750ns
The critical path consists of the following:
	bus write operation ('write_ln216', top_cmplx.cpp:216) on port 'memR' (top_cmplx.cpp:216) [113]  (8.750 ns)

 <State 5>: 8.750ns
The critical path consists of the following:
	bus response operation ('empty_32', top_cmplx.cpp:216) on port 'memR' (top_cmplx.cpp:216) [114]  (8.750 ns)

 <State 6>: 8.750ns
The critical path consists of the following:
	bus response operation ('empty_32', top_cmplx.cpp:216) on port 'memR' (top_cmplx.cpp:216) [114]  (8.750 ns)

 <State 7>: 8.750ns
The critical path consists of the following:
	bus response operation ('empty_32', top_cmplx.cpp:216) on port 'memR' (top_cmplx.cpp:216) [114]  (8.750 ns)

 <State 8>: 8.750ns
The critical path consists of the following:
	bus response operation ('empty_32', top_cmplx.cpp:216) on port 'memR' (top_cmplx.cpp:216) [114]  (8.750 ns)

 <State 9>: 8.750ns
The critical path consists of the following:
	bus response operation ('empty_32', top_cmplx.cpp:216) on port 'memR' (top_cmplx.cpp:216) [114]  (8.750 ns)

 <State 10>: 8.750ns
The critical path consists of the following:
	bus response operation ('empty_34', top_cmplx.cpp:216) on port 'memR' (top_cmplx.cpp:216) [131]  (8.750 ns)


============================================================
+ Verbose Summary: Binding
============================================================
N/A
* FSMD analyzer results:
  - Output states:
 - Input state : 
  - Chain level:
	State 1
	State 2
	State 3
	State 4
	State 5
	State 6
	State 7
	State 8
	State 9
	State 10


============================================================
+ Verbose Summary: Datapath Resource usage 
============================================================
N/A
