

================================================================
== Vitis HLS Report for 'top_Pipeline_WRITE_Q_VITIS_LOOP_206_10'
================================================================
* Date:           Thu Mar  5 00:42:44 2026

* Version:        2023.2 (Build 4023990 on Oct 11 2023)
* Project:        CGR_QR_WBS
* Solution:       solution1 (Vivado IP Flow Target)
* Product family: zynquplus
* Target device:  xczu7ev-ffvc1156-2-e


================================================================
== Performance Estimates
================================================================
+ Timing: 
    * Summary: 
    +--------+----------+----------+------------+
    |  Clock |  Target  | Estimated| Uncertainty|
    +--------+----------+----------+------------+
    |ap_clk  |  10.00 ns|  8.750 ns|     1.25 ns|
    +--------+----------+----------+------------+

+ Latency: 
    * Summary: 
    +---------+---------+----------+----------+-----+-----+---------+
    |  Latency (cycles) |  Latency (absolute) |  Interval | Pipeline|
    |   min   |   max   |    min   |    max   | min | max |   Type  |
    +---------+---------+----------+----------+-----+-----+---------+
    |       65|       65|  0.650 us|  0.650 us|   65|   65|       no|
    +---------+---------+----------+----------+-----+-----+---------+

    + Detail: 
        * Instance: 
        N/A

        * Loop: 
        +-----------------------------+---------+---------+----------+-----------+-----------+------+----------+
        |                             |  Latency (cycles) | Iteration|  Initiation Interval  | Trip |          |
        |          Loop Name          |   min   |   max   |  Latency |  achieved |   target  | Count| Pipelined|
        +-----------------------------+---------+---------+----------+-----------+-----------+------+----------+
        |- WRITE_Q_VITIS_LOOP_206_10  |       63|       63|        10|          2|          1|    28|       yes|
        +-----------------------------+---------+---------+----------+-----------+-----------+------+----------+

============================================================
+ Verbose Summary: Synthesis Manager
============================================================
InlineROM: 1
ExposeGlobal: 0
============================================================
+ Verbose Summary: CDFG Model
============================================================
IsTopModel: 0
ResetActiveHigh: 1
IsCombinational: 0
IsDatapathOnly: 0
HasWiredReturn: 1
HasMFsm: 2
HasVarLatency: 1
IsPipeline: 0
IsRtlPipelined: 0
IsInstanceOverlapped: 0
IsDontTouch: 0
HasImplIP: 0
IsGatedGlobalClock: 0

+ Individual pipeline summary: 
  * Pipeline-0: initiation interval (II) = 2, depth = 10


============================================================
+ Verbose Summary: Schedule
============================================================
* Number of FSM states : 10
* Pipeline : 1
  Pipeline-0 : II = 2, D = 10, States = { 1 2 3 4 5 6 7 8 9 10 }
* Dataflow Pipeline: 0

* FSM state transitions: 
1 --> 2 
2 --> 3 
3 --> 4 
4 --> 5 
5 --> 6 
6 --> 7 
7 --> 8 
8 --> 9 
9 --> 10 
10 --> 

* FSM state operations: 

State 1 <SV = 0> <Delay = 2.40>
ST_1 : Operation 13 [1/1] (0.00ns)   --->   "%j = alloca i32 1" [top_cmplx.cpp:206]   --->   Operation 13 'alloca' 'j' <Predicate = true> <Delay = 0.00>
ST_1 : Operation 14 [1/1] (0.00ns)   --->   "%i = alloca i32 1" [top_cmplx.cpp:204]   --->   Operation 14 'alloca' 'i' <Predicate = true> <Delay = 0.00>
ST_1 : Operation 15 [1/1] (0.00ns)   --->   "%indvar_flatten54 = alloca i32 1"   --->   Operation 15 'alloca' 'indvar_flatten54' <Predicate = true> <Delay = 0.00>
ST_1 : Operation 16 [1/1] (0.00ns)   --->   "%Q_out_imag_3_load3 = alloca i32 1"   --->   Operation 16 'alloca' 'Q_out_imag_3_load3' <Predicate = true> <Delay = 0.00>
ST_1 : Operation 17 [1/1] (0.00ns)   --->   "%Q_out_imag_2_load5 = alloca i32 1"   --->   Operation 17 'alloca' 'Q_out_imag_2_load5' <Predicate = true> <Delay = 0.00>
ST_1 : Operation 18 [1/1] (0.00ns)   --->   "%Q_out_imag_1_load7 = alloca i32 1"   --->   Operation 18 'alloca' 'Q_out_imag_1_load7' <Predicate = true> <Delay = 0.00>
ST_1 : Operation 19 [1/1] (0.00ns)   --->   "%Q_out_imag_load9 = alloca i32 1"   --->   Operation 19 'alloca' 'Q_out_imag_load9' <Predicate = true> <Delay = 0.00>
ST_1 : Operation 20 [1/1] (0.00ns)   --->   "%Q_out_real_3_load11 = alloca i32 1"   --->   Operation 20 'alloca' 'Q_out_real_3_load11' <Predicate = true> <Delay = 0.00>
ST_1 : Operation 21 [1/1] (0.00ns)   --->   "%Q_out_real_2_load13 = alloca i32 1"   --->   Operation 21 'alloca' 'Q_out_real_2_load13' <Predicate = true> <Delay = 0.00>
ST_1 : Operation 22 [1/1] (0.00ns)   --->   "%Q_out_real_1_load15 = alloca i32 1"   --->   Operation 22 'alloca' 'Q_out_real_1_load15' <Predicate = true> <Delay = 0.00>
ST_1 : Operation 23 [1/1] (0.00ns)   --->   "%Q_out_real_load17 = alloca i32 1"   --->   Operation 23 'alloca' 'Q_out_real_load17' <Predicate = true> <Delay = 0.00>
ST_1 : Operation 24 [1/1] (0.00ns)   --->   "%xor_ln204_read = read i3 @_ssdm_op_Read.ap_auto.i3, i3 %xor_ln204"   --->   Operation 24 'read' 'xor_ln204_read' <Predicate = true> <Delay = 0.00>
ST_1 : Operation 25 [1/1] (0.00ns)   --->   "%zext_ln206_1_read = read i3 @_ssdm_op_Read.ap_auto.i3, i3 %zext_ln206_1"   --->   Operation 25 'read' 'zext_ln206_1_read' <Predicate = true> <Delay = 0.00>
ST_1 : Operation 26 [1/1] (0.00ns)   --->   "%tmp = read i3 @_ssdm_op_Read.ap_auto.i3, i3 %empty"   --->   Operation 26 'read' 'tmp' <Predicate = true> <Delay = 0.00>
ST_1 : Operation 27 [1/1] (0.00ns)   --->   "%zext_ln206_read = read i3 @_ssdm_op_Read.ap_auto.i3, i3 %zext_ln206"   --->   Operation 27 'read' 'zext_ln206_read' <Predicate = true> <Delay = 0.00>
ST_1 : Operation 28 [1/1] (0.00ns)   --->   "%Q_DRAM_read = read i64 @_ssdm_op_Read.ap_auto.i64, i64 %Q_DRAM"   --->   Operation 28 'read' 'Q_DRAM_read' <Predicate = true> <Delay = 0.00>
ST_1 : Operation 29 [1/1] (0.00ns)   --->   "%zext_ln206_1_cast = zext i3 %zext_ln206_1_read"   --->   Operation 29 'zext' 'zext_ln206_1_cast' <Predicate = true> <Delay = 0.00>
ST_1 : Operation 30 [1/1] (0.00ns)   --->   "%zext_ln206_cast = zext i3 %zext_ln206_read"   --->   Operation 30 'zext' 'zext_ln206_cast' <Predicate = true> <Delay = 0.00>
ST_1 : Operation 31 [1/1] (0.00ns)   --->   "%specinterface_ln0 = specinterface void @_ssdm_op_SpecInterface, i64 %memQ, void @empty, i32 0, i32 0, void @empty_0, i32 0, i32 28, void @empty_3, void @empty_2, void @empty_0, i32 16, i32 16, i32 16, i32 16, void @empty_0, void @empty_0, i32 4294967295, i32 0"   --->   Operation 31 'specinterface' 'specinterface_ln0' <Predicate = true> <Delay = 0.00>
ST_1 : Operation 32 [1/1] (0.42ns)   --->   "%store_ln0 = store i5 0, i5 %indvar_flatten54"   --->   Operation 32 'store' 'store_ln0' <Predicate = true> <Delay = 0.42>
ST_1 : Operation 33 [1/1] (0.42ns)   --->   "%store_ln204 = store i3 0, i3 %i" [top_cmplx.cpp:204]   --->   Operation 33 'store' 'store_ln204' <Predicate = true> <Delay = 0.42>
ST_1 : Operation 34 [1/1] (0.42ns)   --->   "%store_ln206 = store i3 0, i3 %j" [top_cmplx.cpp:206]   --->   Operation 34 'store' 'store_ln206' <Predicate = true> <Delay = 0.42>
ST_1 : Operation 35 [1/1] (0.42ns)   --->   "%br_ln0 = br void %for.inc282"   --->   Operation 35 'br' 'br_ln0' <Predicate = true> <Delay = 0.42>
ST_1 : Operation 36 [1/1] (0.00ns)   --->   "%first_iter_3 = phi i1 1, void %newFuncRoot, i1 0, void %for.inc282.split"   --->   Operation 36 'phi' 'first_iter_3' <Predicate = true> <Delay = 0.00>
ST_1 : Operation 37 [1/1] (0.00ns)   --->   "%indvar_flatten54_load = load i5 %indvar_flatten54" [top_cmplx.cpp:204]   --->   Operation 37 'load' 'indvar_flatten54_load' <Predicate = true> <Delay = 0.00>
ST_1 : Operation 38 [1/1] (0.00ns)   --->   "%specbitsmap_ln0 = specbitsmap void @_ssdm_op_SpecBitsMap, i64 %memQ"   --->   Operation 38 'specbitsmap' 'specbitsmap_ln0' <Predicate = true> <Delay = 0.00>
ST_1 : Operation 39 [1/1] (0.78ns)   --->   "%icmp_ln204 = icmp_eq  i5 %indvar_flatten54_load, i5 28" [top_cmplx.cpp:204]   --->   Operation 39 'icmp' 'icmp_ln204' <Predicate = true> <Delay = 0.78> <CoreInst = "Cmp">   --->   Core 9 'Cmp' <Latency = 0> <II = 1> <Delay = 0.78> <FuncUnit> <Opcode : 'icmp'> <InPorts = 2> <OutPorts = 1>
ST_1 : Operation 40 [1/1] (0.78ns)   --->   "%add_ln204 = add i5 %indvar_flatten54_load, i5 1" [top_cmplx.cpp:204]   --->   Operation 40 'add' 'add_ln204' <Predicate = true> <Delay = 0.78> <CoreInst = "Adder">   --->   Core 1 'Adder' <Latency = 0> <II = 1> <Delay = 0.78> <FuncUnit> <Opcode : 'add' 'sub'> <InPorts = 2> <OutPorts = 1>
ST_1 : Operation 41 [1/1] (0.00ns)   --->   "%br_ln204 = br i1 %icmp_ln204, void %for.inc285, void %WRITE_R.exitStub" [top_cmplx.cpp:204]   --->   Operation 41 'br' 'br_ln204' <Predicate = true> <Delay = 0.00>
ST_1 : Operation 42 [1/1] (0.00ns)   --->   "%j_load = load i3 %j" [top_cmplx.cpp:206]   --->   Operation 42 'load' 'j_load' <Predicate = (!icmp_ln204)> <Delay = 0.00>
ST_1 : Operation 43 [1/1] (0.00ns)   --->   "%i_load = load i3 %i" [top_cmplx.cpp:204]   --->   Operation 43 'load' 'i_load' <Predicate = (!icmp_ln204)> <Delay = 0.00>
ST_1 : Operation 44 [1/1] (0.00ns)   --->   "%specloopname_ln0 = specloopname void @_ssdm_op_SpecLoopName, void @WRITE_Q_VITIS_LOOP_206_10_str"   --->   Operation 44 'specloopname' 'specloopname_ln0' <Predicate = (!icmp_ln204)> <Delay = 0.00>
ST_1 : Operation 45 [1/1] (0.00ns)   --->   "%speclooptripcount_ln0 = speclooptripcount void @_ssdm_op_SpecLoopTripCount, i64 28, i64 28, i64 28"   --->   Operation 45 'speclooptripcount' 'speclooptripcount_ln0' <Predicate = (!icmp_ln204)> <Delay = 0.00>
ST_1 : Operation 46 [1/1] (0.67ns)   --->   "%icmp_ln206 = icmp_eq  i3 %j_load, i3 4" [top_cmplx.cpp:206]   --->   Operation 46 'icmp' 'icmp_ln206' <Predicate = (!icmp_ln204)> <Delay = 0.67> <CoreInst = "Cmp">   --->   Core 9 'Cmp' <Latency = 0> <II = 1> <Delay = 0.67> <FuncUnit> <Opcode : 'icmp'> <InPorts = 2> <OutPorts = 1>
ST_1 : Operation 47 [1/1] (0.28ns)   --->   "%or_ln204 = or i1 %icmp_ln206, i1 %first_iter_3" [top_cmplx.cpp:204]   --->   Operation 47 'or' 'or_ln204' <Predicate = (!icmp_ln204)> <Delay = 0.28> <CoreInst = "LogicGate">   --->   Core 74 'LogicGate' <Latency = 0> <II = 1> <Delay = 0.28> <FuncUnit> <Opcode : 'and' 'or' 'xor'> <InPorts = 2> <OutPorts = 1>
ST_1 : Operation 48 [1/1] (0.20ns)   --->   "%select_ln204 = select i1 %icmp_ln206, i3 0, i3 %j_load" [top_cmplx.cpp:204]   --->   Operation 48 'select' 'select_ln204' <Predicate = (!icmp_ln204)> <Delay = 0.20> <CoreInst = "Sel">   --->   Core 73 'Sel' <Latency = 0> <II = 1> <Delay = 0.20> <FuncUnit> <Opcode : 'select'> <InPorts = 3> <OutPorts = 1>
ST_1 : Operation 49 [1/1] (0.67ns)   --->   "%add_ln204_1 = add i3 %i_load, i3 1" [top_cmplx.cpp:204]   --->   Operation 49 'add' 'add_ln204_1' <Predicate = (!icmp_ln204)> <Delay = 0.67> <CoreInst = "Adder">   --->   Core 1 'Adder' <Latency = 0> <II = 1> <Delay = 0.67> <FuncUnit> <Opcode : 'add' 'sub'> <InPorts = 2> <OutPorts = 1>
ST_1 : Operation 50 [1/1] (0.20ns)   --->   "%select_ln204_1 = select i1 %icmp_ln206, i3 %add_ln204_1, i3 %i_load" [top_cmplx.cpp:204]   --->   Operation 50 'select' 'select_ln204_1' <Predicate = (!icmp_ln204)> <Delay = 0.20> <CoreInst = "Sel">   --->   Core 73 'Sel' <Latency = 0> <II = 1> <Delay = 0.20> <FuncUnit> <Opcode : 'select'> <InPorts = 3> <OutPorts = 1>
ST_1 : Operation 51 [1/1] (0.00ns)   --->   "%zext_ln204 = zext i3 %select_ln204_1" [top_cmplx.cpp:204]   --->   Operation 51 'zext' 'zext_ln204' <Predicate = (!icmp_ln204)> <Delay = 0.00>
ST_1 : Operation 52 [1/1] (0.00ns)   --->   "%Q_out_real_addr = getelementptr i32 %Q_out_real, i64 0, i64 %zext_ln204" [top_cmplx.cpp:204]   --->   Operation 52 'getelementptr' 'Q_out_real_addr' <Predicate = (!icmp_ln204)> <Delay = 0.00>
ST_1 : Operation 53 [1/1] (0.00ns)   --->   "%Q_out_real_1_addr = getelementptr i32 %Q_out_real_1, i64 0, i64 %zext_ln204" [top_cmplx.cpp:204]   --->   Operation 53 'getelementptr' 'Q_out_real_1_addr' <Predicate = (!icmp_ln204)> <Delay = 0.00>
ST_1 : Operation 54 [1/1] (0.00ns)   --->   "%Q_out_real_2_addr = getelementptr i32 %Q_out_real_2, i64 0, i64 %zext_ln204" [top_cmplx.cpp:204]   --->   Operation 54 'getelementptr' 'Q_out_real_2_addr' <Predicate = (!icmp_ln204)> <Delay = 0.00>
ST_1 : Operation 55 [1/1] (0.00ns)   --->   "%Q_out_real_3_addr = getelementptr i32 %Q_out_real_3, i64 0, i64 %zext_ln204" [top_cmplx.cpp:204]   --->   Operation 55 'getelementptr' 'Q_out_real_3_addr' <Predicate = (!icmp_ln204)> <Delay = 0.00>
ST_1 : Operation 56 [1/1] (0.00ns)   --->   "%Q_out_imag_addr = getelementptr i32 %Q_out_imag, i64 0, i64 %zext_ln204" [top_cmplx.cpp:204]   --->   Operation 56 'getelementptr' 'Q_out_imag_addr' <Predicate = (!icmp_ln204)> <Delay = 0.00>
ST_1 : Operation 57 [1/1] (0.00ns)   --->   "%Q_out_imag_1_addr = getelementptr i32 %Q_out_imag_1, i64 0, i64 %zext_ln204" [top_cmplx.cpp:204]   --->   Operation 57 'getelementptr' 'Q_out_imag_1_addr' <Predicate = (!icmp_ln204)> <Delay = 0.00>
ST_1 : Operation 58 [1/1] (0.00ns)   --->   "%Q_out_imag_2_addr = getelementptr i32 %Q_out_imag_2, i64 0, i64 %zext_ln204" [top_cmplx.cpp:204]   --->   Operation 58 'getelementptr' 'Q_out_imag_2_addr' <Predicate = (!icmp_ln204)> <Delay = 0.00>
ST_1 : Operation 59 [1/1] (0.00ns)   --->   "%Q_out_imag_3_addr = getelementptr i32 %Q_out_imag_3, i64 0, i64 %zext_ln204" [top_cmplx.cpp:204]   --->   Operation 59 'getelementptr' 'Q_out_imag_3_addr' <Predicate = (!icmp_ln204)> <Delay = 0.00>
ST_1 : Operation 60 [1/1] (0.00ns)   --->   "%br_ln206 = br i1 %or_ln204, void %for.inc282.split, void %for.first.iter.for.inc282" [top_cmplx.cpp:206]   --->   Operation 60 'br' 'br_ln206' <Predicate = (!icmp_ln204)> <Delay = 0.00>
ST_1 : Operation 61 [2/2] (0.67ns)   --->   "%Q_out_real_load = load i3 %Q_out_real_addr" [top_cmplx.cpp:204]   --->   Operation 61 'load' 'Q_out_real_load' <Predicate = (!icmp_ln204 & or_ln204)> <Delay = 0.67> <CoreInst = "RAM">   --->   Core 83 'RAM' <Latency = 1> <II = 1> <Delay = 0.67> <Storage> <Opcode : 'load' 'store'> <Ports = 2> <Width = 32> <Depth = 7> <RAM>
ST_1 : Operation 62 [2/2] (0.67ns)   --->   "%Q_out_real_1_load = load i3 %Q_out_real_1_addr" [top_cmplx.cpp:204]   --->   Operation 62 'load' 'Q_out_real_1_load' <Predicate = (!icmp_ln204 & or_ln204)> <Delay = 0.67> <CoreInst = "RAM">   --->   Core 83 'RAM' <Latency = 1> <II = 1> <Delay = 0.67> <Storage> <Opcode : 'load' 'store'> <Ports = 2> <Width = 32> <Depth = 7> <RAM>
ST_1 : Operation 63 [2/2] (0.67ns)   --->   "%Q_out_real_2_load = load i3 %Q_out_real_2_addr" [top_cmplx.cpp:204]   --->   Operation 63 'load' 'Q_out_real_2_load' <Predicate = (!icmp_ln204 & or_ln204)> <Delay = 0.67> <CoreInst = "RAM">   --->   Core 83 'RAM' <Latency = 1> <II = 1> <Delay = 0.67> <Storage> <Opcode : 'load' 'store'> <Ports = 2> <Width = 32> <Depth = 7> <RAM>
ST_1 : Operation 64 [2/2] (0.67ns)   --->   "%Q_out_real_3_load = load i3 %Q_out_real_3_addr" [top_cmplx.cpp:204]   --->   Operation 64 'load' 'Q_out_real_3_load' <Predicate = (!icmp_ln204 & or_ln204)> <Delay = 0.67> <CoreInst = "RAM">   --->   Core 83 'RAM' <Latency = 1> <II = 1> <Delay = 0.67> <Storage> <Opcode : 'load' 'store'> <Ports = 2> <Width = 32> <Depth = 7> <RAM>
ST_1 : Operation 65 [2/2] (0.67ns)   --->   "%Q_out_imag_load = load i3 %Q_out_imag_addr" [top_cmplx.cpp:204]   --->   Operation 65 'load' 'Q_out_imag_load' <Predicate = (!icmp_ln204 & or_ln204)> <Delay = 0.67> <CoreInst = "RAM">   --->   Core 83 'RAM' <Latency = 1> <II = 1> <Delay = 0.67> <Storage> <Opcode : 'load' 'store'> <Ports = 2> <Width = 32> <Depth = 7> <RAM>
ST_1 : Operation 66 [2/2] (0.67ns)   --->   "%Q_out_imag_1_load = load i3 %Q_out_imag_1_addr" [top_cmplx.cpp:204]   --->   Operation 66 'load' 'Q_out_imag_1_load' <Predicate = (!icmp_ln204 & or_ln204)> <Delay = 0.67> <CoreInst = "RAM">   --->   Core 83 'RAM' <Latency = 1> <II = 1> <Delay = 0.67> <Storage> <Opcode : 'load' 'store'> <Ports = 2> <Width = 32> <Depth = 7> <RAM>
ST_1 : Operation 67 [2/2] (0.67ns)   --->   "%Q_out_imag_2_load = load i3 %Q_out_imag_2_addr" [top_cmplx.cpp:204]   --->   Operation 67 'load' 'Q_out_imag_2_load' <Predicate = (!icmp_ln204 & or_ln204)> <Delay = 0.67> <CoreInst = "RAM">   --->   Core 83 'RAM' <Latency = 1> <II = 1> <Delay = 0.67> <Storage> <Opcode : 'load' 'store'> <Ports = 2> <Width = 32> <Depth = 7> <RAM>
ST_1 : Operation 68 [2/2] (0.67ns)   --->   "%Q_out_imag_3_load = load i3 %Q_out_imag_3_addr" [top_cmplx.cpp:204]   --->   Operation 68 'load' 'Q_out_imag_3_load' <Predicate = (!icmp_ln204 & or_ln204)> <Delay = 0.67> <CoreInst = "RAM">   --->   Core 83 'RAM' <Latency = 1> <II = 1> <Delay = 0.67> <Storage> <Opcode : 'load' 'store'> <Ports = 2> <Width = 32> <Depth = 7> <RAM>
ST_1 : Operation 69 [1/1] (0.67ns)   --->   "%add_ln206_2 = add i3 %select_ln204, i3 1" [top_cmplx.cpp:206]   --->   Operation 69 'add' 'add_ln206_2' <Predicate = (!icmp_ln204)> <Delay = 0.67> <CoreInst = "Adder">   --->   Core 1 'Adder' <Latency = 0> <II = 1> <Delay = 0.67> <FuncUnit> <Opcode : 'add' 'sub'> <InPorts = 2> <OutPorts = 1>
ST_1 : Operation 70 [1/1] (0.42ns)   --->   "%store_ln204 = store i5 %add_ln204, i5 %indvar_flatten54" [top_cmplx.cpp:204]   --->   Operation 70 'store' 'store_ln204' <Predicate = (!icmp_ln204)> <Delay = 0.42>
ST_1 : Operation 71 [1/1] (0.42ns)   --->   "%store_ln204 = store i3 %select_ln204_1, i3 %i" [top_cmplx.cpp:204]   --->   Operation 71 'store' 'store_ln204' <Predicate = (!icmp_ln204)> <Delay = 0.42>
ST_1 : Operation 72 [1/1] (0.42ns)   --->   "%store_ln206 = store i3 %add_ln206_2, i3 %j" [top_cmplx.cpp:206]   --->   Operation 72 'store' 'store_ln206' <Predicate = (!icmp_ln204)> <Delay = 0.42>
ST_1 : Operation 73 [1/1] (0.00ns)   --->   "%br_ln206 = br void %for.inc282" [top_cmplx.cpp:206]   --->   Operation 73 'br' 'br_ln206' <Predicate = (!icmp_ln204)> <Delay = 0.00>

State 2 <SV = 1> <Delay = 1.08>
ST_2 : Operation 74 [1/2] (0.67ns)   --->   "%Q_out_real_load = load i3 %Q_out_real_addr" [top_cmplx.cpp:204]   --->   Operation 74 'load' 'Q_out_real_load' <Predicate = (!icmp_ln204 & or_ln204)> <Delay = 0.67> <CoreInst = "RAM">   --->   Core 83 'RAM' <Latency = 1> <II = 1> <Delay = 0.67> <Storage> <Opcode : 'load' 'store'> <Ports = 2> <Width = 32> <Depth = 7> <RAM>
ST_2 : Operation 75 [1/2] (0.67ns)   --->   "%Q_out_real_1_load = load i3 %Q_out_real_1_addr" [top_cmplx.cpp:204]   --->   Operation 75 'load' 'Q_out_real_1_load' <Predicate = (!icmp_ln204 & or_ln204)> <Delay = 0.67> <CoreInst = "RAM">   --->   Core 83 'RAM' <Latency = 1> <II = 1> <Delay = 0.67> <Storage> <Opcode : 'load' 'store'> <Ports = 2> <Width = 32> <Depth = 7> <RAM>
ST_2 : Operation 76 [1/2] (0.67ns)   --->   "%Q_out_real_2_load = load i3 %Q_out_real_2_addr" [top_cmplx.cpp:204]   --->   Operation 76 'load' 'Q_out_real_2_load' <Predicate = (!icmp_ln204 & or_ln204)> <Delay = 0.67> <CoreInst = "RAM">   --->   Core 83 'RAM' <Latency = 1> <II = 1> <Delay = 0.67> <Storage> <Opcode : 'load' 'store'> <Ports = 2> <Width = 32> <Depth = 7> <RAM>
ST_2 : Operation 77 [1/2] (0.67ns)   --->   "%Q_out_real_3_load = load i3 %Q_out_real_3_addr" [top_cmplx.cpp:204]   --->   Operation 77 'load' 'Q_out_real_3_load' <Predicate = (!icmp_ln204 & or_ln204)> <Delay = 0.67> <CoreInst = "RAM">   --->   Core 83 'RAM' <Latency = 1> <II = 1> <Delay = 0.67> <Storage> <Opcode : 'load' 'store'> <Ports = 2> <Width = 32> <Depth = 7> <RAM>
ST_2 : Operation 78 [1/2] (0.67ns)   --->   "%Q_out_imag_load = load i3 %Q_out_imag_addr" [top_cmplx.cpp:204]   --->   Operation 78 'load' 'Q_out_imag_load' <Predicate = (!icmp_ln204 & or_ln204)> <Delay = 0.67> <CoreInst = "RAM">   --->   Core 83 'RAM' <Latency = 1> <II = 1> <Delay = 0.67> <Storage> <Opcode : 'load' 'store'> <Ports = 2> <Width = 32> <Depth = 7> <RAM>
ST_2 : Operation 79 [1/2] (0.67ns)   --->   "%Q_out_imag_1_load = load i3 %Q_out_imag_1_addr" [top_cmplx.cpp:204]   --->   Operation 79 'load' 'Q_out_imag_1_load' <Predicate = (!icmp_ln204 & or_ln204)> <Delay = 0.67> <CoreInst = "RAM">   --->   Core 83 'RAM' <Latency = 1> <II = 1> <Delay = 0.67> <Storage> <Opcode : 'load' 'store'> <Ports = 2> <Width = 32> <Depth = 7> <RAM>
ST_2 : Operation 80 [1/2] (0.67ns)   --->   "%Q_out_imag_2_load = load i3 %Q_out_imag_2_addr" [top_cmplx.cpp:204]   --->   Operation 80 'load' 'Q_out_imag_2_load' <Predicate = (!icmp_ln204 & or_ln204)> <Delay = 0.67> <CoreInst = "RAM">   --->   Core 83 'RAM' <Latency = 1> <II = 1> <Delay = 0.67> <Storage> <Opcode : 'load' 'store'> <Ports = 2> <Width = 32> <Depth = 7> <RAM>
ST_2 : Operation 81 [1/2] (0.67ns)   --->   "%Q_out_imag_3_load = load i3 %Q_out_imag_3_addr" [top_cmplx.cpp:204]   --->   Operation 81 'load' 'Q_out_imag_3_load' <Predicate = (!icmp_ln204 & or_ln204)> <Delay = 0.67> <CoreInst = "RAM">   --->   Core 83 'RAM' <Latency = 1> <II = 1> <Delay = 0.67> <Storage> <Opcode : 'load' 'store'> <Ports = 2> <Width = 32> <Depth = 7> <RAM>
ST_2 : Operation 82 [1/1] (0.00ns)   --->   "%store_ln204 = store i32 %Q_out_real_load, i32 %Q_out_real_load17" [top_cmplx.cpp:204]   --->   Operation 82 'store' 'store_ln204' <Predicate = (!icmp_ln204 & or_ln204)> <Delay = 0.00>
ST_2 : Operation 83 [1/1] (0.00ns)   --->   "%store_ln204 = store i32 %Q_out_real_1_load, i32 %Q_out_real_1_load15" [top_cmplx.cpp:204]   --->   Operation 83 'store' 'store_ln204' <Predicate = (!icmp_ln204 & or_ln204)> <Delay = 0.00>
ST_2 : Operation 84 [1/1] (0.00ns)   --->   "%store_ln204 = store i32 %Q_out_real_2_load, i32 %Q_out_real_2_load13" [top_cmplx.cpp:204]   --->   Operation 84 'store' 'store_ln204' <Predicate = (!icmp_ln204 & or_ln204)> <Delay = 0.00>
ST_2 : Operation 85 [1/1] (0.00ns)   --->   "%store_ln204 = store i32 %Q_out_real_3_load, i32 %Q_out_real_3_load11" [top_cmplx.cpp:204]   --->   Operation 85 'store' 'store_ln204' <Predicate = (!icmp_ln204 & or_ln204)> <Delay = 0.00>
ST_2 : Operation 86 [1/1] (0.00ns)   --->   "%store_ln204 = store i32 %Q_out_imag_load, i32 %Q_out_imag_load9" [top_cmplx.cpp:204]   --->   Operation 86 'store' 'store_ln204' <Predicate = (!icmp_ln204 & or_ln204)> <Delay = 0.00>
ST_2 : Operation 87 [1/1] (0.00ns)   --->   "%store_ln204 = store i32 %Q_out_imag_1_load, i32 %Q_out_imag_1_load7" [top_cmplx.cpp:204]   --->   Operation 87 'store' 'store_ln204' <Predicate = (!icmp_ln204 & or_ln204)> <Delay = 0.00>
ST_2 : Operation 88 [1/1] (0.00ns)   --->   "%store_ln204 = store i32 %Q_out_imag_2_load, i32 %Q_out_imag_2_load5" [top_cmplx.cpp:204]   --->   Operation 88 'store' 'store_ln204' <Predicate = (!icmp_ln204 & or_ln204)> <Delay = 0.00>
ST_2 : Operation 89 [1/1] (0.00ns)   --->   "%store_ln204 = store i32 %Q_out_imag_3_load, i32 %Q_out_imag_3_load3" [top_cmplx.cpp:204]   --->   Operation 89 'store' 'store_ln204' <Predicate = (!icmp_ln204 & or_ln204)> <Delay = 0.00>
ST_2 : Operation 90 [1/1] (0.00ns)   --->   "%br_ln206 = br void %for.inc282.split" [top_cmplx.cpp:206]   --->   Operation 90 'br' 'br_ln206' <Predicate = (!icmp_ln204 & or_ln204)> <Delay = 0.00>
ST_2 : Operation 91 [1/1] (0.00ns)   --->   "%trunc_ln206 = trunc i3 %select_ln204" [top_cmplx.cpp:206]   --->   Operation 91 'trunc' 'trunc_ln206' <Predicate = (!icmp_ln204)> <Delay = 0.00>
ST_2 : Operation 92 [1/1] (0.00ns)   --->   "%shl_ln206_8 = bitconcatenate i8 @_ssdm_op_BitConcatenate.i8.i3.i2.i3, i3 %select_ln204_1, i2 %trunc_ln206, i3 0" [top_cmplx.cpp:206]   --->   Operation 92 'bitconcatenate' 'shl_ln206_8' <Predicate = (!icmp_ln204)> <Delay = 0.00>
ST_2 : Operation 93 [1/1] (0.00ns)   --->   "%zext_ln206_2 = zext i8 %shl_ln206_8" [top_cmplx.cpp:206]   --->   Operation 93 'zext' 'zext_ln206_2' <Predicate = (!icmp_ln204)> <Delay = 0.00>
ST_2 : Operation 94 [1/1] (1.08ns)   --->   "%add_ln206 = add i64 %zext_ln206_2, i64 %Q_DRAM_read" [top_cmplx.cpp:206]   --->   Operation 94 'add' 'add_ln206' <Predicate = (!icmp_ln204)> <Delay = 1.08> <CoreInst = "Adder">   --->   Core 1 'Adder' <Latency = 0> <II = 1> <Delay = 1.08> <FuncUnit> <Opcode : 'add' 'sub'> <InPorts = 2> <OutPorts = 1>
ST_2 : Operation 95 [1/1] (0.00ns)   --->   "%trunc_ln206_2 = partselect i61 @_ssdm_op_PartSelect.i61.i64.i32.i32, i64 %add_ln206, i32 3, i32 63" [top_cmplx.cpp:206]   --->   Operation 95 'partselect' 'trunc_ln206_2' <Predicate = (!icmp_ln204)> <Delay = 0.00>

State 3 <SV = 2> <Delay = 8.75>
ST_3 : Operation 96 [1/1] (0.00ns)   --->   "%Q_out_real_3_load_1 = load i32 %Q_out_real_3_load11"   --->   Operation 96 'load' 'Q_out_real_3_load_1' <Predicate = (!icmp_ln204 & trunc_ln206 == 3)> <Delay = 0.00>
ST_3 : Operation 97 [1/1] (0.00ns)   --->   "%Q_out_real_2_load_1 = load i32 %Q_out_real_2_load13"   --->   Operation 97 'load' 'Q_out_real_2_load_1' <Predicate = (!icmp_ln204 & trunc_ln206 == 2)> <Delay = 0.00>
ST_3 : Operation 98 [1/1] (0.00ns)   --->   "%Q_out_real_1_load_1 = load i32 %Q_out_real_1_load15"   --->   Operation 98 'load' 'Q_out_real_1_load_1' <Predicate = (!icmp_ln204 & trunc_ln206 == 1)> <Delay = 0.00>
ST_3 : Operation 99 [1/1] (0.00ns)   --->   "%Q_out_real_load_1 = load i32 %Q_out_real_load17"   --->   Operation 99 'load' 'Q_out_real_load_1' <Predicate = (!icmp_ln204 & trunc_ln206 == 0)> <Delay = 0.00>
ST_3 : Operation 100 [1/1] (0.00ns) (grouped into LUT with out node add_ln206_1)   --->   "%shl_ln2 = bitconcatenate i6 @_ssdm_op_BitConcatenate.i6.i3.i3, i3 %select_ln204_1, i3 0" [top_cmplx.cpp:206]   --->   Operation 100 'bitconcatenate' 'shl_ln2' <Predicate = (!icmp_ln204)> <Delay = 0.00>
ST_3 : Operation 101 [1/1] (0.00ns) (grouped into LUT with out node add_ln206_1)   --->   "%or_ln206 = or i6 %shl_ln2, i6 1" [top_cmplx.cpp:206]   --->   Operation 101 'or' 'or_ln206' <Predicate = (!icmp_ln204)> <Delay = 0.00>
ST_3 : Operation 102 [1/1] (0.00ns) (grouped into LUT with out node add_ln206_1)   --->   "%shl_ln206_1 = shl i3 %select_ln204, i3 1" [top_cmplx.cpp:206]   --->   Operation 102 'shl' 'shl_ln206_1' <Predicate = (!icmp_ln204)> <Delay = 0.00>
ST_3 : Operation 103 [1/1] (0.52ns)   --->   "%tmp_s = sparsemux i32 @_ssdm_op_SparseMux.ap_auto.4f32.f32.i2, i2 0, i32 %Q_out_real_load_1, i2 1, i32 %Q_out_real_1_load_1, i2 2, i32 %Q_out_real_2_load_1, i2 3, i32 %Q_out_real_3_load_1, i32 <undef>, i2 %trunc_ln206" [top_cmplx.cpp:208]   --->   Operation 103 'sparsemux' 'tmp_s' <Predicate = (!icmp_ln204)> <Delay = 0.52> <CoreInst = "SparseMux">   --->   Core 147 'SparseMux' <Latency = 0> <II = 1> <Delay = 0.52> <FuncUnit> <Opcode : 'sparsemux'> <InPorts = 2> <OutPorts = 1>
ST_3 : Operation 104 [1/1] (0.00ns)   --->   "%bitcast_ln206 = bitcast i32 %tmp_s" [top_cmplx.cpp:206]   --->   Operation 104 'bitcast' 'bitcast_ln206' <Predicate = (!icmp_ln204)> <Delay = 0.00>
ST_3 : Operation 105 [1/1] (0.00ns)   --->   "%zext_ln206_3 = zext i32 %bitcast_ln206" [top_cmplx.cpp:206]   --->   Operation 105 'zext' 'zext_ln206_3' <Predicate = (!icmp_ln204)> <Delay = 0.00>
ST_3 : Operation 106 [1/1] (0.68ns)   --->   "%shl_ln206 = shl i8 15, i8 %zext_ln206_cast" [top_cmplx.cpp:206]   --->   Operation 106 'shl' 'shl_ln206' <Predicate = (!icmp_ln204)> <Delay = 0.68> <CoreInst = "Shifter">   --->   Core 75 'Shifter' <Latency = 0> <II = 1> <Delay = 0.68> <FuncUnit> <Opcode : 'shl' 'lshr' 'ashr'> <InPorts = 2> <OutPorts = 1>
ST_3 : Operation 107 [1/1] (0.00ns)   --->   "%shl_ln206_3 = bitconcatenate i6 @_ssdm_op_BitConcatenate.i6.i3.i3, i3 %tmp, i3 0" [top_cmplx.cpp:206]   --->   Operation 107 'bitconcatenate' 'shl_ln206_3' <Predicate = (!icmp_ln204)> <Delay = 0.00>
ST_3 : Operation 108 [1/1] (0.00ns)   --->   "%zext_ln206_4 = zext i6 %shl_ln206_3" [top_cmplx.cpp:206]   --->   Operation 108 'zext' 'zext_ln206_4' <Predicate = (!icmp_ln204)> <Delay = 0.00>
ST_3 : Operation 109 [1/1] (1.38ns)   --->   "%shl_ln206_2 = shl i64 %zext_ln206_3, i64 %zext_ln206_4" [top_cmplx.cpp:206]   --->   Operation 109 'shl' 'shl_ln206_2' <Predicate = (!icmp_ln204)> <Delay = 1.38> <CoreInst = "Shifter">   --->   Core 75 'Shifter' <Latency = 0> <II = 1> <Delay = 1.38> <FuncUnit> <Opcode : 'shl' 'lshr' 'ashr'> <InPorts = 2> <OutPorts = 1>
ST_3 : Operation 110 [1/1] (0.00ns)   --->   "%sext_ln206 = sext i61 %trunc_ln206_2" [top_cmplx.cpp:206]   --->   Operation 110 'sext' 'sext_ln206' <Predicate = (!icmp_ln204)> <Delay = 0.00>
ST_3 : Operation 111 [1/1] (0.00ns)   --->   "%memQ_addr = getelementptr i64 %memQ, i64 %sext_ln206" [top_cmplx.cpp:206]   --->   Operation 111 'getelementptr' 'memQ_addr' <Predicate = (!icmp_ln204)> <Delay = 0.00>
ST_3 : Operation 112 [1/1] (8.75ns)   --->   "%empty_35 = writereq i1 @_ssdm_op_WriteReq.m_axi.p1i64, i64 %memQ_addr, i32 1" [top_cmplx.cpp:206]   --->   Operation 112 'writereq' 'empty_35' <Predicate = (!icmp_ln204)> <Delay = 8.75> <CoreInst = "m_axi">   --->   Core 121 'm_axi' <Latency = 0> <II = 1> <Delay = 1.00> <Adapter> <Opcode : 'read' 'write' 'readreq' 'writereq' 'writeresp'>
ST_3 : Operation 113 [1/1] (0.00ns) (grouped into LUT with out node add_ln206_1)   --->   "%or_ln206_1 = or i3 %shl_ln206_1, i3 1" [top_cmplx.cpp:206]   --->   Operation 113 'or' 'or_ln206_1' <Predicate = (!icmp_ln204)> <Delay = 0.00>
ST_3 : Operation 114 [1/1] (0.00ns) (grouped into LUT with out node add_ln206_1)   --->   "%tmp_5 = partselect i3 @_ssdm_op_PartSelect.i3.i6.i32.i32, i6 %or_ln206, i32 3, i32 5" [top_cmplx.cpp:206]   --->   Operation 114 'partselect' 'tmp_5' <Predicate = (!icmp_ln204)> <Delay = 0.00>
ST_3 : Operation 115 [1/1] (0.00ns) (grouped into LUT with out node add_ln206_1)   --->   "%tmp_6 = bitconcatenate i8 @_ssdm_op_BitConcatenate.i8.i3.i3.i2, i3 %tmp_5, i3 %or_ln206_1, i2 0" [top_cmplx.cpp:206]   --->   Operation 115 'bitconcatenate' 'tmp_6' <Predicate = (!icmp_ln204)> <Delay = 0.00>
ST_3 : Operation 116 [1/1] (0.00ns) (grouped into LUT with out node add_ln206_1)   --->   "%zext_ln206_6 = zext i8 %tmp_6" [top_cmplx.cpp:206]   --->   Operation 116 'zext' 'zext_ln206_6' <Predicate = (!icmp_ln204)> <Delay = 0.00>
ST_3 : Operation 117 [1/1] (1.08ns) (out node of the LUT)   --->   "%add_ln206_1 = add i64 %zext_ln206_6, i64 %Q_DRAM_read" [top_cmplx.cpp:206]   --->   Operation 117 'add' 'add_ln206_1' <Predicate = (!icmp_ln204)> <Delay = 1.08> <CoreInst = "Adder">   --->   Core 1 'Adder' <Latency = 0> <II = 1> <Delay = 1.08> <FuncUnit> <Opcode : 'add' 'sub'> <InPorts = 2> <OutPorts = 1>
ST_3 : Operation 118 [1/1] (0.00ns)   --->   "%trunc_ln206_3 = partselect i61 @_ssdm_op_PartSelect.i61.i64.i32.i32, i64 %add_ln206_1, i32 3, i32 63" [top_cmplx.cpp:206]   --->   Operation 118 'partselect' 'trunc_ln206_3' <Predicate = (!icmp_ln204)> <Delay = 0.00>

State 4 <SV = 3> <Delay = 8.75>
ST_4 : Operation 119 [1/1] (0.00ns)   --->   "%Q_out_imag_3_load_1 = load i32 %Q_out_imag_3_load3"   --->   Operation 119 'load' 'Q_out_imag_3_load_1' <Predicate = (!icmp_ln204 & trunc_ln206 == 3)> <Delay = 0.00>
ST_4 : Operation 120 [1/1] (0.00ns)   --->   "%Q_out_imag_2_load_1 = load i32 %Q_out_imag_2_load5"   --->   Operation 120 'load' 'Q_out_imag_2_load_1' <Predicate = (!icmp_ln204 & trunc_ln206 == 2)> <Delay = 0.00>
ST_4 : Operation 121 [1/1] (0.00ns)   --->   "%Q_out_imag_1_load_1 = load i32 %Q_out_imag_1_load7"   --->   Operation 121 'load' 'Q_out_imag_1_load_1' <Predicate = (!icmp_ln204 & trunc_ln206 == 1)> <Delay = 0.00>
ST_4 : Operation 122 [1/1] (0.00ns)   --->   "%Q_out_imag_load_1 = load i32 %Q_out_imag_load9"   --->   Operation 122 'load' 'Q_out_imag_load_1' <Predicate = (!icmp_ln204 & trunc_ln206 == 0)> <Delay = 0.00>
ST_4 : Operation 123 [1/1] (0.52ns)   --->   "%tmp_4 = sparsemux i32 @_ssdm_op_SparseMux.ap_auto.4f32.f32.i2, i2 0, i32 %Q_out_imag_load_1, i2 1, i32 %Q_out_imag_1_load_1, i2 2, i32 %Q_out_imag_2_load_1, i2 3, i32 %Q_out_imag_3_load_1, i32 <undef>, i2 %trunc_ln206" [top_cmplx.cpp:209]   --->   Operation 123 'sparsemux' 'tmp_4' <Predicate = (!icmp_ln204)> <Delay = 0.52> <CoreInst = "SparseMux">   --->   Core 147 'SparseMux' <Latency = 0> <II = 1> <Delay = 0.52> <FuncUnit> <Opcode : 'sparsemux'> <InPorts = 2> <OutPorts = 1>
ST_4 : Operation 124 [1/1] (8.75ns)   --->   "%write_ln206 = write void @_ssdm_op_Write.m_axi.p1i64, i64 %memQ_addr, i64 %shl_ln206_2, i8 %shl_ln206" [top_cmplx.cpp:206]   --->   Operation 124 'write' 'write_ln206' <Predicate = (!icmp_ln204)> <Delay = 8.75> <CoreInst = "m_axi">   --->   Core 121 'm_axi' <Latency = 0> <II = 1> <Delay = 1.00> <Adapter> <Opcode : 'read' 'write' 'readreq' 'writereq' 'writeresp'>
ST_4 : Operation 125 [1/1] (0.00ns)   --->   "%bitcast_ln206_1 = bitcast i32 %tmp_4" [top_cmplx.cpp:206]   --->   Operation 125 'bitcast' 'bitcast_ln206_1' <Predicate = (!icmp_ln204)> <Delay = 0.00>
ST_4 : Operation 126 [1/1] (0.00ns)   --->   "%zext_ln206_5 = zext i32 %bitcast_ln206_1" [top_cmplx.cpp:206]   --->   Operation 126 'zext' 'zext_ln206_5' <Predicate = (!icmp_ln204)> <Delay = 0.00>
ST_4 : Operation 127 [1/1] (0.68ns)   --->   "%shl_ln206_4 = shl i8 15, i8 %zext_ln206_1_cast" [top_cmplx.cpp:206]   --->   Operation 127 'shl' 'shl_ln206_4' <Predicate = (!icmp_ln204)> <Delay = 0.68> <CoreInst = "Shifter">   --->   Core 75 'Shifter' <Latency = 0> <II = 1> <Delay = 0.68> <FuncUnit> <Opcode : 'shl' 'lshr' 'ashr'> <InPorts = 2> <OutPorts = 1>
ST_4 : Operation 128 [1/1] (0.00ns)   --->   "%shl_ln206_6 = bitconcatenate i6 @_ssdm_op_BitConcatenate.i6.i3.i3, i3 %xor_ln204_read, i3 0" [top_cmplx.cpp:206]   --->   Operation 128 'bitconcatenate' 'shl_ln206_6' <Predicate = (!icmp_ln204)> <Delay = 0.00>
ST_4 : Operation 129 [1/1] (0.00ns)   --->   "%zext_ln206_7 = zext i6 %shl_ln206_6" [top_cmplx.cpp:206]   --->   Operation 129 'zext' 'zext_ln206_7' <Predicate = (!icmp_ln204)> <Delay = 0.00>
ST_4 : Operation 130 [1/1] (1.38ns)   --->   "%shl_ln206_5 = shl i64 %zext_ln206_5, i64 %zext_ln206_7" [top_cmplx.cpp:206]   --->   Operation 130 'shl' 'shl_ln206_5' <Predicate = (!icmp_ln204)> <Delay = 1.38> <CoreInst = "Shifter">   --->   Core 75 'Shifter' <Latency = 0> <II = 1> <Delay = 1.38> <FuncUnit> <Opcode : 'shl' 'lshr' 'ashr'> <InPorts = 2> <OutPorts = 1>
ST_4 : Operation 131 [1/1] (0.00ns)   --->   "%sext_ln206_1 = sext i61 %trunc_ln206_3" [top_cmplx.cpp:206]   --->   Operation 131 'sext' 'sext_ln206_1' <Predicate = (!icmp_ln204)> <Delay = 0.00>
ST_4 : Operation 132 [1/1] (0.00ns)   --->   "%memQ_addr_1 = getelementptr i64 %memQ, i64 %sext_ln206_1" [top_cmplx.cpp:206]   --->   Operation 132 'getelementptr' 'memQ_addr_1' <Predicate = (!icmp_ln204)> <Delay = 0.00>
ST_4 : Operation 133 [1/1] (8.75ns)   --->   "%empty_37 = writereq i1 @_ssdm_op_WriteReq.m_axi.p1i64, i64 %memQ_addr_1, i32 1" [top_cmplx.cpp:206]   --->   Operation 133 'writereq' 'empty_37' <Predicate = (!icmp_ln204)> <Delay = 8.75> <CoreInst = "m_axi">   --->   Core 121 'm_axi' <Latency = 0> <II = 1> <Delay = 1.00> <Adapter> <Opcode : 'read' 'write' 'readreq' 'writereq' 'writeresp'>

State 5 <SV = 4> <Delay = 8.75>
ST_5 : Operation 134 [5/5] (8.75ns)   --->   "%empty_36 = writeresp i1 @_ssdm_op_WriteResp.m_axi.p1i64, i64 %memQ_addr" [top_cmplx.cpp:206]   --->   Operation 134 'writeresp' 'empty_36' <Predicate = (!icmp_ln204)> <Delay = 8.75> <CoreInst = "m_axi">   --->   Core 121 'm_axi' <Latency = 0> <II = 1> <Delay = 1.00> <Adapter> <Opcode : 'read' 'write' 'readreq' 'writereq' 'writeresp'>
ST_5 : Operation 135 [1/1] (8.75ns)   --->   "%write_ln206 = write void @_ssdm_op_Write.m_axi.p1i64, i64 %memQ_addr_1, i64 %shl_ln206_5, i8 %shl_ln206_4" [top_cmplx.cpp:206]   --->   Operation 135 'write' 'write_ln206' <Predicate = (!icmp_ln204)> <Delay = 8.75> <CoreInst = "m_axi">   --->   Core 121 'm_axi' <Latency = 0> <II = 1> <Delay = 1.00> <Adapter> <Opcode : 'read' 'write' 'readreq' 'writereq' 'writeresp'>

State 6 <SV = 5> <Delay = 8.75>
ST_6 : Operation 136 [4/5] (8.75ns)   --->   "%empty_36 = writeresp i1 @_ssdm_op_WriteResp.m_axi.p1i64, i64 %memQ_addr" [top_cmplx.cpp:206]   --->   Operation 136 'writeresp' 'empty_36' <Predicate = (!icmp_ln204)> <Delay = 8.75> <CoreInst = "m_axi">   --->   Core 121 'm_axi' <Latency = 0> <II = 1> <Delay = 1.00> <Adapter> <Opcode : 'read' 'write' 'readreq' 'writereq' 'writeresp'>
ST_6 : Operation 137 [5/5] (8.75ns)   --->   "%empty_38 = writeresp i1 @_ssdm_op_WriteResp.m_axi.p1i64, i64 %memQ_addr_1" [top_cmplx.cpp:206]   --->   Operation 137 'writeresp' 'empty_38' <Predicate = (!icmp_ln204)> <Delay = 8.75> <CoreInst = "m_axi">   --->   Core 121 'm_axi' <Latency = 0> <II = 1> <Delay = 1.00> <Adapter> <Opcode : 'read' 'write' 'readreq' 'writereq' 'writeresp'>

State 7 <SV = 6> <Delay = 8.75>
ST_7 : Operation 138 [3/5] (8.75ns)   --->   "%empty_36 = writeresp i1 @_ssdm_op_WriteResp.m_axi.p1i64, i64 %memQ_addr" [top_cmplx.cpp:206]   --->   Operation 138 'writeresp' 'empty_36' <Predicate = (!icmp_ln204)> <Delay = 8.75> <CoreInst = "m_axi">   --->   Core 121 'm_axi' <Latency = 0> <II = 1> <Delay = 1.00> <Adapter> <Opcode : 'read' 'write' 'readreq' 'writereq' 'writeresp'>
ST_7 : Operation 139 [4/5] (8.75ns)   --->   "%empty_38 = writeresp i1 @_ssdm_op_WriteResp.m_axi.p1i64, i64 %memQ_addr_1" [top_cmplx.cpp:206]   --->   Operation 139 'writeresp' 'empty_38' <Predicate = (!icmp_ln204)> <Delay = 8.75> <CoreInst = "m_axi">   --->   Core 121 'm_axi' <Latency = 0> <II = 1> <Delay = 1.00> <Adapter> <Opcode : 'read' 'write' 'readreq' 'writereq' 'writeresp'>

State 8 <SV = 7> <Delay = 8.75>
ST_8 : Operation 140 [2/5] (8.75ns)   --->   "%empty_36 = writeresp i1 @_ssdm_op_WriteResp.m_axi.p1i64, i64 %memQ_addr" [top_cmplx.cpp:206]   --->   Operation 140 'writeresp' 'empty_36' <Predicate = (!icmp_ln204)> <Delay = 8.75> <CoreInst = "m_axi">   --->   Core 121 'm_axi' <Latency = 0> <II = 1> <Delay = 1.00> <Adapter> <Opcode : 'read' 'write' 'readreq' 'writereq' 'writeresp'>
ST_8 : Operation 141 [3/5] (8.75ns)   --->   "%empty_38 = writeresp i1 @_ssdm_op_WriteResp.m_axi.p1i64, i64 %memQ_addr_1" [top_cmplx.cpp:206]   --->   Operation 141 'writeresp' 'empty_38' <Predicate = (!icmp_ln204)> <Delay = 8.75> <CoreInst = "m_axi">   --->   Core 121 'm_axi' <Latency = 0> <II = 1> <Delay = 1.00> <Adapter> <Opcode : 'read' 'write' 'readreq' 'writereq' 'writeresp'>
ST_8 : Operation 146 [1/1] (0.00ns)   --->   "%ret_ln0 = ret"   --->   Operation 146 'ret' 'ret_ln0' <Predicate = (icmp_ln204)> <Delay = 0.00>

State 9 <SV = 8> <Delay = 8.75>
ST_9 : Operation 142 [1/5] (8.75ns)   --->   "%empty_36 = writeresp i1 @_ssdm_op_WriteResp.m_axi.p1i64, i64 %memQ_addr" [top_cmplx.cpp:206]   --->   Operation 142 'writeresp' 'empty_36' <Predicate = (!icmp_ln204)> <Delay = 8.75> <CoreInst = "m_axi">   --->   Core 121 'm_axi' <Latency = 0> <II = 1> <Delay = 1.00> <Adapter> <Opcode : 'read' 'write' 'readreq' 'writereq' 'writeresp'>
ST_9 : Operation 143 [2/5] (8.75ns)   --->   "%empty_38 = writeresp i1 @_ssdm_op_WriteResp.m_axi.p1i64, i64 %memQ_addr_1" [top_cmplx.cpp:206]   --->   Operation 143 'writeresp' 'empty_38' <Predicate = (!icmp_ln204)> <Delay = 8.75> <CoreInst = "m_axi">   --->   Core 121 'm_axi' <Latency = 0> <II = 1> <Delay = 1.00> <Adapter> <Opcode : 'read' 'write' 'readreq' 'writereq' 'writeresp'>

State 10 <SV = 9> <Delay = 8.75>
ST_10 : Operation 144 [1/1] (0.00ns)   --->   "%specpipeline_ln206 = specpipeline void @_ssdm_op_SpecPipeline, i32 4294967295, i32 0, i32 0, i32 0, void @empty_0" [top_cmplx.cpp:206]   --->   Operation 144 'specpipeline' 'specpipeline_ln206' <Predicate = (!icmp_ln204)> <Delay = 0.00>
ST_10 : Operation 145 [1/5] (8.75ns)   --->   "%empty_38 = writeresp i1 @_ssdm_op_WriteResp.m_axi.p1i64, i64 %memQ_addr_1" [top_cmplx.cpp:206]   --->   Operation 145 'writeresp' 'empty_38' <Predicate = (!icmp_ln204)> <Delay = 8.75> <CoreInst = "m_axi">   --->   Core 121 'm_axi' <Latency = 0> <II = 1> <Delay = 1.00> <Adapter> <Opcode : 'read' 'write' 'readreq' 'writereq' 'writeresp'>


============================================================
+ Verbose Summary: Timing violations
============================================================
Target clock period: 10.000ns, clock uncertainty: 1.250ns.

 <State 1>: 2.407ns
The critical path consists of the following:
	'store' operation 0 bit ('store_ln206', top_cmplx.cpp:206) of constant 0 on local variable 'j', top_cmplx.cpp:206 [36]  (0.427 ns)
	'load' operation 3 bit ('j_load', top_cmplx.cpp:206) on local variable 'j', top_cmplx.cpp:206 [46]  (0.000 ns)
	'icmp' operation 1 bit ('icmp_ln206', top_cmplx.cpp:206) [50]  (0.673 ns)
	'select' operation 3 bit ('select_ln204', top_cmplx.cpp:204) [52]  (0.208 ns)
	'add' operation 3 bit ('add_ln206_2', top_cmplx.cpp:206) [131]  (0.673 ns)
	'store' operation 0 bit ('store_ln206', top_cmplx.cpp:206) of variable 'add_ln206_2', top_cmplx.cpp:206 on local variable 'j', top_cmplx.cpp:206 [134]  (0.427 ns)

 <State 2>: 1.085ns
The critical path consists of the following:
	'add' operation 64 bit ('add_ln206', top_cmplx.cpp:206) [102]  (1.085 ns)

 <State 3>: 8.750ns
The critical path consists of the following:
	'getelementptr' operation 64 bit ('memQ_addr', top_cmplx.cpp:206) [110]  (0.000 ns)
	bus request operation ('empty_35', top_cmplx.cpp:206) on port 'memQ' (top_cmplx.cpp:206) [111]  (8.750 ns)

 <State 4>: 8.750ns
The critical path consists of the following:
	bus write operation ('write_ln206', top_cmplx.cpp:206) on port 'memQ' (top_cmplx.cpp:206) [112]  (8.750 ns)

 <State 5>: 8.750ns
The critical path consists of the following:
	bus response operation ('empty_36', top_cmplx.cpp:206) on port 'memQ' (top_cmplx.cpp:206) [113]  (8.750 ns)

 <State 6>: 8.750ns
The critical path consists of the following:
	bus response operation ('empty_36', top_cmplx.cpp:206) on port 'memQ' (top_cmplx.cpp:206) [113]  (8.750 ns)

 <State 7>: 8.750ns
The critical path consists of the following:
	bus response operation ('empty_36', top_cmplx.cpp:206) on port 'memQ' (top_cmplx.cpp:206) [113]  (8.750 ns)

 <State 8>: 8.750ns
The critical path consists of the following:
	bus response operation ('empty_36', top_cmplx.cpp:206) on port 'memQ' (top_cmplx.cpp:206) [113]  (8.750 ns)

 <State 9>: 8.750ns
The critical path consists of the following:
	bus response operation ('empty_36', top_cmplx.cpp:206) on port 'memQ' (top_cmplx.cpp:206) [113]  (8.750 ns)

 <State 10>: 8.750ns
The critical path consists of the following:
	bus response operation ('empty_38', top_cmplx.cpp:206) on port 'memQ' (top_cmplx.cpp:206) [130]  (8.750 ns)


============================================================
+ Verbose Summary: Binding
============================================================
N/A
* FSMD analyzer results:
  - Output states:
 - Input state : 
  - Chain level:
	State 1
	State 2
	State 3
	State 4
	State 5
	State 6
	State 7
	State 8
	State 9
	State 10


============================================================
+ Verbose Summary: Datapath Resource usage 
============================================================
N/A
