

================================================================
== Vitis HLS Report for 'top_Pipeline_VITIS_LOOP_190_8_VITIS_LOOP_192_9'
================================================================
* Date:           Thu Mar  5 00:42:43 2026

* Version:        2023.2 (Build 4023990 on Oct 11 2023)
* Project:        CGR_QR_WBS
* Solution:       solution1 (Vivado IP Flow Target)
* Product family: zynquplus
* Target device:  xczu7ev-ffvc1156-2-e


================================================================
== Performance Estimates
================================================================
+ Timing: 
    * Summary: 
    +--------+----------+----------+------------+
    |  Clock |  Target  | Estimated| Uncertainty|
    +--------+----------+----------+------------+
    |ap_clk  |  10.00 ns|  3.034 ns|     1.25 ns|
    +--------+----------+----------+------------+

+ Latency: 
    * Summary: 
    +---------+---------+----------+----------+-----+-----+---------+
    |  Latency (cycles) |  Latency (absolute) |  Interval | Pipeline|
    |   min   |   max   |    min   |    max   | min | max |   Type  |
    +---------+---------+----------+----------+-----+-----+---------+
    |       18|       18|  0.180 us|  0.180 us|   18|   18|       no|
    +---------+---------+----------+----------+-----+-----+---------+

    + Detail: 
        * Instance: 
        N/A

        * Loop: 
        +-------------------------------------+---------+---------+----------+-----------+-----------+------+----------+
        |                                     |  Latency (cycles) | Iteration|  Initiation Interval  | Trip |          |
        |              Loop Name              |   min   |   max   |  Latency |  achieved |   target  | Count| Pipelined|
        +-------------------------------------+---------+---------+----------+-----------+-----------+------+----------+
        |- VITIS_LOOP_190_8_VITIS_LOOP_192_9  |       16|       16|         1|          1|          1|    16|       yes|
        +-------------------------------------+---------+---------+----------+-----------+-----------+------+----------+

============================================================
+ Verbose Summary: Synthesis Manager
============================================================
InlineROM: 1
ExposeGlobal: 0
============================================================
+ Verbose Summary: CDFG Model
============================================================
IsTopModel: 0
ResetActiveHigh: 1
IsCombinational: 0
IsDatapathOnly: 0
HasWiredReturn: 1
HasMFsm: 2
HasVarLatency: 1
IsPipeline: 0
IsRtlPipelined: 0
IsInstanceOverlapped: 0
IsDontTouch: 0
HasImplIP: 0
IsGatedGlobalClock: 0

+ Individual pipeline summary: 
  * Pipeline-0: initiation interval (II) = 1, depth = 1


============================================================
+ Verbose Summary: Schedule
============================================================
* Number of FSM states : 1
* Pipeline : 1
  Pipeline-0 : II = 1, D = 1, States = { 1 }
* Dataflow Pipeline: 0

* FSM state transitions: 
1 --> 

* FSM state operations: 

State 1 <SV = 0> <Delay = 3.03>
ST_1 : Operation 4 [1/1] (0.00ns)   --->   "%j = alloca i32 1" [top_cmplx.cpp:192]   --->   Operation 4 'alloca' 'j' <Predicate = true> <Delay = 0.00>
ST_1 : Operation 5 [1/1] (0.00ns)   --->   "%i = alloca i32 1" [top_cmplx.cpp:190]   --->   Operation 5 'alloca' 'i' <Predicate = true> <Delay = 0.00>
ST_1 : Operation 6 [1/1] (0.00ns)   --->   "%indvar_flatten47 = alloca i32 1"   --->   Operation 6 'alloca' 'indvar_flatten47' <Predicate = true> <Delay = 0.00>
ST_1 : Operation 7 [1/1] (0.00ns)   --->   "%mux_case_31053016_read = read i32 @_ssdm_op_Read.ap_auto.float, i32 %mux_case_31053016"   --->   Operation 7 'read' 'mux_case_31053016_read' <Predicate = true> <Delay = 0.00>
ST_1 : Operation 8 [1/1] (0.00ns)   --->   "%mux_case_21043003_read = read i32 @_ssdm_op_Read.ap_auto.float, i32 %mux_case_21043003"   --->   Operation 8 'read' 'mux_case_21043003_read' <Predicate = true> <Delay = 0.00>
ST_1 : Operation 9 [1/1] (0.00ns)   --->   "%mux_case_11032990_read = read i32 @_ssdm_op_Read.ap_auto.float, i32 %mux_case_11032990"   --->   Operation 9 'read' 'mux_case_11032990_read' <Predicate = true> <Delay = 0.00>
ST_1 : Operation 10 [1/1] (0.00ns)   --->   "%mux_case_01022977_read = read i32 @_ssdm_op_Read.ap_auto.float, i32 %mux_case_01022977"   --->   Operation 10 'read' 'mux_case_01022977_read' <Predicate = true> <Delay = 0.00>
ST_1 : Operation 11 [1/1] (0.00ns)   --->   "%mux_case_31002964_read = read i32 @_ssdm_op_Read.ap_auto.float, i32 %mux_case_31002964"   --->   Operation 11 'read' 'mux_case_31002964_read' <Predicate = true> <Delay = 0.00>
ST_1 : Operation 12 [1/1] (0.00ns)   --->   "%mux_case_2992951_read = read i32 @_ssdm_op_Read.ap_auto.float, i32 %mux_case_2992951"   --->   Operation 12 'read' 'mux_case_2992951_read' <Predicate = true> <Delay = 0.00>
ST_1 : Operation 13 [1/1] (0.00ns)   --->   "%mux_case_1982938_read = read i32 @_ssdm_op_Read.ap_auto.float, i32 %mux_case_1982938"   --->   Operation 13 'read' 'mux_case_1982938_read' <Predicate = true> <Delay = 0.00>
ST_1 : Operation 14 [1/1] (0.00ns)   --->   "%mux_case_0972925_read = read i32 @_ssdm_op_Read.ap_auto.float, i32 %mux_case_0972925"   --->   Operation 14 'read' 'mux_case_0972925_read' <Predicate = true> <Delay = 0.00>
ST_1 : Operation 15 [1/1] (0.00ns)   --->   "%mux_case_3952912_read = read i32 @_ssdm_op_Read.ap_auto.float, i32 %mux_case_3952912"   --->   Operation 15 'read' 'mux_case_3952912_read' <Predicate = true> <Delay = 0.00>
ST_1 : Operation 16 [1/1] (0.00ns)   --->   "%mux_case_2942899_read = read i32 @_ssdm_op_Read.ap_auto.float, i32 %mux_case_2942899"   --->   Operation 16 'read' 'mux_case_2942899_read' <Predicate = true> <Delay = 0.00>
ST_1 : Operation 17 [1/1] (0.00ns)   --->   "%mux_case_1932886_read = read i32 @_ssdm_op_Read.ap_auto.float, i32 %mux_case_1932886"   --->   Operation 17 'read' 'mux_case_1932886_read' <Predicate = true> <Delay = 0.00>
ST_1 : Operation 18 [1/1] (0.00ns)   --->   "%mux_case_0922873_read = read i32 @_ssdm_op_Read.ap_auto.float, i32 %mux_case_0922873"   --->   Operation 18 'read' 'mux_case_0922873_read' <Predicate = true> <Delay = 0.00>
ST_1 : Operation 19 [1/1] (0.00ns)   --->   "%mux_case_32860_read = read i32 @_ssdm_op_Read.ap_auto.float, i32 %mux_case_32860"   --->   Operation 19 'read' 'mux_case_32860_read' <Predicate = true> <Delay = 0.00>
ST_1 : Operation 20 [1/1] (0.00ns)   --->   "%mux_case_22849_read = read i32 @_ssdm_op_Read.ap_auto.float, i32 %mux_case_22849"   --->   Operation 20 'read' 'mux_case_22849_read' <Predicate = true> <Delay = 0.00>
ST_1 : Operation 21 [1/1] (0.00ns)   --->   "%mux_case_12838_read = read i32 @_ssdm_op_Read.ap_auto.float, i32 %mux_case_12838"   --->   Operation 21 'read' 'mux_case_12838_read' <Predicate = true> <Delay = 0.00>
ST_1 : Operation 22 [1/1] (0.00ns)   --->   "%mux_case_02827_read = read i32 @_ssdm_op_Read.ap_auto.float, i32 %mux_case_02827"   --->   Operation 22 'read' 'mux_case_02827_read' <Predicate = true> <Delay = 0.00>
ST_1 : Operation 23 [1/1] (0.42ns)   --->   "%store_ln0 = store i5 0, i5 %indvar_flatten47"   --->   Operation 23 'store' 'store_ln0' <Predicate = true> <Delay = 0.42>
ST_1 : Operation 24 [1/1] (0.42ns)   --->   "%store_ln190 = store i3 0, i3 %i" [top_cmplx.cpp:190]   --->   Operation 24 'store' 'store_ln190' <Predicate = true> <Delay = 0.42>
ST_1 : Operation 25 [1/1] (0.42ns)   --->   "%store_ln192 = store i3 0, i3 %j" [top_cmplx.cpp:192]   --->   Operation 25 'store' 'store_ln192' <Predicate = true> <Delay = 0.42>
ST_1 : Operation 26 [1/1] (0.00ns)   --->   "%br_ln0 = br void %for.inc246"   --->   Operation 26 'br' 'br_ln0' <Predicate = true> <Delay = 0.00>
ST_1 : Operation 27 [1/1] (0.00ns)   --->   "%indvar_flatten47_load = load i5 %indvar_flatten47" [top_cmplx.cpp:190]   --->   Operation 27 'load' 'indvar_flatten47_load' <Predicate = true> <Delay = 0.00>
ST_1 : Operation 28 [1/1] (0.78ns)   --->   "%icmp_ln190 = icmp_eq  i5 %indvar_flatten47_load, i5 16" [top_cmplx.cpp:190]   --->   Operation 28 'icmp' 'icmp_ln190' <Predicate = true> <Delay = 0.78> <CoreInst = "Cmp">   --->   Core 9 'Cmp' <Latency = 0> <II = 1> <Delay = 0.78> <FuncUnit> <Opcode : 'icmp'> <InPorts = 2> <OutPorts = 1>
ST_1 : Operation 29 [1/1] (0.78ns)   --->   "%add_ln190 = add i5 %indvar_flatten47_load, i5 1" [top_cmplx.cpp:190]   --->   Operation 29 'add' 'add_ln190' <Predicate = true> <Delay = 0.78> <CoreInst = "Adder">   --->   Core 1 'Adder' <Latency = 0> <II = 1> <Delay = 0.78> <FuncUnit> <Opcode : 'add' 'sub'> <InPorts = 2> <OutPorts = 1>
ST_1 : Operation 30 [1/1] (0.00ns)   --->   "%br_ln190 = br i1 %icmp_ln190, void %for.inc249, void %WRITE_Q.exitStub" [top_cmplx.cpp:190]   --->   Operation 30 'br' 'br_ln190' <Predicate = true> <Delay = 0.00>
ST_1 : Operation 31 [1/1] (0.00ns)   --->   "%j_load = load i3 %j" [top_cmplx.cpp:192]   --->   Operation 31 'load' 'j_load' <Predicate = (!icmp_ln190)> <Delay = 0.00>
ST_1 : Operation 32 [1/1] (0.00ns)   --->   "%i_load = load i3 %i" [top_cmplx.cpp:190]   --->   Operation 32 'load' 'i_load' <Predicate = (!icmp_ln190)> <Delay = 0.00>
ST_1 : Operation 33 [1/1] (0.00ns)   --->   "%specloopname_ln0 = specloopname void @_ssdm_op_SpecLoopName, void @VITIS_LOOP_190_8_VITIS_LOOP_192_9_str"   --->   Operation 33 'specloopname' 'specloopname_ln0' <Predicate = (!icmp_ln190)> <Delay = 0.00>
ST_1 : Operation 34 [1/1] (0.00ns)   --->   "%speclooptripcount_ln0 = speclooptripcount void @_ssdm_op_SpecLoopTripCount, i64 16, i64 16, i64 16"   --->   Operation 34 'speclooptripcount' 'speclooptripcount_ln0' <Predicate = (!icmp_ln190)> <Delay = 0.00>
ST_1 : Operation 35 [1/1] (0.67ns)   --->   "%icmp_ln192 = icmp_eq  i3 %j_load, i3 4" [top_cmplx.cpp:192]   --->   Operation 35 'icmp' 'icmp_ln192' <Predicate = (!icmp_ln190)> <Delay = 0.67> <CoreInst = "Cmp">   --->   Core 9 'Cmp' <Latency = 0> <II = 1> <Delay = 0.67> <FuncUnit> <Opcode : 'icmp'> <InPorts = 2> <OutPorts = 1>
ST_1 : Operation 36 [1/1] (0.20ns)   --->   "%select_ln190 = select i1 %icmp_ln192, i3 0, i3 %j_load" [top_cmplx.cpp:190]   --->   Operation 36 'select' 'select_ln190' <Predicate = (!icmp_ln190)> <Delay = 0.20> <CoreInst = "Sel">   --->   Core 73 'Sel' <Latency = 0> <II = 1> <Delay = 0.20> <FuncUnit> <Opcode : 'select'> <InPorts = 3> <OutPorts = 1>
ST_1 : Operation 37 [1/1] (0.67ns)   --->   "%add_ln190_1 = add i3 %i_load, i3 1" [top_cmplx.cpp:190]   --->   Operation 37 'add' 'add_ln190_1' <Predicate = (!icmp_ln190)> <Delay = 0.67> <CoreInst = "Adder">   --->   Core 1 'Adder' <Latency = 0> <II = 1> <Delay = 0.67> <FuncUnit> <Opcode : 'add' 'sub'> <InPorts = 2> <OutPorts = 1>
ST_1 : Operation 38 [1/1] (0.20ns)   --->   "%select_ln190_1 = select i1 %icmp_ln192, i3 %add_ln190_1, i3 %i_load" [top_cmplx.cpp:190]   --->   Operation 38 'select' 'select_ln190_1' <Predicate = (!icmp_ln190)> <Delay = 0.20> <CoreInst = "Sel">   --->   Core 73 'Sel' <Latency = 0> <II = 1> <Delay = 0.20> <FuncUnit> <Opcode : 'select'> <InPorts = 3> <OutPorts = 1>
ST_1 : Operation 39 [1/1] (0.00ns)   --->   "%zext_ln190 = zext i3 %select_ln190_1" [top_cmplx.cpp:190]   --->   Operation 39 'zext' 'zext_ln190' <Predicate = (!icmp_ln190)> <Delay = 0.00>
ST_1 : Operation 40 [1/1] (0.00ns)   --->   "%trunc_ln190 = trunc i3 %select_ln190_1" [top_cmplx.cpp:190]   --->   Operation 40 'trunc' 'trunc_ln190' <Predicate = (!icmp_ln190)> <Delay = 0.00>
ST_1 : Operation 41 [1/1] (0.00ns)   --->   "%R_out_real_addr = getelementptr i32 %R_out_real, i64 0, i64 %zext_ln190" [top_cmplx.cpp:190]   --->   Operation 41 'getelementptr' 'R_out_real_addr' <Predicate = (!icmp_ln190)> <Delay = 0.00>
ST_1 : Operation 42 [1/1] (0.00ns)   --->   "%R_out_real_1_addr = getelementptr i32 %R_out_real_1, i64 0, i64 %zext_ln190" [top_cmplx.cpp:190]   --->   Operation 42 'getelementptr' 'R_out_real_1_addr' <Predicate = (!icmp_ln190)> <Delay = 0.00>
ST_1 : Operation 43 [1/1] (0.00ns)   --->   "%R_out_real_2_addr = getelementptr i32 %R_out_real_2, i64 0, i64 %zext_ln190" [top_cmplx.cpp:190]   --->   Operation 43 'getelementptr' 'R_out_real_2_addr' <Predicate = (!icmp_ln190)> <Delay = 0.00>
ST_1 : Operation 44 [1/1] (0.00ns)   --->   "%R_out_real_3_addr = getelementptr i32 %R_out_real_3, i64 0, i64 %zext_ln190" [top_cmplx.cpp:190]   --->   Operation 44 'getelementptr' 'R_out_real_3_addr' <Predicate = (!icmp_ln190)> <Delay = 0.00>
ST_1 : Operation 45 [1/1] (0.00ns)   --->   "%R_out_imag_addr = getelementptr i32 %R_out_imag, i64 0, i64 %zext_ln190" [top_cmplx.cpp:190]   --->   Operation 45 'getelementptr' 'R_out_imag_addr' <Predicate = (!icmp_ln190)> <Delay = 0.00>
ST_1 : Operation 46 [1/1] (0.00ns)   --->   "%R_out_imag_1_addr = getelementptr i32 %R_out_imag_1, i64 0, i64 %zext_ln190" [top_cmplx.cpp:190]   --->   Operation 46 'getelementptr' 'R_out_imag_1_addr' <Predicate = (!icmp_ln190)> <Delay = 0.00>
ST_1 : Operation 47 [1/1] (0.00ns)   --->   "%R_out_imag_2_addr = getelementptr i32 %R_out_imag_2, i64 0, i64 %zext_ln190" [top_cmplx.cpp:190]   --->   Operation 47 'getelementptr' 'R_out_imag_2_addr' <Predicate = (!icmp_ln190)> <Delay = 0.00>
ST_1 : Operation 48 [1/1] (0.00ns)   --->   "%R_out_imag_3_addr = getelementptr i32 %R_out_imag_3, i64 0, i64 %zext_ln190" [top_cmplx.cpp:190]   --->   Operation 48 'getelementptr' 'R_out_imag_3_addr' <Predicate = (!icmp_ln190)> <Delay = 0.00>
ST_1 : Operation 49 [1/1] (0.00ns)   --->   "%specpipeline_ln192 = specpipeline void @_ssdm_op_SpecPipeline, i32 4294967295, i32 0, i32 0, i32 0, void @empty_0" [top_cmplx.cpp:192]   --->   Operation 49 'specpipeline' 'specpipeline_ln192' <Predicate = (!icmp_ln190)> <Delay = 0.00>
ST_1 : Operation 50 [1/1] (0.00ns)   --->   "%trunc_ln192 = trunc i3 %select_ln190" [top_cmplx.cpp:192]   --->   Operation 50 'trunc' 'trunc_ln192' <Predicate = (!icmp_ln190)> <Delay = 0.00>
ST_1 : Operation 51 [1/1] (0.52ns)   --->   "%tmp_s = sparsemux i32 @_ssdm_op_SparseMux.ap_auto.4f32.f32.i2, i2 0, i32 %mux_case_02827_read, i2 1, i32 %mux_case_12838_read, i2 2, i32 %mux_case_22849_read, i2 3, i32 %mux_case_32860_read, i32 <undef>, i2 %trunc_ln192" [top_cmplx.cpp:194]   --->   Operation 51 'sparsemux' 'tmp_s' <Predicate = (!icmp_ln190)> <Delay = 0.52> <CoreInst = "SparseMux">   --->   Core 147 'SparseMux' <Latency = 0> <II = 1> <Delay = 0.52> <FuncUnit> <Opcode : 'sparsemux'> <InPorts = 2> <OutPorts = 1>
ST_1 : Operation 52 [1/1] (0.52ns)   --->   "%tmp_7 = sparsemux i32 @_ssdm_op_SparseMux.ap_auto.4f32.f32.i2, i2 0, i32 %mux_case_0922873_read, i2 1, i32 %mux_case_1932886_read, i2 2, i32 %mux_case_2942899_read, i2 3, i32 %mux_case_3952912_read, i32 <undef>, i2 %trunc_ln192" [top_cmplx.cpp:194]   --->   Operation 52 'sparsemux' 'tmp_7' <Predicate = (!icmp_ln190)> <Delay = 0.52> <CoreInst = "SparseMux">   --->   Core 147 'SparseMux' <Latency = 0> <II = 1> <Delay = 0.52> <FuncUnit> <Opcode : 'sparsemux'> <InPorts = 2> <OutPorts = 1>
ST_1 : Operation 53 [1/1] (0.52ns)   --->   "%tmp_8 = sparsemux i32 @_ssdm_op_SparseMux.ap_auto.4f32.f32.i2, i2 0, i32 %mux_case_0972925_read, i2 1, i32 %mux_case_1982938_read, i2 2, i32 %mux_case_2992951_read, i2 3, i32 %mux_case_31002964_read, i32 <undef>, i2 %trunc_ln192" [top_cmplx.cpp:194]   --->   Operation 53 'sparsemux' 'tmp_8' <Predicate = (!icmp_ln190)> <Delay = 0.52> <CoreInst = "SparseMux">   --->   Core 147 'SparseMux' <Latency = 0> <II = 1> <Delay = 0.52> <FuncUnit> <Opcode : 'sparsemux'> <InPorts = 2> <OutPorts = 1>
ST_1 : Operation 54 [1/1] (0.52ns)   --->   "%tmp_9 = sparsemux i32 @_ssdm_op_SparseMux.ap_auto.4f32.f32.i2, i2 0, i32 %mux_case_01022977_read, i2 1, i32 %mux_case_11032990_read, i2 2, i32 %mux_case_21043003_read, i2 3, i32 %mux_case_31053016_read, i32 <undef>, i2 %trunc_ln192" [top_cmplx.cpp:194]   --->   Operation 54 'sparsemux' 'tmp_9' <Predicate = (!icmp_ln190)> <Delay = 0.52> <CoreInst = "SparseMux">   --->   Core 147 'SparseMux' <Latency = 0> <II = 1> <Delay = 0.52> <FuncUnit> <Opcode : 'sparsemux'> <InPorts = 2> <OutPorts = 1>
ST_1 : Operation 55 [1/1] (0.52ns)   --->   "%tmp_10 = sparsemux i32 @_ssdm_op_SparseMux.ap_auto.4float.float.i2, i2 0, i32 %tmp_s, i2 1, i32 %tmp_7, i2 2, i32 %tmp_8, i2 3, i32 %tmp_9, i32 <undef>, i2 %trunc_ln190" [top_cmplx.cpp:194]   --->   Operation 55 'sparsemux' 'tmp_10' <Predicate = (!icmp_ln190)> <Delay = 0.52> <CoreInst = "SparseMux">   --->   Core 147 'SparseMux' <Latency = 0> <II = 1> <Delay = 0.52> <FuncUnit> <Opcode : 'sparsemux'> <InPorts = 2> <OutPorts = 1>
ST_1 : Operation 56 [1/1] (0.73ns)   --->   "%switch_ln194 = switch i2 %trunc_ln192, void %imag24524.case.3, i2 0, void %imag24524.case.0, i2 1, void %imag24524.case.1, i2 2, void %imag24524.case.2" [top_cmplx.cpp:194]   --->   Operation 56 'switch' 'switch_ln194' <Predicate = (!icmp_ln190)> <Delay = 0.73>
ST_1 : Operation 57 [1/1] (0.67ns)   --->   "%store_ln194 = store i32 %tmp_10, i3 %R_out_real_2_addr" [top_cmplx.cpp:194]   --->   Operation 57 'store' 'store_ln194' <Predicate = (!icmp_ln190 & trunc_ln192 == 2)> <Delay = 0.67> <CoreInst = "RAM">   --->   Core 83 'RAM' <Latency = 1> <II = 1> <Delay = 0.67> <Storage> <Opcode : 'load' 'store'> <Ports = 2> <Width = 32> <Depth = 7> <RAM>
ST_1 : Operation 58 [1/1] (0.67ns)   --->   "%store_ln195 = store i32 %tmp_10, i3 %R_out_imag_2_addr" [top_cmplx.cpp:195]   --->   Operation 58 'store' 'store_ln195' <Predicate = (!icmp_ln190 & trunc_ln192 == 2)> <Delay = 0.67> <CoreInst = "RAM">   --->   Core 83 'RAM' <Latency = 1> <II = 1> <Delay = 0.67> <Storage> <Opcode : 'load' 'store'> <Ports = 2> <Width = 32> <Depth = 7> <RAM>
ST_1 : Operation 59 [1/1] (0.00ns)   --->   "%br_ln195 = br void %imag24524.exit" [top_cmplx.cpp:195]   --->   Operation 59 'br' 'br_ln195' <Predicate = (!icmp_ln190 & trunc_ln192 == 2)> <Delay = 0.00>
ST_1 : Operation 60 [1/1] (0.67ns)   --->   "%store_ln194 = store i32 %tmp_10, i3 %R_out_real_1_addr" [top_cmplx.cpp:194]   --->   Operation 60 'store' 'store_ln194' <Predicate = (!icmp_ln190 & trunc_ln192 == 1)> <Delay = 0.67> <CoreInst = "RAM">   --->   Core 83 'RAM' <Latency = 1> <II = 1> <Delay = 0.67> <Storage> <Opcode : 'load' 'store'> <Ports = 2> <Width = 32> <Depth = 7> <RAM>
ST_1 : Operation 61 [1/1] (0.67ns)   --->   "%store_ln195 = store i32 %tmp_10, i3 %R_out_imag_1_addr" [top_cmplx.cpp:195]   --->   Operation 61 'store' 'store_ln195' <Predicate = (!icmp_ln190 & trunc_ln192 == 1)> <Delay = 0.67> <CoreInst = "RAM">   --->   Core 83 'RAM' <Latency = 1> <II = 1> <Delay = 0.67> <Storage> <Opcode : 'load' 'store'> <Ports = 2> <Width = 32> <Depth = 7> <RAM>
ST_1 : Operation 62 [1/1] (0.00ns)   --->   "%br_ln195 = br void %imag24524.exit" [top_cmplx.cpp:195]   --->   Operation 62 'br' 'br_ln195' <Predicate = (!icmp_ln190 & trunc_ln192 == 1)> <Delay = 0.00>
ST_1 : Operation 63 [1/1] (0.67ns)   --->   "%store_ln194 = store i32 %tmp_10, i3 %R_out_real_addr" [top_cmplx.cpp:194]   --->   Operation 63 'store' 'store_ln194' <Predicate = (!icmp_ln190 & trunc_ln192 == 0)> <Delay = 0.67> <CoreInst = "RAM">   --->   Core 83 'RAM' <Latency = 1> <II = 1> <Delay = 0.67> <Storage> <Opcode : 'load' 'store'> <Ports = 2> <Width = 32> <Depth = 7> <RAM>
ST_1 : Operation 64 [1/1] (0.67ns)   --->   "%store_ln195 = store i32 %tmp_10, i3 %R_out_imag_addr" [top_cmplx.cpp:195]   --->   Operation 64 'store' 'store_ln195' <Predicate = (!icmp_ln190 & trunc_ln192 == 0)> <Delay = 0.67> <CoreInst = "RAM">   --->   Core 83 'RAM' <Latency = 1> <II = 1> <Delay = 0.67> <Storage> <Opcode : 'load' 'store'> <Ports = 2> <Width = 32> <Depth = 7> <RAM>
ST_1 : Operation 65 [1/1] (0.00ns)   --->   "%br_ln195 = br void %imag24524.exit" [top_cmplx.cpp:195]   --->   Operation 65 'br' 'br_ln195' <Predicate = (!icmp_ln190 & trunc_ln192 == 0)> <Delay = 0.00>
ST_1 : Operation 66 [1/1] (0.67ns)   --->   "%store_ln194 = store i32 %tmp_10, i3 %R_out_real_3_addr" [top_cmplx.cpp:194]   --->   Operation 66 'store' 'store_ln194' <Predicate = (!icmp_ln190 & trunc_ln192 == 3)> <Delay = 0.67> <CoreInst = "RAM">   --->   Core 83 'RAM' <Latency = 1> <II = 1> <Delay = 0.67> <Storage> <Opcode : 'load' 'store'> <Ports = 2> <Width = 32> <Depth = 7> <RAM>
ST_1 : Operation 67 [1/1] (0.67ns)   --->   "%store_ln195 = store i32 %tmp_10, i3 %R_out_imag_3_addr" [top_cmplx.cpp:195]   --->   Operation 67 'store' 'store_ln195' <Predicate = (!icmp_ln190 & trunc_ln192 == 3)> <Delay = 0.67> <CoreInst = "RAM">   --->   Core 83 'RAM' <Latency = 1> <II = 1> <Delay = 0.67> <Storage> <Opcode : 'load' 'store'> <Ports = 2> <Width = 32> <Depth = 7> <RAM>
ST_1 : Operation 68 [1/1] (0.00ns)   --->   "%br_ln195 = br void %imag24524.exit" [top_cmplx.cpp:195]   --->   Operation 68 'br' 'br_ln195' <Predicate = (!icmp_ln190 & trunc_ln192 == 3)> <Delay = 0.00>
ST_1 : Operation 69 [1/1] (0.67ns)   --->   "%add_ln192 = add i3 %select_ln190, i3 1" [top_cmplx.cpp:192]   --->   Operation 69 'add' 'add_ln192' <Predicate = (!icmp_ln190)> <Delay = 0.67> <CoreInst = "Adder">   --->   Core 1 'Adder' <Latency = 0> <II = 1> <Delay = 0.67> <FuncUnit> <Opcode : 'add' 'sub'> <InPorts = 2> <OutPorts = 1>
ST_1 : Operation 70 [1/1] (0.42ns)   --->   "%store_ln190 = store i5 %add_ln190, i5 %indvar_flatten47" [top_cmplx.cpp:190]   --->   Operation 70 'store' 'store_ln190' <Predicate = (!icmp_ln190)> <Delay = 0.42>
ST_1 : Operation 71 [1/1] (0.42ns)   --->   "%store_ln190 = store i3 %select_ln190_1, i3 %i" [top_cmplx.cpp:190]   --->   Operation 71 'store' 'store_ln190' <Predicate = (!icmp_ln190)> <Delay = 0.42>
ST_1 : Operation 72 [1/1] (0.42ns)   --->   "%store_ln192 = store i3 %add_ln192, i3 %j" [top_cmplx.cpp:192]   --->   Operation 72 'store' 'store_ln192' <Predicate = (!icmp_ln190)> <Delay = 0.42>
ST_1 : Operation 73 [1/1] (0.00ns)   --->   "%br_ln192 = br void %for.inc246" [top_cmplx.cpp:192]   --->   Operation 73 'br' 'br_ln192' <Predicate = (!icmp_ln190)> <Delay = 0.00>
ST_1 : Operation 74 [1/1] (0.00ns)   --->   "%ret_ln0 = ret"   --->   Operation 74 'ret' 'ret_ln0' <Predicate = (icmp_ln190)> <Delay = 0.00>


============================================================
+ Verbose Summary: Timing violations
============================================================
Target clock period: 10.000ns, clock uncertainty: 1.250ns.

 <State 1>: 3.034ns
The critical path consists of the following:
	'store' operation 0 bit ('store_ln192', top_cmplx.cpp:192) of constant 0 on local variable 'j', top_cmplx.cpp:192 [46]  (0.427 ns)
	'load' operation 3 bit ('j_load', top_cmplx.cpp:192) on local variable 'j', top_cmplx.cpp:192 [54]  (0.000 ns)
	'icmp' operation 1 bit ('icmp_ln192', top_cmplx.cpp:192) [58]  (0.673 ns)
	'select' operation 3 bit ('select_ln190', top_cmplx.cpp:190) [59]  (0.208 ns)
	'sparsemux' operation 32 bit ('tmp_9', top_cmplx.cpp:194) [77]  (0.525 ns)
	'sparsemux' operation 32 bit ('tmp_10', top_cmplx.cpp:194) [78]  (0.525 ns)
	'store' operation 0 bit ('store_ln194', top_cmplx.cpp:194) of variable 'tmp_10', top_cmplx.cpp:194 on array 'R_out_real_2' [81]  (0.677 ns)


============================================================
+ Verbose Summary: Binding
============================================================
N/A
* FSMD analyzer results:
  - Output states:
 - Input state : 
  - Chain level:
	State 1


============================================================
+ Verbose Summary: Datapath Resource usage 
============================================================
N/A
