

================================================================
== Vitis HLS Report for 'top_Pipeline_VITIS_LOOP_190_8_VITIS_LOOP_192_9'
================================================================
* Date:           Thu Mar  5 00:42:43 2026

* Version:        2023.2 (Build 4023990 on Oct 11 2023)
* Project:        CGR_QR_WBS
* Solution:       solution1 (Vivado IP Flow Target)
* Product family: zynquplus
* Target device:  xczu7ev-ffvc1156-2-e


================================================================
== Performance Estimates
================================================================
+ Timing: 
    * Summary: 
    +--------+----------+----------+------------+
    |  Clock |  Target  | Estimated| Uncertainty|
    +--------+----------+----------+------------+
    |ap_clk  |  10.00 ns|  3.034 ns|     1.25 ns|
    +--------+----------+----------+------------+

+ Latency: 
    * Summary: 
    +---------+---------+----------+----------+-----+-----+---------+
    |  Latency (cycles) |  Latency (absolute) |  Interval | Pipeline|
    |   min   |   max   |    min   |    max   | min | max |   Type  |
    +---------+---------+----------+----------+-----+-----+---------+
    |       18|       18|  0.180 us|  0.180 us|   18|   18|       no|
    +---------+---------+----------+----------+-----+-----+---------+

    + Detail: 
        * Instance: 
        N/A

        * Loop: 
        +-------------------------------------+---------+---------+----------+-----------+-----------+------+----------+
        |                                     |  Latency (cycles) | Iteration|  Initiation Interval  | Trip |          |
        |              Loop Name              |   min   |   max   |  Latency |  achieved |   target  | Count| Pipelined|
        +-------------------------------------+---------+---------+----------+-----------+-----------+------+----------+
        |- VITIS_LOOP_190_8_VITIS_LOOP_192_9  |       16|       16|         1|          1|          1|    16|       yes|
        +-------------------------------------+---------+---------+----------+-----------+-----------+------+----------+

============================================================
+ Verbose Summary: Synthesis Manager
============================================================
InlineROM: 1
ExposeGlobal: 0
============================================================
+ Verbose Summary: CDFG Model
============================================================
IsTopModel: 0
ResetActiveHigh: 1
IsCombinational: 0
IsDatapathOnly: 0
HasWiredReturn: 1
HasMFsm: 2
HasVarLatency: 1
IsPipeline: 0
IsRtlPipelined: 0
IsInstanceOverlapped: 0
IsDontTouch: 0
HasImplIP: 0
IsGatedGlobalClock: 0

+ Individual pipeline summary: 
  * Pipeline-0: initiation interval (II) = 1, depth = 1


============================================================
+ Verbose Summary: Schedule
============================================================
* Number of FSM states : 1
* Pipeline : 1
  Pipeline-0 : II = 1, D = 1, States = { 1 }
* Dataflow Pipeline: 0

* FSM state transitions: 
1 --> 

* FSM state operations: 

State 1 <SV = 0> <Delay = 3.03>
ST_1 : Operation 4 [1/1] (0.00ns)   --->   "%j = alloca i32 1" [top_cmplx.cpp:192]   --->   Operation 4 'alloca' 'j' <Predicate = true> <Delay = 0.00>
ST_1 : Operation 5 [1/1] (0.00ns)   --->   "%i = alloca i32 1" [top_cmplx.cpp:190]   --->   Operation 5 'alloca' 'i' <Predicate = true> <Delay = 0.00>
ST_1 : Operation 6 [1/1] (0.00ns)   --->   "%indvar_flatten47 = alloca i32 1"   --->   Operation 6 'alloca' 'indvar_flatten47' <Predicate = true> <Delay = 0.00>
ST_1 : Operation 7 [1/1] (0.00ns)   --->   "%mux_case_31053016_read = read i32 @_ssdm_op_Read.ap_auto.float, i32 %mux_case_31053016"   --->   Operation 7 'read' 'mux_case_31053016_read' <Predicate = true> <Delay = 0.00>
ST_1 : Operation 8 [1/1] (0.00ns)   --->   "%mux_case_21043003_read = read i32 @_ssdm_op_Read.ap_auto.float, i32 %mux_case_21043003"   --->   Operation 8 'read' 'mux_case_21043003_read' <Predicate = true> <Delay = 0.00>
ST_1 : Operation 9 [1/1] (0.00ns)   --->   "%mux_case_11032990_read = read i32 @_ssdm_op_Read.ap_auto.float, i32 %mux_case_11032990"   --->   Operation 9 'read' 'mux_case_11032990_read' <Predicate = true> <Delay = 0.00>
ST_1 : Operation 10 [1/1] (0.00ns)   --->   "%mux_case_01022977_read = read i32 @_ssdm_op_Read.ap_auto.float, i32 %mux_case_01022977"   --->   Operation 10 'read' 'mux_case_01022977_read' <Predicate = true> <Delay = 0.00>
ST_1 : Operation 11 [1/1] (0.00ns)   --->   "%mux_case_31002964_read = read i32 @_ssdm_op_Read.ap_auto.float, i32 %mux_case_31002964"   --->   Operation 11 'read' 'mux_case_31002964_read' <Predicate = true> <Delay = 0.00>
ST_1 : Operation 12 [1/1] (0.00ns)   --->   "%mux_case_2992951_read = read i32 @_ssdm_op_Read.ap_auto.float, i32 %mux_case_2992951"   --->   Operation 12 'read' 'mux_case_2992951_read' <Predicate = true> <Delay = 0.00>
ST_1 : Operation 13 [1/1] (0.00ns)   --->   "%mux_case_1982938_read = read i32 @_ssdm_op_Read.ap_auto.float, i32 %mux_case_1982938"   --->   Operation 13 'read' 'mux_case_1982938_read' <Predicate = true> <Delay = 0.00>
ST_1 : Operation 14 [1/1] (0.00ns)   --->   "%mux_case_0972925_read = read i32 @_ssdm_op_Read.ap_auto.float, i32 %mux_case_0972925"   --->   Operation 14 'read' 'mux_case_0972925_read' <Predicate = true> <Delay = 0.00>
ST_1 : Operation 15 [1/1] (0.00ns)   --->   "%mux_case_3952912_read = read i32 @_ssdm_op_Read.ap_auto.float, i32 %mux_case_3952912"   --->   Operation 15 'read' 'mux_case_3952912_read' <Predicate = true> <Delay = 0.00>
ST_1 : Operation 16 [1/1] (0.00ns)   --->   "%mux_case_2942899_read = read i32 @_ssdm_op_Read.ap_auto.float, i32 %mux_case_2942899"   --->   Operation 16 'read' 'mux_case_2942899_read' <Predicate = true> <Delay = 0.00>
ST_1 : Operation 17 [1/1] (0.00ns)   --->   "%mux_case_1932886_read = read i32 @_ssdm_op_Read.ap_auto.float, i32 %mux_case_1932886"   --->   Operation 17 'read' 'mux_case_1932886_read' <Predicate = true> <Delay = 0.00>
ST_1 : Operation 18 [1/1] (0.00ns)   --->   "%mux_case_0922873_read = read i32 @_ssdm_op_Read.ap_auto.float, i32 %mux_case_0922873"   --->   Operation 18 'read' 'mux_case_0922873_read' <Predicate = true> <Delay = 0.00>
ST_1 : Operation 19 [1/1] (0.00ns)   --->   "%mux_case_32860_read = read i32 @_ssdm_op_Read.ap_auto.float, i32 %mux_case_32860"   --->   Operation 19 'read' 'mux_case_32860_read' <Predicate = true> <Delay = 0.00>
ST_1 : Operation 20 [1/1] (0.00ns)   --->   "%mux_case_22849_read = read i32 @_ssdm_op_Read.ap_auto.float, i32 %mux_case_22849"   --->   Operation 20 'read' 'mux_case_22849_read' <Predicate = true> <Delay = 0.00>
ST_1 : Operation 21 [1/1] (0.00ns)   --->   "%mux_case_12838_read = read i32 @_ssdm_op_Read.ap_auto.float, i32 %mux_case_12838"   --->   Operation 21 'read' 'mux_case_12838_read' <Predicate = true> <Delay = 0.00>
ST_1 : Operation 22 [1/1] (0.00ns)   --->   "%mux_case_02827_read = read i32 @_ssdm_op_Read.ap_auto.float, i32 %mux_case_02827"   --->   Operation 22 'read' 'mux_case_02827_read' <Predicate = true> <Delay = 0.00>
ST_1 : Operation 23 [1/1] (0.42ns)   --->   "%store_ln0 = store i5 0, i5 %indvar_flatten47"   --->   Operation 23 'store' 'store_ln0' <Predicate = true> <Delay = 0.42>
ST_1 : Operation 24 [1/1] (0.42ns)   --->   "%store_ln190 = store i3 0, i3 %i" [top_cmplx.cpp:190]   --->   Operation 24 'store' 'store_ln190' <Predicate = true> <Delay = 0.42>
ST_1 : Operation 25 [1/1] (0.42ns)   --->   "%store_ln192 = store i3 0, i3 %j" [top_cmplx.cpp:192]   --->   Operation 25 'store' 'store_ln192' <Predicate = true> <Delay = 0.42>
ST_1 : Operation 26 [1/1] (0.00ns)   --->   "%br_ln0 = br void %for.inc246"   --->   Operation 26 'br' 'br_ln0' <Predicate = true> <Delay = 0.00>
ST_1 : Operation 27 [1/1] (0.00ns)   --->   "%indvar_flatten47_load = load i5 %indvar_flatten47" [top_cmplx.cpp:190]   --->   Operation 27 'load' 'indvar_flatten47_load' <Predicate = true> <Delay = 0.00>
ST_1 : Operation 28 [1/1] (0.78ns)   --->   "%icmp_ln190 = icmp_eq  i5 %indvar_flatten47_load, i5 16" [top_cmplx.cpp:190]   --->   Operation 28 'icmp' 'icmp_ln190' <Predicate = true> <Delay = 0.78> <CoreInst = "Cmp">   --->   Core 9 'Cmp' <Latency = 0> <II = 1> <Delay = 0.78> <FuncUnit> <Opcode : 'icmp'> <InPorts = 2> <OutPorts = 1>
ST_1 : Operation 29 [1/1] (0.78ns)   --->   "%add_ln190 = add i5 %indvar_flatten47_load, i5 1" [top_cmplx.cpp:190]   --->   Operation 29 'add' 'add_ln190' <Predicate = true> <Delay = 0.78> <CoreInst = "Adder">   --->   Core 1 'Adder' <Latency = 0> <II = 1> <Delay = 0.78> <FuncUnit> <Opcode : 'add' 'sub'> <InPorts = 2> <OutPorts = 1>
ST_1 : Operation 30 [1/1] (0.00ns)   --->   "%br_ln190 = br i1 %icmp_ln190, void %for.inc249, void %WRITE_Q.exitStub" [top_cmplx.cpp:190]   --->   Operation 30 'br' 'br_ln190' <Predicate = true> <Delay = 0.00>
ST_1 : Operation 31 [1/1] (0.00ns)   --->   "%j_load = load i3 %j" [top_cmplx.cpp:192]   --->   Operation 31 'load' 'j_load' <Predicate = (!icmp_ln190)> <Delay = 0.00>
ST_1 : Operation 32 [1/1] (0.00ns)   --->   "%i_load = load i3 %i" [top_cmplx.cpp:190]   --->   Operation 32 'load' 'i_load' <Predicate = (!icmp_ln190)> <Delay = 0.00>
ST_1 : Operation 33 [1/1] (0.00ns)   --->   "%specloopname_ln0 = specloopname void @_ssdm_op_SpecLoopName, void @VITIS_LOOP_190_8_VITIS_LOOP_192_9_str"   --->   Operation 33 'specloopname' 'specloopname_ln0' <Predicate = (!icmp_ln190)> <Delay = 0.00>
ST_1 : Operation 34 [1/1] (0.00ns)   --->   "%speclooptripcount_ln0 = speclooptripcount void @_ssdm_op_SpecLoopTripCount, i64 16, i64 16, i64 16"   --->   Operation 34 'speclooptripcount' 'speclooptripcount_ln0' <Predicate = (!icmp_ln190)> <Delay = 0.00>
ST_1 : Operation 35 [1/1] (0.67ns)   --->   "%icmp_ln192 = icmp_eq  i3 %j_load, i3 4" [top_cmplx.cpp:192]   --->   Operation 35 'icmp' 'icmp_ln192' <Predicate = (!icmp_ln190)> <Delay = 0.67> <CoreInst = "Cmp">   --->   Core 9 'Cmp' <Latency = 0> <II = 1> <Delay = 0.67> <FuncUnit> <Opcode : 'icmp'> <InPorts = 2> <OutPorts = 1>
ST_1 : Operation 36 [1/1] (0.20ns)   --->   "%select_ln190 = select i1 %icmp_ln192, i3 0, i3 %j_load" [top_cmplx.cpp:190]   --->   Operation 36 'select' 'select_ln190' <Predicate = (!icmp_ln190)> <Delay = 0.20> <CoreInst = "Sel">   --->   Core 73 'Sel' <Latency = 0> <II = 1> <Delay = 0.20> <FuncUnit> <Opcode : 'select'> <InPorts = 3> <OutPorts = 1>
ST_1 : Operation 37 [1/1] (0.67ns)   --->   "%add_ln190_1 = add i3 %i_load, i3 1" [top_cmplx.cpp:190]   --->   Operation 37 'add' 'add_ln190_1' <Predicate = (!icmp_ln190)> <Delay = 0.67> <CoreInst = "Adder">   --->   Core 1 'Adder' <Latency = 0> <II = 1> <Delay = 0.67> <FuncUnit> <Opcode : 'add' 'sub'> <InPorts = 2> <OutPorts = 1>
ST_1 : Operation 38 [1/1] (0.20ns)   --->   "%select_ln190_1 = select i1 %icmp_ln192, i3 %add_ln190_1, i3 %i_load" [top_cmplx.cpp:190]   --->   Operation 38 'select' 'select_ln190_1' <Predicate = (!icmp_ln190)> <Delay = 0.20> <CoreInst = "Sel">   --->   Core 73 'Sel' <Latency = 0> <II = 1> <Delay = 0.20> <FuncUnit> <Opcode : 'select'> <InPorts = 3> <OutPorts = 1>
ST_1 : Operation 39 [1/1] (0.00ns)   --->   "%zext_ln190 = zext i3 %select_ln190_1" [top_cmplx.cpp:190]   --->   Operation 39 'zext' 'zext_ln190' <Predicate = (!icmp_ln190)> <Delay = 0.00>
ST_1 : Operation 40 [1/1] (0.00ns)   --->   "%trunc_ln190 = trunc i3 %select_ln190_1" [top_cmplx.cpp:190]   --->   Operation 40 'trunc' 'trunc_ln190' <Predicate = (!icmp_ln190)> <Delay = 0.00>
ST_1 : Operation 41 [1/1] (0.00ns)   --->   "%R_out_real_addr = getelementptr i32 %R_out_real, i64 0, i64 %zext_ln190" [top_cmplx.cpp:190]   --->   Operation 41 'getelementptr' 'R_out_real_addr' <Predicate = (!icmp_ln190)> <Delay = 0.00>
ST_1 : Operation 42 [1/1] (0.00ns)   --->   "%R_out_real_1_addr = getelementptr i32 %R_out_real_1, i64 0, i64 %zext_ln190" [top_cmplx.cpp:190]   --->   Operation 42 'getelementptr' 'R_out_real_1_addr' <Predicate = (!icmp_ln190)> <Delay = 0.00>
ST_1 : Operation 43 [1/1] (0.00ns)   --->   "%R_out_real_2_addr = getelementptr i32 %R_out_real_2, i64 0, i64 %zext_ln190" [top_cmplx.cpp:190]   --->   Operation 43 'getelementptr' 'R_out_real_2_addr' <Predicate = (!icmp_ln190)> <Delay = 0.00>
ST_1 : Operation 44 [1/1] (0.00ns)   --->   "%R_out_real_3_addr = getelementptr i32 %R_out_real_3, i64 0, i64 %zext_ln190" [top_cmplx.cpp:190]   --->   Operation 44 'getelementptr' 'R_out_real_3_addr' <Predicate = (!icmp_ln190)> <Delay = 0.00>
ST_1 : Operation 45 [1/1] (0.00ns)   --->   "%R_out_imag_addr = getelementptr i32 %R_out_imag, i64 0, i64 %zext_ln190" [top_cmplx.cpp:190]   --->   Operation 45 'getelementptr' 'R_out_imag_addr' <Predicate = (!icmp_ln190)> <Delay = 0.00>
ST_1 : Operation 46 [1/1] (0.00ns)   --->   "%R_out_imag_1_addr = getelementptr i32 %R_out_imag_1, i64 0, i64 %zext_ln190" [top_cmplx.cpp:190]   --->   Operation 46 'getelementptr' 'R_out_imag_1_addr' <Predicate = (!icmp_ln190)> <Delay = 0.00>
ST_1 : Operation 47 [1/1] (0.00ns)   --->   "%R_out_imag_2_addr = getelementptr i32 %R_out_imag_2, i64 0, i64 %zext_ln190" [top_cmplx.cpp:190]   --->   Operation 47 'getelementptr' 'R_out_imag_2_addr' <Predicate = (!icmp_ln190)> <Delay = 0.00>
ST_1 : Operation 48 [1/1] (0.00ns)   --->   "%R_out_imag_3_addr = getelementptr i32 %R_out_imag_3, i64 0, i64 %zext_ln190" [top_cmplx.cpp:190]   --->   Operation 48 'getelementptr' 'R_out_imag_3_addr' <Predicate = (!icmp_ln190)> <Delay = 0.00>
ST_1 : Operation 49 [1/1] (0.00ns)   --->   "%specpipeline_ln192 = specpipeline void @_ssdm_op_SpecPipeline, i32 4294967295, i32 0, i32 0, i32 0, void @empty_0" [top_cmplx.cpp:192]   --->   Operation 49 'specpipeline' 'specpipeline_ln192' <Predicate = (!icmp_ln190)> <Delay = 0.00>
ST_1 : Operation 50 [1/1] (0.00ns)   --->   "%trunc_ln192 = trunc i3 %select_ln190" [top_cmplx.cpp:192]   --->   Operation 50 'trunc' 'trunc_ln192' <Predicate = (!icmp_ln190)> <Delay = 0.00>
ST_1 : Operation 51 [1/1] (0.52ns)   --->   "%tmp_s = sparsemux i32 @_ssdm_op_SparseMux.ap_auto.4f32.f32.i2, i2 0, i32 %mux_case_02827_read, i2 1, i32 %mux_case_12838_read, i2 2, i32 %mux_case_22849_read, i2 3, i32 %mux_case_32860_read, i32 <undef>, i2 %trunc_ln192" [top_cmplx.cpp:194]   --->   Operation 51 'sparsemux' 'tmp_s' <Predicate = (!icmp_ln190)> <Delay = 0.52> <CoreInst = "SparseMux">   --->   Core 147 'SparseMux' <Latency = 0> <II = 1> <Delay = 0.52> <FuncUnit> <Opcode : 'sparsemux'> <InPorts = 2> <OutPorts = 1>
ST_1 : Operation 52 [1/1] (0.52ns)   --->   "%tmp_7 = sparsemux i32 @_ssdm_op_SparseMux.ap_auto.4f32.f32.i2, i2 0, i32 %mux_case_0922873_read, i2 1, i32 %mux_case_1932886_read, i2 2, i32 %mux_case_2942899_read, i2 3, i32 %mux_case_3952912_read, i32 <undef>, i2 %trunc_ln192" [top_cmplx.cpp:194]   --->   Operation 52 'sparsemux' 'tmp_7' <Predicate = (!icmp_ln190)> <Delay = 0.52> <CoreInst = "SparseMux">   --->   Core 147 'SparseMux' <Latency = 0> <II = 1> <Delay = 0.52> <FuncUnit> <Opcode : 'sparsemux'> <InPorts = 2> <OutPorts = 1>
ST_1 : Operation 53 [1/1] (0.52ns)   --->   "%tmp_8 = sparsemux i32 @_ssdm_op_SparseMux.ap_auto.4f32.f32.i2, i2 0, i32 %mux_case_0972925_read, i2 1, i32 %mux_case_1982938_read, i2 2, i32 %mux_case_2992951_read, i2 3, i32 %mux_case_31002964_read, i32 <undef>, i2 %trunc_ln192" [top_cmplx.cpp:194]   --->   Operation 53 'sparsemux' 'tmp_8' <Predicate = (!icmp_ln190)> <Delay = 0.52> <CoreInst = "SparseMux">   --->   Core 147 'SparseMux' <Latency = 0> <II = 1> <Delay = 0.52> <FuncUnit> <Opcode : 'sparsemux'> <InPorts = 2> <OutPorts = 1>
ST_1 : Operation 54 [1/1] (0.52ns)   --->   "%tmp_9 = sparsemux i32 @_ssdm_op_SparseMux.ap_auto.4f32.f32.i2, i2 0, i32 %mux_case_01022977_read, i2 1, i32 %mux_case_11032990_read, i2 2, i32 %mux_case_21043003_read, i2 3, i32 %mux_case_31053016_read, i32 <undef>, i2 %trunc_ln192" [top_cmplx.cpp:194]   --->   Operation 54 'sparsemux' 'tmp_9' <Predicate = (!icmp_ln190)> <Delay = 0.52> <CoreInst = "SparseMux">   --->   Core 147 'SparseMux' <Latency = 0> <II = 1> <Delay = 0.52> <FuncUnit> <Opcode : 'sparsemux'> <InPorts = 2> <OutPorts = 1>
ST_1 : Operation 55 [1/1] (0.52ns)   --->   "%tmp_10 = sparsemux i32 @_ssdm_op_SparseMux.ap_auto.4float.float.i2, i2 0, i32 %tmp_s, i2 1, i32 %tmp_7, i2 2, i32 %tmp_8, i2 3, i32 %tmp_9, i32 <undef>, i2 %trunc_ln190" [top_cmplx.cpp:194]   --->   Operation 55 'sparsemux' 'tmp_10' <Predicate = (!icmp_ln190)> <Delay = 0.52> <CoreInst = "SparseMux">   --->   Core 147 'SparseMux' <Latency = 0> <II = 1> <Delay = 0.52> <FuncUnit> <Opcode : 'sparsemux'> <InPorts = 2> <OutPorts = 1>
ST_1 : Operation 56 [1/1] (0.73ns)   --->   "%switch_ln194 = switch i2 %trunc_ln192, void %imag24524.case.3, i2 0, void %imag24524.case.0, i2 1, void %imag24524.case.1, i2 2, void %imag24524.case.2" [top_cmplx.cpp:194]   --->   Operation 56 'switch' 'switch_ln194' <Predicate = (!icmp_ln190)> <Delay = 0.73>
ST_1 : Operation 57 [1/1] (0.67ns)   --->   "%store_ln194 = store i32 %tmp_10, i3 %R_out_real_2_addr" [top_cmplx.cpp:194]   --->   Operation 57 'store' 'store_ln194' <Predicate = (!icmp_ln190 & trunc_ln192 == 2)> <Delay = 0.67> <CoreInst = "RAM">   --->   Core 83 'RAM' <Latency = 1> <II = 1> <Delay = 0.67> <Storage> <Opcode : 'load' 'store'> <Ports = 2> <Width = 32> <Depth = 7> <RAM>
ST_1 : Operation 58 [1/1] (0.67ns)   --->   "%store_ln195 = store i32 %tmp_10, i3 %R_out_imag_2_addr" [top_cmplx.cpp:195]   --->   Operation 58 'store' 'store_ln195' <Predicate = (!icmp_ln190 & trunc_ln192 == 2)> <Delay = 0.67> <CoreInst = "RAM">   --->   Core 83 'RAM' <Latency = 1> <II = 1> <Delay = 0.67> <Storage> <Opcode : 'load' 'store'> <Ports = 2> <Width = 32> <Depth = 7> <RAM>
ST_1 : Operation 59 [1/1] (0.00ns)   --->   "%br_ln195 = br void %imag24524.exit" [top_cmplx.cpp:195]   --->   Operation 59 'br' 'br_ln195' <Predicate = (!icmp_ln190 & trunc_ln192 == 2)> <Delay = 0.00>
ST_1 : Operation 60 [1/1] (0.67ns)   --->   "%store_ln194 = store i32 %tmp_10, i3 %R_out_real_1_addr" [top_cmplx.cpp:194]   --->   Operation 60 'store' 'store_ln194' <Predicate = (!icmp_ln190 & trunc_ln192 == 1)> <Delay = 0.67> <CoreInst = "RAM">   --->   Core 83 'RAM' <Latency = 1> <II = 1> <Delay = 0.67> <Storage> <Opcode : 'load' 'store'> <Ports = 2> <Width = 32> <Depth = 7> <RAM>
ST_1 : Operation 61 [1/1] (0.67ns)   --->   "%store_ln195 = store i32 %tmp_10, i3 %R_out_imag_1_addr" [top_cmplx.cpp:195]   --->   Operation 61 'store' 'store_ln195' <Predicate = (!icmp_ln190 & trunc_ln192 == 1)> <Delay = 0.67> <CoreInst = "RAM">   --->   Core 83 'RAM' <Latency = 1> <II = 1> <Delay = 0.67> <Storage> <Opcode : 'load' 'store'> <Ports = 2> <Width = 32> <Depth = 7> <RAM>
ST_1 : Operation 62 [1/1] (0.00ns)   --->   "%br_ln195 = br void %imag24524.exit" [top_cmplx.cpp:195]   --->   Operation 62 'br' 'br_ln195' <Predicate = (!icmp_ln190 & trunc_ln192 == 1)> <Delay = 0.00>
ST_1 : Operation 63 [1/1] (0.67ns)   --->   "%store_ln194 = store i32 %tmp_10, i3 %R_out_real_addr" [top_cmplx.cpp:194]   --->   Operation 63 'store' 'store_ln194' <Predicate = (!icmp_ln190 & trunc_ln192 == 0)> <Delay = 0.67> <CoreInst = "RAM">   --->   Core 83 'RAM' <Latency = 1> <II = 1> <Delay = 0.67> <Storage> <Opcode : 'load' 'store'> <Ports = 2> <Width = 32> <Depth = 7> <RAM>
ST_1 : Operation 64 [1/1] (0.67ns)   --->   "%store_ln195 = store i32 %tmp_10, i3 %R_out_imag_addr" [top_cmplx.cpp:195]   --->   Operation 64 'store' 'store_ln195' <Predicate = (!icmp_ln190 & trunc_ln192 == 0)> <Delay = 0.67> <CoreInst = "RAM">   --->   Core 83 'RAM' <Latency = 1> <II = 1> <Delay = 0.67> <Storage> <Opcode : 'load' 'store'> <Ports = 2> <Width = 32> <Depth = 7> <RAM>
ST_1 : Operation 65 [1/1] (0.00ns)   --->   "%br_ln195 = br void %imag24524.exit" [top_cmplx.cpp:195]   --->   Operation 65 'br' 'br_ln195' <Predicate = (!icmp_ln190 & trunc_ln192 == 0)> <Delay = 0.00>
ST_1 : Operation 66 [1/1] (0.67ns)   --->   "%store_ln194 = store i32 %tmp_10, i3 %R_out_real_3_addr" [top_cmplx.cpp:194]   --->   Operation 66 'store' 'store_ln194' <Predicate = (!icmp_ln190 & trunc_ln192 == 3)> <Delay = 0.67> <CoreInst = "RAM">   --->   Core 83 'RAM' <Latency = 1> <II = 1> <Delay = 0.67> <Storage> <Opcode : 'load' 'store'> <Ports = 2> <Width = 32> <Depth = 7> <RAM>
ST_1 : Operation 67 [1/1] (0.67ns)   --->   "%store_ln195 = store i32 %tmp_10, i3 %R_out_imag_3_addr" [top_cmplx.cpp:195]   --->   Operation 67 'store' 'store_ln195' <Predicate = (!icmp_ln190 & trunc_ln192 == 3)> <Delay = 0.67> <CoreInst = "RAM">   --->   Core 83 'RAM' <Latency = 1> <II = 1> <Delay = 0.67> <Storage> <Opcode : 'load' 'store'> <Ports = 2> <Width = 32> <Depth = 7> <RAM>
ST_1 : Operation 68 [1/1] (0.00ns)   --->   "%br_ln195 = br void %imag24524.exit" [top_cmplx.cpp:195]   --->   Operation 68 'br' 'br_ln195' <Predicate = (!icmp_ln190 & trunc_ln192 == 3)> <Delay = 0.00>
ST_1 : Operation 69 [1/1] (0.67ns)   --->   "%add_ln192 = add i3 %select_ln190, i3 1" [top_cmplx.cpp:192]   --->   Operation 69 'add' 'add_ln192' <Predicate = (!icmp_ln190)> <Delay = 0.67> <CoreInst = "Adder">   --->   Core 1 'Adder' <Latency = 0> <II = 1> <Delay = 0.67> <FuncUnit> <Opcode : 'add' 'sub'> <InPorts = 2> <OutPorts = 1>
ST_1 : Operation 70 [1/1] (0.42ns)   --->   "%store_ln190 = store i5 %add_ln190, i5 %indvar_flatten47" [top_cmplx.cpp:190]   --->   Operation 70 'store' 'store_ln190' <Predicate = (!icmp_ln190)> <Delay = 0.42>
ST_1 : Operation 71 [1/1] (0.42ns)   --->   "%store_ln190 = store i3 %select_ln190_1, i3 %i" [top_cmplx.cpp:190]   --->   Operation 71 'store' 'store_ln190' <Predicate = (!icmp_ln190)> <Delay = 0.42>
ST_1 : Operation 72 [1/1] (0.42ns)   --->   "%store_ln192 = store i3 %add_ln192, i3 %j" [top_cmplx.cpp:192]   --->   Operation 72 'store' 'store_ln192' <Predicate = (!icmp_ln190)> <Delay = 0.42>
ST_1 : Operation 73 [1/1] (0.00ns)   --->   "%br_ln192 = br void %for.inc246" [top_cmplx.cpp:192]   --->   Operation 73 'br' 'br_ln192' <Predicate = (!icmp_ln190)> <Delay = 0.00>
ST_1 : Operation 74 [1/1] (0.00ns)   --->   "%ret_ln0 = ret"   --->   Operation 74 'ret' 'ret_ln0' <Predicate = (icmp_ln190)> <Delay = 0.00>


============================================================
+ Verbose Summary: Binding
============================================================
STG Binding: 
---------------- STG Properties BEGIN ----------------
- Is combinational: 0
- Is one-state seq: 0
- Is datapath-only: 0
- Is pipelined: 0
- Is top level: 0
Port [ Return ] is wired: 1; IO mode=ap_ctrl_hs:ce=0
Port [ R_out_real]:  wired=1; compound=1; hidden=0; nouse=0; global=0; static=0; extern=0; dir=1; type=1; pingpong=0; private_global=0; MemPort=[03]; IO mode=ap_memory:ce=0
Port [ R_out_real_1]:  wired=1; compound=1; hidden=0; nouse=0; global=0; static=0; extern=0; dir=1; type=1; pingpong=0; private_global=0; MemPort=[03]; IO mode=ap_memory:ce=0
Port [ R_out_real_2]:  wired=1; compound=1; hidden=0; nouse=0; global=0; static=0; extern=0; dir=1; type=1; pingpong=0; private_global=0; MemPort=[03]; IO mode=ap_memory:ce=0
Port [ R_out_real_3]:  wired=1; compound=1; hidden=0; nouse=0; global=0; static=0; extern=0; dir=1; type=1; pingpong=0; private_global=0; MemPort=[03]; IO mode=ap_memory:ce=0
Port [ R_out_imag]:  wired=1; compound=1; hidden=0; nouse=0; global=0; static=0; extern=0; dir=1; type=1; pingpong=0; private_global=0; MemPort=[03]; IO mode=ap_memory:ce=0
Port [ R_out_imag_1]:  wired=1; compound=1; hidden=0; nouse=0; global=0; static=0; extern=0; dir=1; type=1; pingpong=0; private_global=0; MemPort=[03]; IO mode=ap_memory:ce=0
Port [ R_out_imag_2]:  wired=1; compound=1; hidden=0; nouse=0; global=0; static=0; extern=0; dir=1; type=1; pingpong=0; private_global=0; MemPort=[03]; IO mode=ap_memory:ce=0
Port [ R_out_imag_3]:  wired=1; compound=1; hidden=0; nouse=0; global=0; static=0; extern=0; dir=1; type=1; pingpong=0; private_global=0; MemPort=[03]; IO mode=ap_memory:ce=0
Port [ mux_case_02827]:  wired=1; compound=0; hidden=0; nouse=0; global=0; static=0; extern=0; dir=0; type=0; pingpong=0; private_global=0; IO mode=ap_none:ce=0
Port [ mux_case_12838]:  wired=1; compound=0; hidden=0; nouse=0; global=0; static=0; extern=0; dir=0; type=0; pingpong=0; private_global=0; IO mode=ap_none:ce=0
Port [ mux_case_22849]:  wired=1; compound=0; hidden=0; nouse=0; global=0; static=0; extern=0; dir=0; type=0; pingpong=0; private_global=0; IO mode=ap_none:ce=0
Port [ mux_case_32860]:  wired=1; compound=0; hidden=0; nouse=0; global=0; static=0; extern=0; dir=0; type=0; pingpong=0; private_global=0; IO mode=ap_none:ce=0
Port [ mux_case_0922873]:  wired=1; compound=0; hidden=0; nouse=0; global=0; static=0; extern=0; dir=0; type=0; pingpong=0; private_global=0; IO mode=ap_none:ce=0
Port [ mux_case_1932886]:  wired=1; compound=0; hidden=0; nouse=0; global=0; static=0; extern=0; dir=0; type=0; pingpong=0; private_global=0; IO mode=ap_none:ce=0
Port [ mux_case_2942899]:  wired=1; compound=0; hidden=0; nouse=0; global=0; static=0; extern=0; dir=0; type=0; pingpong=0; private_global=0; IO mode=ap_none:ce=0
Port [ mux_case_3952912]:  wired=1; compound=0; hidden=0; nouse=0; global=0; static=0; extern=0; dir=0; type=0; pingpong=0; private_global=0; IO mode=ap_none:ce=0
Port [ mux_case_0972925]:  wired=1; compound=0; hidden=0; nouse=0; global=0; static=0; extern=0; dir=0; type=0; pingpong=0; private_global=0; IO mode=ap_none:ce=0
Port [ mux_case_1982938]:  wired=1; compound=0; hidden=0; nouse=0; global=0; static=0; extern=0; dir=0; type=0; pingpong=0; private_global=0; IO mode=ap_none:ce=0
Port [ mux_case_2992951]:  wired=1; compound=0; hidden=0; nouse=0; global=0; static=0; extern=0; dir=0; type=0; pingpong=0; private_global=0; IO mode=ap_none:ce=0
Port [ mux_case_31002964]:  wired=1; compound=0; hidden=0; nouse=0; global=0; static=0; extern=0; dir=0; type=0; pingpong=0; private_global=0; IO mode=ap_none:ce=0
Port [ mux_case_01022977]:  wired=1; compound=0; hidden=0; nouse=0; global=0; static=0; extern=0; dir=0; type=0; pingpong=0; private_global=0; IO mode=ap_none:ce=0
Port [ mux_case_11032990]:  wired=1; compound=0; hidden=0; nouse=0; global=0; static=0; extern=0; dir=0; type=0; pingpong=0; private_global=0; IO mode=ap_none:ce=0
Port [ mux_case_21043003]:  wired=1; compound=0; hidden=0; nouse=0; global=0; static=0; extern=0; dir=0; type=0; pingpong=0; private_global=0; IO mode=ap_none:ce=0
Port [ mux_case_31053016]:  wired=1; compound=0; hidden=0; nouse=0; global=0; static=0; extern=0; dir=0; type=0; pingpong=0; private_global=0; IO mode=ap_none:ce=0
---------------- STG Properties END ------------------

---------------- Datapath Model BEGIN ----------------

<LifeTime>
<method=bitvector/>
j                      (alloca           ) [ 01]
i                      (alloca           ) [ 01]
indvar_flatten47       (alloca           ) [ 01]
mux_case_31053016_read (read             ) [ 00]
mux_case_21043003_read (read             ) [ 00]
mux_case_11032990_read (read             ) [ 00]
mux_case_01022977_read (read             ) [ 00]
mux_case_31002964_read (read             ) [ 00]
mux_case_2992951_read  (read             ) [ 00]
mux_case_1982938_read  (read             ) [ 00]
mux_case_0972925_read  (read             ) [ 00]
mux_case_3952912_read  (read             ) [ 00]
mux_case_2942899_read  (read             ) [ 00]
mux_case_1932886_read  (read             ) [ 00]
mux_case_0922873_read  (read             ) [ 00]
mux_case_32860_read    (read             ) [ 00]
mux_case_22849_read    (read             ) [ 00]
mux_case_12838_read    (read             ) [ 00]
mux_case_02827_read    (read             ) [ 00]
store_ln0              (store            ) [ 00]
store_ln190            (store            ) [ 00]
store_ln192            (store            ) [ 00]
br_ln0                 (br               ) [ 00]
indvar_flatten47_load  (load             ) [ 00]
icmp_ln190             (icmp             ) [ 01]
add_ln190              (add              ) [ 00]
br_ln190               (br               ) [ 00]
j_load                 (load             ) [ 00]
i_load                 (load             ) [ 00]
specloopname_ln0       (specloopname     ) [ 00]
speclooptripcount_ln0  (speclooptripcount) [ 00]
icmp_ln192             (icmp             ) [ 00]
select_ln190           (select           ) [ 00]
add_ln190_1            (add              ) [ 00]
select_ln190_1         (select           ) [ 00]
zext_ln190             (zext             ) [ 00]
trunc_ln190            (trunc            ) [ 00]
R_out_real_addr        (getelementptr    ) [ 00]
R_out_real_1_addr      (getelementptr    ) [ 00]
R_out_real_2_addr      (getelementptr    ) [ 00]
R_out_real_3_addr      (getelementptr    ) [ 00]
R_out_imag_addr        (getelementptr    ) [ 00]
R_out_imag_1_addr      (getelementptr    ) [ 00]
R_out_imag_2_addr      (getelementptr    ) [ 00]
R_out_imag_3_addr      (getelementptr    ) [ 00]
specpipeline_ln192     (specpipeline     ) [ 00]
trunc_ln192            (trunc            ) [ 01]
tmp_s                  (sparsemux        ) [ 00]
tmp_7                  (sparsemux        ) [ 00]
tmp_8                  (sparsemux        ) [ 00]
tmp_9                  (sparsemux        ) [ 00]
tmp_10                 (sparsemux        ) [ 00]
switch_ln194           (switch           ) [ 00]
store_ln194            (store            ) [ 00]
store_ln195            (store            ) [ 00]
br_ln195               (br               ) [ 00]
store_ln194            (store            ) [ 00]
store_ln195            (store            ) [ 00]
br_ln195               (br               ) [ 00]
store_ln194            (store            ) [ 00]
store_ln195            (store            ) [ 00]
br_ln195               (br               ) [ 00]
store_ln194            (store            ) [ 00]
store_ln195            (store            ) [ 00]
br_ln195               (br               ) [ 00]
add_ln192              (add              ) [ 00]
store_ln190            (store            ) [ 00]
store_ln190            (store            ) [ 00]
store_ln192            (store            ) [ 00]
br_ln192               (br               ) [ 00]
ret_ln0                (ret              ) [ 00]
</LifeTime>

<model>

<comp_list>
<comp id="0" class="1000" name="R_out_real">
<pin_list>
<pin id="1" dir="1" index="0" bw="1" slack="0"/>
</pin_list>
<bind>
<StgValue><ssdm name="R_out_real"/><MemPortTyVec>0 3 </MemPortTyVec>
</StgValue>
</bind>
</comp>

<comp id="2" class="1000" name="R_out_real_1">
<pin_list>
<pin id="3" dir="1" index="0" bw="1" slack="0"/>
</pin_list>
<bind>
<StgValue><ssdm name="R_out_real_1"/><MemPortTyVec>0 3 </MemPortTyVec>
</StgValue>
</bind>
</comp>

<comp id="4" class="1000" name="R_out_real_2">
<pin_list>
<pin id="5" dir="1" index="0" bw="1" slack="0"/>
</pin_list>
<bind>
<StgValue><ssdm name="R_out_real_2"/><MemPortTyVec>0 3 </MemPortTyVec>
</StgValue>
</bind>
</comp>

<comp id="6" class="1000" name="R_out_real_3">
<pin_list>
<pin id="7" dir="1" index="0" bw="1" slack="0"/>
</pin_list>
<bind>
<StgValue><ssdm name="R_out_real_3"/><MemPortTyVec>0 3 </MemPortTyVec>
</StgValue>
</bind>
</comp>

<comp id="8" class="1000" name="R_out_imag">
<pin_list>
<pin id="9" dir="1" index="0" bw="1" slack="0"/>
</pin_list>
<bind>
<StgValue><ssdm name="R_out_imag"/><MemPortTyVec>0 3 </MemPortTyVec>
</StgValue>
</bind>
</comp>

<comp id="10" class="1000" name="R_out_imag_1">
<pin_list>
<pin id="11" dir="1" index="0" bw="1" slack="0"/>
</pin_list>
<bind>
<StgValue><ssdm name="R_out_imag_1"/><MemPortTyVec>0 3 </MemPortTyVec>
</StgValue>
</bind>
</comp>

<comp id="12" class="1000" name="R_out_imag_2">
<pin_list>
<pin id="13" dir="1" index="0" bw="1" slack="0"/>
</pin_list>
<bind>
<StgValue><ssdm name="R_out_imag_2"/><MemPortTyVec>0 3 </MemPortTyVec>
</StgValue>
</bind>
</comp>

<comp id="14" class="1000" name="R_out_imag_3">
<pin_list>
<pin id="15" dir="1" index="0" bw="1" slack="0"/>
</pin_list>
<bind>
<StgValue><ssdm name="R_out_imag_3"/><MemPortTyVec>0 3 </MemPortTyVec>
</StgValue>
</bind>
</comp>

<comp id="16" class="1000" name="mux_case_02827">
<pin_list>
<pin id="17" dir="1" index="0" bw="1" slack="0"/>
</pin_list>
<bind>
<StgValue><ssdm name="mux_case_02827"/></StgValue>
</bind>
</comp>

<comp id="18" class="1000" name="mux_case_12838">
<pin_list>
<pin id="19" dir="1" index="0" bw="1" slack="0"/>
</pin_list>
<bind>
<StgValue><ssdm name="mux_case_12838"/></StgValue>
</bind>
</comp>

<comp id="20" class="1000" name="mux_case_22849">
<pin_list>
<pin id="21" dir="1" index="0" bw="1" slack="0"/>
</pin_list>
<bind>
<StgValue><ssdm name="mux_case_22849"/></StgValue>
</bind>
</comp>

<comp id="22" class="1000" name="mux_case_32860">
<pin_list>
<pin id="23" dir="1" index="0" bw="1" slack="0"/>
</pin_list>
<bind>
<StgValue><ssdm name="mux_case_32860"/></StgValue>
</bind>
</comp>

<comp id="24" class="1000" name="mux_case_0922873">
<pin_list>
<pin id="25" dir="1" index="0" bw="1" slack="0"/>
</pin_list>
<bind>
<StgValue><ssdm name="mux_case_0922873"/></StgValue>
</bind>
</comp>

<comp id="26" class="1000" name="mux_case_1932886">
<pin_list>
<pin id="27" dir="1" index="0" bw="1" slack="0"/>
</pin_list>
<bind>
<StgValue><ssdm name="mux_case_1932886"/></StgValue>
</bind>
</comp>

<comp id="28" class="1000" name="mux_case_2942899">
<pin_list>
<pin id="29" dir="1" index="0" bw="1" slack="0"/>
</pin_list>
<bind>
<StgValue><ssdm name="mux_case_2942899"/></StgValue>
</bind>
</comp>

<comp id="30" class="1000" name="mux_case_3952912">
<pin_list>
<pin id="31" dir="1" index="0" bw="1" slack="0"/>
</pin_list>
<bind>
<StgValue><ssdm name="mux_case_3952912"/></StgValue>
</bind>
</comp>

<comp id="32" class="1000" name="mux_case_0972925">
<pin_list>
<pin id="33" dir="1" index="0" bw="1" slack="0"/>
</pin_list>
<bind>
<StgValue><ssdm name="mux_case_0972925"/></StgValue>
</bind>
</comp>

<comp id="34" class="1000" name="mux_case_1982938">
<pin_list>
<pin id="35" dir="1" index="0" bw="1" slack="0"/>
</pin_list>
<bind>
<StgValue><ssdm name="mux_case_1982938"/></StgValue>
</bind>
</comp>

<comp id="36" class="1000" name="mux_case_2992951">
<pin_list>
<pin id="37" dir="1" index="0" bw="1" slack="0"/>
</pin_list>
<bind>
<StgValue><ssdm name="mux_case_2992951"/></StgValue>
</bind>
</comp>

<comp id="38" class="1000" name="mux_case_31002964">
<pin_list>
<pin id="39" dir="1" index="0" bw="1" slack="0"/>
</pin_list>
<bind>
<StgValue><ssdm name="mux_case_31002964"/></StgValue>
</bind>
</comp>

<comp id="40" class="1000" name="mux_case_01022977">
<pin_list>
<pin id="41" dir="1" index="0" bw="1" slack="0"/>
</pin_list>
<bind>
<StgValue><ssdm name="mux_case_01022977"/></StgValue>
</bind>
</comp>

<comp id="42" class="1000" name="mux_case_11032990">
<pin_list>
<pin id="43" dir="1" index="0" bw="1" slack="0"/>
</pin_list>
<bind>
<StgValue><ssdm name="mux_case_11032990"/></StgValue>
</bind>
</comp>

<comp id="44" class="1000" name="mux_case_21043003">
<pin_list>
<pin id="45" dir="1" index="0" bw="1" slack="0"/>
</pin_list>
<bind>
<StgValue><ssdm name="mux_case_21043003"/></StgValue>
</bind>
</comp>

<comp id="46" class="1000" name="mux_case_31053016">
<pin_list>
<pin id="47" dir="1" index="0" bw="1" slack="0"/>
</pin_list>
<bind>
<StgValue><ssdm name="mux_case_31053016"/></StgValue>
</bind>
</comp>

<comp id="48" class="1001" name="const_48">
<pin_list>
<pin id="49" dir="1" index="0" bw="1" slack="0"/>
</pin_list>
<bind>
<StgValue><ssdm name=""/></StgValue>
</bind>
</comp>

<comp id="50" class="1001" name="const_50">
<pin_list>
<pin id="51" dir="1" index="0" bw="1" slack="0"/>
</pin_list>
<bind>
<StgValue><ssdm name="_ssdm_op_Read.ap_auto.float"/></StgValue>
</bind>
</comp>

<comp id="52" class="1001" name="const_52">
<pin_list>
<pin id="53" dir="1" index="0" bw="1" slack="0"/>
</pin_list>
<bind>
<StgValue><ssdm name=""/></StgValue>
</bind>
</comp>

<comp id="54" class="1001" name="const_54">
<pin_list>
<pin id="55" dir="1" index="0" bw="1" slack="0"/>
</pin_list>
<bind>
<StgValue><ssdm name=""/></StgValue>
</bind>
</comp>

<comp id="56" class="1001" name="const_56">
<pin_list>
<pin id="57" dir="1" index="0" bw="1" slack="0"/>
</pin_list>
<bind>
<StgValue><ssdm name=""/></StgValue>
</bind>
</comp>

<comp id="58" class="1001" name="const_58">
<pin_list>
<pin id="59" dir="1" index="0" bw="1" slack="0"/>
</pin_list>
<bind>
<StgValue><ssdm name=""/></StgValue>
</bind>
</comp>

<comp id="60" class="1001" name="const_60">
<pin_list>
<pin id="61" dir="1" index="0" bw="1" slack="2147483647"/>
</pin_list>
<bind>
<StgValue><ssdm name="_ssdm_op_SpecLoopName"/></StgValue>
</bind>
</comp>

<comp id="62" class="1001" name="const_62">
<pin_list>
<pin id="63" dir="1" index="0" bw="1" slack="2147483647"/>
</pin_list>
<bind>
<StgValue><ssdm name="VITIS_LOOP_190_8_VITIS_LOOP_192_9_str"/></StgValue>
</bind>
</comp>

<comp id="64" class="1001" name="const_64">
<pin_list>
<pin id="65" dir="1" index="0" bw="1" slack="2147483647"/>
</pin_list>
<bind>
<StgValue><ssdm name="_ssdm_op_SpecLoopTripCount"/></StgValue>
</bind>
</comp>

<comp id="66" class="1001" name="const_66">
<pin_list>
<pin id="67" dir="1" index="0" bw="1" slack="2147483647"/>
</pin_list>
<bind>
<StgValue><ssdm name=""/></StgValue>
</bind>
</comp>

<comp id="68" class="1001" name="const_68">
<pin_list>
<pin id="69" dir="1" index="0" bw="1" slack="0"/>
</pin_list>
<bind>
<StgValue><ssdm name=""/></StgValue>
</bind>
</comp>

<comp id="70" class="1001" name="const_70">
<pin_list>
<pin id="71" dir="1" index="0" bw="1" slack="0"/>
</pin_list>
<bind>
<StgValue><ssdm name=""/></StgValue>
</bind>
</comp>

<comp id="72" class="1001" name="const_72">
<pin_list>
<pin id="73" dir="1" index="0" bw="1" slack="0"/>
</pin_list>
<bind>
<StgValue><ssdm name=""/></StgValue>
</bind>
</comp>

<comp id="74" class="1001" name="const_74">
<pin_list>
<pin id="75" dir="1" index="0" bw="1" slack="2147483647"/>
</pin_list>
<bind>
<StgValue><ssdm name="_ssdm_op_SpecPipeline"/></StgValue>
</bind>
</comp>

<comp id="76" class="1001" name="const_76">
<pin_list>
<pin id="77" dir="1" index="0" bw="1" slack="2147483647"/>
</pin_list>
<bind>
<StgValue><ssdm name=""/></StgValue>
</bind>
</comp>

<comp id="78" class="1001" name="const_78">
<pin_list>
<pin id="79" dir="1" index="0" bw="1" slack="2147483647"/>
</pin_list>
<bind>
<StgValue><ssdm name=""/></StgValue>
</bind>
</comp>

<comp id="80" class="1001" name="const_80">
<pin_list>
<pin id="81" dir="1" index="0" bw="1" slack="2147483647"/>
</pin_list>
<bind>
<StgValue><ssdm name="empty_0"/></StgValue>
</bind>
</comp>

<comp id="82" class="1001" name="const_82">
<pin_list>
<pin id="83" dir="1" index="0" bw="1" slack="0"/>
</pin_list>
<bind>
<StgValue><ssdm name="_ssdm_op_SparseMux.ap_auto.4f32.f32.i2"/></StgValue>
</bind>
</comp>

<comp id="84" class="1001" name="const_84">
<pin_list>
<pin id="85" dir="1" index="0" bw="1" slack="0"/>
</pin_list>
<bind>
<StgValue><ssdm name=""/></StgValue>
</bind>
</comp>

<comp id="86" class="1001" name="const_86">
<pin_list>
<pin id="87" dir="1" index="0" bw="1" slack="0"/>
</pin_list>
<bind>
<StgValue><ssdm name=""/></StgValue>
</bind>
</comp>

<comp id="88" class="1001" name="const_88">
<pin_list>
<pin id="89" dir="1" index="0" bw="1" slack="0"/>
</pin_list>
<bind>
<StgValue><ssdm name=""/></StgValue>
</bind>
</comp>

<comp id="90" class="1001" name="const_90">
<pin_list>
<pin id="91" dir="1" index="0" bw="1" slack="0"/>
</pin_list>
<bind>
<StgValue><ssdm name=""/></StgValue>
</bind>
</comp>

<comp id="92" class="1001" name="const_92">
<pin_list>
<pin id="93" dir="1" index="0" bw="1" slack="0"/>
</pin_list>
<bind>
<StgValue><ssdm name=""/></StgValue>
</bind>
</comp>

<comp id="94" class="1001" name="const_94">
<pin_list>
<pin id="95" dir="1" index="0" bw="1" slack="0"/>
</pin_list>
<bind>
<StgValue><ssdm name="_ssdm_op_SparseMux.ap_auto.4float.float.i2"/></StgValue>
</bind>
</comp>

<comp id="96" class="1004" name="j_fu_96">
<pin_list>
<pin id="97" dir="0" index="0" bw="1" slack="0"/>
<pin id="98" dir="1" index="1" bw="3" slack="0"/>
</pin_list>
<bind>
<opcode="alloca(26) " fcode="alloca"/>
<opset="j/1 "/>
</bind>
</comp>

<comp id="100" class="1004" name="i_fu_100">
<pin_list>
<pin id="101" dir="0" index="0" bw="1" slack="0"/>
<pin id="102" dir="1" index="1" bw="3" slack="0"/>
</pin_list>
<bind>
<opcode="alloca(26) " fcode="alloca"/>
<opset="i/1 "/>
</bind>
</comp>

<comp id="104" class="1004" name="indvar_flatten47_fu_104">
<pin_list>
<pin id="105" dir="0" index="0" bw="1" slack="0"/>
<pin id="106" dir="1" index="1" bw="5" slack="0"/>
</pin_list>
<bind>
<opcode="alloca(26) " fcode="alloca"/>
<opset="indvar_flatten47/1 "/>
</bind>
</comp>

<comp id="108" class="1004" name="mux_case_31053016_read_read_fu_108">
<pin_list>
<pin id="109" dir="0" index="0" bw="32" slack="0"/>
<pin id="110" dir="0" index="1" bw="32" slack="0"/>
<pin id="111" dir="1" index="2" bw="32" slack="0"/>
</pin_list>
<bind>
<opcode="read(1150) " fcode="read"/>
<opset="mux_case_31053016_read/1 "/>
</bind>
</comp>

<comp id="114" class="1004" name="mux_case_21043003_read_read_fu_114">
<pin_list>
<pin id="115" dir="0" index="0" bw="32" slack="0"/>
<pin id="116" dir="0" index="1" bw="32" slack="0"/>
<pin id="117" dir="1" index="2" bw="32" slack="0"/>
</pin_list>
<bind>
<opcode="read(1150) " fcode="read"/>
<opset="mux_case_21043003_read/1 "/>
</bind>
</comp>

<comp id="120" class="1004" name="mux_case_11032990_read_read_fu_120">
<pin_list>
<pin id="121" dir="0" index="0" bw="32" slack="0"/>
<pin id="122" dir="0" index="1" bw="32" slack="0"/>
<pin id="123" dir="1" index="2" bw="32" slack="0"/>
</pin_list>
<bind>
<opcode="read(1150) " fcode="read"/>
<opset="mux_case_11032990_read/1 "/>
</bind>
</comp>

<comp id="126" class="1004" name="mux_case_01022977_read_read_fu_126">
<pin_list>
<pin id="127" dir="0" index="0" bw="32" slack="0"/>
<pin id="128" dir="0" index="1" bw="32" slack="0"/>
<pin id="129" dir="1" index="2" bw="32" slack="0"/>
</pin_list>
<bind>
<opcode="read(1150) " fcode="read"/>
<opset="mux_case_01022977_read/1 "/>
</bind>
</comp>

<comp id="132" class="1004" name="mux_case_31002964_read_read_fu_132">
<pin_list>
<pin id="133" dir="0" index="0" bw="32" slack="0"/>
<pin id="134" dir="0" index="1" bw="32" slack="0"/>
<pin id="135" dir="1" index="2" bw="32" slack="0"/>
</pin_list>
<bind>
<opcode="read(1150) " fcode="read"/>
<opset="mux_case_31002964_read/1 "/>
</bind>
</comp>

<comp id="138" class="1004" name="mux_case_2992951_read_read_fu_138">
<pin_list>
<pin id="139" dir="0" index="0" bw="32" slack="0"/>
<pin id="140" dir="0" index="1" bw="32" slack="0"/>
<pin id="141" dir="1" index="2" bw="32" slack="0"/>
</pin_list>
<bind>
<opcode="read(1150) " fcode="read"/>
<opset="mux_case_2992951_read/1 "/>
</bind>
</comp>

<comp id="144" class="1004" name="mux_case_1982938_read_read_fu_144">
<pin_list>
<pin id="145" dir="0" index="0" bw="32" slack="0"/>
<pin id="146" dir="0" index="1" bw="32" slack="0"/>
<pin id="147" dir="1" index="2" bw="32" slack="0"/>
</pin_list>
<bind>
<opcode="read(1150) " fcode="read"/>
<opset="mux_case_1982938_read/1 "/>
</bind>
</comp>

<comp id="150" class="1004" name="mux_case_0972925_read_read_fu_150">
<pin_list>
<pin id="151" dir="0" index="0" bw="32" slack="0"/>
<pin id="152" dir="0" index="1" bw="32" slack="0"/>
<pin id="153" dir="1" index="2" bw="32" slack="0"/>
</pin_list>
<bind>
<opcode="read(1150) " fcode="read"/>
<opset="mux_case_0972925_read/1 "/>
</bind>
</comp>

<comp id="156" class="1004" name="mux_case_3952912_read_read_fu_156">
<pin_list>
<pin id="157" dir="0" index="0" bw="32" slack="0"/>
<pin id="158" dir="0" index="1" bw="32" slack="0"/>
<pin id="159" dir="1" index="2" bw="32" slack="0"/>
</pin_list>
<bind>
<opcode="read(1150) " fcode="read"/>
<opset="mux_case_3952912_read/1 "/>
</bind>
</comp>

<comp id="162" class="1004" name="mux_case_2942899_read_read_fu_162">
<pin_list>
<pin id="163" dir="0" index="0" bw="32" slack="0"/>
<pin id="164" dir="0" index="1" bw="32" slack="0"/>
<pin id="165" dir="1" index="2" bw="32" slack="0"/>
</pin_list>
<bind>
<opcode="read(1150) " fcode="read"/>
<opset="mux_case_2942899_read/1 "/>
</bind>
</comp>

<comp id="168" class="1004" name="mux_case_1932886_read_read_fu_168">
<pin_list>
<pin id="169" dir="0" index="0" bw="32" slack="0"/>
<pin id="170" dir="0" index="1" bw="32" slack="0"/>
<pin id="171" dir="1" index="2" bw="32" slack="0"/>
</pin_list>
<bind>
<opcode="read(1150) " fcode="read"/>
<opset="mux_case_1932886_read/1 "/>
</bind>
</comp>

<comp id="174" class="1004" name="mux_case_0922873_read_read_fu_174">
<pin_list>
<pin id="175" dir="0" index="0" bw="32" slack="0"/>
<pin id="176" dir="0" index="1" bw="32" slack="0"/>
<pin id="177" dir="1" index="2" bw="32" slack="0"/>
</pin_list>
<bind>
<opcode="read(1150) " fcode="read"/>
<opset="mux_case_0922873_read/1 "/>
</bind>
</comp>

<comp id="180" class="1004" name="mux_case_32860_read_read_fu_180">
<pin_list>
<pin id="181" dir="0" index="0" bw="32" slack="0"/>
<pin id="182" dir="0" index="1" bw="32" slack="0"/>
<pin id="183" dir="1" index="2" bw="32" slack="0"/>
</pin_list>
<bind>
<opcode="read(1150) " fcode="read"/>
<opset="mux_case_32860_read/1 "/>
</bind>
</comp>

<comp id="186" class="1004" name="mux_case_22849_read_read_fu_186">
<pin_list>
<pin id="187" dir="0" index="0" bw="32" slack="0"/>
<pin id="188" dir="0" index="1" bw="32" slack="0"/>
<pin id="189" dir="1" index="2" bw="32" slack="0"/>
</pin_list>
<bind>
<opcode="read(1150) " fcode="read"/>
<opset="mux_case_22849_read/1 "/>
</bind>
</comp>

<comp id="192" class="1004" name="mux_case_12838_read_read_fu_192">
<pin_list>
<pin id="193" dir="0" index="0" bw="32" slack="0"/>
<pin id="194" dir="0" index="1" bw="32" slack="0"/>
<pin id="195" dir="1" index="2" bw="32" slack="0"/>
</pin_list>
<bind>
<opcode="read(1150) " fcode="read"/>
<opset="mux_case_12838_read/1 "/>
</bind>
</comp>

<comp id="198" class="1004" name="mux_case_02827_read_read_fu_198">
<pin_list>
<pin id="199" dir="0" index="0" bw="32" slack="0"/>
<pin id="200" dir="0" index="1" bw="32" slack="0"/>
<pin id="201" dir="1" index="2" bw="32" slack="0"/>
</pin_list>
<bind>
<opcode="read(1150) " fcode="read"/>
<opset="mux_case_02827_read/1 "/>
</bind>
</comp>

<comp id="204" class="1004" name="R_out_real_addr_gep_fu_204">
<pin_list>
<pin id="205" dir="0" index="0" bw="32" slack="0"/>
<pin id="206" dir="0" index="1" bw="1" slack="0"/>
<pin id="207" dir="0" index="2" bw="3" slack="0"/>
<pin id="208" dir="1" index="3" bw="3" slack="0"/>
</pin_list>
<bind>
<opcode="getelementptr(29) " fcode="getelementptr"/>
<opset="R_out_real_addr/1 "/>
</bind>
</comp>

<comp id="211" class="1004" name="R_out_real_1_addr_gep_fu_211">
<pin_list>
<pin id="212" dir="0" index="0" bw="32" slack="0"/>
<pin id="213" dir="0" index="1" bw="1" slack="0"/>
<pin id="214" dir="0" index="2" bw="3" slack="0"/>
<pin id="215" dir="1" index="3" bw="3" slack="0"/>
</pin_list>
<bind>
<opcode="getelementptr(29) " fcode="getelementptr"/>
<opset="R_out_real_1_addr/1 "/>
</bind>
</comp>

<comp id="218" class="1004" name="R_out_real_2_addr_gep_fu_218">
<pin_list>
<pin id="219" dir="0" index="0" bw="32" slack="0"/>
<pin id="220" dir="0" index="1" bw="1" slack="0"/>
<pin id="221" dir="0" index="2" bw="3" slack="0"/>
<pin id="222" dir="1" index="3" bw="3" slack="0"/>
</pin_list>
<bind>
<opcode="getelementptr(29) " fcode="getelementptr"/>
<opset="R_out_real_2_addr/1 "/>
</bind>
</comp>

<comp id="225" class="1004" name="R_out_real_3_addr_gep_fu_225">
<pin_list>
<pin id="226" dir="0" index="0" bw="32" slack="0"/>
<pin id="227" dir="0" index="1" bw="1" slack="0"/>
<pin id="228" dir="0" index="2" bw="3" slack="0"/>
<pin id="229" dir="1" index="3" bw="3" slack="0"/>
</pin_list>
<bind>
<opcode="getelementptr(29) " fcode="getelementptr"/>
<opset="R_out_real_3_addr/1 "/>
</bind>
</comp>

<comp id="232" class="1004" name="R_out_imag_addr_gep_fu_232">
<pin_list>
<pin id="233" dir="0" index="0" bw="32" slack="0"/>
<pin id="234" dir="0" index="1" bw="1" slack="0"/>
<pin id="235" dir="0" index="2" bw="3" slack="0"/>
<pin id="236" dir="1" index="3" bw="3" slack="0"/>
</pin_list>
<bind>
<opcode="getelementptr(29) " fcode="getelementptr"/>
<opset="R_out_imag_addr/1 "/>
</bind>
</comp>

<comp id="239" class="1004" name="R_out_imag_1_addr_gep_fu_239">
<pin_list>
<pin id="240" dir="0" index="0" bw="32" slack="0"/>
<pin id="241" dir="0" index="1" bw="1" slack="0"/>
<pin id="242" dir="0" index="2" bw="3" slack="0"/>
<pin id="243" dir="1" index="3" bw="3" slack="0"/>
</pin_list>
<bind>
<opcode="getelementptr(29) " fcode="getelementptr"/>
<opset="R_out_imag_1_addr/1 "/>
</bind>
</comp>

<comp id="246" class="1004" name="R_out_imag_2_addr_gep_fu_246">
<pin_list>
<pin id="247" dir="0" index="0" bw="32" slack="0"/>
<pin id="248" dir="0" index="1" bw="1" slack="0"/>
<pin id="249" dir="0" index="2" bw="3" slack="0"/>
<pin id="250" dir="1" index="3" bw="3" slack="0"/>
</pin_list>
<bind>
<opcode="getelementptr(29) " fcode="getelementptr"/>
<opset="R_out_imag_2_addr/1 "/>
</bind>
</comp>

<comp id="253" class="1004" name="R_out_imag_3_addr_gep_fu_253">
<pin_list>
<pin id="254" dir="0" index="0" bw="32" slack="0"/>
<pin id="255" dir="0" index="1" bw="1" slack="0"/>
<pin id="256" dir="0" index="2" bw="3" slack="0"/>
<pin id="257" dir="1" index="3" bw="3" slack="0"/>
</pin_list>
<bind>
<opcode="getelementptr(29) " fcode="getelementptr"/>
<opset="R_out_imag_3_addr/1 "/>
</bind>
</comp>

<comp id="260" class="1004" name="store_ln194_access_fu_260">
<pin_list>
<pin id="261" dir="0" index="0" bw="3" slack="0"/>
<pin id="262" dir="0" index="1" bw="32" slack="0"/>
<pin id="263" dir="0" index="2" bw="0" slack="2147483647"/>
<pin id="264" dir="1" index="3" bw="32" slack="2147483647"/>
</pin_list>
<bind>
<opcode="store(28) " fcode="store"/>
<opset="store_ln194/1 "/>
</bind>
</comp>

<comp id="266" class="1004" name="store_ln195_access_fu_266">
<pin_list>
<pin id="267" dir="0" index="0" bw="3" slack="0"/>
<pin id="268" dir="0" index="1" bw="32" slack="0"/>
<pin id="269" dir="0" index="2" bw="0" slack="2147483647"/>
<pin id="270" dir="1" index="3" bw="32" slack="2147483647"/>
</pin_list>
<bind>
<opcode="store(28) " fcode="store"/>
<opset="store_ln195/1 "/>
</bind>
</comp>

<comp id="272" class="1004" name="store_ln194_access_fu_272">
<pin_list>
<pin id="273" dir="0" index="0" bw="3" slack="0"/>
<pin id="274" dir="0" index="1" bw="32" slack="0"/>
<pin id="275" dir="0" index="2" bw="0" slack="2147483647"/>
<pin id="276" dir="1" index="3" bw="32" slack="2147483647"/>
</pin_list>
<bind>
<opcode="store(28) " fcode="store"/>
<opset="store_ln194/1 "/>
</bind>
</comp>

<comp id="278" class="1004" name="store_ln195_access_fu_278">
<pin_list>
<pin id="279" dir="0" index="0" bw="3" slack="0"/>
<pin id="280" dir="0" index="1" bw="32" slack="0"/>
<pin id="281" dir="0" index="2" bw="0" slack="2147483647"/>
<pin id="282" dir="1" index="3" bw="32" slack="2147483647"/>
</pin_list>
<bind>
<opcode="store(28) " fcode="store"/>
<opset="store_ln195/1 "/>
</bind>
</comp>

<comp id="284" class="1004" name="store_ln194_access_fu_284">
<pin_list>
<pin id="285" dir="0" index="0" bw="3" slack="0"/>
<pin id="286" dir="0" index="1" bw="32" slack="0"/>
<pin id="287" dir="0" index="2" bw="0" slack="2147483647"/>
<pin id="288" dir="1" index="3" bw="32" slack="2147483647"/>
</pin_list>
<bind>
<opcode="store(28) " fcode="store"/>
<opset="store_ln194/1 "/>
</bind>
</comp>

<comp id="290" class="1004" name="store_ln195_access_fu_290">
<pin_list>
<pin id="291" dir="0" index="0" bw="3" slack="0"/>
<pin id="292" dir="0" index="1" bw="32" slack="0"/>
<pin id="293" dir="0" index="2" bw="0" slack="2147483647"/>
<pin id="294" dir="1" index="3" bw="32" slack="2147483647"/>
</pin_list>
<bind>
<opcode="store(28) " fcode="store"/>
<opset="store_ln195/1 "/>
</bind>
</comp>

<comp id="296" class="1004" name="store_ln194_access_fu_296">
<pin_list>
<pin id="297" dir="0" index="0" bw="3" slack="0"/>
<pin id="298" dir="0" index="1" bw="32" slack="0"/>
<pin id="299" dir="0" index="2" bw="0" slack="2147483647"/>
<pin id="300" dir="1" index="3" bw="32" slack="2147483647"/>
</pin_list>
<bind>
<opcode="store(28) " fcode="store"/>
<opset="store_ln194/1 "/>
</bind>
</comp>

<comp id="302" class="1004" name="store_ln195_access_fu_302">
<pin_list>
<pin id="303" dir="0" index="0" bw="3" slack="0"/>
<pin id="304" dir="0" index="1" bw="32" slack="0"/>
<pin id="305" dir="0" index="2" bw="0" slack="2147483647"/>
<pin id="306" dir="1" index="3" bw="32" slack="2147483647"/>
</pin_list>
<bind>
<opcode="store(28) " fcode="store"/>
<opset="store_ln195/1 "/>
</bind>
</comp>

<comp id="308" class="1004" name="store_ln0_store_fu_308">
<pin_list>
<pin id="309" dir="0" index="0" bw="1" slack="0"/>
<pin id="310" dir="0" index="1" bw="5" slack="0"/>
<pin id="311" dir="1" index="2" bw="0" slack="2147483647"/>
</pin_list>
<bind>
<opcode="store(28) " fcode="store"/>
<opset="store_ln0/1 "/>
</bind>
</comp>

<comp id="313" class="1004" name="store_ln190_store_fu_313">
<pin_list>
<pin id="314" dir="0" index="0" bw="1" slack="0"/>
<pin id="315" dir="0" index="1" bw="3" slack="0"/>
<pin id="316" dir="1" index="2" bw="0" slack="2147483647"/>
</pin_list>
<bind>
<opcode="store(28) " fcode="store"/>
<opset="store_ln190/1 "/>
</bind>
</comp>

<comp id="318" class="1004" name="store_ln192_store_fu_318">
<pin_list>
<pin id="319" dir="0" index="0" bw="1" slack="0"/>
<pin id="320" dir="0" index="1" bw="3" slack="0"/>
<pin id="321" dir="1" index="2" bw="0" slack="2147483647"/>
</pin_list>
<bind>
<opcode="store(28) " fcode="store"/>
<opset="store_ln192/1 "/>
</bind>
</comp>

<comp id="323" class="1004" name="indvar_flatten47_load_load_fu_323">
<pin_list>
<pin id="324" dir="0" index="0" bw="5" slack="0"/>
<pin id="325" dir="1" index="1" bw="5" slack="0"/>
</pin_list>
<bind>
<opcode="load(27) " fcode="load"/>
<opset="indvar_flatten47_load/1 "/>
</bind>
</comp>

<comp id="326" class="1004" name="icmp_ln190_fu_326">
<pin_list>
<pin id="327" dir="0" index="0" bw="5" slack="0"/>
<pin id="328" dir="0" index="1" bw="5" slack="0"/>
<pin id="329" dir="1" index="2" bw="1" slack="2147483647"/>
</pin_list>
<bind>
<opcode="icmp(45) " fcode="icmp"/>
<opset="icmp_ln190/1 "/>
</bind>
</comp>

<comp id="332" class="1004" name="add_ln190_fu_332">
<pin_list>
<pin id="333" dir="0" index="0" bw="5" slack="0"/>
<pin id="334" dir="0" index="1" bw="1" slack="0"/>
<pin id="335" dir="1" index="2" bw="5" slack="0"/>
</pin_list>
<bind>
<opcode="add(8) " fcode="add"/>
<opset="add_ln190/1 "/>
</bind>
</comp>

<comp id="338" class="1004" name="j_load_load_fu_338">
<pin_list>
<pin id="339" dir="0" index="0" bw="3" slack="0"/>
<pin id="340" dir="1" index="1" bw="3" slack="0"/>
</pin_list>
<bind>
<opcode="load(27) " fcode="load"/>
<opset="j_load/1 "/>
</bind>
</comp>

<comp id="341" class="1004" name="i_load_load_fu_341">
<pin_list>
<pin id="342" dir="0" index="0" bw="3" slack="0"/>
<pin id="343" dir="1" index="1" bw="3" slack="0"/>
</pin_list>
<bind>
<opcode="load(27) " fcode="load"/>
<opset="i_load/1 "/>
</bind>
</comp>

<comp id="344" class="1004" name="icmp_ln192_fu_344">
<pin_list>
<pin id="345" dir="0" index="0" bw="3" slack="0"/>
<pin id="346" dir="0" index="1" bw="3" slack="0"/>
<pin id="347" dir="1" index="2" bw="1" slack="0"/>
</pin_list>
<bind>
<opcode="icmp(45) " fcode="icmp"/>
<opset="icmp_ln192/1 "/>
</bind>
</comp>

<comp id="350" class="1004" name="select_ln190_fu_350">
<pin_list>
<pin id="351" dir="0" index="0" bw="1" slack="0"/>
<pin id="352" dir="0" index="1" bw="1" slack="0"/>
<pin id="353" dir="0" index="2" bw="3" slack="0"/>
<pin id="354" dir="1" index="3" bw="3" slack="0"/>
</pin_list>
<bind>
<opcode="select(49) " fcode="select"/>
<opset="select_ln190/1 "/>
</bind>
</comp>

<comp id="358" class="1004" name="add_ln190_1_fu_358">
<pin_list>
<pin id="359" dir="0" index="0" bw="3" slack="0"/>
<pin id="360" dir="0" index="1" bw="1" slack="0"/>
<pin id="361" dir="1" index="2" bw="3" slack="0"/>
</pin_list>
<bind>
<opcode="add(8) " fcode="add"/>
<opset="add_ln190_1/1 "/>
</bind>
</comp>

<comp id="364" class="1004" name="select_ln190_1_fu_364">
<pin_list>
<pin id="365" dir="0" index="0" bw="1" slack="0"/>
<pin id="366" dir="0" index="1" bw="3" slack="0"/>
<pin id="367" dir="0" index="2" bw="3" slack="0"/>
<pin id="368" dir="1" index="3" bw="3" slack="0"/>
</pin_list>
<bind>
<opcode="select(49) " fcode="select"/>
<opset="select_ln190_1/1 "/>
</bind>
</comp>

<comp id="372" class="1004" name="zext_ln190_fu_372">
<pin_list>
<pin id="373" dir="0" index="0" bw="3" slack="0"/>
<pin id="374" dir="1" index="1" bw="64" slack="0"/>
</pin_list>
<bind>
<opcode="zext(34) " fcode="zext"/>
<opset="zext_ln190/1 "/>
</bind>
</comp>

<comp id="384" class="1004" name="trunc_ln190_fu_384">
<pin_list>
<pin id="385" dir="0" index="0" bw="3" slack="0"/>
<pin id="386" dir="1" index="1" bw="2" slack="0"/>
</pin_list>
<bind>
<opcode="trunc(33) " fcode="trunc"/>
<opset="trunc_ln190/1 "/>
</bind>
</comp>

<comp id="388" class="1004" name="trunc_ln192_fu_388">
<pin_list>
<pin id="389" dir="0" index="0" bw="3" slack="0"/>
<pin id="390" dir="1" index="1" bw="2" slack="0"/>
</pin_list>
<bind>
<opcode="trunc(33) " fcode="trunc"/>
<opset="trunc_ln192/1 "/>
</bind>
</comp>

<comp id="392" class="1004" name="tmp_s_fu_392">
<pin_list>
<pin id="393" dir="0" index="0" bw="32" slack="0"/>
<pin id="394" dir="0" index="1" bw="1" slack="0"/>
<pin id="395" dir="0" index="2" bw="32" slack="0"/>
<pin id="396" dir="0" index="3" bw="1" slack="0"/>
<pin id="397" dir="0" index="4" bw="32" slack="0"/>
<pin id="398" dir="0" index="5" bw="2" slack="0"/>
<pin id="399" dir="0" index="6" bw="32" slack="0"/>
<pin id="400" dir="0" index="7" bw="1" slack="0"/>
<pin id="401" dir="0" index="8" bw="32" slack="0"/>
<pin id="402" dir="0" index="9" bw="32" slack="0"/>
<pin id="403" dir="0" index="10" bw="2" slack="0"/>
<pin id="404" dir="1" index="11" bw="32" slack="0"/>
</pin_list>
<bind>
<opcode="sparsemux(1197) " fcode="sparsemux"/>
<opset="tmp_s/1 "/>
</bind>
</comp>

<comp id="416" class="1004" name="tmp_7_fu_416">
<pin_list>
<pin id="417" dir="0" index="0" bw="32" slack="0"/>
<pin id="418" dir="0" index="1" bw="1" slack="0"/>
<pin id="419" dir="0" index="2" bw="32" slack="0"/>
<pin id="420" dir="0" index="3" bw="1" slack="0"/>
<pin id="421" dir="0" index="4" bw="32" slack="0"/>
<pin id="422" dir="0" index="5" bw="2" slack="0"/>
<pin id="423" dir="0" index="6" bw="32" slack="0"/>
<pin id="424" dir="0" index="7" bw="1" slack="0"/>
<pin id="425" dir="0" index="8" bw="32" slack="0"/>
<pin id="426" dir="0" index="9" bw="32" slack="0"/>
<pin id="427" dir="0" index="10" bw="2" slack="0"/>
<pin id="428" dir="1" index="11" bw="32" slack="0"/>
</pin_list>
<bind>
<opcode="sparsemux(1197) " fcode="sparsemux"/>
<opset="tmp_7/1 "/>
</bind>
</comp>

<comp id="440" class="1004" name="tmp_8_fu_440">
<pin_list>
<pin id="441" dir="0" index="0" bw="32" slack="0"/>
<pin id="442" dir="0" index="1" bw="1" slack="0"/>
<pin id="443" dir="0" index="2" bw="32" slack="0"/>
<pin id="444" dir="0" index="3" bw="1" slack="0"/>
<pin id="445" dir="0" index="4" bw="32" slack="0"/>
<pin id="446" dir="0" index="5" bw="2" slack="0"/>
<pin id="447" dir="0" index="6" bw="32" slack="0"/>
<pin id="448" dir="0" index="7" bw="1" slack="0"/>
<pin id="449" dir="0" index="8" bw="32" slack="0"/>
<pin id="450" dir="0" index="9" bw="32" slack="0"/>
<pin id="451" dir="0" index="10" bw="2" slack="0"/>
<pin id="452" dir="1" index="11" bw="32" slack="0"/>
</pin_list>
<bind>
<opcode="sparsemux(1197) " fcode="sparsemux"/>
<opset="tmp_8/1 "/>
</bind>
</comp>

<comp id="464" class="1004" name="tmp_9_fu_464">
<pin_list>
<pin id="465" dir="0" index="0" bw="32" slack="0"/>
<pin id="466" dir="0" index="1" bw="1" slack="0"/>
<pin id="467" dir="0" index="2" bw="32" slack="0"/>
<pin id="468" dir="0" index="3" bw="1" slack="0"/>
<pin id="469" dir="0" index="4" bw="32" slack="0"/>
<pin id="470" dir="0" index="5" bw="2" slack="0"/>
<pin id="471" dir="0" index="6" bw="32" slack="0"/>
<pin id="472" dir="0" index="7" bw="1" slack="0"/>
<pin id="473" dir="0" index="8" bw="32" slack="0"/>
<pin id="474" dir="0" index="9" bw="32" slack="0"/>
<pin id="475" dir="0" index="10" bw="2" slack="0"/>
<pin id="476" dir="1" index="11" bw="32" slack="0"/>
</pin_list>
<bind>
<opcode="sparsemux(1197) " fcode="sparsemux"/>
<opset="tmp_9/1 "/>
</bind>
</comp>

<comp id="488" class="1004" name="tmp_10_fu_488">
<pin_list>
<pin id="489" dir="0" index="0" bw="32" slack="0"/>
<pin id="490" dir="0" index="1" bw="1" slack="0"/>
<pin id="491" dir="0" index="2" bw="32" slack="0"/>
<pin id="492" dir="0" index="3" bw="1" slack="0"/>
<pin id="493" dir="0" index="4" bw="32" slack="0"/>
<pin id="494" dir="0" index="5" bw="2" slack="0"/>
<pin id="495" dir="0" index="6" bw="32" slack="0"/>
<pin id="496" dir="0" index="7" bw="1" slack="0"/>
<pin id="497" dir="0" index="8" bw="32" slack="0"/>
<pin id="498" dir="0" index="9" bw="32" slack="0"/>
<pin id="499" dir="0" index="10" bw="2" slack="0"/>
<pin id="500" dir="1" index="11" bw="32" slack="0"/>
</pin_list>
<bind>
<opcode="sparsemux(1197) " fcode="sparsemux"/>
<opset="tmp_10/1 "/>
</bind>
</comp>

<comp id="520" class="1004" name="add_ln192_fu_520">
<pin_list>
<pin id="521" dir="0" index="0" bw="3" slack="0"/>
<pin id="522" dir="0" index="1" bw="1" slack="0"/>
<pin id="523" dir="1" index="2" bw="3" slack="0"/>
</pin_list>
<bind>
<opcode="add(8) " fcode="add"/>
<opset="add_ln192/1 "/>
</bind>
</comp>

<comp id="526" class="1004" name="store_ln190_store_fu_526">
<pin_list>
<pin id="527" dir="0" index="0" bw="5" slack="0"/>
<pin id="528" dir="0" index="1" bw="5" slack="0"/>
<pin id="529" dir="1" index="2" bw="0" slack="2147483647"/>
</pin_list>
<bind>
<opcode="store(28) " fcode="store"/>
<opset="store_ln190/1 "/>
</bind>
</comp>

<comp id="531" class="1004" name="store_ln190_store_fu_531">
<pin_list>
<pin id="532" dir="0" index="0" bw="3" slack="0"/>
<pin id="533" dir="0" index="1" bw="3" slack="0"/>
<pin id="534" dir="1" index="2" bw="0" slack="2147483647"/>
</pin_list>
<bind>
<opcode="store(28) " fcode="store"/>
<opset="store_ln190/1 "/>
</bind>
</comp>

<comp id="536" class="1004" name="store_ln192_store_fu_536">
<pin_list>
<pin id="537" dir="0" index="0" bw="3" slack="0"/>
<pin id="538" dir="0" index="1" bw="3" slack="0"/>
<pin id="539" dir="1" index="2" bw="0" slack="2147483647"/>
</pin_list>
<bind>
<opcode="store(28) " fcode="store"/>
<opset="store_ln192/1 "/>
</bind>
</comp>

<comp id="541" class="1005" name="j_reg_541">
<pin_list>
<pin id="542" dir="0" index="0" bw="3" slack="0"/>
<pin id="543" dir="1" index="1" bw="3" slack="0"/>
</pin_list>
<bind>
<opset="j "/>
</bind>
</comp>

<comp id="548" class="1005" name="i_reg_548">
<pin_list>
<pin id="549" dir="0" index="0" bw="3" slack="0"/>
<pin id="550" dir="1" index="1" bw="3" slack="0"/>
</pin_list>
<bind>
<opset="i "/>
</bind>
</comp>

<comp id="555" class="1005" name="indvar_flatten47_reg_555">
<pin_list>
<pin id="556" dir="0" index="0" bw="5" slack="0"/>
<pin id="557" dir="1" index="1" bw="5" slack="0"/>
</pin_list>
<bind>
<opset="indvar_flatten47 "/>
</bind>
</comp>

</comp_list>

<net_list>
<net id="99"><net_src comp="48" pin="0"/><net_sink comp="96" pin=0"/></net>

<net id="103"><net_src comp="48" pin="0"/><net_sink comp="100" pin=0"/></net>

<net id="107"><net_src comp="48" pin="0"/><net_sink comp="104" pin=0"/></net>

<net id="112"><net_src comp="50" pin="0"/><net_sink comp="108" pin=0"/></net>

<net id="113"><net_src comp="46" pin="0"/><net_sink comp="108" pin=1"/></net>

<net id="118"><net_src comp="50" pin="0"/><net_sink comp="114" pin=0"/></net>

<net id="119"><net_src comp="44" pin="0"/><net_sink comp="114" pin=1"/></net>

<net id="124"><net_src comp="50" pin="0"/><net_sink comp="120" pin=0"/></net>

<net id="125"><net_src comp="42" pin="0"/><net_sink comp="120" pin=1"/></net>

<net id="130"><net_src comp="50" pin="0"/><net_sink comp="126" pin=0"/></net>

<net id="131"><net_src comp="40" pin="0"/><net_sink comp="126" pin=1"/></net>

<net id="136"><net_src comp="50" pin="0"/><net_sink comp="132" pin=0"/></net>

<net id="137"><net_src comp="38" pin="0"/><net_sink comp="132" pin=1"/></net>

<net id="142"><net_src comp="50" pin="0"/><net_sink comp="138" pin=0"/></net>

<net id="143"><net_src comp="36" pin="0"/><net_sink comp="138" pin=1"/></net>

<net id="148"><net_src comp="50" pin="0"/><net_sink comp="144" pin=0"/></net>

<net id="149"><net_src comp="34" pin="0"/><net_sink comp="144" pin=1"/></net>

<net id="154"><net_src comp="50" pin="0"/><net_sink comp="150" pin=0"/></net>

<net id="155"><net_src comp="32" pin="0"/><net_sink comp="150" pin=1"/></net>

<net id="160"><net_src comp="50" pin="0"/><net_sink comp="156" pin=0"/></net>

<net id="161"><net_src comp="30" pin="0"/><net_sink comp="156" pin=1"/></net>

<net id="166"><net_src comp="50" pin="0"/><net_sink comp="162" pin=0"/></net>

<net id="167"><net_src comp="28" pin="0"/><net_sink comp="162" pin=1"/></net>

<net id="172"><net_src comp="50" pin="0"/><net_sink comp="168" pin=0"/></net>

<net id="173"><net_src comp="26" pin="0"/><net_sink comp="168" pin=1"/></net>

<net id="178"><net_src comp="50" pin="0"/><net_sink comp="174" pin=0"/></net>

<net id="179"><net_src comp="24" pin="0"/><net_sink comp="174" pin=1"/></net>

<net id="184"><net_src comp="50" pin="0"/><net_sink comp="180" pin=0"/></net>

<net id="185"><net_src comp="22" pin="0"/><net_sink comp="180" pin=1"/></net>

<net id="190"><net_src comp="50" pin="0"/><net_sink comp="186" pin=0"/></net>

<net id="191"><net_src comp="20" pin="0"/><net_sink comp="186" pin=1"/></net>

<net id="196"><net_src comp="50" pin="0"/><net_sink comp="192" pin=0"/></net>

<net id="197"><net_src comp="18" pin="0"/><net_sink comp="192" pin=1"/></net>

<net id="202"><net_src comp="50" pin="0"/><net_sink comp="198" pin=0"/></net>

<net id="203"><net_src comp="16" pin="0"/><net_sink comp="198" pin=1"/></net>

<net id="209"><net_src comp="0" pin="0"/><net_sink comp="204" pin=0"/></net>

<net id="210"><net_src comp="72" pin="0"/><net_sink comp="204" pin=1"/></net>

<net id="216"><net_src comp="2" pin="0"/><net_sink comp="211" pin=0"/></net>

<net id="217"><net_src comp="72" pin="0"/><net_sink comp="211" pin=1"/></net>

<net id="223"><net_src comp="4" pin="0"/><net_sink comp="218" pin=0"/></net>

<net id="224"><net_src comp="72" pin="0"/><net_sink comp="218" pin=1"/></net>

<net id="230"><net_src comp="6" pin="0"/><net_sink comp="225" pin=0"/></net>

<net id="231"><net_src comp="72" pin="0"/><net_sink comp="225" pin=1"/></net>

<net id="237"><net_src comp="8" pin="0"/><net_sink comp="232" pin=0"/></net>

<net id="238"><net_src comp="72" pin="0"/><net_sink comp="232" pin=1"/></net>

<net id="244"><net_src comp="10" pin="0"/><net_sink comp="239" pin=0"/></net>

<net id="245"><net_src comp="72" pin="0"/><net_sink comp="239" pin=1"/></net>

<net id="251"><net_src comp="12" pin="0"/><net_sink comp="246" pin=0"/></net>

<net id="252"><net_src comp="72" pin="0"/><net_sink comp="246" pin=1"/></net>

<net id="258"><net_src comp="14" pin="0"/><net_sink comp="253" pin=0"/></net>

<net id="259"><net_src comp="72" pin="0"/><net_sink comp="253" pin=1"/></net>

<net id="265"><net_src comp="218" pin="3"/><net_sink comp="260" pin=0"/></net>

<net id="271"><net_src comp="246" pin="3"/><net_sink comp="266" pin=0"/></net>

<net id="277"><net_src comp="211" pin="3"/><net_sink comp="272" pin=0"/></net>

<net id="283"><net_src comp="239" pin="3"/><net_sink comp="278" pin=0"/></net>

<net id="289"><net_src comp="204" pin="3"/><net_sink comp="284" pin=0"/></net>

<net id="295"><net_src comp="232" pin="3"/><net_sink comp="290" pin=0"/></net>

<net id="301"><net_src comp="225" pin="3"/><net_sink comp="296" pin=0"/></net>

<net id="307"><net_src comp="253" pin="3"/><net_sink comp="302" pin=0"/></net>

<net id="312"><net_src comp="52" pin="0"/><net_sink comp="308" pin=0"/></net>

<net id="317"><net_src comp="54" pin="0"/><net_sink comp="313" pin=0"/></net>

<net id="322"><net_src comp="54" pin="0"/><net_sink comp="318" pin=0"/></net>

<net id="330"><net_src comp="323" pin="1"/><net_sink comp="326" pin=0"/></net>

<net id="331"><net_src comp="56" pin="0"/><net_sink comp="326" pin=1"/></net>

<net id="336"><net_src comp="323" pin="1"/><net_sink comp="332" pin=0"/></net>

<net id="337"><net_src comp="58" pin="0"/><net_sink comp="332" pin=1"/></net>

<net id="348"><net_src comp="338" pin="1"/><net_sink comp="344" pin=0"/></net>

<net id="349"><net_src comp="68" pin="0"/><net_sink comp="344" pin=1"/></net>

<net id="355"><net_src comp="344" pin="2"/><net_sink comp="350" pin=0"/></net>

<net id="356"><net_src comp="54" pin="0"/><net_sink comp="350" pin=1"/></net>

<net id="357"><net_src comp="338" pin="1"/><net_sink comp="350" pin=2"/></net>

<net id="362"><net_src comp="341" pin="1"/><net_sink comp="358" pin=0"/></net>

<net id="363"><net_src comp="70" pin="0"/><net_sink comp="358" pin=1"/></net>

<net id="369"><net_src comp="344" pin="2"/><net_sink comp="364" pin=0"/></net>

<net id="370"><net_src comp="358" pin="2"/><net_sink comp="364" pin=1"/></net>

<net id="371"><net_src comp="341" pin="1"/><net_sink comp="364" pin=2"/></net>

<net id="375"><net_src comp="364" pin="3"/><net_sink comp="372" pin=0"/></net>

<net id="376"><net_src comp="372" pin="1"/><net_sink comp="204" pin=2"/></net>

<net id="377"><net_src comp="372" pin="1"/><net_sink comp="211" pin=2"/></net>

<net id="378"><net_src comp="372" pin="1"/><net_sink comp="218" pin=2"/></net>

<net id="379"><net_src comp="372" pin="1"/><net_sink comp="225" pin=2"/></net>

<net id="380"><net_src comp="372" pin="1"/><net_sink comp="232" pin=2"/></net>

<net id="381"><net_src comp="372" pin="1"/><net_sink comp="239" pin=2"/></net>

<net id="382"><net_src comp="372" pin="1"/><net_sink comp="246" pin=2"/></net>

<net id="383"><net_src comp="372" pin="1"/><net_sink comp="253" pin=2"/></net>

<net id="387"><net_src comp="364" pin="3"/><net_sink comp="384" pin=0"/></net>

<net id="391"><net_src comp="350" pin="3"/><net_sink comp="388" pin=0"/></net>

<net id="405"><net_src comp="82" pin="0"/><net_sink comp="392" pin=0"/></net>

<net id="406"><net_src comp="84" pin="0"/><net_sink comp="392" pin=1"/></net>

<net id="407"><net_src comp="198" pin="2"/><net_sink comp="392" pin=2"/></net>

<net id="408"><net_src comp="86" pin="0"/><net_sink comp="392" pin=3"/></net>

<net id="409"><net_src comp="192" pin="2"/><net_sink comp="392" pin=4"/></net>

<net id="410"><net_src comp="88" pin="0"/><net_sink comp="392" pin=5"/></net>

<net id="411"><net_src comp="186" pin="2"/><net_sink comp="392" pin=6"/></net>

<net id="412"><net_src comp="90" pin="0"/><net_sink comp="392" pin=7"/></net>

<net id="413"><net_src comp="180" pin="2"/><net_sink comp="392" pin=8"/></net>

<net id="414"><net_src comp="92" pin="0"/><net_sink comp="392" pin=9"/></net>

<net id="415"><net_src comp="388" pin="1"/><net_sink comp="392" pin=10"/></net>

<net id="429"><net_src comp="82" pin="0"/><net_sink comp="416" pin=0"/></net>

<net id="430"><net_src comp="84" pin="0"/><net_sink comp="416" pin=1"/></net>

<net id="431"><net_src comp="174" pin="2"/><net_sink comp="416" pin=2"/></net>

<net id="432"><net_src comp="86" pin="0"/><net_sink comp="416" pin=3"/></net>

<net id="433"><net_src comp="168" pin="2"/><net_sink comp="416" pin=4"/></net>

<net id="434"><net_src comp="88" pin="0"/><net_sink comp="416" pin=5"/></net>

<net id="435"><net_src comp="162" pin="2"/><net_sink comp="416" pin=6"/></net>

<net id="436"><net_src comp="90" pin="0"/><net_sink comp="416" pin=7"/></net>

<net id="437"><net_src comp="156" pin="2"/><net_sink comp="416" pin=8"/></net>

<net id="438"><net_src comp="92" pin="0"/><net_sink comp="416" pin=9"/></net>

<net id="439"><net_src comp="388" pin="1"/><net_sink comp="416" pin=10"/></net>

<net id="453"><net_src comp="82" pin="0"/><net_sink comp="440" pin=0"/></net>

<net id="454"><net_src comp="84" pin="0"/><net_sink comp="440" pin=1"/></net>

<net id="455"><net_src comp="150" pin="2"/><net_sink comp="440" pin=2"/></net>

<net id="456"><net_src comp="86" pin="0"/><net_sink comp="440" pin=3"/></net>

<net id="457"><net_src comp="144" pin="2"/><net_sink comp="440" pin=4"/></net>

<net id="458"><net_src comp="88" pin="0"/><net_sink comp="440" pin=5"/></net>

<net id="459"><net_src comp="138" pin="2"/><net_sink comp="440" pin=6"/></net>

<net id="460"><net_src comp="90" pin="0"/><net_sink comp="440" pin=7"/></net>

<net id="461"><net_src comp="132" pin="2"/><net_sink comp="440" pin=8"/></net>

<net id="462"><net_src comp="92" pin="0"/><net_sink comp="440" pin=9"/></net>

<net id="463"><net_src comp="388" pin="1"/><net_sink comp="440" pin=10"/></net>

<net id="477"><net_src comp="82" pin="0"/><net_sink comp="464" pin=0"/></net>

<net id="478"><net_src comp="84" pin="0"/><net_sink comp="464" pin=1"/></net>

<net id="479"><net_src comp="126" pin="2"/><net_sink comp="464" pin=2"/></net>

<net id="480"><net_src comp="86" pin="0"/><net_sink comp="464" pin=3"/></net>

<net id="481"><net_src comp="120" pin="2"/><net_sink comp="464" pin=4"/></net>

<net id="482"><net_src comp="88" pin="0"/><net_sink comp="464" pin=5"/></net>

<net id="483"><net_src comp="114" pin="2"/><net_sink comp="464" pin=6"/></net>

<net id="484"><net_src comp="90" pin="0"/><net_sink comp="464" pin=7"/></net>

<net id="485"><net_src comp="108" pin="2"/><net_sink comp="464" pin=8"/></net>

<net id="486"><net_src comp="92" pin="0"/><net_sink comp="464" pin=9"/></net>

<net id="487"><net_src comp="388" pin="1"/><net_sink comp="464" pin=10"/></net>

<net id="501"><net_src comp="94" pin="0"/><net_sink comp="488" pin=0"/></net>

<net id="502"><net_src comp="84" pin="0"/><net_sink comp="488" pin=1"/></net>

<net id="503"><net_src comp="392" pin="11"/><net_sink comp="488" pin=2"/></net>

<net id="504"><net_src comp="86" pin="0"/><net_sink comp="488" pin=3"/></net>

<net id="505"><net_src comp="416" pin="11"/><net_sink comp="488" pin=4"/></net>

<net id="506"><net_src comp="88" pin="0"/><net_sink comp="488" pin=5"/></net>

<net id="507"><net_src comp="440" pin="11"/><net_sink comp="488" pin=6"/></net>

<net id="508"><net_src comp="90" pin="0"/><net_sink comp="488" pin=7"/></net>

<net id="509"><net_src comp="464" pin="11"/><net_sink comp="488" pin=8"/></net>

<net id="510"><net_src comp="92" pin="0"/><net_sink comp="488" pin=9"/></net>

<net id="511"><net_src comp="384" pin="1"/><net_sink comp="488" pin=10"/></net>

<net id="512"><net_src comp="488" pin="11"/><net_sink comp="260" pin=1"/></net>

<net id="513"><net_src comp="488" pin="11"/><net_sink comp="266" pin=1"/></net>

<net id="514"><net_src comp="488" pin="11"/><net_sink comp="272" pin=1"/></net>

<net id="515"><net_src comp="488" pin="11"/><net_sink comp="278" pin=1"/></net>

<net id="516"><net_src comp="488" pin="11"/><net_sink comp="284" pin=1"/></net>

<net id="517"><net_src comp="488" pin="11"/><net_sink comp="290" pin=1"/></net>

<net id="518"><net_src comp="488" pin="11"/><net_sink comp="296" pin=1"/></net>

<net id="519"><net_src comp="488" pin="11"/><net_sink comp="302" pin=1"/></net>

<net id="524"><net_src comp="350" pin="3"/><net_sink comp="520" pin=0"/></net>

<net id="525"><net_src comp="70" pin="0"/><net_sink comp="520" pin=1"/></net>

<net id="530"><net_src comp="332" pin="2"/><net_sink comp="526" pin=0"/></net>

<net id="535"><net_src comp="364" pin="3"/><net_sink comp="531" pin=0"/></net>

<net id="540"><net_src comp="520" pin="2"/><net_sink comp="536" pin=0"/></net>

<net id="544"><net_src comp="96" pin="1"/><net_sink comp="541" pin=0"/></net>

<net id="545"><net_src comp="541" pin="1"/><net_sink comp="318" pin=1"/></net>

<net id="546"><net_src comp="541" pin="1"/><net_sink comp="338" pin=0"/></net>

<net id="547"><net_src comp="541" pin="1"/><net_sink comp="536" pin=1"/></net>

<net id="551"><net_src comp="100" pin="1"/><net_sink comp="548" pin=0"/></net>

<net id="552"><net_src comp="548" pin="1"/><net_sink comp="313" pin=1"/></net>

<net id="553"><net_src comp="548" pin="1"/><net_sink comp="341" pin=0"/></net>

<net id="554"><net_src comp="548" pin="1"/><net_sink comp="531" pin=1"/></net>

<net id="558"><net_src comp="104" pin="1"/><net_sink comp="555" pin=0"/></net>

<net id="559"><net_src comp="555" pin="1"/><net_sink comp="308" pin=1"/></net>

<net id="560"><net_src comp="555" pin="1"/><net_sink comp="323" pin=0"/></net>

<net id="561"><net_src comp="555" pin="1"/><net_sink comp="526" pin=1"/></net>

</net_list>

</model> 
---------------- Datapath Model END ------------------

* FSMD analyzer results:
  - Output states:
	Port: R_out_real | {1 }
	Port: R_out_real_1 | {1 }
	Port: R_out_real_2 | {1 }
	Port: R_out_real_3 | {1 }
	Port: R_out_imag | {1 }
	Port: R_out_imag_1 | {1 }
	Port: R_out_imag_2 | {1 }
	Port: R_out_imag_3 | {1 }
 - Input state : 
	Port: top_Pipeline_VITIS_LOOP_190_8_VITIS_LOOP_192_9 : mux_case_02827 | {1 }
	Port: top_Pipeline_VITIS_LOOP_190_8_VITIS_LOOP_192_9 : mux_case_12838 | {1 }
	Port: top_Pipeline_VITIS_LOOP_190_8_VITIS_LOOP_192_9 : mux_case_22849 | {1 }
	Port: top_Pipeline_VITIS_LOOP_190_8_VITIS_LOOP_192_9 : mux_case_32860 | {1 }
	Port: top_Pipeline_VITIS_LOOP_190_8_VITIS_LOOP_192_9 : mux_case_0922873 | {1 }
	Port: top_Pipeline_VITIS_LOOP_190_8_VITIS_LOOP_192_9 : mux_case_1932886 | {1 }
	Port: top_Pipeline_VITIS_LOOP_190_8_VITIS_LOOP_192_9 : mux_case_2942899 | {1 }
	Port: top_Pipeline_VITIS_LOOP_190_8_VITIS_LOOP_192_9 : mux_case_3952912 | {1 }
	Port: top_Pipeline_VITIS_LOOP_190_8_VITIS_LOOP_192_9 : mux_case_0972925 | {1 }
	Port: top_Pipeline_VITIS_LOOP_190_8_VITIS_LOOP_192_9 : mux_case_1982938 | {1 }
	Port: top_Pipeline_VITIS_LOOP_190_8_VITIS_LOOP_192_9 : mux_case_2992951 | {1 }
	Port: top_Pipeline_VITIS_LOOP_190_8_VITIS_LOOP_192_9 : mux_case_31002964 | {1 }
	Port: top_Pipeline_VITIS_LOOP_190_8_VITIS_LOOP_192_9 : mux_case_01022977 | {1 }
	Port: top_Pipeline_VITIS_LOOP_190_8_VITIS_LOOP_192_9 : mux_case_11032990 | {1 }
	Port: top_Pipeline_VITIS_LOOP_190_8_VITIS_LOOP_192_9 : mux_case_21043003 | {1 }
	Port: top_Pipeline_VITIS_LOOP_190_8_VITIS_LOOP_192_9 : mux_case_31053016 | {1 }
  - Chain level:
	State 1
		store_ln0 : 1
		store_ln190 : 1
		store_ln192 : 1
		indvar_flatten47_load : 1
		icmp_ln190 : 2
		add_ln190 : 2
		br_ln190 : 3
		j_load : 1
		i_load : 1
		icmp_ln192 : 2
		select_ln190 : 3
		add_ln190_1 : 2
		select_ln190_1 : 3
		zext_ln190 : 4
		trunc_ln190 : 4
		R_out_real_addr : 5
		R_out_real_1_addr : 5
		R_out_real_2_addr : 5
		R_out_real_3_addr : 5
		R_out_imag_addr : 5
		R_out_imag_1_addr : 5
		R_out_imag_2_addr : 5
		R_out_imag_3_addr : 5
		trunc_ln192 : 4
		tmp_s : 5
		tmp_7 : 5
		tmp_8 : 5
		tmp_9 : 5
		tmp_10 : 6
		switch_ln194 : 5
		store_ln194 : 7
		store_ln195 : 7
		store_ln194 : 7
		store_ln195 : 7
		store_ln194 : 7
		store_ln195 : 7
		store_ln194 : 7
		store_ln195 : 7
		add_ln192 : 4
		store_ln190 : 3
		store_ln190 : 4
		store_ln192 : 5


============================================================
+ Verbose Summary: Datapath Resource usage 
============================================================

* Functional unit list:
|----------|------------------------------------|---------|---------|
| Operation|           Functional Unit          |    FF   |   LUT   |
|----------|------------------------------------|---------|---------|
|          |            tmp_s_fu_392            |    0    |    20   |
|          |            tmp_7_fu_416            |    0    |    20   |
| sparsemux|            tmp_8_fu_440            |    0    |    20   |
|          |            tmp_9_fu_464            |    0    |    20   |
|          |            tmp_10_fu_488           |    0    |    20   |
|----------|------------------------------------|---------|---------|
|          |          add_ln190_fu_332          |    0    |    12   |
|    add   |         add_ln190_1_fu_358         |    0    |    10   |
|          |          add_ln192_fu_520          |    0    |    10   |
|----------|------------------------------------|---------|---------|
|   icmp   |          icmp_ln190_fu_326         |    0    |    12   |
|          |          icmp_ln192_fu_344         |    0    |    10   |
|----------|------------------------------------|---------|---------|
|  select  |         select_ln190_fu_350        |    0    |    3    |
|          |        select_ln190_1_fu_364       |    0    |    3    |
|----------|------------------------------------|---------|---------|
|          | mux_case_31053016_read_read_fu_108 |    0    |    0    |
|          | mux_case_21043003_read_read_fu_114 |    0    |    0    |
|          | mux_case_11032990_read_read_fu_120 |    0    |    0    |
|          | mux_case_01022977_read_read_fu_126 |    0    |    0    |
|          | mux_case_31002964_read_read_fu_132 |    0    |    0    |
|          |  mux_case_2992951_read_read_fu_138 |    0    |    0    |
|          |  mux_case_1982938_read_read_fu_144 |    0    |    0    |
|   read   |  mux_case_0972925_read_read_fu_150 |    0    |    0    |
|          |  mux_case_3952912_read_read_fu_156 |    0    |    0    |
|          |  mux_case_2942899_read_read_fu_162 |    0    |    0    |
|          |  mux_case_1932886_read_read_fu_168 |    0    |    0    |
|          |  mux_case_0922873_read_read_fu_174 |    0    |    0    |
|          |   mux_case_32860_read_read_fu_180  |    0    |    0    |
|          |   mux_case_22849_read_read_fu_186  |    0    |    0    |
|          |   mux_case_12838_read_read_fu_192  |    0    |    0    |
|          |   mux_case_02827_read_read_fu_198  |    0    |    0    |
|----------|------------------------------------|---------|---------|
|   zext   |          zext_ln190_fu_372         |    0    |    0    |
|----------|------------------------------------|---------|---------|
|   trunc  |         trunc_ln190_fu_384         |    0    |    0    |
|          |         trunc_ln192_fu_388         |    0    |    0    |
|----------|------------------------------------|---------|---------|
|   Total  |                                    |    0    |   160   |
|----------|------------------------------------|---------|---------|

Memories:
N/A

* Register list:
+------------------------+--------+
|                        |   FF   |
+------------------------+--------+
|        i_reg_548       |    3   |
|indvar_flatten47_reg_555|    5   |
|        j_reg_541       |    3   |
+------------------------+--------+
|          Total         |   11   |
+------------------------+--------+

* Multiplexer (MUX) list: 
|--------|------|------|------|--------|
|  Comp  |  Pin | Size |  BW  | S x BW |
|--------|------|------|------|--------|
|  Total |      |      |      |    0   |
|--------|------|------|------|--------|



* Summary:
+-----------+--------+--------+
|           |   FF   |   LUT  |
+-----------+--------+--------+
|  Function |    0   |   160  |
|   Memory  |    -   |    -   |
|Multiplexer|    -   |    -   |
|  Register |   11   |    -   |
+-----------+--------+--------+
|   Total   |   11   |   160  |
+-----------+--------+--------+
