

================================================================
== Synthesis Summary Report of 'top'
================================================================
+ General Information: 
    * Date:           Thu Mar  5 00:42:53 2026
    * Version:        2023.2 (Build 4023990 on Oct 11 2023)
    * Project:        CGR_QR_WBS
    * Solution:       solution1 (Vivado IP Flow Target)
    * Product family: zynquplus
    * Target device:  xczu7ev-ffvc1156-2-e
    

+ Performance & Resource Estimates: 
    
    PS: '+' for module; 'o' for loop; '*' for dataflow
    +---------------------------------------------------+------+------+---------+-----------+----------+---------+------+----------+---------+---------+------------+-------------+-----+
    |                      Modules                      | Issue|      | Latency |  Latency  | Iteration|         | Trip |          |         |         |            |             |     |
    |                      & Loops                      | Type | Slack| (cycles)|    (ns)   |  Latency | Interval| Count| Pipelined|  BRAM   |   DSP   |     FF     |     LUT     | URAM|
    +---------------------------------------------------+------+------+---------+-----------+----------+---------+------+----------+---------+---------+------------+-------------+-----+
    |+ top                                              |     -|  0.00|     1675|  1.675e+04|         -|     1676|     -|        no|  24 (3%)|  32 (1%)|  28754 (6%)|  23462 (10%)|    -|
    | + top_Pipeline_READ_INIT_VITIS_LOOP_87_1          |     -|  0.00|       67|    670.000|         -|       67|     -|        no|        -|        -|   468 (~0%)|   1666 (~0%)|    -|
    |  o READ_INIT_VITIS_LOOP_87_1                      |    II|  8.75|       65|    650.000|        12|        2|    28|       yes|        -|        -|           -|            -|    -|
    | + top_Pipeline_VITIS_LOOP_181_6_VITIS_LOOP_183_7  |     -|  5.57|       30|    300.000|         -|       30|     -|        no|        -|        -|    13 (~0%)|    479 (~0%)|    -|
    |  o VITIS_LOOP_181_6_VITIS_LOOP_183_7              |     -|  8.75|       28|    280.000|         1|        1|    28|       yes|        -|        -|           -|            -|    -|
    | + top_Pipeline_VITIS_LOOP_190_8_VITIS_LOOP_192_9  |     -|  5.71|       18|    180.000|         -|       18|     -|        no|        -|        -|    13 (~0%)|    226 (~0%)|    -|
    |  o VITIS_LOOP_190_8_VITIS_LOOP_192_9              |     -|  8.75|       16|    160.000|         1|        1|    16|       yes|        -|        -|           -|            -|    -|
    | + top_Pipeline_WRITE_Q_VITIS_LOOP_206_10          |     -|  0.00|       65|    650.000|         -|       65|     -|        no|        -|        -|   624 (~0%)|    871 (~0%)|    -|
    |  o WRITE_Q_VITIS_LOOP_206_10                      |    II|  8.75|       63|    630.000|        10|        2|    28|       yes|        -|        -|           -|            -|    -|
    | + top_Pipeline_WRITE_R_VITIS_LOOP_216_11          |     -|  0.00|       41|    410.000|         -|       41|     -|        no|        -|        -|   623 (~0%)|    871 (~0%)|    -|
    |  o WRITE_R_VITIS_LOOP_216_11                      |    II|  8.75|       39|    390.000|        10|        2|    16|       yes|        -|        -|           -|            -|    -|
    | o GIVENS_QRD                                      |     -|  8.75|     1508|  1.508e+04|       377|        -|     4|        no|        -|        -|           -|            -|    -|
    |  + top_Pipeline_VITIS_LOOP_119_2                  |     -|  0.05|      374|  3.740e+03|         -|      374|     -|        no|        -|  32 (1%)|  18048 (3%)|   14423 (6%)|    -|
    |   o VITIS_LOOP_119_2                              |    II|  8.75|      372|  3.720e+03|        63|       62|     6|       yes|        -|        -|           -|            -|    -|
    +---------------------------------------------------+------+------+---------+-----------+----------+---------+------+----------+---------+---------+------------+-------------+-----+


================================================================
== HW Interfaces
================================================================
* M_AXI
+------------+------------+---------------+---------+--------+----------+-----------+--------------+--------------+-------------+-------------+-------------------+
| Interface  | Data Width | Address Width | Latency | Offset | Register | Max Widen | Max Read     | Max Write    | Num Read    | Num Write   | Resource Estimate |
|            | (SW->HW)   |               |         |        |          | Bitwidth  | Burst Length | Burst Length | Outstanding | Outstanding |                   |
+------------+------------+---------------+---------+--------+----------+-----------+--------------+--------------+-------------+-------------+-------------------+
| m_axi_memA | 64 -> 64   | 64            | 0       | slave  | 0        | 0         | 16           | 16           | 16          | 16          | BRAM=8            |
| m_axi_memQ | 64 -> 64   | 64            | 0       | slave  | 0        | 0         | 16           | 16           | 16          | 16          | BRAM=8            |
| m_axi_memR | 64 -> 64   | 64            | 0       | slave  | 0        | 0         | 16           | 16           | 16          | 16          | BRAM=8            |
+------------+------------+---------------+---------+--------+----------+-----------+--------------+--------------+-------------+-------------+-------------------+

* S_AXILITE Interfaces
+---------------+------------+---------------+--------+----------+
| Interface     | Data Width | Address Width | Offset | Register |
+---------------+------------+---------------+--------+----------+
| s_axi_control | 32         | 6             | 16     | 0        |
+---------------+------------+---------------+--------+----------+

* S_AXILITE Registers
+---------------+----------+--------+-------+--------+----------------------------------+----------------------------------------------------------------------+
| Interface     | Register | Offset | Width | Access | Description                      | Bit Fields                                                           |
+---------------+----------+--------+-------+--------+----------------------------------+----------------------------------------------------------------------+
| s_axi_control | CTRL     | 0x00   | 32    | RW     | Control signals                  | 0=AP_START 1=AP_DONE 2=AP_IDLE 3=AP_READY 7=AUTO_RESTART 9=INTERRUPT |
| s_axi_control | GIER     | 0x04   | 32    | RW     | Global Interrupt Enable Register | 0=Enable                                                             |
| s_axi_control | IP_IER   | 0x08   | 32    | RW     | IP Interrupt Enable Register     | 0=CHAN0_INT_EN 1=CHAN1_INT_EN                                        |
| s_axi_control | IP_ISR   | 0x0c   | 32    | RW     | IP Interrupt Status Register     | 0=CHAN0_INT_ST 1=CHAN1_INT_ST                                        |
| s_axi_control | A_DRAM_1 | 0x10   | 32    | W      | Data signal of A_DRAM            |                                                                      |
| s_axi_control | A_DRAM_2 | 0x14   | 32    | W      | Data signal of A_DRAM            |                                                                      |
| s_axi_control | Q_DRAM_1 | 0x1c   | 32    | W      | Data signal of Q_DRAM            |                                                                      |
| s_axi_control | Q_DRAM_2 | 0x20   | 32    | W      | Data signal of Q_DRAM            |                                                                      |
| s_axi_control | R_DRAM_1 | 0x28   | 32    | W      | Data signal of R_DRAM            |                                                                      |
| s_axi_control | R_DRAM_2 | 0x2c   | 32    | W      | Data signal of R_DRAM            |                                                                      |
+---------------+----------+--------+-------+--------+----------------------------------+----------------------------------------------------------------------+

* TOP LEVEL CONTROL
+-----------+------------+-----------+
| Interface | Type       | Ports     |
+-----------+------------+-----------+
| ap_clk    | clock      | ap_clk    |
| ap_rst_n  | reset      | ap_rst_n  |
| interrupt | interrupt  | interrupt |
| ap_ctrl   | ap_ctrl_hs |           |
+-----------+------------+-----------+


================================================================
== SW I/O Information
================================================================
* Top Function Arguments
+----------+-----------+----------+
| Argument | Direction | Datatype |
+----------+-----------+----------+
| A_DRAM   | in        | re_im*   |
| Q_DRAM   | out       | re_im*   |
| R_DRAM   | out       | re_im*   |
+----------+-----------+----------+

* SW-to-HW Mapping
+----------+---------------+-----------+----------+------------------------------------+
| Argument | HW Interface  | HW Type   | HW Usage | HW Info                            |
+----------+---------------+-----------+----------+------------------------------------+
| A_DRAM   | m_axi_memA    | interface |          |                                    |
| A_DRAM   | s_axi_control | register  | offset   | name=A_DRAM_1 offset=0x10 range=32 |
| A_DRAM   | s_axi_control | register  | offset   | name=A_DRAM_2 offset=0x14 range=32 |
| Q_DRAM   | m_axi_memQ    | interface |          |                                    |
| Q_DRAM   | s_axi_control | register  | offset   | name=Q_DRAM_1 offset=0x1c range=32 |
| Q_DRAM   | s_axi_control | register  | offset   | name=Q_DRAM_2 offset=0x20 range=32 |
| R_DRAM   | m_axi_memR    | interface |          |                                    |
| R_DRAM   | s_axi_control | register  | offset   | name=R_DRAM_1 offset=0x28 range=32 |
| R_DRAM   | s_axi_control | register  | offset   | name=R_DRAM_2 offset=0x2c range=32 |
+----------+---------------+-----------+----------+------------------------------------+


================================================================
== M_AXI Burst Information
================================================================
 Note: All burst requests might be further partitioned into multiple requests during RTL generation based on max_read_burst_length or max_write_burst_length settings.

* All M_AXI Variable Accesses
+--------------+----------+----------------------+-----------+--------------+--------+-------------------+----------------------+------------+---------------------------------------------------------------------------------------------------------+
| HW Interface | Variable | Access Location      | Direction | Burst Status | Length | Loop              | Loop Location        | Resolution | Problem                                                                                                 |
+--------------+----------+----------------------+-----------+--------------+--------+-------------------+----------------------+------------+---------------------------------------------------------------------------------------------------------+
| m_axi_memA   | A_DRAM   | top_cmplx.cpp:91:33  | read      | Widen Fail   |        | VITIS_LOOP_87_1   | top_cmplx.cpp:87:22  | 214-353    | Could not widen since type float size is greater than or equal to the max_widen_bitwidth threshold of 0 |
| m_axi_memA   | A_DRAM   | top_cmplx.cpp:91:33  | read      | Inferred     | 56     | READ_INIT         | top_cmplx.cpp:85:1   |            |                                                                                                         |
| m_axi_memA   | A_DRAM   | top_cmplx.cpp:92:33  | read      | Widen Fail   |        | VITIS_LOOP_87_1   | top_cmplx.cpp:87:22  | 214-353    | Could not widen since type float size is greater than or equal to the max_widen_bitwidth threshold of 0 |
| m_axi_memA   | A_DRAM   | top_cmplx.cpp:92:33  | read      | Inferred     | 56     | READ_INIT         | top_cmplx.cpp:85:1   |            |                                                                                                         |
| m_axi_memQ   | Q_DRAM   | top_cmplx.cpp:208:27 | write     | Widen Fail   |        | VITIS_LOOP_206_10 | top_cmplx.cpp:206:24 | 214-353    | Could not widen since type float size is greater than or equal to the max_widen_bitwidth threshold of 0 |
| m_axi_memQ   | Q_DRAM   | top_cmplx.cpp:208:27 | write     | Inferred     | 56     | WRITE_Q           | top_cmplx.cpp:204:1  |            |                                                                                                         |
| m_axi_memQ   | Q_DRAM   | top_cmplx.cpp:209:27 | write     | Widen Fail   |        | VITIS_LOOP_206_10 | top_cmplx.cpp:206:24 | 214-353    | Could not widen since type float size is greater than or equal to the max_widen_bitwidth threshold of 0 |
| m_axi_memQ   | Q_DRAM   | top_cmplx.cpp:209:27 | write     | Inferred     | 56     | WRITE_Q           | top_cmplx.cpp:204:1  |            |                                                                                                         |
| m_axi_memR   | R_DRAM   | top_cmplx.cpp:218:27 | write     | Widen Fail   |        | VITIS_LOOP_216_11 | top_cmplx.cpp:216:24 | 214-353    | Could not widen since type float size is greater than or equal to the max_widen_bitwidth threshold of 0 |
| m_axi_memR   | R_DRAM   | top_cmplx.cpp:218:27 | write     | Inferred     | 32     | WRITE_R           | top_cmplx.cpp:214:1  |            |                                                                                                         |
| m_axi_memR   | R_DRAM   | top_cmplx.cpp:219:27 | write     | Widen Fail   |        | VITIS_LOOP_216_11 | top_cmplx.cpp:216:24 | 214-353    | Could not widen since type float size is greater than or equal to the max_widen_bitwidth threshold of 0 |
| m_axi_memR   | R_DRAM   | top_cmplx.cpp:219:27 | write     | Inferred     | 32     | WRITE_R           | top_cmplx.cpp:214:1  |            |                                                                                                         |
+--------------+----------+----------------------+-----------+--------------+--------+-------------------+----------------------+------------+---------------------------------------------------------------------------------------------------------+

    * Resolution URL: docs.xilinx.com/access/sources/dita/topic?Doc_Version=2023.2%20English&url=ug1448-hls-guidance&resourceid=XXX-YYY.html (replace XXX-YYY with column value)

================================================================
== Bind Op Report
================================================================
+---------------------------------------------------+-----+--------+--------------+-------+---------+---------+
| Name                                              | DSP | Pragma | Variable     | Op    | Impl    | Latency |
+---------------------------------------------------+-----+--------+--------------+-------+---------+---------+
| + top                                             | 32  |        |              |       |         |         |
|   empty_fu_1442_p2                                |     |        | empty        | add   | fabric  | 0       |
|   empty_39_fu_1806_p2                             |     |        | empty_39     | add   | fabric  | 0       |
|   empty_40_fu_1820_p2                             |     |        | empty_40     | add   | fabric  | 0       |
|  + top_Pipeline_READ_INIT_VITIS_LOOP_87_1         | 0   |        |              |       |         |         |
|    add_ln85_fu_685_p2                             |     |        | add_ln85     | add   | fabric  | 0       |
|    add_ln85_1_fu_711_p2                           |     |        | add_ln85_1   | add   | fabric  | 0       |
|    add_ln91_fu_743_p2                             |     |        | add_ln91     | add   | fabric  | 0       |
|    add_ln91_1_fu_838_p2                           |     |        | add_ln91_1   | add   | fabric  | 0       |
|    add_ln87_fu_759_p2                             |     |        | add_ln87     | add   | fabric  | 0       |
|  + top_Pipeline_VITIS_LOOP_181_6_VITIS_LOOP_183_7 | 0   |        |              |       |         |         |
|    add_ln181_fu_660_p2                            |     |        | add_ln181    | add   | fabric  | 0       |
|    add_ln181_1_fu_686_p2                          |     |        | add_ln181_1  | add   | fabric  | 0       |
|    add_ln183_fu_1132_p2                           |     |        | add_ln183    | add   | fabric  | 0       |
|  + top_Pipeline_VITIS_LOOP_190_8_VITIS_LOOP_192_9 | 0   |        |              |       |         |         |
|    add_ln190_fu_332_p2                            |     |        | add_ln190    | add   | fabric  | 0       |
|    add_ln190_1_fu_358_p2                          |     |        | add_ln190_1  | add   | fabric  | 0       |
|    add_ln192_fu_520_p2                            |     |        | add_ln192    | add   | fabric  | 0       |
|  + top_Pipeline_VITIS_LOOP_119_2                  | 32  |        |              |       |         |         |
|    add_ln119_fu_18607_p2                          |     |        | add_ln119    | add   | fabric  | 0       |
|    fmul_32ns_32ns_32_2_max_dsp_1_U72              | 3   |        | mul          | fmul  | maxdsp  | 1       |
|    fmul_32ns_32ns_32_2_max_dsp_1_U73              | 3   |        | mul1         | fmul  | maxdsp  | 1       |
|    faddfsub_32ns_32ns_32_4_full_dsp_1_U68         | 2   |        | p_x_assign   | fadd  | fulldsp | 3       |
|    fsqrt_32ns_32ns_32_7_no_dsp_1_U83              |     |        | a_mag        | fsqrt | fabric  | 6       |
|    fmul_32ns_32ns_32_2_max_dsp_1_U74              | 3   |        | mul2         | fmul  | maxdsp  | 1       |
|    fmul_32ns_32ns_32_2_max_dsp_1_U75              | 3   |        | mul3         | fmul  | maxdsp  | 1       |
|    faddfsub_32ns_32ns_32_4_full_dsp_1_U69         | 2   |        | p_x_assign_1 | fadd  | fulldsp | 3       |
|    fsqrt_32ns_32ns_32_7_no_dsp_1_U84              |     |        | b_mag        | fsqrt | fabric  | 6       |
|    fmul_32ns_32ns_32_2_max_dsp_1_U72              | 3   |        | mul_i        | fmul  | maxdsp  | 1       |
|    fmul_32ns_32ns_32_2_max_dsp_1_U73              | 3   |        | mul1_i       | fmul  | maxdsp  | 1       |
|    faddfsub_32ns_32ns_32_4_full_dsp_1_U68         | 2   |        | p_x_assign_2 | fadd  | fulldsp | 3       |
|    fsqrt_32ns_32ns_32_7_no_dsp_1_U83              |     |        | r            | fsqrt | fabric  | 6       |
|    fdiv_32ns_32ns_32_8_no_dsp_1_U80               |     |        | cr           | fdiv  | fabric  | 7       |
|    fdiv_32ns_32ns_32_8_no_dsp_1_U81               |     |        | sr           | fdiv  | fabric  | 7       |
|    fmul_32ns_32ns_32_2_max_dsp_1_U72              | 3   |        | mul_i1       | fmul  | maxdsp  | 1       |
|    fmul_32ns_32ns_32_2_max_dsp_1_U73              | 3   |        | mul17_i      | fmul  | maxdsp  | 1       |
|    faddfsub_32ns_32ns_32_4_full_dsp_1_U68         | 2   |        | R_real       | fadd  | fulldsp | 3       |
|    fmul_32ns_32ns_32_2_max_dsp_1_U74              | 3   |        | mul23_i      | fmul  | maxdsp  | 1       |
|    fmul_32ns_32ns_32_2_max_dsp_1_U75              | 3   |        | mul24_i      | fmul  | maxdsp  | 1       |
|    faddfsub_32ns_32ns_32_4_full_dsp_1_U69         | 2   |        | R_imag       | fadd  | fulldsp | 3       |
|    fmul_32ns_32ns_32_2_max_dsp_1_U76              | 3   |        | mul31_i      | fmul  | maxdsp  | 1       |
|    fmul_32ns_32ns_32_2_max_dsp_1_U77              | 3   |        | mul32_i      | fmul  | maxdsp  | 1       |
|    fadd_32ns_32ns_32_4_full_dsp_1_U70             | 2   |        | R_real_1     | fadd  | fulldsp | 3       |
|    fmul_32ns_32ns_32_2_max_dsp_1_U78              | 3   |        | mul38_i      | fmul  | maxdsp  | 1       |
|    fmul_32ns_32ns_32_2_max_dsp_1_U79              | 3   |        | mul39_i      | fmul  | maxdsp  | 1       |
|    fadd_32ns_32ns_32_4_full_dsp_1_U71             | 2   |        | R_imag_1     | fadd  | fulldsp | 3       |
|    fmul_32ns_32ns_32_2_max_dsp_1_U72              | 3   |        | mul_i2       | fmul  | maxdsp  | 1       |
|    fmul_32ns_32ns_32_2_max_dsp_1_U73              | 3   |        | mul17_i1     | fmul  | maxdsp  | 1       |
|    faddfsub_32ns_32ns_32_4_full_dsp_1_U68         | 2   |        | R_real_2     | fadd  | fulldsp | 3       |
|    fmul_32ns_32ns_32_2_max_dsp_1_U74              | 3   |        | mul23_i1     | fmul  | maxdsp  | 1       |
|    fmul_32ns_32ns_32_2_max_dsp_1_U75              | 3   |        | mul24_i1     | fmul  | maxdsp  | 1       |
|    faddfsub_32ns_32ns_32_4_full_dsp_1_U69         | 2   |        | R_imag_2     | fadd  | fulldsp | 3       |
|    fmul_32ns_32ns_32_2_max_dsp_1_U76              | 3   |        | mul31_i1     | fmul  | maxdsp  | 1       |
|    fmul_32ns_32ns_32_2_max_dsp_1_U77              | 3   |        | mul32_i1     | fmul  | maxdsp  | 1       |
|    fadd_32ns_32ns_32_4_full_dsp_1_U70             | 2   |        | R_real_3     | fadd  | fulldsp | 3       |
|    fmul_32ns_32ns_32_2_max_dsp_1_U78              | 3   |        | mul38_i1     | fmul  | maxdsp  | 1       |
|    fmul_32ns_32ns_32_2_max_dsp_1_U79              | 3   |        | mul39_i1     | fmul  | maxdsp  | 1       |
|    fadd_32ns_32ns_32_4_full_dsp_1_U71             | 2   |        | R_imag_3     | fadd  | fulldsp | 3       |
|    fmul_32ns_32ns_32_2_max_dsp_1_U72              | 3   |        | mul_i3       | fmul  | maxdsp  | 1       |
|    fmul_32ns_32ns_32_2_max_dsp_1_U73              | 3   |        | mul17_i2     | fmul  | maxdsp  | 1       |
|    faddfsub_32ns_32ns_32_4_full_dsp_1_U68         | 2   |        | R_real_4     | fadd  | fulldsp | 3       |
|    fmul_32ns_32ns_32_2_max_dsp_1_U74              | 3   |        | mul23_i2     | fmul  | maxdsp  | 1       |
|    fmul_32ns_32ns_32_2_max_dsp_1_U75              | 3   |        | mul24_i2     | fmul  | maxdsp  | 1       |
|    faddfsub_32ns_32ns_32_4_full_dsp_1_U69         | 2   |        | R_imag_4     | fadd  | fulldsp | 3       |
|    fmul_32ns_32ns_32_2_max_dsp_1_U76              | 3   |        | mul31_i2     | fmul  | maxdsp  | 1       |
|    fmul_32ns_32ns_32_2_max_dsp_1_U77              | 3   |        | mul32_i2     | fmul  | maxdsp  | 1       |
|    fadd_32ns_32ns_32_4_full_dsp_1_U70             | 2   |        | R_real_5     | fadd  | fulldsp | 3       |
|    fmul_32ns_32ns_32_2_max_dsp_1_U78              | 3   |        | mul38_i2     | fmul  | maxdsp  | 1       |
|    fmul_32ns_32ns_32_2_max_dsp_1_U79              | 3   |        | mul39_i2     | fmul  | maxdsp  | 1       |
|    fadd_32ns_32ns_32_4_full_dsp_1_U71             | 2   |        | R_imag_5     | fadd  | fulldsp | 3       |
|    fmul_32ns_32ns_32_2_max_dsp_1_U72              | 3   |        | mul_i4       | fmul  | maxdsp  | 1       |
|    fmul_32ns_32ns_32_2_max_dsp_1_U73              | 3   |        | mul17_i3     | fmul  | maxdsp  | 1       |
|    faddfsub_32ns_32ns_32_4_full_dsp_1_U68         | 2   |        | R_real_6     | fadd  | fulldsp | 3       |
|    fmul_32ns_32ns_32_2_max_dsp_1_U74              | 3   |        | mul23_i3     | fmul  | maxdsp  | 1       |
|    fmul_32ns_32ns_32_2_max_dsp_1_U75              | 3   |        | mul24_i3     | fmul  | maxdsp  | 1       |
|    faddfsub_32ns_32ns_32_4_full_dsp_1_U69         | 2   |        | R_imag_6     | fadd  | fulldsp | 3       |
|    fmul_32ns_32ns_32_2_max_dsp_1_U76              | 3   |        | mul31_i3     | fmul  | maxdsp  | 1       |
|    fmul_32ns_32ns_32_2_max_dsp_1_U77              | 3   |        | mul32_i3     | fmul  | maxdsp  | 1       |
|    fadd_32ns_32ns_32_4_full_dsp_1_U70             | 2   |        | R_real_7     | fadd  | fulldsp | 3       |
|    fmul_32ns_32ns_32_2_max_dsp_1_U78              | 3   |        | mul38_i3     | fmul  | maxdsp  | 1       |
|    fmul_32ns_32ns_32_2_max_dsp_1_U79              | 3   |        | mul39_i3     | fmul  | maxdsp  | 1       |
|    fadd_32ns_32ns_32_4_full_dsp_1_U71             | 2   |        | R_imag_7     | fadd  | fulldsp | 3       |
|    fmul_32ns_32ns_32_2_max_dsp_1_U72              | 3   |        | mul4         | fmul  | maxdsp  | 1       |
|    fmul_32ns_32ns_32_2_max_dsp_1_U73              | 3   |        | mul5         | fmul  | maxdsp  | 1       |
|    faddfsub_32ns_32ns_32_4_full_dsp_1_U68         | 2   |        | sub          | fadd  | fulldsp | 3       |
|    fmul_32ns_32ns_32_2_max_dsp_1_U74              | 3   |        | mul6         | fmul  | maxdsp  | 1       |
|    fmul_32ns_32ns_32_2_max_dsp_1_U75              | 3   |        | mul7         | fmul  | maxdsp  | 1       |
|    faddfsub_32ns_32ns_32_4_full_dsp_1_U69         | 2   |        | sub1         | fadd  | fulldsp | 3       |
|    fmul_32ns_32ns_32_2_max_dsp_1_U76              | 3   |        | mul8         | fmul  | maxdsp  | 1       |
|    fmul_32ns_32ns_32_2_max_dsp_1_U77              | 3   |        | mul9         | fmul  | maxdsp  | 1       |
|    fadd_32ns_32ns_32_4_full_dsp_1_U70             | 2   |        | add          | fadd  | fulldsp | 3       |
|    fmul_32ns_32ns_32_2_max_dsp_1_U78              | 3   |        | mul10        | fmul  | maxdsp  | 1       |
|    fmul_32ns_32ns_32_2_max_dsp_1_U79              | 3   |        | mul11        | fmul  | maxdsp  | 1       |
|    fadd_32ns_32ns_32_4_full_dsp_1_U71             | 2   |        | add1         | fadd  | fulldsp | 3       |
|    fmul_32ns_32ns_32_2_max_dsp_1_U72              | 3   |        | mul138_1     | fmul  | maxdsp  | 1       |
|    fmul_32ns_32ns_32_2_max_dsp_1_U73              | 3   |        | mul139_1     | fmul  | maxdsp  | 1       |
|    faddfsub_32ns_32ns_32_4_full_dsp_1_U68         | 2   |        | sub140_1     | fadd  | fulldsp | 3       |
|    fmul_32ns_32ns_32_2_max_dsp_1_U74              | 3   |        | mul147_1     | fmul  | maxdsp  | 1       |
|    fmul_32ns_32ns_32_2_max_dsp_1_U75              | 3   |        | mul148_1     | fmul  | maxdsp  | 1       |
|    faddfsub_32ns_32ns_32_4_full_dsp_1_U69         | 2   |        | sub149_1     | fadd  | fulldsp | 3       |
|    fmul_32ns_32ns_32_2_max_dsp_1_U76              | 3   |        | mul156_1     | fmul  | maxdsp  | 1       |
|    fmul_32ns_32ns_32_2_max_dsp_1_U77              | 3   |        | mul157_1     | fmul  | maxdsp  | 1       |
|    fadd_32ns_32ns_32_4_full_dsp_1_U70             | 2   |        | add158_1     | fadd  | fulldsp | 3       |
|    fmul_32ns_32ns_32_2_max_dsp_1_U78              | 3   |        | mul164_1     | fmul  | maxdsp  | 1       |
|    fmul_32ns_32ns_32_2_max_dsp_1_U79              | 3   |        | mul165_1     | fmul  | maxdsp  | 1       |
|    fadd_32ns_32ns_32_4_full_dsp_1_U71             | 2   |        | add166_1     | fadd  | fulldsp | 3       |
|    fmul_32ns_32ns_32_2_max_dsp_1_U72              | 3   |        | mul138_2     | fmul  | maxdsp  | 1       |
|    fmul_32ns_32ns_32_2_max_dsp_1_U73              | 3   |        | mul139_2     | fmul  | maxdsp  | 1       |
|    faddfsub_32ns_32ns_32_4_full_dsp_1_U68         | 2   |        | sub140_2     | fadd  | fulldsp | 3       |
|    fmul_32ns_32ns_32_2_max_dsp_1_U74              | 3   |        | mul147_2     | fmul  | maxdsp  | 1       |
|    fmul_32ns_32ns_32_2_max_dsp_1_U75              | 3   |        | mul148_2     | fmul  | maxdsp  | 1       |
|    faddfsub_32ns_32ns_32_4_full_dsp_1_U69         | 2   |        | sub149_2     | fadd  | fulldsp | 3       |
|    fmul_32ns_32ns_32_2_max_dsp_1_U76              | 3   |        | mul156_2     | fmul  | maxdsp  | 1       |
|    fmul_32ns_32ns_32_2_max_dsp_1_U77              | 3   |        | mul157_2     | fmul  | maxdsp  | 1       |
|    fadd_32ns_32ns_32_4_full_dsp_1_U70             | 2   |        | add158_2     | fadd  | fulldsp | 3       |
|    fmul_32ns_32ns_32_2_max_dsp_1_U78              | 3   |        | mul164_2     | fmul  | maxdsp  | 1       |
|    fmul_32ns_32ns_32_2_max_dsp_1_U79              | 3   |        | mul165_2     | fmul  | maxdsp  | 1       |
|    fadd_32ns_32ns_32_4_full_dsp_1_U71             | 2   |        | add166_2     | fadd  | fulldsp | 3       |
|    fmul_32ns_32ns_32_2_max_dsp_1_U72              | 3   |        | mul138_3     | fmul  | maxdsp  | 1       |
|    fmul_32ns_32ns_32_2_max_dsp_1_U73              | 3   |        | mul139_3     | fmul  | maxdsp  | 1       |
|    faddfsub_32ns_32ns_32_4_full_dsp_1_U68         | 2   |        | sub140_3     | fadd  | fulldsp | 3       |
|    fmul_32ns_32ns_32_2_max_dsp_1_U74              | 3   |        | mul147_3     | fmul  | maxdsp  | 1       |
|    fmul_32ns_32ns_32_2_max_dsp_1_U75              | 3   |        | mul148_3     | fmul  | maxdsp  | 1       |
|    faddfsub_32ns_32ns_32_4_full_dsp_1_U69         | 2   |        | sub149_3     | fadd  | fulldsp | 3       |
|    fmul_32ns_32ns_32_2_max_dsp_1_U76              | 3   |        | mul156_3     | fmul  | maxdsp  | 1       |
|    fmul_32ns_32ns_32_2_max_dsp_1_U77              | 3   |        | mul157_3     | fmul  | maxdsp  | 1       |
|    fadd_32ns_32ns_32_4_full_dsp_1_U70             | 2   |        | add158_3     | fadd  | fulldsp | 3       |
|    fmul_32ns_32ns_32_2_max_dsp_1_U78              | 3   |        | mul164_3     | fmul  | maxdsp  | 1       |
|    fmul_32ns_32ns_32_2_max_dsp_1_U79              | 3   |        | mul165_3     | fmul  | maxdsp  | 1       |
|    fadd_32ns_32ns_32_4_full_dsp_1_U71             | 2   |        | add166_3     | fadd  | fulldsp | 3       |
|  + top_Pipeline_WRITE_Q_VITIS_LOOP_206_10         | 0   |        |              |       |         |         |
|    add_ln204_fu_371_p2                            |     |        | add_ln204    | add   | fabric  | 0       |
|    add_ln204_1_fu_403_p2                          |     |        | add_ln204_1  | add   | fabric  | 0       |
|    add_ln206_fu_506_p2                            |     |        | add_ln206    | add   | fabric  | 0       |
|    add_ln206_1_fu_644_p2                          |     |        | add_ln206_1  | add   | fabric  | 0       |
|    add_ln206_2_fu_429_p2                          |     |        | add_ln206_2  | add   | fabric  | 0       |
|  + top_Pipeline_WRITE_R_VITIS_LOOP_216_11         | 0   |        |              |       |         |         |
|    add_ln214_fu_369_p2                            |     |        | add_ln214    | add   | fabric  | 0       |
|    add_ln214_1_fu_401_p2                          |     |        | add_ln214_1  | add   | fabric  | 0       |
|    add_ln216_fu_508_p2                            |     |        | add_ln216    | add   | fabric  | 0       |
|    add_ln216_1_fu_646_p2                          |     |        | add_ln216_1  | add   | fabric  | 0       |
|    add_ln216_2_fu_431_p2                          |     |        | add_ln216_2  | add   | fabric  | 0       |
+---------------------------------------------------+-----+--------+--------------+-------+---------+---------+


================================================================
== Storage Report
================================================================
+-------------------+--------------+-----------+------+------+--------+--------------+------+---------+------------------+
| Name              | Usage        | Type      | BRAM | URAM | Pragma | Variable     | Impl | Latency | Bitwidth, Depth, |
|                   |              |           |      |      |        |              |      |         | Banks            |
+-------------------+--------------+-----------+------+------+--------+--------------+------+---------+------------------+
| + top             |              |           | 24   | 0    |        |              |      |         |                  |
|   control_s_axi_U | interface    | s_axilite |      |      |        |              |      |         |                  |
|   memA_m_axi_U    | interface    | m_axi     | 8    |      |        |              |      |         |                  |
|   memQ_m_axi_U    | interface    | m_axi     | 8    |      |        |              |      |         |                  |
|   memR_m_axi_U    | interface    | m_axi     | 8    |      |        |              |      |         |                  |
|   Q_out_real_U    | ram_1p array |           |      |      |        | Q_out_real   | auto | 1       | 32, 7, 1         |
|   Q_out_real_1_U  | ram_1p array |           |      |      |        | Q_out_real_1 | auto | 1       | 32, 7, 1         |
|   Q_out_real_2_U  | ram_1p array |           |      |      |        | Q_out_real_2 | auto | 1       | 32, 7, 1         |
|   Q_out_real_3_U  | ram_1p array |           |      |      |        | Q_out_real_3 | auto | 1       | 32, 7, 1         |
|   Q_out_imag_U    | ram_1p array |           |      |      |        | Q_out_imag   | auto | 1       | 32, 7, 1         |
|   Q_out_imag_1_U  | ram_1p array |           |      |      |        | Q_out_imag_1 | auto | 1       | 32, 7, 1         |
|   Q_out_imag_2_U  | ram_1p array |           |      |      |        | Q_out_imag_2 | auto | 1       | 32, 7, 1         |
|   Q_out_imag_3_U  | ram_1p array |           |      |      |        | Q_out_imag_3 | auto | 1       | 32, 7, 1         |
|   R_out_real_U    | ram_1p array |           |      |      |        | R_out_real   | auto | 1       | 32, 7, 1         |
|   R_out_real_1_U  | ram_1p array |           |      |      |        | R_out_real_1 | auto | 1       | 32, 7, 1         |
|   R_out_real_2_U  | ram_1p array |           |      |      |        | R_out_real_2 | auto | 1       | 32, 7, 1         |
|   R_out_real_3_U  | ram_1p array |           |      |      |        | R_out_real_3 | auto | 1       | 32, 7, 1         |
|   R_out_imag_U    | ram_1p array |           |      |      |        | R_out_imag   | auto | 1       | 32, 7, 1         |
|   R_out_imag_1_U  | ram_1p array |           |      |      |        | R_out_imag_1 | auto | 1       | 32, 7, 1         |
|   R_out_imag_2_U  | ram_1p array |           |      |      |        | R_out_imag_2 | auto | 1       | 32, 7, 1         |
|   R_out_imag_3_U  | ram_1p array |           |      |      |        | R_out_imag_3 | auto | 1       | 32, 7, 1         |
+-------------------+--------------+-----------+------+------+--------+--------------+------+---------+------------------+


================================================================
== Pragma Report
================================================================
* Valid Pragma Syntax
+-----------------+---------------------------------------------------------------+---------------------------------+
| Type            | Options                                                       | Location                        |
+-----------------+---------------------------------------------------------------+---------------------------------+
| interface       | m_axi port=A_DRAM depth=(10 -4 +1)*4 offset=slave bundle=memA | top_cmplx.cpp:58 in top, A_DRAM |
| interface       | m_axi port=Q_DRAM depth=(10 -4 +1)*4 offset=slave bundle=memQ | top_cmplx.cpp:59 in top, Q_DRAM |
| interface       | m_axi port=R_DRAM depth=4*4 offset=slave bundle=memR          | top_cmplx.cpp:60 in top, R_DRAM |
| interface       | s_axilite port=return                                         | top_cmplx.cpp:61 in top, return |
| array_partition | variable=A dim=0 complete                                     | top_cmplx.cpp:73 in top, A      |
| array_partition | variable=Q dim=0 complete                                     | top_cmplx.cpp:74 in top, Q      |
| array_partition | variable=R dim=0 complete                                     | top_cmplx.cpp:75 in top, R      |
| array_partition | variable=Q_out dim=2 type=complete                            | top_cmplx.cpp:77 in top, Q_out  |
| array_partition | variable=R_out dim=2 type=complete                            | top_cmplx.cpp:78 in top, R_out  |
| pipeline        | II=1                                                          | top_cmplx.cpp:139 in top        |
+-----------------+---------------------------------------------------------------+---------------------------------+


