

================================================================
== Vitis HLS Report for 'top_Pipeline_VITIS_LOOP_181_6_VITIS_LOOP_183_7'
================================================================
* Date:           Thu Mar  5 00:42:51 2026

* Version:        2023.2 (Build 4023990 on Oct 11 2023)
* Project:        CGR_QR_WBS
* Solution:       solution1 (Vivado IP Flow Target)
* Product family: zynquplus
* Target device:  xczu7ev-ffvc1156-2-e


================================================================
== Performance Estimates
================================================================
+ Timing: 
    * Summary: 
    +--------+----------+----------+------------+
    |  Clock |  Target  | Estimated| Uncertainty|
    +--------+----------+----------+------------+
    |ap_clk  |  10.00 ns|  3.182 ns|     1.25 ns|
    +--------+----------+----------+------------+

+ Latency: 
    * Summary: 
    +---------+---------+----------+----------+-----+-----+---------+
    |  Latency (cycles) |  Latency (absolute) |  Interval | Pipeline|
    |   min   |   max   |    min   |    max   | min | max |   Type  |
    +---------+---------+----------+----------+-----+-----+---------+
    |       30|       30|  0.300 us|  0.300 us|   30|   30|       no|
    +---------+---------+----------+----------+-----+-----+---------+

    + Detail: 
        * Instance: 
        N/A

        * Loop: 
        +-------------------------------------+---------+---------+----------+-----------+-----------+------+----------+
        |                                     |  Latency (cycles) | Iteration|  Initiation Interval  | Trip |          |
        |              Loop Name              |   min   |   max   |  Latency |  achieved |   target  | Count| Pipelined|
        +-------------------------------------+---------+---------+----------+-----------+-----------+------+----------+
        |- VITIS_LOOP_181_6_VITIS_LOOP_183_7  |       28|       28|         1|          1|          1|    28|       yes|
        +-------------------------------------+---------+---------+----------+-----------+-----------+------+----------+



================================================================
== Utilization Estimates
================================================================
* Summary: 
+-----------------+---------+------+--------+--------+-----+
|       Name      | BRAM_18K|  DSP |   FF   |   LUT  | URAM|
+-----------------+---------+------+--------+--------+-----+
|DSP              |        -|     -|       -|       -|    -|
|Expression       |        -|     -|       0|      62|    -|
|FIFO             |        -|     -|       -|       -|    -|
|Instance         |        -|     -|       0|     354|    -|
|Memory           |        -|     -|       -|       -|    -|
|Multiplexer      |        -|     -|       -|      63|    -|
|Register         |        -|     -|      13|       -|    -|
+-----------------+---------+------+--------+--------+-----+
|Total            |        0|     0|      13|     479|    0|
+-----------------+---------+------+--------+--------+-----+
|Available        |      624|  1728|  460800|  230400|   96|
+-----------------+---------+------+--------+--------+-----+
|Utilization (%)  |        0|     0|      ~0|      ~0|    0|
+-----------------+---------+------+--------+--------+-----+

+ Detail: 
    * Instance: 
    +----------------------------+-----------------------+---------+----+---+----+-----+
    |          Instance          |         Module        | BRAM_18K| DSP| FF| LUT| URAM|
    +----------------------------+-----------------------+---------+----+---+----+-----+
    |sparsemux_15_3_32_1_1_U335  |sparsemux_15_3_32_1_1  |        0|   0|  0|  37|    0|
    |sparsemux_15_3_32_1_1_U343  |sparsemux_15_3_32_1_1  |        0|   0|  0|  37|    0|
    |sparsemux_9_2_32_1_1_U328   |sparsemux_9_2_32_1_1   |        0|   0|  0|  20|    0|
    |sparsemux_9_2_32_1_1_U329   |sparsemux_9_2_32_1_1   |        0|   0|  0|  20|    0|
    |sparsemux_9_2_32_1_1_U330   |sparsemux_9_2_32_1_1   |        0|   0|  0|  20|    0|
    |sparsemux_9_2_32_1_1_U331   |sparsemux_9_2_32_1_1   |        0|   0|  0|  20|    0|
    |sparsemux_9_2_32_1_1_U332   |sparsemux_9_2_32_1_1   |        0|   0|  0|  20|    0|
    |sparsemux_9_2_32_1_1_U333   |sparsemux_9_2_32_1_1   |        0|   0|  0|  20|    0|
    |sparsemux_9_2_32_1_1_U334   |sparsemux_9_2_32_1_1   |        0|   0|  0|  20|    0|
    |sparsemux_9_2_32_1_1_U336   |sparsemux_9_2_32_1_1   |        0|   0|  0|  20|    0|
    |sparsemux_9_2_32_1_1_U337   |sparsemux_9_2_32_1_1   |        0|   0|  0|  20|    0|
    |sparsemux_9_2_32_1_1_U338   |sparsemux_9_2_32_1_1   |        0|   0|  0|  20|    0|
    |sparsemux_9_2_32_1_1_U339   |sparsemux_9_2_32_1_1   |        0|   0|  0|  20|    0|
    |sparsemux_9_2_32_1_1_U340   |sparsemux_9_2_32_1_1   |        0|   0|  0|  20|    0|
    |sparsemux_9_2_32_1_1_U341   |sparsemux_9_2_32_1_1   |        0|   0|  0|  20|    0|
    |sparsemux_9_2_32_1_1_U342   |sparsemux_9_2_32_1_1   |        0|   0|  0|  20|    0|
    +----------------------------+-----------------------+---------+----+---+----+-----+
    |Total                       |                       |        0|   0|  0| 354|    0|
    +----------------------------+-----------------------+---------+----+---+----+-----+

    * DSP: 
    N/A

    * Memory: 
    N/A

    * FIFO: 
    N/A

    * Expression: 
    +--------------------------+----------+----+---+----+------------+------------+
    |       Variable Name      | Operation| DSP| FF| LUT| Bitwidth P0| Bitwidth P1|
    +--------------------------+----------+----+---+----+------------+------------+
    |add_ln181_1_fu_686_p2     |         +|   0|  0|  10|           3|           1|
    |add_ln181_fu_660_p2       |         +|   0|  0|  12|           5|           1|
    |add_ln183_fu_1132_p2      |         +|   0|  0|  10|           3|           1|
    |icmp_ln181_fu_654_p2      |      icmp|   0|  0|  12|           5|           4|
    |icmp_ln183_fu_672_p2      |      icmp|   0|  0|  12|           3|           4|
    |select_ln181_1_fu_692_p3  |    select|   0|  0|   3|           1|           3|
    |select_ln181_fu_678_p3    |    select|   0|  0|   3|           1|           1|
    +--------------------------+----------+----+---+----+------------+------------+
    |Total                     |          |   0|  0|  62|          21|          15|
    +--------------------------+----------+----+---+----+------------+------------+

    * Multiplexer: 
    +----------------------------------------+----+-----------+-----+-----------+
    |                  Name                  | LUT| Input Size| Bits| Total Bits|
    +----------------------------------------+----+-----------+-----+-----------+
    |ap_done_int                             |   9|          2|    1|          2|
    |ap_sig_allocacmp_i_load                 |   9|          2|    3|          6|
    |ap_sig_allocacmp_indvar_flatten40_load  |   9|          2|    5|         10|
    |ap_sig_allocacmp_j_load                 |   9|          2|    3|          6|
    |i_fu_188                                |   9|          2|    3|          6|
    |indvar_flatten40_fu_192                 |   9|          2|    5|         10|
    |j_fu_184                                |   9|          2|    3|          6|
    +----------------------------------------+----+-----------+-----+-----------+
    |Total                                   |  63|         14|   23|         46|
    +----------------------------------------+----+-----------+-----+-----------+

    * Register: 
    +-------------------------+---+----+-----+-----------+
    |           Name          | FF| LUT| Bits| Const Bits|
    +-------------------------+---+----+-----+-----------+
    |ap_CS_fsm                |  1|   0|    1|          0|
    |ap_done_reg              |  1|   0|    1|          0|
    |i_fu_188                 |  3|   0|    3|          0|
    |indvar_flatten40_fu_192  |  5|   0|    5|          0|
    |j_fu_184                 |  3|   0|    3|          0|
    +-------------------------+---+----+-----+-----------+
    |Total                    | 13|   0|   13|          0|
    +-------------------------+---+----+-----+-----------+



================================================================
== Interface
================================================================
* Summary: 
+-----------------------+-----+-----+------------+------------------------------------------------+--------------+
|       RTL Ports       | Dir | Bits|  Protocol  |                  Source Object                 |    C Type    |
+-----------------------+-----+-----+------------+------------------------------------------------+--------------+
|ap_clk                 |   in|    1|  ap_ctrl_hs|  top_Pipeline_VITIS_LOOP_181_6_VITIS_LOOP_183_7|  return value|
|ap_rst                 |   in|    1|  ap_ctrl_hs|  top_Pipeline_VITIS_LOOP_181_6_VITIS_LOOP_183_7|  return value|
|ap_start               |   in|    1|  ap_ctrl_hs|  top_Pipeline_VITIS_LOOP_181_6_VITIS_LOOP_183_7|  return value|
|ap_done                |  out|    1|  ap_ctrl_hs|  top_Pipeline_VITIS_LOOP_181_6_VITIS_LOOP_183_7|  return value|
|ap_idle                |  out|    1|  ap_ctrl_hs|  top_Pipeline_VITIS_LOOP_181_6_VITIS_LOOP_183_7|  return value|
|ap_ready               |  out|    1|  ap_ctrl_hs|  top_Pipeline_VITIS_LOOP_181_6_VITIS_LOOP_183_7|  return value|
|Q_out_real_address0    |  out|    3|   ap_memory|                                      Q_out_real|         array|
|Q_out_real_ce0         |  out|    1|   ap_memory|                                      Q_out_real|         array|
|Q_out_real_we0         |  out|    1|   ap_memory|                                      Q_out_real|         array|
|Q_out_real_d0          |  out|   32|   ap_memory|                                      Q_out_real|         array|
|Q_out_real_1_address0  |  out|    3|   ap_memory|                                    Q_out_real_1|         array|
|Q_out_real_1_ce0       |  out|    1|   ap_memory|                                    Q_out_real_1|         array|
|Q_out_real_1_we0       |  out|    1|   ap_memory|                                    Q_out_real_1|         array|
|Q_out_real_1_d0        |  out|   32|   ap_memory|                                    Q_out_real_1|         array|
|Q_out_real_2_address0  |  out|    3|   ap_memory|                                    Q_out_real_2|         array|
|Q_out_real_2_ce0       |  out|    1|   ap_memory|                                    Q_out_real_2|         array|
|Q_out_real_2_we0       |  out|    1|   ap_memory|                                    Q_out_real_2|         array|
|Q_out_real_2_d0        |  out|   32|   ap_memory|                                    Q_out_real_2|         array|
|Q_out_real_3_address0  |  out|    3|   ap_memory|                                    Q_out_real_3|         array|
|Q_out_real_3_ce0       |  out|    1|   ap_memory|                                    Q_out_real_3|         array|
|Q_out_real_3_we0       |  out|    1|   ap_memory|                                    Q_out_real_3|         array|
|Q_out_real_3_d0        |  out|   32|   ap_memory|                                    Q_out_real_3|         array|
|Q_out_imag_address0    |  out|    3|   ap_memory|                                      Q_out_imag|         array|
|Q_out_imag_ce0         |  out|    1|   ap_memory|                                      Q_out_imag|         array|
|Q_out_imag_we0         |  out|    1|   ap_memory|                                      Q_out_imag|         array|
|Q_out_imag_d0          |  out|   32|   ap_memory|                                      Q_out_imag|         array|
|Q_out_imag_1_address0  |  out|    3|   ap_memory|                                    Q_out_imag_1|         array|
|Q_out_imag_1_ce0       |  out|    1|   ap_memory|                                    Q_out_imag_1|         array|
|Q_out_imag_1_we0       |  out|    1|   ap_memory|                                    Q_out_imag_1|         array|
|Q_out_imag_1_d0        |  out|   32|   ap_memory|                                    Q_out_imag_1|         array|
|Q_out_imag_2_address0  |  out|    3|   ap_memory|                                    Q_out_imag_2|         array|
|Q_out_imag_2_ce0       |  out|    1|   ap_memory|                                    Q_out_imag_2|         array|
|Q_out_imag_2_we0       |  out|    1|   ap_memory|                                    Q_out_imag_2|         array|
|Q_out_imag_2_d0        |  out|   32|   ap_memory|                                    Q_out_imag_2|         array|
|Q_out_imag_3_address0  |  out|    3|   ap_memory|                                    Q_out_imag_3|         array|
|Q_out_imag_3_ce0       |  out|    1|   ap_memory|                                    Q_out_imag_3|         array|
|Q_out_imag_3_we0       |  out|    1|   ap_memory|                                    Q_out_imag_3|         array|
|Q_out_imag_3_d0        |  out|   32|   ap_memory|                                    Q_out_imag_3|         array|
|mux_case_04303519      |   in|   32|     ap_none|                               mux_case_04303519|        scalar|
|mux_case_14313528      |   in|   32|     ap_none|                               mux_case_14313528|        scalar|
|mux_case_24323536      |   in|   32|     ap_none|                               mux_case_24323536|        scalar|
|mux_case_34333544      |   in|   32|     ap_none|                               mux_case_34333544|        scalar|
|mux_case_04353552      |   in|   32|     ap_none|                               mux_case_04353552|        scalar|
|mux_case_14363560      |   in|   32|     ap_none|                               mux_case_14363560|        scalar|
|mux_case_24373569      |   in|   32|     ap_none|                               mux_case_24373569|        scalar|
|mux_case_34383577      |   in|   32|     ap_none|                               mux_case_34383577|        scalar|
|mux_case_04403585      |   in|   32|     ap_none|                               mux_case_04403585|        scalar|
|mux_case_14413593      |   in|   32|     ap_none|                               mux_case_14413593|        scalar|
|mux_case_24423601      |   in|   32|     ap_none|                               mux_case_24423601|        scalar|
|mux_case_34433610      |   in|   32|     ap_none|                               mux_case_34433610|        scalar|
|mux_case_04453618      |   in|   32|     ap_none|                               mux_case_04453618|        scalar|
|mux_case_14463626      |   in|   32|     ap_none|                               mux_case_14463626|        scalar|
|mux_case_24473634      |   in|   32|     ap_none|                               mux_case_24473634|        scalar|
|mux_case_34483642      |   in|   32|     ap_none|                               mux_case_34483642|        scalar|
|mux_case_04503651      |   in|   32|     ap_none|                               mux_case_04503651|        scalar|
|mux_case_14513660      |   in|   32|     ap_none|                               mux_case_14513660|        scalar|
|mux_case_24523668      |   in|   32|     ap_none|                               mux_case_24523668|        scalar|
|mux_case_34533676      |   in|   32|     ap_none|                               mux_case_34533676|        scalar|
|mux_case_04553684      |   in|   32|     ap_none|                               mux_case_04553684|        scalar|
|mux_case_14563692      |   in|   32|     ap_none|                               mux_case_14563692|        scalar|
|mux_case_24573701      |   in|   32|     ap_none|                               mux_case_24573701|        scalar|
|mux_case_34583709      |   in|   32|     ap_none|                               mux_case_34583709|        scalar|
|mux_case_05153915      |   in|   32|     ap_none|                               mux_case_05153915|        scalar|
|mux_case_15163923      |   in|   32|     ap_none|                               mux_case_15163923|        scalar|
|mux_case_25173931      |   in|   32|     ap_none|                               mux_case_25173931|        scalar|
|mux_case_35183940      |   in|   32|     ap_none|                               mux_case_35183940|        scalar|
|mux_case_04603717      |   in|   32|     ap_none|                               mux_case_04603717|        scalar|
|mux_case_14613726      |   in|   32|     ap_none|                               mux_case_14613726|        scalar|
|mux_case_24623734      |   in|   32|     ap_none|                               mux_case_24623734|        scalar|
|mux_case_34633742      |   in|   32|     ap_none|                               mux_case_34633742|        scalar|
|mux_case_04653750      |   in|   32|     ap_none|                               mux_case_04653750|        scalar|
|mux_case_14663758      |   in|   32|     ap_none|                               mux_case_14663758|        scalar|
|mux_case_24673767      |   in|   32|     ap_none|                               mux_case_24673767|        scalar|
|mux_case_34683775      |   in|   32|     ap_none|                               mux_case_34683775|        scalar|
|mux_case_04703783      |   in|   32|     ap_none|                               mux_case_04703783|        scalar|
|mux_case_14713791      |   in|   32|     ap_none|                               mux_case_14713791|        scalar|
|mux_case_24723799      |   in|   32|     ap_none|                               mux_case_24723799|        scalar|
|mux_case_34733808      |   in|   32|     ap_none|                               mux_case_34733808|        scalar|
|mux_case_04753816      |   in|   32|     ap_none|                               mux_case_04753816|        scalar|
|mux_case_14763824      |   in|   32|     ap_none|                               mux_case_14763824|        scalar|
|mux_case_24773832      |   in|   32|     ap_none|                               mux_case_24773832|        scalar|
|mux_case_34783840      |   in|   32|     ap_none|                               mux_case_34783840|        scalar|
|mux_case_04803849      |   in|   32|     ap_none|                               mux_case_04803849|        scalar|
|mux_case_14813858      |   in|   32|     ap_none|                               mux_case_14813858|        scalar|
|mux_case_24823866      |   in|   32|     ap_none|                               mux_case_24823866|        scalar|
|mux_case_34833874      |   in|   32|     ap_none|                               mux_case_34833874|        scalar|
|mux_case_04853882      |   in|   32|     ap_none|                               mux_case_04853882|        scalar|
|mux_case_14863890      |   in|   32|     ap_none|                               mux_case_14863890|        scalar|
|mux_case_24873899      |   in|   32|     ap_none|                               mux_case_24873899|        scalar|
|mux_case_34883907      |   in|   32|     ap_none|                               mux_case_34883907|        scalar|
|mux_case_05453948      |   in|   32|     ap_none|                               mux_case_05453948|        scalar|
|mux_case_15463956      |   in|   32|     ap_none|                               mux_case_15463956|        scalar|
|mux_case_25473964      |   in|   32|     ap_none|                               mux_case_25473964|        scalar|
|mux_case_35483973      |   in|   32|     ap_none|                               mux_case_35483973|        scalar|
+-----------------------+-----+-----+------------+------------------------------------------------+--------------+

