

================================================================
== Vitis HLS Report for 'top_Pipeline_WRITE_Q_VITIS_LOOP_206_10'
================================================================
* Date:           Thu Mar  5 00:42:51 2026

* Version:        2023.2 (Build 4023990 on Oct 11 2023)
* Project:        CGR_QR_WBS
* Solution:       solution1 (Vivado IP Flow Target)
* Product family: zynquplus
* Target device:  xczu7ev-ffvc1156-2-e


================================================================
== Performance Estimates
================================================================
+ Timing: 
    * Summary: 
    +--------+----------+----------+------------+
    |  Clock |  Target  | Estimated| Uncertainty|
    +--------+----------+----------+------------+
    |ap_clk  |  10.00 ns|  8.750 ns|     1.25 ns|
    +--------+----------+----------+------------+

+ Latency: 
    * Summary: 
    +---------+---------+----------+----------+-----+-----+---------+
    |  Latency (cycles) |  Latency (absolute) |  Interval | Pipeline|
    |   min   |   max   |    min   |    max   | min | max |   Type  |
    +---------+---------+----------+----------+-----+-----+---------+
    |       65|       65|  0.650 us|  0.650 us|   65|   65|       no|
    +---------+---------+----------+----------+-----+-----+---------+

    + Detail: 
        * Instance: 
        N/A

        * Loop: 
        +-----------------------------+---------+---------+----------+-----------+-----------+------+----------+
        |                             |  Latency (cycles) | Iteration|  Initiation Interval  | Trip |          |
        |          Loop Name          |   min   |   max   |  Latency |  achieved |   target  | Count| Pipelined|
        +-----------------------------+---------+---------+----------+-----------+-----------+------+----------+
        |- WRITE_Q_VITIS_LOOP_206_10  |       63|       63|        10|          2|          1|    28|       yes|
        +-----------------------------+---------+---------+----------+-----------+-----------+------+----------+



================================================================
== Utilization Estimates
================================================================
* Summary: 
+-----------------+---------+------+--------+--------+-----+
|       Name      | BRAM_18K|  DSP |   FF   |   LUT  | URAM|
+-----------------+---------+------+--------+--------+-----+
|DSP              |        -|     -|       -|       -|    -|
|Expression       |        -|     -|       0|     635|    -|
|FIFO             |        -|     -|       -|       -|    -|
|Instance         |        -|     -|       0|      40|    -|
|Memory           |        -|     -|       -|       -|    -|
|Multiplexer      |        -|     -|       -|     164|    -|
|Register         |        -|     -|     624|      32|    -|
+-----------------+---------+------+--------+--------+-----+
|Total            |        0|     0|     624|     871|    0|
+-----------------+---------+------+--------+--------+-----+
|Available        |      624|  1728|  460800|  230400|   96|
+-----------------+---------+------+--------+--------+-----+
|Utilization (%)  |        0|     0|      ~0|      ~0|    0|
+-----------------+---------+------+--------+--------+-----+

+ Detail: 
    * Instance: 
    +---------------------------+----------------------+---------+----+---+----+-----+
    |          Instance         |        Module        | BRAM_18K| DSP| FF| LUT| URAM|
    +---------------------------+----------------------+---------+----+---+----+-----+
    |sparsemux_9_2_32_1_1_U438  |sparsemux_9_2_32_1_1  |        0|   0|  0|  20|    0|
    |sparsemux_9_2_32_1_1_U439  |sparsemux_9_2_32_1_1  |        0|   0|  0|  20|    0|
    +---------------------------+----------------------+---------+----+---+----+-----+
    |Total                      |                      |        0|   0|  0|  40|    0|
    +---------------------------+----------------------+---------+----+---+----+-----+

    * DSP: 
    N/A

    * Memory: 
    N/A

    * FIFO: 
    N/A

    * Expression: 
    +-----------------------------------+----------+----+---+-----+------------+------------+
    |           Variable Name           | Operation| DSP| FF| LUT | Bitwidth P0| Bitwidth P1|
    +-----------------------------------+----------+----+---+-----+------------+------------+
    |add_ln204_1_fu_403_p2              |         +|   0|  0|   10|           3|           1|
    |add_ln204_fu_371_p2                |         +|   0|  0|   12|           5|           1|
    |add_ln206_1_fu_644_p2              |         +|   0|  0|   71|          64|          64|
    |add_ln206_2_fu_429_p2              |         +|   0|  0|   10|           3|           1|
    |add_ln206_fu_506_p2                |         +|   0|  0|   71|          64|          64|
    |ap_block_pp0_stage0_01001          |       and|   0|  0|    2|           1|           1|
    |ap_block_pp0_stage1_01001          |       and|   0|  0|    2|           1|           1|
    |ap_block_state10_pp0_stage1_iter4  |       and|   0|  0|    2|           1|           1|
    |ap_block_state3_io                 |       and|   0|  0|    2|           1|           1|
    |ap_block_state5_io                 |       and|   0|  0|    2|           1|           1|
    |ap_block_state9_pp0_stage0_iter4   |       and|   0|  0|    2|           1|           1|
    |ap_condition_346                   |       and|   0|  0|    2|           1|           1|
    |ap_condition_358                   |       and|   0|  0|    2|           1|           1|
    |ap_condition_652                   |       and|   0|  0|    2|           1|           1|
    |ap_condition_657                   |       and|   0|  0|    2|           1|           1|
    |ap_condition_661                   |       and|   0|  0|    2|           1|           1|
    |icmp_ln204_fu_365_p2               |      icmp|   0|  0|   12|           5|           4|
    |icmp_ln206_fu_383_p2               |      icmp|   0|  0|   12|           3|           4|
    |ap_block_pp0_stage0_11001          |        or|   0|  0|    2|           1|           1|
    |ap_block_pp0_stage1_11001          |        or|   0|  0|    2|           1|           1|
    |ap_block_state4_io                 |        or|   0|  0|    2|           1|           1|
    |or_ln204_fu_389_p2                 |        or|   0|  0|    2|           1|           1|
    |or_ln206_1_fu_614_p2               |        or|   0|  0|    3|           3|           1|
    |or_ln206_fu_540_p2                 |        or|   0|  0|    6|           6|           1|
    |select_ln204_1_fu_409_p3           |    select|   0|  0|    3|           1|           3|
    |select_ln204_fu_395_p3             |    select|   0|  0|    3|           1|           1|
    |shl_ln206_2_fu_598_p2              |       shl|   0|  0|  179|          64|          64|
    |shl_ln206_4_fu_702_p2              |       shl|   0|  0|   16|           4|           8|
    |shl_ln206_5_fu_718_p2              |       shl|   0|  0|  179|          64|          64|
    |shl_ln206_fu_582_p2                |       shl|   0|  0|   16|           4|           8|
    |ap_enable_pp0                      |       xor|   0|  0|    2|           1|           2|
    +-----------------------------------+----------+----+---+-----+------------+------------+
    |Total                              |          |   0|  0|  635|         310|         306|
    +-----------------------------------+----------+----+---+-----+------------+------------+

    * Multiplexer: 
    +----------------------------------------+----+-----------+-----+-----------+
    |                  Name                  | LUT| Input Size| Bits| Total Bits|
    +----------------------------------------+----+-----------+-----+-----------+
    |ap_NS_fsm                               |  14|          3|    1|          3|
    |ap_done_int                             |   9|          2|    1|          2|
    |ap_enable_reg_pp0_iter0                 |   9|          2|    1|          2|
    |ap_enable_reg_pp0_iter1                 |   9|          2|    1|          2|
    |ap_sig_allocacmp_i_load                 |   9|          2|    3|          6|
    |ap_sig_allocacmp_indvar_flatten54_load  |   9|          2|    5|         10|
    |ap_sig_allocacmp_j_load                 |   9|          2|    3|          6|
    |i_fu_124                                |   9|          2|    3|          6|
    |indvar_flatten54_fu_128                 |   9|          2|    5|         10|
    |j_fu_120                                |   9|          2|    3|          6|
    |m_axi_memQ_AWADDR                       |  14|          3|   64|        192|
    |m_axi_memQ_WDATA                        |  14|          3|   64|        192|
    |m_axi_memQ_WSTRB                        |  14|          3|    8|         24|
    |memQ_blk_n_AW                           |   9|          2|    1|          2|
    |memQ_blk_n_B                            |   9|          2|    1|          2|
    |memQ_blk_n_W                            |   9|          2|    1|          2|
    +----------------------------------------+----+-----------+-----+-----------+
    |Total                                   | 164|         36|  165|        467|
    +----------------------------------------+----+-----------+-----+-----------+

    * Register: 
    +----------------------------------+----+----+-----+-----------+
    |               Name               | FF | LUT| Bits| Const Bits|
    +----------------------------------+----+----+-----+-----------+
    |Q_out_imag_1_load7_fu_140         |  32|   0|   32|          0|
    |Q_out_imag_2_load5_fu_136         |  32|   0|   32|          0|
    |Q_out_imag_3_load3_fu_132         |  32|   0|   32|          0|
    |Q_out_imag_load9_fu_144           |  32|   0|   32|          0|
    |Q_out_real_1_load15_fu_156        |  32|   0|   32|          0|
    |Q_out_real_2_load13_fu_152        |  32|   0|   32|          0|
    |Q_out_real_3_load11_fu_148        |  32|   0|   32|          0|
    |Q_out_real_load17_fu_160          |  32|   0|   32|          0|
    |ap_CS_fsm                         |   2|   0|    2|          0|
    |ap_done_reg                       |   1|   0|    1|          0|
    |ap_enable_reg_pp0_iter0_reg       |   1|   0|    1|          0|
    |ap_enable_reg_pp0_iter1           |   1|   0|    1|          0|
    |ap_enable_reg_pp0_iter2           |   1|   0|    1|          0|
    |ap_enable_reg_pp0_iter3           |   1|   0|    1|          0|
    |ap_enable_reg_pp0_iter4           |   1|   0|    1|          0|
    |ap_loop_exit_ready_pp0_iter1_reg  |   1|   0|    1|          0|
    |ap_loop_exit_ready_pp0_iter2_reg  |   1|   0|    1|          0|
    |ap_loop_exit_ready_pp0_iter3_reg  |   1|   0|    1|          0|
    |i_fu_124                          |   3|   0|    3|          0|
    |icmp_ln204_reg_829                |   1|   0|    1|          0|
    |indvar_flatten54_fu_128           |   5|   0|    5|          0|
    |j_fu_120                          |   3|   0|    3|          0|
    |or_ln204_reg_833                  |   1|   0|    1|          0|
    |select_ln204_1_reg_843            |   3|   0|    3|          0|
    |select_ln204_reg_837              |   3|   0|    3|          0|
    |shl_ln206_2_reg_905               |  64|   0|   64|          0|
    |shl_ln206_4_reg_921               |   8|   0|    8|          0|
    |shl_ln206_5_reg_926               |  64|   0|   64|          0|
    |shl_ln206_reg_900                 |   8|   0|    8|          0|
    |trunc_ln206_2_reg_895             |  61|   0|   61|          0|
    |trunc_ln206_3_reg_916             |  61|   0|   61|          0|
    |trunc_ln206_reg_889               |   2|   0|    2|          0|
    |zext_ln206_1_cast_reg_819         |   3|   0|    8|          5|
    |zext_ln206_cast_reg_824           |   3|   0|    8|          5|
    |icmp_ln204_reg_829                |  64|  32|    1|          0|
    +----------------------------------+----+----+-----+-----------+
    |Total                             | 624|  32|  571|         10|
    +----------------------------------+----+----+-----+-----------+



================================================================
== Interface
================================================================
* Summary: 
+-----------------------+-----+-----+------------+----------------------------------------+--------------+
|       RTL Ports       | Dir | Bits|  Protocol  |              Source Object             |    C Type    |
+-----------------------+-----+-----+------------+----------------------------------------+--------------+
|ap_clk                 |   in|    1|  ap_ctrl_hs|  top_Pipeline_WRITE_Q_VITIS_LOOP_206_10|  return value|
|ap_rst                 |   in|    1|  ap_ctrl_hs|  top_Pipeline_WRITE_Q_VITIS_LOOP_206_10|  return value|
|ap_start               |   in|    1|  ap_ctrl_hs|  top_Pipeline_WRITE_Q_VITIS_LOOP_206_10|  return value|
|ap_done                |  out|    1|  ap_ctrl_hs|  top_Pipeline_WRITE_Q_VITIS_LOOP_206_10|  return value|
|ap_idle                |  out|    1|  ap_ctrl_hs|  top_Pipeline_WRITE_Q_VITIS_LOOP_206_10|  return value|
|ap_ready               |  out|    1|  ap_ctrl_hs|  top_Pipeline_WRITE_Q_VITIS_LOOP_206_10|  return value|
|m_axi_memQ_AWVALID     |  out|    1|       m_axi|                                    memQ|       pointer|
|m_axi_memQ_AWREADY     |   in|    1|       m_axi|                                    memQ|       pointer|
|m_axi_memQ_AWADDR      |  out|   64|       m_axi|                                    memQ|       pointer|
|m_axi_memQ_AWID        |  out|    1|       m_axi|                                    memQ|       pointer|
|m_axi_memQ_AWLEN       |  out|   32|       m_axi|                                    memQ|       pointer|
|m_axi_memQ_AWSIZE      |  out|    3|       m_axi|                                    memQ|       pointer|
|m_axi_memQ_AWBURST     |  out|    2|       m_axi|                                    memQ|       pointer|
|m_axi_memQ_AWLOCK      |  out|    2|       m_axi|                                    memQ|       pointer|
|m_axi_memQ_AWCACHE     |  out|    4|       m_axi|                                    memQ|       pointer|
|m_axi_memQ_AWPROT      |  out|    3|       m_axi|                                    memQ|       pointer|
|m_axi_memQ_AWQOS       |  out|    4|       m_axi|                                    memQ|       pointer|
|m_axi_memQ_AWREGION    |  out|    4|       m_axi|                                    memQ|       pointer|
|m_axi_memQ_AWUSER      |  out|    1|       m_axi|                                    memQ|       pointer|
|m_axi_memQ_WVALID      |  out|    1|       m_axi|                                    memQ|       pointer|
|m_axi_memQ_WREADY      |   in|    1|       m_axi|                                    memQ|       pointer|
|m_axi_memQ_WDATA       |  out|   64|       m_axi|                                    memQ|       pointer|
|m_axi_memQ_WSTRB       |  out|    8|       m_axi|                                    memQ|       pointer|
|m_axi_memQ_WLAST       |  out|    1|       m_axi|                                    memQ|       pointer|
|m_axi_memQ_WID         |  out|    1|       m_axi|                                    memQ|       pointer|
|m_axi_memQ_WUSER       |  out|    1|       m_axi|                                    memQ|       pointer|
|m_axi_memQ_ARVALID     |  out|    1|       m_axi|                                    memQ|       pointer|
|m_axi_memQ_ARREADY     |   in|    1|       m_axi|                                    memQ|       pointer|
|m_axi_memQ_ARADDR      |  out|   64|       m_axi|                                    memQ|       pointer|
|m_axi_memQ_ARID        |  out|    1|       m_axi|                                    memQ|       pointer|
|m_axi_memQ_ARLEN       |  out|   32|       m_axi|                                    memQ|       pointer|
|m_axi_memQ_ARSIZE      |  out|    3|       m_axi|                                    memQ|       pointer|
|m_axi_memQ_ARBURST     |  out|    2|       m_axi|                                    memQ|       pointer|
|m_axi_memQ_ARLOCK      |  out|    2|       m_axi|                                    memQ|       pointer|
|m_axi_memQ_ARCACHE     |  out|    4|       m_axi|                                    memQ|       pointer|
|m_axi_memQ_ARPROT      |  out|    3|       m_axi|                                    memQ|       pointer|
|m_axi_memQ_ARQOS       |  out|    4|       m_axi|                                    memQ|       pointer|
|m_axi_memQ_ARREGION    |  out|    4|       m_axi|                                    memQ|       pointer|
|m_axi_memQ_ARUSER      |  out|    1|       m_axi|                                    memQ|       pointer|
|m_axi_memQ_RVALID      |   in|    1|       m_axi|                                    memQ|       pointer|
|m_axi_memQ_RREADY      |  out|    1|       m_axi|                                    memQ|       pointer|
|m_axi_memQ_RDATA       |   in|   64|       m_axi|                                    memQ|       pointer|
|m_axi_memQ_RLAST       |   in|    1|       m_axi|                                    memQ|       pointer|
|m_axi_memQ_RID         |   in|    1|       m_axi|                                    memQ|       pointer|
|m_axi_memQ_RFIFONUM    |   in|    9|       m_axi|                                    memQ|       pointer|
|m_axi_memQ_RUSER       |   in|    1|       m_axi|                                    memQ|       pointer|
|m_axi_memQ_RRESP       |   in|    2|       m_axi|                                    memQ|       pointer|
|m_axi_memQ_BVALID      |   in|    1|       m_axi|                                    memQ|       pointer|
|m_axi_memQ_BREADY      |  out|    1|       m_axi|                                    memQ|       pointer|
|m_axi_memQ_BRESP       |   in|    2|       m_axi|                                    memQ|       pointer|
|m_axi_memQ_BID         |   in|    1|       m_axi|                                    memQ|       pointer|
|m_axi_memQ_BUSER       |   in|    1|       m_axi|                                    memQ|       pointer|
|Q_DRAM                 |   in|   64|     ap_none|                                  Q_DRAM|        scalar|
|zext_ln206             |   in|    3|     ap_none|                              zext_ln206|        scalar|
|empty                  |   in|    3|     ap_none|                                   empty|        scalar|
|zext_ln206_1           |   in|    3|     ap_none|                            zext_ln206_1|        scalar|
|xor_ln204              |   in|    3|     ap_none|                               xor_ln204|        scalar|
|Q_out_real_address0    |  out|    3|   ap_memory|                              Q_out_real|         array|
|Q_out_real_ce0         |  out|    1|   ap_memory|                              Q_out_real|         array|
|Q_out_real_q0          |   in|   32|   ap_memory|                              Q_out_real|         array|
|Q_out_real_1_address0  |  out|    3|   ap_memory|                            Q_out_real_1|         array|
|Q_out_real_1_ce0       |  out|    1|   ap_memory|                            Q_out_real_1|         array|
|Q_out_real_1_q0        |   in|   32|   ap_memory|                            Q_out_real_1|         array|
|Q_out_real_2_address0  |  out|    3|   ap_memory|                            Q_out_real_2|         array|
|Q_out_real_2_ce0       |  out|    1|   ap_memory|                            Q_out_real_2|         array|
|Q_out_real_2_q0        |   in|   32|   ap_memory|                            Q_out_real_2|         array|
|Q_out_real_3_address0  |  out|    3|   ap_memory|                            Q_out_real_3|         array|
|Q_out_real_3_ce0       |  out|    1|   ap_memory|                            Q_out_real_3|         array|
|Q_out_real_3_q0        |   in|   32|   ap_memory|                            Q_out_real_3|         array|
|Q_out_imag_address0    |  out|    3|   ap_memory|                              Q_out_imag|         array|
|Q_out_imag_ce0         |  out|    1|   ap_memory|                              Q_out_imag|         array|
|Q_out_imag_q0          |   in|   32|   ap_memory|                              Q_out_imag|         array|
|Q_out_imag_1_address0  |  out|    3|   ap_memory|                            Q_out_imag_1|         array|
|Q_out_imag_1_ce0       |  out|    1|   ap_memory|                            Q_out_imag_1|         array|
|Q_out_imag_1_q0        |   in|   32|   ap_memory|                            Q_out_imag_1|         array|
|Q_out_imag_2_address0  |  out|    3|   ap_memory|                            Q_out_imag_2|         array|
|Q_out_imag_2_ce0       |  out|    1|   ap_memory|                            Q_out_imag_2|         array|
|Q_out_imag_2_q0        |   in|   32|   ap_memory|                            Q_out_imag_2|         array|
|Q_out_imag_3_address0  |  out|    3|   ap_memory|                            Q_out_imag_3|         array|
|Q_out_imag_3_ce0       |  out|    1|   ap_memory|                            Q_out_imag_3|         array|
|Q_out_imag_3_q0        |   in|   32|   ap_memory|                            Q_out_imag_3|         array|
+-----------------------+-----+-----+------------+----------------------------------------+--------------+

