

================================================================
== Vitis HLS Report for 'top_Pipeline_WRITE_C_OUTER_WRITE_C_INNER'
================================================================
* Date:           Sun Mar  8 19:31:24 2026

* Version:        2023.2 (Build 4023990 on Oct 11 2023)
* Project:        QRD_HOUSEHOLDER
* Solution:       solution1 (Vivado IP Flow Target)
* Product family: zynquplus
* Target device:  xczu7ev-ffvc1156-2-e


================================================================
== Performance Estimates
================================================================
+ Timing: 
    * Summary: 
    +--------+----------+----------+------------+
    |  Clock |  Target  | Estimated| Uncertainty|
    +--------+----------+----------+------------+
    |ap_clk  |  10.00 ns|  8.750 ns|     1.25 ns|
    +--------+----------+----------+------------+

+ Latency: 
    * Summary: 
    +---------+---------+----------+----------+-----+-----+---------+
    |  Latency (cycles) |  Latency (absolute) |  Interval | Pipeline|
    |   min   |   max   |    min   |    max   | min | max |   Type  |
    +---------+---------+----------+----------+-----+-----+---------+
    |      629|      629|  6.290 us|  6.290 us|  629|  629|       no|
    +---------+---------+----------+----------+-----+-----+---------+

    + Detail: 
        * Instance: 
        N/A

        * Loop: 
        +-------------------------------+---------+---------+----------+-----------+-----------+------+----------+
        |                               |  Latency (cycles) | Iteration|  Initiation Interval  | Trip |          |
        |           Loop Name           |   min   |   max   |  Latency |  achieved |   target  | Count| Pipelined|
        +-------------------------------+---------+---------+----------+-----------+-----------+------+----------+
        |- WRITE_C_OUTER_WRITE_C_INNER  |      627|      627|         4|          1|          1|   625|       yes|
        +-------------------------------+---------+---------+----------+-----------+-----------+------+----------+



================================================================
== Utilization Estimates
================================================================
* Summary: 
+-----------------+---------+------+--------+--------+-----+
|       Name      | BRAM_18K|  DSP |   FF   |   LUT  | URAM|
+-----------------+---------+------+--------+--------+-----+
|DSP              |        -|     -|       -|       -|    -|
|Expression       |        -|     -|       0|      90|    -|
|FIFO             |        -|     -|       -|       -|    -|
|Instance         |        -|     -|       0|     125|    -|
|Memory           |        -|     -|       -|       -|    -|
|Multiplexer      |        -|     -|       -|      81|    -|
|Register         |        -|     -|     935|      32|    -|
+-----------------+---------+------+--------+--------+-----+
|Total            |        0|     0|     935|     328|    0|
+-----------------+---------+------+--------+--------+-----+
|Available        |      624|  1728|  460800|  230400|   96|
+-----------------+---------+------+--------+--------+-----+
|Utilization (%)  |        0|     0|      ~0|      ~0|    0|
+-----------------+---------+------+--------+--------+-----+

+ Detail: 
    * Instance: 
    +----------------------------+-----------------------+---------+----+---+-----+-----+
    |          Instance          |         Module        | BRAM_18K| DSP| FF| LUT | URAM|
    +----------------------------+-----------------------+---------+----+---+-----+-----+
    |sparsemux_51_5_32_1_1_U513  |sparsemux_51_5_32_1_1  |        0|   0|  0|  125|    0|
    +----------------------------+-----------------------+---------+----+---+-----+-----+
    |Total                       |                       |        0|   0|  0|  125|    0|
    +----------------------------+-----------------------+---------+----+---+-----+-----+

    * DSP: 
    N/A

    * Memory: 
    N/A

    * FIFO: 
    N/A

    * Expression: 
    +---------------------------+----------+----+---+----+------------+------------+
    |       Variable Name       | Operation| DSP| FF| LUT| Bitwidth P0| Bitwidth P1|
    +---------------------------+----------+----+---+----+------------+------------+
    |add_ln375_1_fu_667_p2      |         +|   0|  0|  12|           5|           1|
    |add_ln375_fu_635_p2        |         +|   0|  0|  17|          10|           1|
    |add_ln376_fu_710_p2        |         +|   0|  0|  12|           5|           1|
    |ap_block_pp0_stage0_11001  |       and|   0|  0|   2|           1|           1|
    |ap_block_state4_io         |       and|   0|  0|   2|           1|           1|
    |ap_condition_842           |       and|   0|  0|   2|           1|           1|
    |icmp_ln375_fu_629_p2       |      icmp|   0|  0|  17|          10|          10|
    |icmp_ln376_fu_647_p2       |      icmp|   0|  0|  12|           5|           4|
    |or_ln375_fu_653_p2         |        or|   0|  0|   2|           1|           1|
    |select_ln375_1_fu_673_p3   |    select|   0|  0|   5|           1|           5|
    |select_ln375_fu_659_p3     |    select|   0|  0|   5|           1|           1|
    |ap_enable_pp0              |       xor|   0|  0|   2|           1|           2|
    +---------------------------+----------+----+---+----+------------+------------+
    |Total                      |          |   0|  0|  90|          42|          29|
    +---------------------------+----------+----+---+----+------------+------------+

    * Multiplexer: 
    +----------------------------------------+----+-----------+-----+-----------+
    |                  Name                  | LUT| Input Size| Bits| Total Bits|
    +----------------------------------------+----+-----------+-----+-----------+
    |ap_done_int                             |   9|          2|    1|          2|
    |ap_enable_reg_pp0_iter1                 |   9|          2|    1|          2|
    |ap_sig_allocacmp_i_load                 |   9|          2|    5|         10|
    |ap_sig_allocacmp_indvar_flatten70_load  |   9|          2|   10|         20|
    |ap_sig_allocacmp_j_load                 |   9|          2|    5|         10|
    |gmem2_blk_n_W                           |   9|          2|    1|          2|
    |i_fu_158                                |   9|          2|    5|         10|
    |indvar_flatten70_fu_162                 |   9|          2|   10|         20|
    |j_fu_154                                |   9|          2|    5|         10|
    +----------------------------------------+----+-----------+-----+-----------+
    |Total                                   |  81|         18|   43|         86|
    +----------------------------------------+----+-----------+-----+-----------+

    * Register: 
    +-------------------------------------+----+----+-----+-----------+
    |                 Name                | FF | LUT| Bits| Const Bits|
    +-------------------------------------+----+----+-----+-----------+
    |C_local_10_load29_fu_222             |  32|   0|   32|          0|
    |C_local_11_load27_fu_218             |  32|   0|   32|          0|
    |C_local_12_load25_fu_214             |  32|   0|   32|          0|
    |C_local_13_load23_fu_210             |  32|   0|   32|          0|
    |C_local_14_load21_fu_206             |  32|   0|   32|          0|
    |C_local_15_load19_fu_202             |  32|   0|   32|          0|
    |C_local_16_load17_fu_198             |  32|   0|   32|          0|
    |C_local_17_load15_fu_194             |  32|   0|   32|          0|
    |C_local_18_load13_fu_190             |  32|   0|   32|          0|
    |C_local_19_load11_fu_186             |  32|   0|   32|          0|
    |C_local_1_load47_fu_258              |  32|   0|   32|          0|
    |C_local_20_load9_fu_182              |  32|   0|   32|          0|
    |C_local_21_load7_fu_178              |  32|   0|   32|          0|
    |C_local_22_load5_fu_174              |  32|   0|   32|          0|
    |C_local_23_load3_fu_170              |  32|   0|   32|          0|
    |C_local_24_load1_fu_166              |  32|   0|   32|          0|
    |C_local_2_load45_fu_254              |  32|   0|   32|          0|
    |C_local_3_load43_fu_250              |  32|   0|   32|          0|
    |C_local_4_load41_fu_246              |  32|   0|   32|          0|
    |C_local_5_load39_fu_242              |  32|   0|   32|          0|
    |C_local_6_load37_fu_238              |  32|   0|   32|          0|
    |C_local_7_load35_fu_234              |  32|   0|   32|          0|
    |C_local_8_load33_fu_230              |  32|   0|   32|          0|
    |C_local_9_load31_fu_226              |  32|   0|   32|          0|
    |C_local_load49_fu_262                |  32|   0|   32|          0|
    |ap_CS_fsm                            |   1|   0|    1|          0|
    |ap_done_reg                          |   1|   0|    1|          0|
    |ap_enable_reg_pp0_iter1              |   1|   0|    1|          0|
    |ap_enable_reg_pp0_iter2              |   1|   0|    1|          0|
    |ap_enable_reg_pp0_iter3              |   1|   0|    1|          0|
    |ap_loop_exit_ready_pp0_iter1_reg     |   1|   0|    1|          0|
    |ap_loop_exit_ready_pp0_iter2_reg     |   1|   0|    1|          0|
    |i_fu_158                             |   5|   0|    5|          0|
    |icmp_ln375_reg_1213                  |   1|   0|    1|          0|
    |indvar_flatten70_fu_162              |  10|   0|   10|          0|
    |j_fu_154                             |   5|   0|    5|          0|
    |or_ln375_reg_1217                    |   1|   0|    1|          0|
    |select_ln375_reg_1221                |   5|   0|    5|          0|
    |select_ln375_reg_1221_pp0_iter1_reg  |   5|   0|    5|          0|
    |tmp_s_reg_1351                       |  32|   0|   32|          0|
    |icmp_ln375_reg_1213                  |  64|  32|    1|          0|
    +-------------------------------------+----+----+-----+-----------+
    |Total                                | 935|  32|  872|          0|
    +-------------------------------------+----+----+-----+-----------+



================================================================
== Interface
================================================================
* Summary: 
+----------------------+-----+-----+------------+------------------------------------------+--------------+
|       RTL Ports      | Dir | Bits|  Protocol  |               Source Object              |    C Type    |
+----------------------+-----+-----+------------+------------------------------------------+--------------+
|ap_clk                |   in|    1|  ap_ctrl_hs|  top_Pipeline_WRITE_C_OUTER_WRITE_C_INNER|  return value|
|ap_rst                |   in|    1|  ap_ctrl_hs|  top_Pipeline_WRITE_C_OUTER_WRITE_C_INNER|  return value|
|ap_start              |   in|    1|  ap_ctrl_hs|  top_Pipeline_WRITE_C_OUTER_WRITE_C_INNER|  return value|
|ap_done               |  out|    1|  ap_ctrl_hs|  top_Pipeline_WRITE_C_OUTER_WRITE_C_INNER|  return value|
|ap_idle               |  out|    1|  ap_ctrl_hs|  top_Pipeline_WRITE_C_OUTER_WRITE_C_INNER|  return value|
|ap_ready              |  out|    1|  ap_ctrl_hs|  top_Pipeline_WRITE_C_OUTER_WRITE_C_INNER|  return value|
|m_axi_gmem2_AWVALID   |  out|    1|       m_axi|                                     gmem2|       pointer|
|m_axi_gmem2_AWREADY   |   in|    1|       m_axi|                                     gmem2|       pointer|
|m_axi_gmem2_AWADDR    |  out|   64|       m_axi|                                     gmem2|       pointer|
|m_axi_gmem2_AWID      |  out|    1|       m_axi|                                     gmem2|       pointer|
|m_axi_gmem2_AWLEN     |  out|   32|       m_axi|                                     gmem2|       pointer|
|m_axi_gmem2_AWSIZE    |  out|    3|       m_axi|                                     gmem2|       pointer|
|m_axi_gmem2_AWBURST   |  out|    2|       m_axi|                                     gmem2|       pointer|
|m_axi_gmem2_AWLOCK    |  out|    2|       m_axi|                                     gmem2|       pointer|
|m_axi_gmem2_AWCACHE   |  out|    4|       m_axi|                                     gmem2|       pointer|
|m_axi_gmem2_AWPROT    |  out|    3|       m_axi|                                     gmem2|       pointer|
|m_axi_gmem2_AWQOS     |  out|    4|       m_axi|                                     gmem2|       pointer|
|m_axi_gmem2_AWREGION  |  out|    4|       m_axi|                                     gmem2|       pointer|
|m_axi_gmem2_AWUSER    |  out|    1|       m_axi|                                     gmem2|       pointer|
|m_axi_gmem2_WVALID    |  out|    1|       m_axi|                                     gmem2|       pointer|
|m_axi_gmem2_WREADY    |   in|    1|       m_axi|                                     gmem2|       pointer|
|m_axi_gmem2_WDATA     |  out|   32|       m_axi|                                     gmem2|       pointer|
|m_axi_gmem2_WSTRB     |  out|    4|       m_axi|                                     gmem2|       pointer|
|m_axi_gmem2_WLAST     |  out|    1|       m_axi|                                     gmem2|       pointer|
|m_axi_gmem2_WID       |  out|    1|       m_axi|                                     gmem2|       pointer|
|m_axi_gmem2_WUSER     |  out|    1|       m_axi|                                     gmem2|       pointer|
|m_axi_gmem2_ARVALID   |  out|    1|       m_axi|                                     gmem2|       pointer|
|m_axi_gmem2_ARREADY   |   in|    1|       m_axi|                                     gmem2|       pointer|
|m_axi_gmem2_ARADDR    |  out|   64|       m_axi|                                     gmem2|       pointer|
|m_axi_gmem2_ARID      |  out|    1|       m_axi|                                     gmem2|       pointer|
|m_axi_gmem2_ARLEN     |  out|   32|       m_axi|                                     gmem2|       pointer|
|m_axi_gmem2_ARSIZE    |  out|    3|       m_axi|                                     gmem2|       pointer|
|m_axi_gmem2_ARBURST   |  out|    2|       m_axi|                                     gmem2|       pointer|
|m_axi_gmem2_ARLOCK    |  out|    2|       m_axi|                                     gmem2|       pointer|
|m_axi_gmem2_ARCACHE   |  out|    4|       m_axi|                                     gmem2|       pointer|
|m_axi_gmem2_ARPROT    |  out|    3|       m_axi|                                     gmem2|       pointer|
|m_axi_gmem2_ARQOS     |  out|    4|       m_axi|                                     gmem2|       pointer|
|m_axi_gmem2_ARREGION  |  out|    4|       m_axi|                                     gmem2|       pointer|
|m_axi_gmem2_ARUSER    |  out|    1|       m_axi|                                     gmem2|       pointer|
|m_axi_gmem2_RVALID    |   in|    1|       m_axi|                                     gmem2|       pointer|
|m_axi_gmem2_RREADY    |  out|    1|       m_axi|                                     gmem2|       pointer|
|m_axi_gmem2_RDATA     |   in|   32|       m_axi|                                     gmem2|       pointer|
|m_axi_gmem2_RLAST     |   in|    1|       m_axi|                                     gmem2|       pointer|
|m_axi_gmem2_RID       |   in|    1|       m_axi|                                     gmem2|       pointer|
|m_axi_gmem2_RFIFONUM  |   in|    9|       m_axi|                                     gmem2|       pointer|
|m_axi_gmem2_RUSER     |   in|    1|       m_axi|                                     gmem2|       pointer|
|m_axi_gmem2_RRESP     |   in|    2|       m_axi|                                     gmem2|       pointer|
|m_axi_gmem2_BVALID    |   in|    1|       m_axi|                                     gmem2|       pointer|
|m_axi_gmem2_BREADY    |  out|    1|       m_axi|                                     gmem2|       pointer|
|m_axi_gmem2_BRESP     |   in|    2|       m_axi|                                     gmem2|       pointer|
|m_axi_gmem2_BID       |   in|    1|       m_axi|                                     gmem2|       pointer|
|m_axi_gmem2_BUSER     |   in|    1|       m_axi|                                     gmem2|       pointer|
|C_local_address0      |  out|    5|   ap_memory|                                   C_local|         array|
|C_local_ce0           |  out|    1|   ap_memory|                                   C_local|         array|
|C_local_q0            |   in|   32|   ap_memory|                                   C_local|         array|
|C_local_1_address0    |  out|    5|   ap_memory|                                 C_local_1|         array|
|C_local_1_ce0         |  out|    1|   ap_memory|                                 C_local_1|         array|
|C_local_1_q0          |   in|   32|   ap_memory|                                 C_local_1|         array|
|C_local_2_address0    |  out|    5|   ap_memory|                                 C_local_2|         array|
|C_local_2_ce0         |  out|    1|   ap_memory|                                 C_local_2|         array|
|C_local_2_q0          |   in|   32|   ap_memory|                                 C_local_2|         array|
|C_local_3_address0    |  out|    5|   ap_memory|                                 C_local_3|         array|
|C_local_3_ce0         |  out|    1|   ap_memory|                                 C_local_3|         array|
|C_local_3_q0          |   in|   32|   ap_memory|                                 C_local_3|         array|
|C_local_4_address0    |  out|    5|   ap_memory|                                 C_local_4|         array|
|C_local_4_ce0         |  out|    1|   ap_memory|                                 C_local_4|         array|
|C_local_4_q0          |   in|   32|   ap_memory|                                 C_local_4|         array|
|C_local_5_address0    |  out|    5|   ap_memory|                                 C_local_5|         array|
|C_local_5_ce0         |  out|    1|   ap_memory|                                 C_local_5|         array|
|C_local_5_q0          |   in|   32|   ap_memory|                                 C_local_5|         array|
|C_local_6_address0    |  out|    5|   ap_memory|                                 C_local_6|         array|
|C_local_6_ce0         |  out|    1|   ap_memory|                                 C_local_6|         array|
|C_local_6_q0          |   in|   32|   ap_memory|                                 C_local_6|         array|
|C_local_7_address0    |  out|    5|   ap_memory|                                 C_local_7|         array|
|C_local_7_ce0         |  out|    1|   ap_memory|                                 C_local_7|         array|
|C_local_7_q0          |   in|   32|   ap_memory|                                 C_local_7|         array|
|C_local_8_address0    |  out|    5|   ap_memory|                                 C_local_8|         array|
|C_local_8_ce0         |  out|    1|   ap_memory|                                 C_local_8|         array|
|C_local_8_q0          |   in|   32|   ap_memory|                                 C_local_8|         array|
|C_local_9_address0    |  out|    5|   ap_memory|                                 C_local_9|         array|
|C_local_9_ce0         |  out|    1|   ap_memory|                                 C_local_9|         array|
|C_local_9_q0          |   in|   32|   ap_memory|                                 C_local_9|         array|
|C_local_10_address0   |  out|    5|   ap_memory|                                C_local_10|         array|
|C_local_10_ce0        |  out|    1|   ap_memory|                                C_local_10|         array|
|C_local_10_q0         |   in|   32|   ap_memory|                                C_local_10|         array|
|C_local_11_address0   |  out|    5|   ap_memory|                                C_local_11|         array|
|C_local_11_ce0        |  out|    1|   ap_memory|                                C_local_11|         array|
|C_local_11_q0         |   in|   32|   ap_memory|                                C_local_11|         array|
|C_local_12_address0   |  out|    5|   ap_memory|                                C_local_12|         array|
|C_local_12_ce0        |  out|    1|   ap_memory|                                C_local_12|         array|
|C_local_12_q0         |   in|   32|   ap_memory|                                C_local_12|         array|
|C_local_13_address0   |  out|    5|   ap_memory|                                C_local_13|         array|
|C_local_13_ce0        |  out|    1|   ap_memory|                                C_local_13|         array|
|C_local_13_q0         |   in|   32|   ap_memory|                                C_local_13|         array|
|C_local_14_address0   |  out|    5|   ap_memory|                                C_local_14|         array|
|C_local_14_ce0        |  out|    1|   ap_memory|                                C_local_14|         array|
|C_local_14_q0         |   in|   32|   ap_memory|                                C_local_14|         array|
|C_local_15_address0   |  out|    5|   ap_memory|                                C_local_15|         array|
|C_local_15_ce0        |  out|    1|   ap_memory|                                C_local_15|         array|
|C_local_15_q0         |   in|   32|   ap_memory|                                C_local_15|         array|
|C_local_16_address0   |  out|    5|   ap_memory|                                C_local_16|         array|
|C_local_16_ce0        |  out|    1|   ap_memory|                                C_local_16|         array|
|C_local_16_q0         |   in|   32|   ap_memory|                                C_local_16|         array|
|C_local_17_address0   |  out|    5|   ap_memory|                                C_local_17|         array|
|C_local_17_ce0        |  out|    1|   ap_memory|                                C_local_17|         array|
|C_local_17_q0         |   in|   32|   ap_memory|                                C_local_17|         array|
|C_local_18_address0   |  out|    5|   ap_memory|                                C_local_18|         array|
|C_local_18_ce0        |  out|    1|   ap_memory|                                C_local_18|         array|
|C_local_18_q0         |   in|   32|   ap_memory|                                C_local_18|         array|
|C_local_19_address0   |  out|    5|   ap_memory|                                C_local_19|         array|
|C_local_19_ce0        |  out|    1|   ap_memory|                                C_local_19|         array|
|C_local_19_q0         |   in|   32|   ap_memory|                                C_local_19|         array|
|C_local_20_address0   |  out|    5|   ap_memory|                                C_local_20|         array|
|C_local_20_ce0        |  out|    1|   ap_memory|                                C_local_20|         array|
|C_local_20_q0         |   in|   32|   ap_memory|                                C_local_20|         array|
|C_local_21_address0   |  out|    5|   ap_memory|                                C_local_21|         array|
|C_local_21_ce0        |  out|    1|   ap_memory|                                C_local_21|         array|
|C_local_21_q0         |   in|   32|   ap_memory|                                C_local_21|         array|
|C_local_22_address0   |  out|    5|   ap_memory|                                C_local_22|         array|
|C_local_22_ce0        |  out|    1|   ap_memory|                                C_local_22|         array|
|C_local_22_q0         |   in|   32|   ap_memory|                                C_local_22|         array|
|C_local_23_address0   |  out|    5|   ap_memory|                                C_local_23|         array|
|C_local_23_ce0        |  out|    1|   ap_memory|                                C_local_23|         array|
|C_local_23_q0         |   in|   32|   ap_memory|                                C_local_23|         array|
|C_local_24_address0   |  out|    5|   ap_memory|                                C_local_24|         array|
|C_local_24_ce0        |  out|    1|   ap_memory|                                C_local_24|         array|
|C_local_24_q0         |   in|   32|   ap_memory|                                C_local_24|         array|
+----------------------+-----+-----+------------+------------------------------------------+--------------+

