

================================================================
== Vitis HLS Report for 'top_Pipeline_DUMMY_STAGE'
================================================================
* Date:           Wed Mar  4 12:56:24 2026

* Version:        2023.2 (Build 4023990 on Oct 11 2023)
* Project:        QRD_HOUSEHOLDER
* Solution:       solution1 (Vivado IP Flow Target)
* Product family: zynquplus
* Target device:  xczu7ev-ffvc1156-2-e


================================================================
== Performance Estimates
================================================================
+ Timing: 
    * Summary: 
    +--------+----------+----------+------------+
    |  Clock |  Target  | Estimated| Uncertainty|
    +--------+----------+----------+------------+
    |ap_clk  |  10.00 ns|  7.389 ns|     1.25 ns|
    +--------+----------+----------+------------+

+ Latency: 
    * Summary: 
    +---------+---------+-----------+-----------+-----+-----+---------+
    |  Latency (cycles) |   Latency (absolute)  |  Interval | Pipeline|
    |   min   |   max   |    min    |    max    | min | max |   Type  |
    +---------+---------+-----------+-----------+-----+-----+---------+
    |        8|        8|  80.000 ns|  80.000 ns|    8|    8|       no|
    +---------+---------+-----------+-----------+-----+-----+---------+

    + Detail: 
        * Instance: 
        N/A

        * Loop: 
        +---------------+---------+---------+----------+-----------+-----------+------+----------+
        |               |  Latency (cycles) | Iteration|  Initiation Interval  | Trip |          |
        |   Loop Name   |   min   |   max   |  Latency |  achieved |   target  | Count| Pipelined|
        +---------------+---------+---------+----------+-----------+-----------+------+----------+
        |- DUMMY_STAGE  |        6|        6|         4|          1|          1|     4|       yes|
        +---------------+---------+---------+----------+-----------+-----------+------+----------+



================================================================
== Utilization Estimates
================================================================
* Summary: 
+-----------------+---------+------+--------+--------+-----+
|       Name      | BRAM_18K|  DSP |   FF   |   LUT  | URAM|
+-----------------+---------+------+--------+--------+-----+
|DSP              |        -|     -|       -|       -|    -|
|Expression       |        -|     -|       0|     231|    -|
|FIFO             |        -|     -|       -|       -|    -|
|Instance         |        -|     -|       0|     120|    -|
|Memory           |        -|     -|       -|       -|    -|
|Multiplexer      |        -|     -|       -|      54|    -|
|Register         |        -|     -|    1102|      32|    -|
+-----------------+---------+------+--------+--------+-----+
|Total            |        0|     0|    1102|     437|    0|
+-----------------+---------+------+--------+--------+-----+
|Available        |      624|  1728|  460800|  230400|   96|
+-----------------+---------+------+--------+--------+-----+
|Utilization (%)  |        0|     0|      ~0|      ~0|    0|
+-----------------+---------+------+--------+--------+-----+

+ Detail: 
    * Instance: 
    +--------------------+----------------+---------+----+---+----+-----+
    |      Instance      |     Module     | BRAM_18K| DSP| FF| LUT| URAM|
    +--------------------+----------------+---------+----+---+----+-----+
    |mux_4_2_32_1_1_U39  |mux_4_2_32_1_1  |        0|   0|  0|  20|    0|
    |mux_4_2_32_1_1_U40  |mux_4_2_32_1_1  |        0|   0|  0|  20|    0|
    |mux_4_2_32_1_1_U41  |mux_4_2_32_1_1  |        0|   0|  0|  20|    0|
    |mux_4_2_32_1_1_U42  |mux_4_2_32_1_1  |        0|   0|  0|  20|    0|
    |mux_4_2_32_1_1_U43  |mux_4_2_32_1_1  |        0|   0|  0|  20|    0|
    |mux_4_2_32_1_1_U44  |mux_4_2_32_1_1  |        0|   0|  0|  20|    0|
    +--------------------+----------------+---------+----+---+----+-----+
    |Total               |                |        0|   0|  0| 120|    0|
    +--------------------+----------------+---------+----+---+----+-----+

    * DSP: 
    N/A

    * Memory: 
    N/A

    * FIFO: 
    N/A

    * Expression: 
    +-------------------------+----------+----+---+----+------------+------------+
    |      Variable Name      | Operation| DSP| FF| LUT| Bitwidth P0| Bitwidth P1|
    +-------------------------+----------+----+---+----+------------+------------+
    |add_ln50_fu_766_p2       |         +|   0|  0|  10|           3|           1|
    |ap_condition_309         |       and|   0|  0|   2|           1|           1|
    |icmp_ln50_fu_760_p2      |      icmp|   0|  0|  12|           3|           4|
    |icmp_ln56_1_fu_860_p2    |      icmp|   0|  0|  10|           3|           1|
    |icmp_ln56_2_fu_920_p2    |      icmp|   0|  0|  10|           3|           2|
    |icmp_ln56_3_fu_980_p2    |      icmp|   0|  0|  10|           3|           2|
    |icmp_ln56_fu_791_p2      |      icmp|   0|  0|  10|           3|           1|
    |icmp_ln60_1_fu_811_p2    |      icmp|   0|  0|  10|           2|           3|
    |icmp_ln60_2_fu_986_p2    |      icmp|   0|  0|   9|           2|           1|
    |icmp_ln60_3_fu_1000_p2   |      icmp|   0|  0|   9|           2|           1|
    |icmp_ln60_fu_797_p2      |      icmp|   0|  0|   9|           2|           1|
    |Q_out_0_7_fu_1006_p3     |    select|   0|  0|  32|           1|          32|
    |Q_out_1_6_fu_817_p3      |    select|   0|  0|  32|           1|          32|
    |select_ln60_2_fu_992_p3  |    select|   0|  0|  32|           1|          32|
    |select_ln60_fu_803_p3    |    select|   0|  0|  32|           1|          32|
    |ap_enable_pp0            |       xor|   0|  0|   2|           1|           2|
    +-------------------------+----------+----+---+----+------------+------------+
    |Total                    |          |   0|  0| 231|          32|         148|
    +-------------------------+----------+----+---+----+------------+------------+

    * Multiplexer: 
    +-------------------------+----+-----------+-----+-----------+
    |           Name          | LUT| Input Size| Bits| Total Bits|
    +-------------------------+----+-----------+-----+-----------+
    |ap_done_int              |   9|          2|    1|          2|
    |ap_enable_reg_pp0_iter1  |   9|          2|    1|          2|
    |ap_sig_allocacmp_i_1     |   9|          2|    3|          6|
    |empty_50_fu_216          |   9|          2|   32|         64|
    |empty_51_fu_220          |   9|          2|   32|         64|
    |i_fu_172                 |   9|          2|    3|          6|
    +-------------------------+----+-----------+-----+-----------+
    |Total                    |  54|         12|   72|        144|
    +-------------------------+----+-----------+-----+-----------+

    * Register: 
    +----------------------------------+----+----+-----+-----------+
    |               Name               | FF | LUT| Bits| Const Bits|
    +----------------------------------+----+----+-----+-----------+
    |ap_CS_fsm                         |   1|   0|    1|          0|
    |ap_done_reg                       |   1|   0|    1|          0|
    |ap_enable_reg_pp0_iter1           |   1|   0|    1|          0|
    |ap_enable_reg_pp0_iter2           |   1|   0|    1|          0|
    |ap_enable_reg_pp0_iter3           |   1|   0|    1|          0|
    |ap_loop_exit_ready_pp0_iter1_reg  |   1|   0|    1|          0|
    |ap_loop_exit_ready_pp0_iter2_reg  |   1|   0|    1|          0|
    |empty_41_fu_180                   |  32|   0|   32|          0|
    |empty_42_fu_184                   |  32|   0|   32|          0|
    |empty_43_fu_188                   |  32|   0|   32|          0|
    |empty_44_fu_192                   |  32|   0|   32|          0|
    |empty_45_fu_196                   |  32|   0|   32|          0|
    |empty_46_fu_200                   |  32|   0|   32|          0|
    |empty_47_fu_204                   |  32|   0|   32|          0|
    |empty_48_fu_208                   |  32|   0|   32|          0|
    |empty_49_fu_212                   |  32|   0|   32|          0|
    |empty_50_fu_216                   |  32|   0|   32|          0|
    |empty_51_fu_220                   |  32|   0|   32|          0|
    |empty_52_fu_224                   |  32|   0|   32|          0|
    |empty_53_fu_228                   |  32|   0|   32|          0|
    |empty_54_fu_232                   |  32|   0|   32|          0|
    |empty_55_fu_236                   |  32|   0|   32|          0|
    |empty_56_fu_240                   |  32|   0|   32|          0|
    |empty_57_fu_244                   |  32|   0|   32|          0|
    |empty_58_fu_248                   |  32|   0|   32|          0|
    |empty_59_fu_252                   |  32|   0|   32|          0|
    |empty_60_fu_256                   |  32|   0|   32|          0|
    |empty_61_fu_260                   |  32|   0|   32|          0|
    |empty_62_fu_264                   |  32|   0|   32|          0|
    |empty_63_fu_268                   |  32|   0|   32|          0|
    |empty_64_fu_272                   |  32|   0|   32|          0|
    |empty_65_fu_276                   |  32|   0|   32|          0|
    |empty_66_fu_280                   |  32|   0|   32|          0|
    |empty_67_fu_284                   |  32|   0|   32|          0|
    |empty_68_fu_288                   |  32|   0|   32|          0|
    |empty_69_fu_292                   |  32|   0|   32|          0|
    |empty_70_fu_296                   |  32|   0|   32|          0|
    |empty_71_fu_300                   |  32|   0|   32|          0|
    |empty_fu_176                      |  32|   0|   32|          0|
    |i_fu_172                          |   3|   0|    3|          0|
    |icmp_ln50_reg_1448                |   1|   0|    1|          0|
    |icmp_ln50_reg_1448_pp0_iter1_reg  |   1|   0|    1|          0|
    |trunc_ln54_reg_1452               |   2|   0|    2|          0|
    |trunc_ln54_reg_1452               |  64|  32|    2|          0|
    +----------------------------------+----+----+-----+-----------+
    |Total                             |1102|  32| 1040|          0|
    +----------------------------------+----+----+-----+-----------+



================================================================
== Interface
================================================================
* Summary: 
+---------------------+-----+-----+------------+--------------------------+--------------+
|      RTL Ports      | Dir | Bits|  Protocol  |       Source Object      |    C Type    |
+---------------------+-----+-----+------------+--------------------------+--------------+
|ap_clk               |   in|    1|  ap_ctrl_hs|  top_Pipeline_DUMMY_STAGE|  return value|
|ap_rst               |   in|    1|  ap_ctrl_hs|  top_Pipeline_DUMMY_STAGE|  return value|
|ap_start             |   in|    1|  ap_ctrl_hs|  top_Pipeline_DUMMY_STAGE|  return value|
|ap_done              |  out|    1|  ap_ctrl_hs|  top_Pipeline_DUMMY_STAGE|  return value|
|ap_idle              |  out|    1|  ap_ctrl_hs|  top_Pipeline_DUMMY_STAGE|  return value|
|ap_ready             |  out|    1|  ap_ctrl_hs|  top_Pipeline_DUMMY_STAGE|  return value|
|grp_fu_524_p_din0    |  out|   32|  ap_ctrl_hs|  top_Pipeline_DUMMY_STAGE|  return value|
|grp_fu_524_p_din1    |  out|   32|  ap_ctrl_hs|  top_Pipeline_DUMMY_STAGE|  return value|
|grp_fu_524_p_opcode  |  out|    2|  ap_ctrl_hs|  top_Pipeline_DUMMY_STAGE|  return value|
|grp_fu_524_p_dout0   |   in|   32|  ap_ctrl_hs|  top_Pipeline_DUMMY_STAGE|  return value|
|grp_fu_524_p_ce      |  out|    1|  ap_ctrl_hs|  top_Pipeline_DUMMY_STAGE|  return value|
|grp_fu_529_p_din0    |  out|   32|  ap_ctrl_hs|  top_Pipeline_DUMMY_STAGE|  return value|
|grp_fu_529_p_din1    |  out|   32|  ap_ctrl_hs|  top_Pipeline_DUMMY_STAGE|  return value|
|grp_fu_529_p_opcode  |  out|    2|  ap_ctrl_hs|  top_Pipeline_DUMMY_STAGE|  return value|
|grp_fu_529_p_dout0   |   in|   32|  ap_ctrl_hs|  top_Pipeline_DUMMY_STAGE|  return value|
|grp_fu_529_p_ce      |  out|    1|  ap_ctrl_hs|  top_Pipeline_DUMMY_STAGE|  return value|
|grp_fu_534_p_din0    |  out|   32|  ap_ctrl_hs|  top_Pipeline_DUMMY_STAGE|  return value|
|grp_fu_534_p_din1    |  out|   32|  ap_ctrl_hs|  top_Pipeline_DUMMY_STAGE|  return value|
|grp_fu_534_p_opcode  |  out|    2|  ap_ctrl_hs|  top_Pipeline_DUMMY_STAGE|  return value|
|grp_fu_534_p_dout0   |   in|   32|  ap_ctrl_hs|  top_Pipeline_DUMMY_STAGE|  return value|
|grp_fu_534_p_ce      |  out|    1|  ap_ctrl_hs|  top_Pipeline_DUMMY_STAGE|  return value|
|grp_fu_539_p_din0    |  out|   32|  ap_ctrl_hs|  top_Pipeline_DUMMY_STAGE|  return value|
|grp_fu_539_p_din1    |  out|   32|  ap_ctrl_hs|  top_Pipeline_DUMMY_STAGE|  return value|
|grp_fu_539_p_opcode  |  out|    2|  ap_ctrl_hs|  top_Pipeline_DUMMY_STAGE|  return value|
|grp_fu_539_p_dout0   |   in|   32|  ap_ctrl_hs|  top_Pipeline_DUMMY_STAGE|  return value|
|grp_fu_539_p_ce      |  out|    1|  ap_ctrl_hs|  top_Pipeline_DUMMY_STAGE|  return value|
|Q_out_3_7            |   in|   32|     ap_none|                 Q_out_3_7|        scalar|
|Q_out_2_6            |   in|   32|     ap_none|                 Q_out_2_6|        scalar|
|p_reload140          |   in|   32|     ap_none|               p_reload140|        scalar|
|p_reload139          |   in|   32|     ap_none|               p_reload139|        scalar|
|p_reload138          |   in|   32|     ap_none|               p_reload138|        scalar|
|p_reload137          |   in|   32|     ap_none|               p_reload137|        scalar|
|Q_out_1_5            |   in|   32|     ap_none|                 Q_out_1_5|        scalar|
|p_reload144          |   in|   32|     ap_none|               p_reload144|        scalar|
|p_reload143          |   in|   32|     ap_none|               p_reload143|        scalar|
|p_reload142          |   in|   32|     ap_none|               p_reload142|        scalar|
|p_reload141          |   in|   32|     ap_none|               p_reload141|        scalar|
|Q_out_0_4            |   in|   32|     ap_none|                 Q_out_0_4|        scalar|
|p_reload148          |   in|   32|     ap_none|               p_reload148|        scalar|
|p_reload147          |   in|   32|     ap_none|               p_reload147|        scalar|
|p_reload146          |   in|   32|     ap_none|               p_reload146|        scalar|
|p_reload145          |   in|   32|     ap_none|               p_reload145|        scalar|
|p_reload152          |   in|   32|     ap_none|               p_reload152|        scalar|
|p_reload151          |   in|   32|     ap_none|               p_reload151|        scalar|
|p_reload150          |   in|   32|     ap_none|               p_reload150|        scalar|
|p_reload149          |   in|   32|     ap_none|               p_reload149|        scalar|
|Q_1_load50_reload    |   in|   32|     ap_none|         Q_1_load50_reload|        scalar|
|Q_3_load44_reload    |   in|   32|     ap_none|         Q_3_load44_reload|        scalar|
|Q_2_load56_reload    |   in|   32|     ap_none|         Q_2_load56_reload|        scalar|
|p_reload133          |   in|   32|     ap_none|               p_reload133|        scalar|
|Q_1_1_load14_reload  |   in|   32|     ap_none|       Q_1_1_load14_reload|        scalar|
|p_reload132          |   in|   32|     ap_none|               p_reload132|        scalar|
|p_reload             |   in|   32|     ap_none|                  p_reload|        scalar|
|p_reload136          |   in|   32|     ap_none|               p_reload136|        scalar|
|p_reload135          |   in|   32|     ap_none|               p_reload135|        scalar|
|Q_2_2_load18_reload  |   in|   32|     ap_none|       Q_2_2_load18_reload|        scalar|
|p_reload134          |   in|   32|     ap_none|               p_reload134|        scalar|
|Q_0_3_load32_reload  |   in|   32|     ap_none|       Q_0_3_load32_reload|        scalar|
|Q_2_3_load26_reload  |   in|   32|     ap_none|       Q_2_3_load26_reload|        scalar|
|Q_1_3_load38_reload  |   in|   32|     ap_none|       Q_1_3_load38_reload|        scalar|
|p_out                |  out|   32|      ap_vld|                     p_out|       pointer|
|p_out_ap_vld         |  out|    1|      ap_vld|                     p_out|       pointer|
|p_out1               |  out|   32|      ap_vld|                    p_out1|       pointer|
|p_out1_ap_vld        |  out|    1|      ap_vld|                    p_out1|       pointer|
|p_out2               |  out|   32|      ap_vld|                    p_out2|       pointer|
|p_out2_ap_vld        |  out|    1|      ap_vld|                    p_out2|       pointer|
|p_out3               |  out|   32|      ap_vld|                    p_out3|       pointer|
|p_out3_ap_vld        |  out|    1|      ap_vld|                    p_out3|       pointer|
|p_out4               |  out|   32|      ap_vld|                    p_out4|       pointer|
|p_out4_ap_vld        |  out|    1|      ap_vld|                    p_out4|       pointer|
|p_out5               |  out|   32|      ap_vld|                    p_out5|       pointer|
|p_out5_ap_vld        |  out|    1|      ap_vld|                    p_out5|       pointer|
|p_out6               |  out|   32|      ap_vld|                    p_out6|       pointer|
|p_out6_ap_vld        |  out|    1|      ap_vld|                    p_out6|       pointer|
|p_out7               |  out|   32|      ap_vld|                    p_out7|       pointer|
|p_out7_ap_vld        |  out|    1|      ap_vld|                    p_out7|       pointer|
|p_out8               |  out|   32|      ap_vld|                    p_out8|       pointer|
|p_out8_ap_vld        |  out|    1|      ap_vld|                    p_out8|       pointer|
|p_out9               |  out|   32|      ap_vld|                    p_out9|       pointer|
|p_out9_ap_vld        |  out|    1|      ap_vld|                    p_out9|       pointer|
|p_out10              |  out|   32|      ap_vld|                   p_out10|       pointer|
|p_out10_ap_vld       |  out|    1|      ap_vld|                   p_out10|       pointer|
|p_out11              |  out|   32|      ap_vld|                   p_out11|       pointer|
|p_out11_ap_vld       |  out|    1|      ap_vld|                   p_out11|       pointer|
|p_out12              |  out|   32|      ap_vld|                   p_out12|       pointer|
|p_out12_ap_vld       |  out|    1|      ap_vld|                   p_out12|       pointer|
|p_out13              |  out|   32|      ap_vld|                   p_out13|       pointer|
|p_out13_ap_vld       |  out|    1|      ap_vld|                   p_out13|       pointer|
|p_out14              |  out|   32|      ap_vld|                   p_out14|       pointer|
|p_out14_ap_vld       |  out|    1|      ap_vld|                   p_out14|       pointer|
|p_out15              |  out|   32|      ap_vld|                   p_out15|       pointer|
|p_out15_ap_vld       |  out|    1|      ap_vld|                   p_out15|       pointer|
|p_out16              |  out|   32|      ap_vld|                   p_out16|       pointer|
|p_out16_ap_vld       |  out|    1|      ap_vld|                   p_out16|       pointer|
|p_out17              |  out|   32|      ap_vld|                   p_out17|       pointer|
|p_out17_ap_vld       |  out|    1|      ap_vld|                   p_out17|       pointer|
|p_out18              |  out|   32|      ap_vld|                   p_out18|       pointer|
|p_out18_ap_vld       |  out|    1|      ap_vld|                   p_out18|       pointer|
|p_out19              |  out|   32|      ap_vld|                   p_out19|       pointer|
|p_out19_ap_vld       |  out|    1|      ap_vld|                   p_out19|       pointer|
|p_out20              |  out|   32|      ap_vld|                   p_out20|       pointer|
|p_out20_ap_vld       |  out|    1|      ap_vld|                   p_out20|       pointer|
|p_out21              |  out|   32|      ap_vld|                   p_out21|       pointer|
|p_out21_ap_vld       |  out|    1|      ap_vld|                   p_out21|       pointer|
|p_out22              |  out|   32|      ap_vld|                   p_out22|       pointer|
|p_out22_ap_vld       |  out|    1|      ap_vld|                   p_out22|       pointer|
|p_out23              |  out|   32|      ap_vld|                   p_out23|       pointer|
|p_out23_ap_vld       |  out|    1|      ap_vld|                   p_out23|       pointer|
|p_out24              |  out|   32|      ap_vld|                   p_out24|       pointer|
|p_out24_ap_vld       |  out|    1|      ap_vld|                   p_out24|       pointer|
|p_out25              |  out|   32|      ap_vld|                   p_out25|       pointer|
|p_out25_ap_vld       |  out|    1|      ap_vld|                   p_out25|       pointer|
|p_out26              |  out|   32|      ap_vld|                   p_out26|       pointer|
|p_out26_ap_vld       |  out|    1|      ap_vld|                   p_out26|       pointer|
|p_out27              |  out|   32|      ap_vld|                   p_out27|       pointer|
|p_out27_ap_vld       |  out|    1|      ap_vld|                   p_out27|       pointer|
|p_out28              |  out|   32|      ap_vld|                   p_out28|       pointer|
|p_out28_ap_vld       |  out|    1|      ap_vld|                   p_out28|       pointer|
|p_out29              |  out|   32|      ap_vld|                   p_out29|       pointer|
|p_out29_ap_vld       |  out|    1|      ap_vld|                   p_out29|       pointer|
|p_out30              |  out|   32|      ap_vld|                   p_out30|       pointer|
|p_out30_ap_vld       |  out|    1|      ap_vld|                   p_out30|       pointer|
|p_out31              |  out|   32|      ap_vld|                   p_out31|       pointer|
|p_out31_ap_vld       |  out|    1|      ap_vld|                   p_out31|       pointer|
+---------------------+-----+-----+------------+--------------------------+--------------+

