

================================================================
== Vitis HLS Report for 'top_Pipeline_READ_INIT'
================================================================
* Date:           Wed Feb 25 17:08:29 2026

* Version:        2023.2 (Build 4023990 on Oct 11 2023)
* Project:        QRD_HOUSEHOLDER
* Solution:       solution1 (Vivado IP Flow Target)
* Product family: zynq
* Target device:  xc7z020-clg400-1


================================================================
== Performance Estimates
================================================================
+ Timing: 
    * Summary: 
    +--------+----------+----------+------------+
    |  Clock |  Target  | Estimated| Uncertainty|
    +--------+----------+----------+------------+
    |ap_clk  |  10.00 ns|  4.826 ns|     1.25 ns|
    +--------+----------+----------+------------+

+ Latency: 
    * Summary: 
    +---------+---------+-----------+-----------+-----+-----+---------+
    |  Latency (cycles) |   Latency (absolute)  |  Interval | Pipeline|
    |   min   |   max   |    min    |    max    | min | max |   Type  |
    +---------+---------+-----------+-----------+-----+-----+---------+
    |        6|        6|  60.000 ns|  60.000 ns|    6|    6|       no|
    +---------+---------+-----------+-----------+-----+-----+---------+

    + Detail: 
        * Instance: 
        N/A

        * Loop: 
        +-------------+---------+---------+----------+-----------+-----------+------+----------+
        |             |  Latency (cycles) | Iteration|  Initiation Interval  | Trip |          |
        |  Loop Name  |   min   |   max   |  Latency |  achieved |   target  | Count| Pipelined|
        +-------------+---------+---------+----------+-----------+-----------+------+----------+
        |- READ_INIT  |        4|        4|         1|          1|          1|     4|       yes|
        +-------------+---------+---------+----------+-----------+-----------+------+----------+



================================================================
== Utilization Estimates
================================================================
* Summary: 
+-----------------+---------+-----+--------+-------+-----+
|       Name      | BRAM_18K| DSP |   FF   |  LUT  | URAM|
+-----------------+---------+-----+--------+-------+-----+
|DSP              |        -|    -|       -|      -|    -|
|Expression       |        -|    -|       0|    188|    -|
|FIFO             |        -|    -|       -|      -|    -|
|Instance         |        -|    -|       0|     80|    -|
|Memory           |        -|    -|       -|      -|    -|
|Multiplexer      |        -|    -|       -|     27|    -|
|Register         |        -|    -|     629|      -|    -|
+-----------------+---------+-----+--------+-------+-----+
|Total            |        0|    0|     629|    295|    0|
+-----------------+---------+-----+--------+-------+-----+
|Available        |      280|  220|  106400|  53200|    0|
+-----------------+---------+-----+--------+-------+-----+
|Utilization (%)  |        0|    0|      ~0|     ~0|    0|
+-----------------+---------+-----+--------+-------+-----+

+ Detail: 
    * Instance: 
    +-------------------------+----------------------+---------+----+---+----+-----+
    |         Instance        |        Module        | BRAM_18K| DSP| FF| LUT| URAM|
    +-------------------------+----------------------+---------+----+---+----+-----+
    |sparsemux_9_2_32_1_1_U1  |sparsemux_9_2_32_1_1  |        0|   0|  0|  20|    0|
    |sparsemux_9_2_32_1_1_U2  |sparsemux_9_2_32_1_1  |        0|   0|  0|  20|    0|
    |sparsemux_9_2_32_1_1_U3  |sparsemux_9_2_32_1_1  |        0|   0|  0|  20|    0|
    |sparsemux_9_2_32_1_1_U4  |sparsemux_9_2_32_1_1  |        0|   0|  0|  20|    0|
    +-------------------------+----------------------+---------+----+---+----+-----+
    |Total                    |                      |        0|   0|  0|  80|    0|
    +-------------------------+----------------------+---------+----+---+----+-----+

    * DSP: 
    N/A

    * Memory: 
    N/A

    * FIFO: 
    N/A

    * Expression: 
    +-----------------------+----------+----+---+----+------------+------------+
    |     Variable Name     | Operation| DSP| FF| LUT| Bitwidth P0| Bitwidth P1|
    +-----------------------+----------+----+---+----+------------+------------+
    |add_ln39_fu_608_p2     |         +|   0|  0|  11|           3|           1|
    |icmp_ln39_fu_602_p2    |      icmp|   0|  0|  13|           3|           4|
    |icmp_ln46_1_fu_656_p2  |      icmp|   0|  0|  11|           3|           1|
    |icmp_ln46_2_fu_670_p2  |      icmp|   0|  0|  11|           3|           2|
    |icmp_ln46_3_fu_836_p2  |      icmp|   0|  0|  11|           3|           2|
    |icmp_ln46_fu_642_p2    |      icmp|   0|  0|  11|           3|           1|
    |Q_0_4_fu_648_p3        |    select|   0|  0|  30|           1|          30|
    |Q_0_5_fu_662_p3        |    select|   0|  0|  30|           1|          30|
    |Q_0_6_fu_676_p3        |    select|   0|  0|  30|           1|          30|
    |Q_0_fu_842_p3          |    select|   0|  0|  30|           1|          30|
    +-----------------------+----------+----+---+----+------------+------------+
    |Total                  |          |   0|  0| 188|          22|         131|
    +-----------------------+----------+----+---+----+------------+------------+

    * Multiplexer: 
    +----------------------+----+-----------+-----+-----------+
    |         Name         | LUT| Input Size| Bits| Total Bits|
    +----------------------+----+-----------+-----+-----------+
    |ap_done_int           |   9|          2|    1|          2|
    |ap_sig_allocacmp_i_2  |   9|          2|    3|          6|
    |i_fu_142              |   9|          2|    3|          6|
    +----------------------+----+-----------+-----+-----------+
    |Total                 |  27|          6|    7|         14|
    +----------------------+----+-----------+-----+-----------+

    * Register: 
    +---------------------+----+----+-----+-----------+
    |         Name        | FF | LUT| Bits| Const Bits|
    +---------------------+----+----+-----+-----------+
    |Q_0_3_load23_fu_230  |   7|   0|   32|         25|
    |Q_0_load_fu_146      |   7|   0|   32|         25|
    |Q_1_1_load_fu_150    |   7|   0|   32|         25|
    |Q_1_3_load27_fu_234  |   7|   0|   32|         25|
    |Q_1_load35_fu_266    |   7|   0|   32|         25|
    |Q_2_2_load_fu_154    |   7|   0|   32|         25|
    |Q_2_3_load19_fu_226  |   7|   0|   32|         25|
    |Q_2_load39_fu_270    |   7|   0|   32|         25|
    |Q_3_3_load_fu_158    |   7|   0|   32|         25|
    |Q_3_load31_fu_262    |   7|   0|   32|         25|
    |ap_CS_fsm            |   1|   0|    1|          0|
    |ap_done_reg          |   1|   0|    1|          0|
    |empty_126_fu_162     |  32|   0|   32|          0|
    |empty_127_fu_166     |  32|   0|   32|          0|
    |empty_128_fu_170     |  32|   0|   32|          0|
    |empty_129_fu_174     |  32|   0|   32|          0|
    |empty_130_fu_178     |  32|   0|   32|          0|
    |empty_131_fu_182     |  32|   0|   32|          0|
    |empty_132_fu_186     |  32|   0|   32|          0|
    |empty_133_fu_190     |  32|   0|   32|          0|
    |empty_134_fu_194     |  32|   0|   32|          0|
    |empty_135_fu_198     |  32|   0|   32|          0|
    |empty_136_fu_202     |  32|   0|   32|          0|
    |empty_137_fu_206     |  32|   0|   32|          0|
    |empty_138_fu_210     |  32|   0|   32|          0|
    |empty_139_fu_214     |  32|   0|   32|          0|
    |empty_140_fu_218     |  32|   0|   32|          0|
    |empty_141_fu_222     |  32|   0|   32|          0|
    |empty_142_fu_238     |   7|   0|   32|         25|
    |empty_143_fu_242     |   7|   0|   32|         25|
    |empty_144_fu_246     |   7|   0|   32|         25|
    |empty_145_fu_250     |   7|   0|   32|         25|
    |empty_146_fu_254     |   7|   0|   32|         25|
    |empty_147_fu_258     |   7|   0|   32|         25|
    |i_fu_142             |   3|   0|    3|          0|
    +---------------------+----+----+-----+-----------+
    |Total                | 629|   0| 1029|        400|
    +---------------------+----+----+-----+-----------+



================================================================
== Interface
================================================================
* Summary: 
+-------------------------+-----+-----+------------+------------------------+--------------+
|        RTL Ports        | Dir | Bits|  Protocol  |      Source Object     |    C Type    |
+-------------------------+-----+-----+------------+------------------------+--------------+
|ap_clk                   |   in|    1|  ap_ctrl_hs|  top_Pipeline_READ_INIT|  return value|
|ap_rst                   |   in|    1|  ap_ctrl_hs|  top_Pipeline_READ_INIT|  return value|
|ap_start                 |   in|    1|  ap_ctrl_hs|  top_Pipeline_READ_INIT|  return value|
|ap_done                  |  out|    1|  ap_ctrl_hs|  top_Pipeline_READ_INIT|  return value|
|ap_idle                  |  out|    1|  ap_ctrl_hs|  top_Pipeline_READ_INIT|  return value|
|ap_ready                 |  out|    1|  ap_ctrl_hs|  top_Pipeline_READ_INIT|  return value|
|empty_106                |   in|   32|     ap_none|               empty_106|        scalar|
|empty_107                |   in|   32|     ap_none|               empty_107|        scalar|
|empty_108                |   in|   32|     ap_none|               empty_108|        scalar|
|empty_109                |   in|   32|     ap_none|               empty_109|        scalar|
|empty_110                |   in|   32|     ap_none|               empty_110|        scalar|
|empty_111                |   in|   32|     ap_none|               empty_111|        scalar|
|empty_112                |   in|   32|     ap_none|               empty_112|        scalar|
|empty_113                |   in|   32|     ap_none|               empty_113|        scalar|
|empty_114                |   in|   32|     ap_none|               empty_114|        scalar|
|empty_115                |   in|   32|     ap_none|               empty_115|        scalar|
|empty_116                |   in|   32|     ap_none|               empty_116|        scalar|
|empty_117                |   in|   32|     ap_none|               empty_117|        scalar|
|empty_118                |   in|   32|     ap_none|               empty_118|        scalar|
|empty_119                |   in|   32|     ap_none|               empty_119|        scalar|
|empty_120                |   in|   32|     ap_none|               empty_120|        scalar|
|empty                    |   in|   32|     ap_none|                   empty|        scalar|
|Q_2_load39_out           |  out|   32|      ap_vld|          Q_2_load39_out|       pointer|
|Q_2_load39_out_ap_vld    |  out|    1|      ap_vld|          Q_2_load39_out|       pointer|
|Q_1_load35_out           |  out|   32|      ap_vld|          Q_1_load35_out|       pointer|
|Q_1_load35_out_ap_vld    |  out|    1|      ap_vld|          Q_1_load35_out|       pointer|
|Q_3_load31_out           |  out|   32|      ap_vld|          Q_3_load31_out|       pointer|
|Q_3_load31_out_ap_vld    |  out|    1|      ap_vld|          Q_3_load31_out|       pointer|
|p_out                    |  out|   32|      ap_vld|                   p_out|       pointer|
|p_out_ap_vld             |  out|    1|      ap_vld|                   p_out|       pointer|
|p_out1                   |  out|   32|      ap_vld|                  p_out1|       pointer|
|p_out1_ap_vld            |  out|    1|      ap_vld|                  p_out1|       pointer|
|p_out2                   |  out|   32|      ap_vld|                  p_out2|       pointer|
|p_out2_ap_vld            |  out|    1|      ap_vld|                  p_out2|       pointer|
|p_out3                   |  out|   32|      ap_vld|                  p_out3|       pointer|
|p_out3_ap_vld            |  out|    1|      ap_vld|                  p_out3|       pointer|
|p_out4                   |  out|   32|      ap_vld|                  p_out4|       pointer|
|p_out4_ap_vld            |  out|    1|      ap_vld|                  p_out4|       pointer|
|p_out5                   |  out|   32|      ap_vld|                  p_out5|       pointer|
|p_out5_ap_vld            |  out|    1|      ap_vld|                  p_out5|       pointer|
|Q_1_3_load27_out         |  out|   32|      ap_vld|        Q_1_3_load27_out|       pointer|
|Q_1_3_load27_out_ap_vld  |  out|    1|      ap_vld|        Q_1_3_load27_out|       pointer|
|Q_0_3_load23_out         |  out|   32|      ap_vld|        Q_0_3_load23_out|       pointer|
|Q_0_3_load23_out_ap_vld  |  out|    1|      ap_vld|        Q_0_3_load23_out|       pointer|
|Q_2_3_load19_out         |  out|   32|      ap_vld|        Q_2_3_load19_out|       pointer|
|Q_2_3_load19_out_ap_vld  |  out|    1|      ap_vld|        Q_2_3_load19_out|       pointer|
|p_out6                   |  out|   32|      ap_vld|                  p_out6|       pointer|
|p_out6_ap_vld            |  out|    1|      ap_vld|                  p_out6|       pointer|
|p_out7                   |  out|   32|      ap_vld|                  p_out7|       pointer|
|p_out7_ap_vld            |  out|    1|      ap_vld|                  p_out7|       pointer|
|p_out8                   |  out|   32|      ap_vld|                  p_out8|       pointer|
|p_out8_ap_vld            |  out|    1|      ap_vld|                  p_out8|       pointer|
|p_out9                   |  out|   32|      ap_vld|                  p_out9|       pointer|
|p_out9_ap_vld            |  out|    1|      ap_vld|                  p_out9|       pointer|
|p_out10                  |  out|   32|      ap_vld|                 p_out10|       pointer|
|p_out10_ap_vld           |  out|    1|      ap_vld|                 p_out10|       pointer|
|p_out11                  |  out|   32|      ap_vld|                 p_out11|       pointer|
|p_out11_ap_vld           |  out|    1|      ap_vld|                 p_out11|       pointer|
|p_out12                  |  out|   32|      ap_vld|                 p_out12|       pointer|
|p_out12_ap_vld           |  out|    1|      ap_vld|                 p_out12|       pointer|
|p_out13                  |  out|   32|      ap_vld|                 p_out13|       pointer|
|p_out13_ap_vld           |  out|    1|      ap_vld|                 p_out13|       pointer|
|p_out14                  |  out|   32|      ap_vld|                 p_out14|       pointer|
|p_out14_ap_vld           |  out|    1|      ap_vld|                 p_out14|       pointer|
|p_out15                  |  out|   32|      ap_vld|                 p_out15|       pointer|
|p_out15_ap_vld           |  out|    1|      ap_vld|                 p_out15|       pointer|
|p_out16                  |  out|   32|      ap_vld|                 p_out16|       pointer|
|p_out16_ap_vld           |  out|    1|      ap_vld|                 p_out16|       pointer|
|p_out17                  |  out|   32|      ap_vld|                 p_out17|       pointer|
|p_out17_ap_vld           |  out|    1|      ap_vld|                 p_out17|       pointer|
|p_out18                  |  out|   32|      ap_vld|                 p_out18|       pointer|
|p_out18_ap_vld           |  out|    1|      ap_vld|                 p_out18|       pointer|
|p_out19                  |  out|   32|      ap_vld|                 p_out19|       pointer|
|p_out19_ap_vld           |  out|    1|      ap_vld|                 p_out19|       pointer|
|p_out20                  |  out|   32|      ap_vld|                 p_out20|       pointer|
|p_out20_ap_vld           |  out|    1|      ap_vld|                 p_out20|       pointer|
|p_out21                  |  out|   32|      ap_vld|                 p_out21|       pointer|
|p_out21_ap_vld           |  out|    1|      ap_vld|                 p_out21|       pointer|
|Q_3_3_load_out           |  out|   32|      ap_vld|          Q_3_3_load_out|       pointer|
|Q_3_3_load_out_ap_vld    |  out|    1|      ap_vld|          Q_3_3_load_out|       pointer|
|Q_2_2_load_out           |  out|   32|      ap_vld|          Q_2_2_load_out|       pointer|
|Q_2_2_load_out_ap_vld    |  out|    1|      ap_vld|          Q_2_2_load_out|       pointer|
|Q_1_1_load_out           |  out|   32|      ap_vld|          Q_1_1_load_out|       pointer|
|Q_1_1_load_out_ap_vld    |  out|    1|      ap_vld|          Q_1_1_load_out|       pointer|
|Q_0_load_out             |  out|   32|      ap_vld|            Q_0_load_out|       pointer|
|Q_0_load_out_ap_vld      |  out|    1|      ap_vld|            Q_0_load_out|       pointer|
+-------------------------+-----+-----+------------+------------------------+--------------+

